../Core/Src/main.c:80:5:_write	24	static
../Core/Src/main.c:85:1:__io_getchar	16	static
../Core/Src/main.c:99:6:microDelay	16	static
../Core/Src/main.c:105:9:getHX711	24	static
../Core/Src/main.c:132:5:weigh	64	static
../Core/Src/main.c:148:9:weighRaw	56	static
../Core/Src/main.c:168:6:setTare	24	static
../Core/Src/main.c:185:6:setOffset	16	static
../Core/Src/main.c:203:5:main	8	static
../Core/Src/main.c:266:6:SystemClock_Config	80	static
../Core/Src/main.c:313:6:Error_Handler	4	static,ignoring_inline_asm
