../Core/Src/main.c:64:6:EEPROM_WriteEnable	16	static
../Core/Src/main.c:74:6:EEPROM_WriteByte	24	static
../Core/Src/main.c:84:9:EEPROM_ReadByte	24	static
../Core/Src/main.c:96:9:EEPROM_ReadStatus	16	static
../Core/Src/main.c:124:6:muxSET	24	static
../Core/Src/main.c:137:6:EEPROM_Write	16	static
../Core/Src/main.c:162:5:main	32	static
../Core/Src/main.c:311:6:SystemClock_Config	88	static
../Core/Src/main.c:353:13:MX_SPI3_Init	8	static
../Core/Src/main.c:391:13:MX_USART2_UART_Init	8	static
../Core/Src/main.c:424:13:MX_GPIO_Init	48	static
../Core/Src/main.c:481:5:__io_putchar	16	static
../Core/Src/main.c:487:5:_write	24	static
../Core/Src/main.c:497:6:Error_Handler	4	static,ignoring_inline_asm
