../Core/Src/main.c:64:6:EEPROM_WriteEnable	16	static
../Core/Src/main.c:74:6:EEPROM_WriteByte	24	static
../Core/Src/main.c:84:9:EEPROM_ReadByte	24	static
../Core/Src/main.c:96:9:EEPROM_ReadStatus	16	static
../Core/Src/main.c:124:6:muxSET	24	static
../Core/Src/main.c:137:6:EEPROM_Write	16	static
../Core/Src/main.c:162:5:main	24	static
../Core/Src/main.c:326:6:SystemClock_Config	88	static
../Core/Src/main.c:368:13:MX_SPI3_Init	8	static
../Core/Src/main.c:406:13:MX_USART2_UART_Init	8	static
../Core/Src/main.c:439:13:MX_GPIO_Init	48	static
../Core/Src/main.c:496:5:__io_putchar	16	static
../Core/Src/main.c:502:5:_write	24	static
../Core/Src/main.c:512:6:Error_Handler	4	static,ignoring_inline_asm
