../Core/Src/main.c:64:6:EEPROM_WriteEnable	1
../Core/Src/main.c:74:6:EEPROM_WriteByte	1
../Core/Src/main.c:84:9:EEPROM_ReadByte	1
../Core/Src/main.c:96:9:EEPROM_ReadStatus	1
../Core/Src/main.c:124:6:muxSET	2
../Core/Src/main.c:137:6:EEPROM_Write	3
../Core/Src/main.c:162:5:main	2
../Core/Src/main.c:302:6:SystemClock_Config	3
../Core/Src/main.c:344:13:MX_SPI3_Init	2
../Core/Src/main.c:382:13:MX_USART2_UART_Init	2
../Core/Src/main.c:415:13:MX_GPIO_Init	1
../Core/Src/main.c:451:5:__io_putchar	1
../Core/Src/main.c:457:5:_write	1
../Core/Src/main.c:467:6:Error_Handler	1
