../Core/Src/main.c:64:6:EEPROM_WriteEnable	1
../Core/Src/main.c:74:6:EEPROM_WriteByte	1
../Core/Src/main.c:84:9:EEPROM_ReadByte	1
../Core/Src/main.c:96:9:EEPROM_ReadStatus	1
../Core/Src/main.c:124:6:muxSET	2
../Core/Src/main.c:137:6:EEPROM_Write	3
../Core/Src/main.c:162:5:main	3
../Core/Src/main.c:319:6:SystemClock_Config	3
../Core/Src/main.c:361:13:MX_SPI3_Init	2
../Core/Src/main.c:399:13:MX_USART2_UART_Init	2
../Core/Src/main.c:432:13:MX_GPIO_Init	1
../Core/Src/main.c:489:5:__io_putchar	1
../Core/Src/main.c:495:5:_write	1
../Core/Src/main.c:505:6:Error_Handler	1
