Archive member included to satisfy reference by file (symbol)

C:/ST/STM32CubeIDE_1.16.1/STM32CubeIDE/plugins/com.st.stm32cube.ide.mcu.externaltools.gnu-tools-for-stm32.13.3.rel1.win32_1.0.0.202411081344/tools/bin/../lib/gcc/arm-none-eabi/13.3.1/../../../../arm-none-eabi/lib/thumb/v7e-m+fp/hard\libc_nano.a(libc_a-exit.o)
                              C:/ST/STM32CubeIDE_1.16.1/STM32CubeIDE/plugins/com.st.stm32cube.ide.mcu.externaltools.gnu-tools-for-stm32.13.3.rel1.win32_1.0.0.202411081344/tools/bin/../lib/gcc/arm-none-eabi/13.3.1/../../../../arm-none-eabi/lib/thumb/v7e-m+fp/hard/crt0.o (exit)
C:/ST/STM32CubeIDE_1.16.1/STM32CubeIDE/plugins/com.st.stm32cube.ide.mcu.externaltools.gnu-tools-for-stm32.13.3.rel1.win32_1.0.0.202411081344/tools/bin/../lib/gcc/arm-none-eabi/13.3.1/../../../../arm-none-eabi/lib/thumb/v7e-m+fp/hard\libc_nano.a(libc_a-strtol.o)
                              ./Core/Src/manager_file.o (strtol)
C:/ST/STM32CubeIDE_1.16.1/STM32CubeIDE/plugins/com.st.stm32cube.ide.mcu.externaltools.gnu-tools-for-stm32.13.3.rel1.win32_1.0.0.202411081344/tools/bin/../lib/gcc/arm-none-eabi/13.3.1/../../../../arm-none-eabi/lib/thumb/v7e-m+fp/hard\libc_nano.a(libc_a-ctype_.o)
                              C:/ST/STM32CubeIDE_1.16.1/STM32CubeIDE/plugins/com.st.stm32cube.ide.mcu.externaltools.gnu-tools-for-stm32.13.3.rel1.win32_1.0.0.202411081344/tools/bin/../lib/gcc/arm-none-eabi/13.3.1/../../../../arm-none-eabi/lib/thumb/v7e-m+fp/hard\libc_nano.a(libc_a-strtol.o) (_ctype_)
C:/ST/STM32CubeIDE_1.16.1/STM32CubeIDE/plugins/com.st.stm32cube.ide.mcu.externaltools.gnu-tools-for-stm32.13.3.rel1.win32_1.0.0.202411081344/tools/bin/../lib/gcc/arm-none-eabi/13.3.1/../../../../arm-none-eabi/lib/thumb/v7e-m+fp/hard\libc_nano.a(libc_a-nano-vfprintf_float.o)
                              (_printf_float)
C:/ST/STM32CubeIDE_1.16.1/STM32CubeIDE/plugins/com.st.stm32cube.ide.mcu.externaltools.gnu-tools-for-stm32.13.3.rel1.win32_1.0.0.202411081344/tools/bin/../lib/gcc/arm-none-eabi/13.3.1/../../../../arm-none-eabi/lib/thumb/v7e-m+fp/hard\libc_nano.a(libc_a-nano-vfprintf_i.o)
                              C:/ST/STM32CubeIDE_1.16.1/STM32CubeIDE/plugins/com.st.stm32cube.ide.mcu.externaltools.gnu-tools-for-stm32.13.3.rel1.win32_1.0.0.202411081344/tools/bin/../lib/gcc/arm-none-eabi/13.3.1/../../../../arm-none-eabi/lib/thumb/v7e-m+fp/hard\libc_nano.a(libc_a-nano-vfprintf_float.o) (_printf_common)
C:/ST/STM32CubeIDE_1.16.1/STM32CubeIDE/plugins/com.st.stm32cube.ide.mcu.externaltools.gnu-tools-for-stm32.13.3.rel1.win32_1.0.0.202411081344/tools/bin/../lib/gcc/arm-none-eabi/13.3.1/../../../../arm-none-eabi/lib/thumb/v7e-m+fp/hard\libc_nano.a(libc_a-nano-vfscanf_float.o)
                              (_scanf_float)
C:/ST/STM32CubeIDE_1.16.1/STM32CubeIDE/plugins/com.st.stm32cube.ide.mcu.externaltools.gnu-tools-for-stm32.13.3.rel1.win32_1.0.0.202411081344/tools/bin/../lib/gcc/arm-none-eabi/13.3.1/../../../../arm-none-eabi/lib/thumb/v7e-m+fp/hard\libc_nano.a(libc_a-findfp.o)
                              C:/ST/STM32CubeIDE_1.16.1/STM32CubeIDE/plugins/com.st.stm32cube.ide.mcu.externaltools.gnu-tools-for-stm32.13.3.rel1.win32_1.0.0.202411081344/tools/bin/../lib/gcc/arm-none-eabi/13.3.1/../../../../arm-none-eabi/lib/thumb/v7e-m+fp/hard\libc_nano.a(libc_a-exit.o) (__stdio_exit_handler)
C:/ST/STM32CubeIDE_1.16.1/STM32CubeIDE/plugins/com.st.stm32cube.ide.mcu.externaltools.gnu-tools-for-stm32.13.3.rel1.win32_1.0.0.202411081344/tools/bin/../lib/gcc/arm-none-eabi/13.3.1/../../../../arm-none-eabi/lib/thumb/v7e-m+fp/hard\libc_nano.a(libc_a-fwalk.o)
                              C:/ST/STM32CubeIDE_1.16.1/STM32CubeIDE/plugins/com.st.stm32cube.ide.mcu.externaltools.gnu-tools-for-stm32.13.3.rel1.win32_1.0.0.202411081344/tools/bin/../lib/gcc/arm-none-eabi/13.3.1/../../../../arm-none-eabi/lib/thumb/v7e-m+fp/hard\libc_nano.a(libc_a-findfp.o) (_fwalk_sglue)
C:/ST/STM32CubeIDE_1.16.1/STM32CubeIDE/plugins/com.st.stm32cube.ide.mcu.externaltools.gnu-tools-for-stm32.13.3.rel1.win32_1.0.0.202411081344/tools/bin/../lib/gcc/arm-none-eabi/13.3.1/../../../../arm-none-eabi/lib/thumb/v7e-m+fp/hard\libc_nano.a(libc_a-printf.o)
                              ./Core/Src/drawer_table.o (printf)
C:/ST/STM32CubeIDE_1.16.1/STM32CubeIDE/plugins/com.st.stm32cube.ide.mcu.externaltools.gnu-tools-for-stm32.13.3.rel1.win32_1.0.0.202411081344/tools/bin/../lib/gcc/arm-none-eabi/13.3.1/../../../../arm-none-eabi/lib/thumb/v7e-m+fp/hard\libc_nano.a(libc_a-setvbuf.o)
                              ./Core/Src/main.o (setvbuf)
C:/ST/STM32CubeIDE_1.16.1/STM32CubeIDE/plugins/com.st.stm32cube.ide.mcu.externaltools.gnu-tools-for-stm32.13.3.rel1.win32_1.0.0.202411081344/tools/bin/../lib/gcc/arm-none-eabi/13.3.1/../../../../arm-none-eabi/lib/thumb/v7e-m+fp/hard\libc_nano.a(libc_a-snprintf.o)
                              ./Core/Src/function_calibration.o (snprintf)
[...]
Memory Configuration

Name             Origin             Length             Attributes
RAM              0x20000000         0x00020000         xrw
FLASH            0x08000000         0x00080000         xr
*default*        0x00000000         0xffffffff

Linker script and memory map

LOAD C:/ST/STM32CubeIDE_1.16.1/STM32CubeIDE/plugins/com.st.stm32cube.ide.mcu.externaltools.gnu-tools-for-stm32.13.3.rel1.win32_1.0.0.202411081344/tools/bin/../lib/gcc/arm-none-eabi/13.3.1/thumb/v7e-m+fp/hard/crti.o
LOAD C:/ST/STM32CubeIDE_1.16.1/STM32CubeIDE/plugins/com.st.stm32cube.ide.mcu.externaltools.gnu-tools-for-stm32.13.3.rel1.win32_1.0.0.202411081344/tools/bin/../lib/gcc/arm-none-eabi/13.3.1/thumb/v7e-m+fp/hard/crtbegin.o
LOAD C:/ST/STM32CubeIDE_1.16.1/STM32CubeIDE/plugins/com.st.stm32cube.ide.mcu.externaltools.gnu-tools-for-stm32.13.3.rel1.win32_1.0.0.202411081344/tools/bin/../lib/gcc/arm-none-eabi/13.3.1/../../../../arm-none-eabi/lib/thumb/v7e-m+fp/hard/crt0.o
LOAD ./Core/Src/ILI9341_GFX.o
LOAD ./Core/Src/ILI9341_STM32_Driver.o
LOAD ./Core/Src/dma.o
LOAD ./Core/Src/drawer_table.o
LOAD ./Core/Src/fonts.o
LOAD ./Core/Src/function_calibration.o
LOAD ./Core/Src/function_refill.o
LOAD ./Core/Src/funtion_main.o
LOAD ./Core/Src/gpio.o
LOAD ./Core/Src/main.o
LOAD ./Core/Src/manager_file.o
LOAD ./Core/Src/manager_io.o
LOAD ./Core/Src/manager_mux.o
LOAD ./Core/Src/manager_relay.o
LOAD ./Core/Src/manager_weigt.o
LOAD ./Core/Src/spi.o
LOAD ./Core/Src/stm32f4xx_hal_msp.o
LOAD ./Core/Src/stm32f4xx_it.o
LOAD ./Core/Src/syscalls.o
LOAD ./Core/Src/sysmem.o
LOAD ./Core/Src/system_stm32f4xx.o
LOAD ./Core/Src/tim.o
LOAD ./Core/Src/usart.o
LOAD ./Core/Startup/startup_stm32f446retx.o
LOAD ./Drivers/STM32F4xx_HAL_Driver/Src/stm32f4xx_hal.o
LOAD ./Drivers/STM32F4xx_HAL_Driver/Src/stm32f4xx_hal_cortex.o
LOAD ./Drivers/STM32F4xx_HAL_Driver/Src/stm32f4xx_hal_dma.o
LOAD ./Drivers/STM32F4xx_HAL_Driver/Src/stm32f4xx_hal_dma_ex.o
LOAD ./Drivers/STM32F4xx_HAL_Driver/Src/stm32f4xx_hal_exti.o
LOAD ./Drivers/STM32F4xx_HAL_Driver/Src/stm32f4xx_hal_flash.o
LOAD ./Drivers/STM32F4xx_HAL_Driver/Src/stm32f4xx_hal_flash_ex.o
LOAD ./Drivers/STM32F4xx_HAL_Driver/Src/stm32f4xx_hal_flash_ramfunc.o
LOAD ./Drivers/STM32F4xx_HAL_Driver/Src/stm32f4xx_hal_gpio.o
LOAD ./Drivers/STM32F4xx_HAL_Driver/Src/stm32f4xx_hal_pwr.o
LOAD ./Drivers/STM32F4xx_HAL_Driver/Src/stm32f4xx_hal_pwr_ex.o
LOAD ./Drivers/STM32F4xx_HAL_Driver/Src/stm32f4xx_hal_rcc.o
LOAD ./Drivers/STM32F4xx_HAL_Driver/Src/stm32f4xx_hal_rcc_ex.o
LOAD ./Drivers/STM32F4xx_HAL_Driver/Src/stm32f4xx_hal_spi.o
LOAD ./Drivers/STM32F4xx_HAL_Driver/Src/stm32f4xx_hal_tim.o
LOAD ./Drivers/STM32F4xx_HAL_Driver/Src/stm32f4xx_hal_tim_ex.o
LOAD ./Drivers/STM32F4xx_HAL_Driver/Src/stm32f4xx_hal_uart.o
LOAD ./FATFS/App/fatfs.o
LOAD ./FATFS/Target/user_diskio.o
LOAD ./FATFS/Target/user_diskio_spi.o
LOAD ./Middlewares/Third_Party/FatFs/src/diskio.o
LOAD ./Middlewares/Third_Party/FatFs/src/ff.o
LOAD ./Middlewares/Third_Party/FatFs/src/ff_gen_drv.o
LOAD ./Middlewares/Third_Party/FatFs/src/option/syscall.o
START GROUP
LOAD C:/ST/STM32CubeIDE_1.16.1/STM32CubeIDE/plugins/com.st.stm32cube.ide.mcu.externaltools.gnu-tools-for-stm32.13.3.rel1.win32_1.0.0.202411081344/tools/bin/../lib/gcc/arm-none-eabi/13.3.1/../../../../arm-none-eabi/lib/thumb/v7e-m+fp/hard\libc_nano.a
LOAD C:/ST/STM32CubeIDE_1.16.1/STM32CubeIDE/plugins/com.st.stm32cube.ide.mcu.externaltools.gnu-tools-for-stm32.13.3.rel1.win32_1.0.0.202411081344/tools/bin/../lib/gcc/arm-none-eabi/13.3.1/../../../../arm-none-eabi/lib/thumb/v7e-m+fp/hard\libm.a
END GROUP
START GROUP
LOAD C:/ST/STM32CubeIDE_1.16.1/STM32CubeIDE/plugins/com.st.stm32cube.ide.mcu.externaltools.gnu-tools-for-stm32.13.3.rel1.win32_1.0.0.202411081344/tools/bin/../lib/gcc/arm-none-eabi/13.3.1/thumb/v7e-m+fp/hard\libgcc.a
LOAD C:/ST/STM32CubeIDE_1.16.1/STM32CubeIDE/plugins/com.st.stm32cube.ide.mcu.externaltools.gnu-tools-for-stm32.13.3.rel1.win32_1.0.0.202411081344/tools/bin/../lib/gcc/arm-none-eabi/13.3.1/../../../../arm-none-eabi/lib/thumb/v7e-m+fp/hard\libc_nano.a
END GROUP
START GROUP
LOAD C:/ST/STM32CubeIDE_1.16.1/STM32CubeIDE/plugins/com.st.stm32cube.ide.mcu.externaltools.gnu-tools-for-stm32.13.3.rel1.win32_1.0.0.202411081344/tools/bin/../lib/gcc/arm-none-eabi/13.3.1/thumb/v7e-m+fp/hard\libgcc.a
LOAD C:/ST/STM32CubeIDE_1.16.1/STM32CubeIDE/plugins/com.st.stm32cube.ide.mcu.externaltools.gnu-tools-for-stm32.13.3.rel1.win32_1.0.0.202411081344/tools/bin/../lib/gcc/arm-none-eabi/13.3.1/../../../../arm-none-eabi/lib/thumb/v7e-m+fp/hard\libc_nano.a
LOAD C:/ST/STM32CubeIDE_1.16.1/STM32CubeIDE/plugins/com.st.stm32cube.ide.mcu.externaltools.gnu-tools-for-stm32.13.3.rel1.win32_1.0.0.202411081344/tools/bin/../lib/gcc/arm-none-eabi/13.3.1/../../../../arm-none-eabi/lib/thumb/v7e-m+fp/hard\libnosys.a
END GROUP
START GROUP
LOAD C:/ST/STM32CubeIDE_1.16.1/STM32CubeIDE/plugins/com.st.stm32cube.ide.mcu.externaltools.gnu-tools-for-stm32.13.3.rel1.win32_1.0.0.202411081344/tools/bin/../lib/gcc/arm-none-eabi/13.3.1/thumb/v7e-m+fp/hard\libgcc.a
LOAD C:/ST/STM32CubeIDE_1.16.1/STM32CubeIDE/plugins/com.st.stm32cube.ide.mcu.externaltools.gnu-tools-for-stm32.13.3.rel1.win32_1.0.0.202411081344/tools/bin/../lib/gcc/arm-none-eabi/13.3.1/../../../../arm-none-eabi/lib/thumb/v7e-m+fp/hard\libc_nano.a
LOAD C:/ST/STM32CubeIDE_1.16.1/STM32CubeIDE/plugins/com.st.stm32cube.ide.mcu.externaltools.gnu-tools-for-stm32.13.3.rel1.win32_1.0.0.202411081344/tools/bin/../lib/gcc/arm-none-eabi/13.3.1/../../../../arm-none-eabi/lib/thumb/v7e-m+fp/hard\libnosys.a
END GROUP
LOAD C:/ST/STM32CubeIDE_1.16.1/STM32CubeIDE/plugins/com.st.stm32cube.ide.mcu.externaltools.gnu-tools-for-stm32.13.3.rel1.win32_1.0.0.202411081344/tools/bin/../lib/gcc/arm-none-eabi/13.3.1/thumb/v7e-m+fp/hard/crtend.o
LOAD C:/ST/STM32CubeIDE_1.16.1/STM32CubeIDE/plugins/com.st.stm32cube.ide.mcu.externaltools.gnu-tools-for-stm32.13.3.rel1.win32_1.0.0.202411081344/tools/bin/../lib/gcc/arm-none-eabi/13.3.1/thumb/v7e-m+fp/hard/crtn.o
                0x20020000                        _estack = (ORIGIN (RAM) + LENGTH (RAM))
                0x00000200                        _Min_Heap_Size = 0x200
                0x00000400                        _Min_Stack_Size = 0x400

.isr_vector     0x08000000      0x1c4
                0x08000000                        . = ALIGN (0x4)
 *(.isr_vector)
 .isr_vector    0x08000000      0x1c4 ./Core/Startup/startup_stm32f446retx.o
                0x08000000                g_pfnVectors
                0x080001c4                        . = ALIGN (0x4)

.text           0x080001d0    0x10630
                0x080001d0                        . = ALIGN (0x4)
 *(.text)
 .text          0x080001d0       0x40 C:/ST/STM32CubeIDE_1.16.1/STM32CubeIDE/plugins/com.st.stm32cube.ide.mcu.externaltools.gnu-tools-for-stm32.13.3.rel1.win32_1.0.0.202411081344/tools/bin/../lib/gcc/arm-none-eabi/13.3.1/thumb/v7e-m+fp/hard/crtbegin.o
 .text          0x08000210       0x14 C:/ST/STM32CubeIDE_1.16.1/STM32CubeIDE/plugins/com.st.stm32cube.ide.mcu.externaltools.gnu-tools-for-stm32.13.3.rel1.win32_1.0.0.202411081344/tools/bin/../lib/gcc/arm-none-eabi/13.3.1/../../../../arm-none-eabi/lib/thumb/v7e-m+fp/hard\libc_nano.a(libc_a-strcmp.o)
                0x08000210                strcmp
 *fill*         0x08000224        0xc 
 .text          0x08000230       0xa0 C:/ST/STM32CubeIDE_1.16.1/STM32CubeIDE/plugins/com.st.stm32cube.ide.mcu.externaltools.gnu-tools-for-stm32.13.3.rel1.win32_1.0.0.202411081344/tools/bin/../lib/gcc/arm-none-eabi/13.3.1/../../../../arm-none-eabi/lib/thumb/v7e-m+fp/hard\libc_nano.a(libc_a-memchr.o)
                0x08000230                memchr
 .text          0x080002d0       0x10 C:/ST/STM32CubeIDE_1.16.1/STM32CubeIDE/plugins/com.st.stm32cube.ide.mcu.externaltools.gnu-tools-for-stm32.13.3.rel1.win32_1.0.0.202411081344/tools/bin/../lib/gcc/arm-none-eabi/13.3.1/../../../../arm-none-eabi/lib/thumb/v7e-m+fp/hard\libc_nano.a(libc_a-strlen.o)
                0x080002d0                strlen
 .text          0x080002e0      0x378 C:/ST/STM32CubeIDE_1.16.1/STM32CubeIDE/plugins/com.st.stm32cube.ide.mcu.externaltools.gnu-tools-for-stm32.13.3.rel1.win32_1.0.0.202411081344/tools/bin/../lib/gcc/arm-none-eabi/13.3.1/thumb/v7e-m+fp/hard\libgcc.a(_arm_addsubdf3.o)
                0x080002e0                __aeabi_drsub
                0x080002e8                __aeabi_dsub
                0x080002e8                __subdf3
                0x080002ec                __aeabi_dadd
                0x080002ec                __adddf3
                0x08000564                __floatunsidf
                0x08000564                __aeabi_ui2d
                0x08000584                __floatsidf
                0x08000584                __aeabi_i2d
                0x080005a8                __aeabi_f2d
                0x080005a8                __extendsfdf2
                0x080005ec                __floatundidf
                0x080005ec                __aeabi_ul2d
                0x080005fc                __floatdidf
                0x080005fc                __aeabi_l2d
 .text          0x08000658      0x424 C:/ST/STM32CubeIDE_1.16.1/STM32CubeIDE/plugins/com.st.stm32cube.ide.mcu.externaltools.gnu-tools-for-stm32.13.3.rel1.win32_1.0.0.202411081344/tools/bin/../lib/gcc/arm-none-eabi/13.3.1/thumb/v7e-m+fp/hard\libgcc.a(_arm_muldivdf3.o)
                0x08000658                __aeabi_dmul
                0x08000658                __muldf3
                0x080008ac                __divdf3
                0x080008ac                __aeabi_ddiv
 .text          0x08000a7c      0x110 C:/ST/STM32CubeIDE_1.16.1/STM32CubeIDE/plugins/com.st.stm32cube.ide.mcu.externaltools.gnu-tools-for-stm32.13.3.rel1.win32_1.0.0.202411081344/tools/bin/../lib/gcc/arm-none-eabi/13.3.1/thumb/v7e-m+fp/hard\libgcc.a(_arm_cmpdf2.o)
                0x08000a7c                __gtdf2
                0x08000a7c                __gedf2
                0x08000a84                __ltdf2
                0x08000a84                __ledf2
                0x08000a8c                __nedf2
                0x08000a8c                __eqdf2
                0x08000a8c                __cmpdf2
                0x08000b08                __aeabi_cdrcmple
                0x08000b18                __aeabi_cdcmpeq
                0x08000b18                __aeabi_cdcmple
                0x08000b28                __aeabi_dcmpeq
                0x08000b3c                __aeabi_dcmplt
                0x08000b50                __aeabi_dcmple
                0x08000b64                __aeabi_dcmpge
                0x08000b78                __aeabi_dcmpgt
 .text          0x08000b8c       0x2c C:/ST/STM32CubeIDE_1.16.1/STM32CubeIDE/plugins/com.st.stm32cube.ide.mcu.externaltools.gnu-tools-for-stm32.13.3.rel1.win32_1.0.0.202411081344/tools/bin/../lib/gcc/arm-none-eabi/13.3.1/thumb/v7e-m+fp/hard\libgcc.a(_arm_unorddf2.o)
                0x08000b8c                __unorddf2
                0x08000b8c                __aeabi_dcmpun
 .text          0x08000bb8       0x50 C:/ST/STM32CubeIDE_1.16.1/STM32CubeIDE/plugins/com.st.stm32cube.ide.mcu.externaltools.gnu-tools-for-stm32.13.3.rel1.win32_1.0.0.202411081344/tools/bin/../lib/gcc/arm-none-eabi/13.3.1/thumb/v7e-m+fp/hard\libgcc.a(_arm_fixdfsi.o)
                0x08000bb8                __aeabi_d2iz
                0x08000bb8                __fixdfsi
 .text          0x08000c08       0x40 C:/ST/STM32CubeIDE_1.16.1/STM32CubeIDE/plugins/com.st.stm32cube.ide.mcu.externaltools.gnu-tools-for-stm32.13.3.rel1.win32_1.0.0.202411081344/tools/bin/../lib/gcc/arm-none-eabi/13.3.1/thumb/v7e-m+fp/hard\libgcc.a(_arm_fixunsdfsi.o)
                0x08000c08                __aeabi_d2uiz
                0x08000c08                __fixunsdfsi
 .text          0x08000c48       0xa0 C:/ST/STM32CubeIDE_1.16.1/STM32CubeIDE/plugins/com.st.stm32cube.ide.mcu.externaltools.gnu-tools-for-stm32.13.3.rel1.win32_1.0.0.202411081344/tools/bin/../lib/gcc/arm-none-eabi/13.3.1/thumb/v7e-m+fp/hard\libgcc.a(_arm_truncdfsf2.o)
                0x08000c48                __truncdfsf2
                0x08000c48                __aeabi_d2f
 .text          0x08000ce8       0xa0 C:/ST/STM32CubeIDE_1.16.1/STM32CubeIDE/plugins/com.st.stm32cube.ide.mcu.externaltools.gnu-tools-for-stm32.13.3.rel1.win32_1.0.0.202411081344/tools/bin/../lib/gcc/arm-none-eabi/13.3.1/thumb/v7e-m+fp/hard\libgcc.a(_aeabi_ldivmod.o)
                0x08000ce8                __aeabi_ldivmod
 .text          0x08000d88       0x30 C:/ST/STM32CubeIDE_1.16.1/STM32CubeIDE/plugins/com.st.stm32cube.ide.mcu.externaltools.gnu-tools-for-stm32.13.3.rel1.win32_1.0.0.202411081344/tools/bin/../lib/gcc/arm-none-eabi/13.3.1/thumb/v7e-m+fp/hard\libgcc.a(_aeabi_uldivmod.o)
                0x08000d88                __aeabi_uldivmod
 .text          0x08000db8       0x30 C:/ST/STM32CubeIDE_1.16.1/STM32CubeIDE/plugins/com.st.stm32cube.ide.mcu.externaltools.gnu-tools-for-stm32.13.3.rel1.win32_1.0.0.202411081344/tools/bin/../lib/gcc/arm-none-eabi/13.3.1/thumb/v7e-m+fp/hard\libgcc.a(_fixdfdi.o)
                0x08000db8                __fixdfdi
                0x08000db8                __aeabi_d2lz
 .text          0x08000de8       0x3c C:/ST/STM32CubeIDE_1.16.1/STM32CubeIDE/plugins/com.st.stm32cube.ide.mcu.externaltools.gnu-tools-for-stm32.13.3.rel1.win32_1.0.0.202411081344/tools/bin/../lib/gcc/arm-none-eabi/13.3.1/thumb/v7e-m+fp/hard\libgcc.a(_fixunsdfdi.o)
                0x08000de8                __fixunsdfdi
                0x08000de8                __aeabi_d2ulz
 .text          0x08000e24      0x2f8 C:/ST/STM32CubeIDE_1.16.1/STM32CubeIDE/plugins/com.st.stm32cube.ide.mcu.externaltools.gnu-tools-for-stm32.13.3.rel1.win32_1.0.0.202411081344/tools/bin/../lib/gcc/arm-none-eabi/13.3.1/thumb/v7e-m+fp/hard\libgcc.a(_udivmoddi4.o)
                0x08000e24                __udivmoddi4
 .text          0x0800111c        0x4 C:/ST/STM32CubeIDE_1.16.1/STM32CubeIDE/plugins/com.st.stm32cube.ide.mcu.externaltools.gnu-tools-for-stm32.13.3.rel1.win32_1.0.0.202411081344/tools/bin/../lib/gcc/arm-none-eabi/13.3.1/thumb/v7e-m+fp/hard\libgcc.a(_dvmd_tls.o)
                0x0800111c                __aeabi_idiv0
                0x0800111c                __aeabi_ldiv0
 *(.text*)
 .text.ILI9341_DrawFilledCircle
                0x08001120      0x110 ./Core/Src/ILI9341_GFX.o
                0x08001120                ILI9341_DrawFilledCircle
 .text.ILI9341_DrawHollowRectangleCoord
                0x08001230      0x102 ./Core/Src/ILI9341_GFX.o
                0x08001230                ILI9341_DrawHollowRectangleCoord
 .text.ILI9341_DrawChar
                0x08001332       0xf0 ./Core/Src/ILI9341_GFX.o
                0x08001332                ILI9341_DrawChar
 .text.ILI9341_DrawText
                0x08001422       0x94 ./Core/Src/ILI9341_GFX.o
                0x08001422                ILI9341_DrawText
 *fill*         0x080014b6        0x2 
 .text.HAL_SPI_TxCpltCallback
                0x080014b8       0x2c ./Core/Src/ILI9341_STM32_Driver.o
                0x080014b8                HAL_SPI_TxCpltCallback
 .text.ILI9341_SPI_Tx
                0x080014e4       0x34 ./Core/Src/ILI9341_STM32_Driver.o
 .text.ILI9341_SPI_TxBuffer
                0x08001518       0x34 ./Core/Src/ILI9341_STM32_Driver.o
 .text.ILI9341_WriteCommand
                0x0800154c       0x34 ./Core/Src/ILI9341_STM32_Driver.o
                0x0800154c                ILI9341_WriteCommand
 .text.ILI9341_WriteData
                0x08001580       0x34 ./Core/Src/ILI9341_STM32_Driver.o
                0x08001580                ILI9341_WriteData
 .text.ILI9341_WriteBuffer
                0x080015b4       0x38 ./Core/Src/ILI9341_STM32_Driver.o
                0x080015b4                ILI9341_WriteBuffer
 .text.ILI9341_SetAddress
                0x080015ec       0x90 ./Core/Src/ILI9341_STM32_Driver.o
                0x080015ec                ILI9341_SetAddress
 .text.ILI9341_Reset
                0x0800167c       0x48 ./Core/Src/ILI9341_STM32_Driver.o
                0x0800167c                ILI9341_Reset
 .text.ILI9341_Enable
                0x080016c4       0x18 ./Core/Src/ILI9341_STM32_Driver.o
                0x080016c4                ILI9341_Enable
 .text.ILI9341_Init
                0x080016dc      0x214 ./Core/Src/ILI9341_STM32_Driver.o
                0x080016dc                ILI9341_Init
 .text.ILI9341_SetRotation
                0x080018f0       0xa0 ./Core/Src/ILI9341_STM32_Driver.o
                0x080018f0                ILI9341_SetRotation
 .text.ILI9341_DrawColorBurst
                0x08001990      0x138 ./Core/Src/ILI9341_STM32_Driver.o
                0x08001990                ILI9341_DrawColorBurst
 .text.ILI9341_FillScreen
                0x08001ac8       0x4c ./Core/Src/ILI9341_STM32_Driver.o
                0x08001ac8                ILI9341_FillScreen
 .text.ILI9341_TopScreen
                0x08001b14       0x4c ./Core/Src/ILI9341_STM32_Driver.o
                0x08001b14                ILI9341_TopScreen
 .text.ILI9341_DrawPixel
                0x08001b60       0xcc ./Core/Src/ILI9341_STM32_Driver.o
                0x08001b60                ILI9341_DrawPixel
 .text.ILI9341_DrawRectangle
                0x08001c2c       0xb8 ./Core/Src/ILI9341_STM32_Driver.o
                0x08001c2c                ILI9341_DrawRectangle
 .text.ILI9341_DrawHLine
                0x08001ce4       0x88 ./Core/Src/ILI9341_STM32_Driver.o
                0x08001ce4                ILI9341_DrawHLine
 .text.ILI9341_DrawVLine
                0x08001d6c       0x88 ./Core/Src/ILI9341_STM32_Driver.o
                0x08001d6c                ILI9341_DrawVLine
 .text.MX_DMA_Init
                0x08001df4       0x40 ./Core/Src/dma.o
                0x08001df4                MX_DMA_Init
 .text.find_coord
                0x08001e34       0x58 ./Core/Src/drawer_table.o
                0x08001e34                find_coord
 .text.drawer_lookup
                0x08001e8c      0x490 ./Core/Src/drawer_table.o
                0x08001e8c                drawer_lookup
 *fill*         0x0800231c        0x4 
 .text.drawer_table
                0x08002320      0x210 ./Core/Src/drawer_table.o
                0x08002320                drawer_table
 .text.getTare  0x08002530      0x1b8 ./Core/Src/function_calibration.o
                0x08002530                getTare
 .text.Calibrate
                0x080026e8      0x740 ./Core/Src/function_calibration.o
                0x080026e8                Calibrate
 .text.getThresh
                0x08002e28       0x94 ./Core/Src/function_refill.o
                0x08002e28                getThresh
 .text.refillDrawer
                0x08002ebc      0x140 ./Core/Src/function_refill.o
                0x08002ebc                refillDrawer
 .text.main_function
                0x08002ffc      0x450 ./Core/Src/funtion_main.o
                0x08002ffc                main_function
 .text.MX_GPIO_Init
                0x0800344c      0x198 ./Core/Src/gpio.o
                0x0800344c                MX_GPIO_Init
 .text.main     0x080035e4       0xf8 ./Core/Src/main.o
                0x080035e4                main
 .text.SystemClock_Config
                0x080036dc       0xd8 ./Core/Src/main.o
                0x080036dc                SystemClock_Config
 .text.Error_Handler
                0x080037b4        0xc ./Core/Src/main.o
                0x080037b4                Error_Handler
 .text.SD_init  0x080037c0       0x78 ./Core/Src/manager_file.o
                0x080037c0                SD_init
 .text.saveDrawerConfig
                0x08003838      0x108 ./Core/Src/manager_file.o
                0x08003838                saveDrawerConfig
 .text.getData  0x08003940       0x48 ./Core/Src/manager_file.o
                0x08003940                getData
 .text.getLineMarker
                0x08003988       0xd4 ./Core/Src/manager_file.o
                0x08003988                getLineMarker
 .text.updateDrawerConfig
                0x08003a5c      0x1a8 ./Core/Src/manager_file.o
                0x08003a5c                updateDrawerConfig
 .text.getFileInfo
                0x08003c04      0x14c ./Core/Src/manager_file.o
                0x08003c04                getFileInfo
 .text._write   0x08003d50       0x2c ./Core/Src/manager_io.o
                0x08003d50                _write
 .text.__io_getchar
                0x08003d7c       0x4c ./Core/Src/manager_io.o
                0x08003d7c                __io_getchar
 .text.HAL_GPIO_EXTI_Callback
                0x08003dc8       0x3c ./Core/Src/manager_io.o
                0x08003dc8                HAL_GPIO_EXTI_Callback
 .text.HAL_TIM_PeriodElapsedCallback
                0x08003e04      0x350 ./Core/Src/manager_io.o
                0x08003e04                HAL_TIM_PeriodElapsedCallback
 .text.button_output
                0x08004154      0x130 ./Core/Src/manager_io.o
                0x08004154                button_output
 .text.muxSET   0x08004284       0x90 ./Core/Src/manager_mux.o
                0x08004284                muxSET
 .text.setRelay
                0x08004314      0x100 ./Core/Src/manager_relay.o
                0x08004314                setRelay
 .text.microDelay
                0x08004414       0x34 ./Core/Src/manager_weigt.o
                0x08004414                microDelay
 .text.getHX711
                0x08004448       0xcc ./Core/Src/manager_weigt.o
                0x08004448                getHX711
 .text.weigh    0x08004514       0x9e ./Core/Src/manager_weigt.o
                0x08004514                weigh
 .text.weighRaw
                0x080045b2       0x74 ./Core/Src/manager_weigt.o
                0x080045b2                weighRaw
 .text.weighRawTare
                0x08004626       0x82 ./Core/Src/manager_weigt.o
                0x08004626                weighRawTare
 .text.getCalFactor
                0x080046a8       0x48 ./Core/Src/manager_weigt.o
                0x080046a8                getCalFactor
 .text.MX_SPI1_Init
                0x080046f0       0x6c ./Core/Src/spi.o
                0x080046f0                MX_SPI1_Init
 .text.MX_SPI2_Init
                0x0800475c       0x6c ./Core/Src/spi.o
                0x0800475c                MX_SPI2_Init
 .text.HAL_SPI_MspInit
                0x080047c8      0x1a0 ./Core/Src/spi.o
                0x080047c8                HAL_SPI_MspInit
 .text.HAL_MspInit
                0x08004968       0x50 ./Core/Src/stm32f4xx_hal_msp.o
                0x08004968                HAL_MspInit
 .text.NMI_Handler
                0x080049b8        0x8 ./Core/Src/stm32f4xx_it.o
                0x080049b8                NMI_Handler
 .text.HardFault_Handler
                0x080049c0        0x8 ./Core/Src/stm32f4xx_it.o
                0x080049c0                HardFault_Handler
 .text.MemManage_Handler
                0x080049c8        0x8 ./Core/Src/stm32f4xx_it.o
                0x080049c8                MemManage_Handler
 .text.BusFault_Handler
                0x080049d0        0x8 ./Core/Src/stm32f4xx_it.o
                0x080049d0                BusFault_Handler
 .text.UsageFault_Handler
                0x080049d8        0x8 ./Core/Src/stm32f4xx_it.o
                0x080049d8                UsageFault_Handler
 .text.SVC_Handler
                0x080049e0        0xe ./Core/Src/stm32f4xx_it.o
                0x080049e0                SVC_Handler
 .text.DebugMon_Handler
                0x080049ee        0xe ./Core/Src/stm32f4xx_it.o
                0x080049ee                DebugMon_Handler
 .text.PendSV_Handler
                0x080049fc        0xe ./Core/Src/stm32f4xx_it.o
                0x080049fc                PendSV_Handler
 .text.SysTick_Handler
                0x08004a0a        0xc ./Core/Src/stm32f4xx_it.o
                0x08004a0a                SysTick_Handler
 .text.EXTI1_IRQHandler
                0x08004a16        0xe ./Core/Src/stm32f4xx_it.o
                0x08004a16                EXTI1_IRQHandler
 .text.EXTI2_IRQHandler
                0x08004a24        0xe ./Core/Src/stm32f4xx_it.o
                0x08004a24                EXTI2_IRQHandler
 *fill*         0x08004a32        0x2 
 .text.DMA1_Stream4_IRQHandler
                0x08004a34       0x14 ./Core/Src/stm32f4xx_it.o
                0x08004a34                DMA1_Stream4_IRQHandler
 .text.TIM3_IRQHandler
                0x08004a48       0x14 ./Core/Src/stm32f4xx_it.o
                0x08004a48                TIM3_IRQHandler
 .text.TIM4_IRQHandler
                0x08004a5c       0x14 ./Core/Src/stm32f4xx_it.o
                0x08004a5c                TIM4_IRQHandler
 .text._getpid  0x08004a70       0x10 ./Core/Src/syscalls.o
                0x08004a70                _getpid
 .text._kill    0x08004a80       0x20 ./Core/Src/syscalls.o
                0x08004a80                _kill
 .text._exit    0x08004aa0       0x16 ./Core/Src/syscalls.o
                0x08004aa0                _exit
 .text._read    0x08004ab6       0x3a ./Core/Src/syscalls.o
                0x08004ab6                _read
 .text._close   0x08004af0       0x18 ./Core/Src/syscalls.o
                0x08004af0                _close
 .text._fstat   0x08004b08       0x20 ./Core/Src/syscalls.o
                0x08004b08                _fstat
 .text._isatty  0x08004b28       0x16 ./Core/Src/syscalls.o
                0x08004b28                _isatty
 .text._lseek   0x08004b3e       0x1a ./Core/Src/syscalls.o
                0x08004b3e                _lseek
 .text._sbrk    0x08004b58       0x6c ./Core/Src/sysmem.o
                0x08004b58                _sbrk
 .text.SystemInit
                0x08004bc4       0x24 ./Core/Src/system_stm32f4xx.o
                0x08004bc4                SystemInit
 .text.MX_TIM2_Init
                0x08004be8       0x98 ./Core/Src/tim.o
                0x08004be8                MX_TIM2_Init
 .text.MX_TIM3_Init
                0x08004c80       0xb4 ./Core/Src/tim.o
                0x08004c80                MX_TIM3_Init
 .text.MX_TIM4_Init
                0x08004d34       0xb4 ./Core/Src/tim.o
                0x08004d34                MX_TIM4_Init
 .text.HAL_TIM_Base_MspInit
                0x08004de8       0xb4 ./Core/Src/tim.o
                0x08004de8                HAL_TIM_Base_MspInit
 .text.MX_USART2_UART_Init
                0x08004e9c       0x54 ./Core/Src/usart.o
                0x08004e9c                MX_USART2_UART_Init
 .text.HAL_UART_MspInit
                0x08004ef0       0x90 ./Core/Src/usart.o
                0x08004ef0                HAL_UART_MspInit
 .text.Reset_Handler
                0x08004f80       0x50 ./Core/Startup/startup_stm32f446retx.o
                0x08004f80                Reset_Handler
 .text.Default_Handler
                0x08004fd0        0x2 ./Core/Startup/startup_stm32f446retx.o
                0x08004fd0                RTC_Alarm_IRQHandler
                0x08004fd0                TIM8_CC_IRQHandler
                0x08004fd0                FMPI2C1_EV_IRQHandler
                0x08004fd0                SPI4_IRQHandler
                0x08004fd0                TIM1_CC_IRQHandler
                0x08004fd0                DMA2_Stream5_IRQHandler
                0x08004fd0                DMA1_Stream5_IRQHandler
                0x08004fd0                PVD_IRQHandler
                0x08004fd0                SDIO_IRQHandler
                0x08004fd0                TAMP_STAMP_IRQHandler
                0x08004fd0                CAN2_RX1_IRQHandler
                0x08004fd0                EXTI3_IRQHandler
                0x08004fd0                TIM8_TRG_COM_TIM14_IRQHandler
                0x08004fd0                TIM1_UP_TIM10_IRQHandler
                0x08004fd0                TIM8_UP_TIM13_IRQHandler
                0x08004fd0                I2C3_ER_IRQHandler
                0x08004fd0                EXTI0_IRQHandler
                0x08004fd0                I2C2_EV_IRQHandler
                0x08004fd0                DMA1_Stream2_IRQHandler
                0x08004fd0                CAN1_RX0_IRQHandler
                0x08004fd0                FPU_IRQHandler
                0x08004fd0                OTG_HS_WKUP_IRQHandler
                0x08004fd0                CAN2_SCE_IRQHandler
                0x08004fd0                DMA2_Stream2_IRQHandler
                0x08004fd0                SPI1_IRQHandler
                0x08004fd0                TIM6_DAC_IRQHandler
                0x08004fd0                TIM1_BRK_TIM9_IRQHandler
                0x08004fd0                DCMI_IRQHandler
                0x08004fd0                CAN2_RX0_IRQHandler
                0x08004fd0                DMA2_Stream3_IRQHandler
                0x08004fd0                SAI2_IRQHandler
                0x08004fd0                USART6_IRQHandler
                0x08004fd0                USART3_IRQHandler
                0x08004fd0                CAN1_RX1_IRQHandler
                0x08004fd0                UART5_IRQHandler
                0x08004fd0                DMA2_Stream0_IRQHandler
                0x08004fd0                QUADSPI_IRQHandler
                0x08004fd0                I2C1_EV_IRQHandler
                0x08004fd0                DMA1_Stream6_IRQHandler
                0x08004fd0                DMA1_Stream1_IRQHandler
                0x08004fd0                UART4_IRQHandler
                0x08004fd0                RCC_IRQHandler
                0x08004fd0                TIM8_BRK_TIM12_IRQHandler
                0x08004fd0                Default_Handler
                0x08004fd0                CEC_IRQHandler
                0x08004fd0                EXTI15_10_IRQHandler
                0x08004fd0                ADC_IRQHandler
                0x08004fd0                DMA1_Stream7_IRQHandler
                0x08004fd0                TIM7_IRQHandler
                0x08004fd0                CAN2_TX_IRQHandler
                0x08004fd0                TIM5_IRQHandler
                0x08004fd0                DMA2_Stream7_IRQHandler
                0x08004fd0                I2C3_EV_IRQHandler
                0x08004fd0                EXTI9_5_IRQHandler
                0x08004fd0                RTC_WKUP_IRQHandler
                0x08004fd0                SPDIF_RX_IRQHandler
                0x08004fd0                SPI2_IRQHandler
                0x08004fd0                OTG_HS_EP1_IN_IRQHandler
                0x08004fd0                DMA1_Stream0_IRQHandler
                0x08004fd0                CAN1_TX_IRQHandler
                0x08004fd0                FMPI2C1_ER_IRQHandler
                0x08004fd0                EXTI4_IRQHandler
                0x08004fd0                OTG_HS_EP1_OUT_IRQHandler
                0x08004fd0                WWDG_IRQHandler
                0x08004fd0                TIM2_IRQHandler
                0x08004fd0                OTG_FS_WKUP_IRQHandler
                0x08004fd0                TIM1_TRG_COM_TIM11_IRQHandler
                0x08004fd0                OTG_HS_IRQHandler
                0x08004fd0                USART2_IRQHandler
                0x08004fd0                I2C2_ER_IRQHandler
                0x08004fd0                DMA2_Stream1_IRQHandler
                0x08004fd0                CAN1_SCE_IRQHandler
                0x08004fd0                FLASH_IRQHandler
                0x08004fd0                DMA2_Stream4_IRQHandler
                0x08004fd0                USART1_IRQHandler
                0x08004fd0                OTG_FS_IRQHandler
                0x08004fd0                SPI3_IRQHandler
                0x08004fd0                I2C1_ER_IRQHandler
                0x08004fd0                FMC_IRQHandler
                0x08004fd0                DMA2_Stream6_IRQHandler
                0x08004fd0                SAI1_IRQHandler
                0x08004fd0                DMA1_Stream3_IRQHandler
 *fill*         0x08004fd2        0x2 
 .text.HAL_Init
                0x08004fd4       0x44 ./Drivers/STM32F4xx_HAL_Driver/Src/stm32f4xx_hal.o
                0x08004fd4                HAL_Init
 .text.HAL_InitTick
                0x08005018       0x60 ./Drivers/STM32F4xx_HAL_Driver/Src/stm32f4xx_hal.o
                0x08005018                HAL_InitTick
 .text.HAL_IncTick
                0x08005078       0x28 ./Drivers/STM32F4xx_HAL_Driver/Src/stm32f4xx_hal.o
                0x08005078                HAL_IncTick
 .text.HAL_GetTick
                0x080050a0       0x18 ./Drivers/STM32F4xx_HAL_Driver/Src/stm32f4xx_hal.o
                0x080050a0                HAL_GetTick
 .text.HAL_Delay
                0x080050b8       0x48 ./Drivers/STM32F4xx_HAL_Driver/Src/stm32f4xx_hal.o
                0x080050b8                HAL_Delay
 .text.__NVIC_SetPriorityGrouping
                0x08005100       0x48 ./Drivers/STM32F4xx_HAL_Driver/Src/stm32f4xx_hal_cortex.o
 .text.__NVIC_GetPriorityGrouping
                0x08005148       0x1c ./Drivers/STM32F4xx_HAL_Driver/Src/stm32f4xx_hal_cortex.o
 .text.__NVIC_EnableIRQ
                0x08005164       0x3c ./Drivers/STM32F4xx_HAL_Driver/Src/stm32f4xx_hal_cortex.o
 .text.__NVIC_DisableIRQ
                0x080051a0       0x48 ./Drivers/STM32F4xx_HAL_Driver/Src/stm32f4xx_hal_cortex.o
 .text.__NVIC_SetPriority
                0x080051e8       0x54 ./Drivers/STM32F4xx_HAL_Driver/Src/stm32f4xx_hal_cortex.o
 .text.NVIC_EncodePriority
                0x0800523c       0x66 ./Drivers/STM32F4xx_HAL_Driver/Src/stm32f4xx_hal_cortex.o
 *fill*         0x080052a2        0x2 
 .text.__NVIC_SystemReset
                0x080052a4       0x2c ./Drivers/STM32F4xx_HAL_Driver/Src/stm32f4xx_hal_cortex.o
 .text.SysTick_Config
                0x080052d0       0x44 ./Drivers/STM32F4xx_HAL_Driver/Src/stm32f4xx_hal_cortex.o
 .text.HAL_NVIC_SetPriorityGrouping
                0x08005314       0x16 ./Drivers/STM32F4xx_HAL_Driver/Src/stm32f4xx_hal_cortex.o
                0x08005314                HAL_NVIC_SetPriorityGrouping
 .text.HAL_NVIC_SetPriority
                0x0800532a       0x38 ./Drivers/STM32F4xx_HAL_Driver/Src/stm32f4xx_hal_cortex.o
                0x0800532a                HAL_NVIC_SetPriority
 .text.HAL_NVIC_EnableIRQ
                0x08005362       0x1c ./Drivers/STM32F4xx_HAL_Driver/Src/stm32f4xx_hal_cortex.o
                0x08005362                HAL_NVIC_EnableIRQ
 .text.HAL_NVIC_DisableIRQ
                0x0800537e       0x1c ./Drivers/STM32F4xx_HAL_Driver/Src/stm32f4xx_hal_cortex.o
                0x0800537e                HAL_NVIC_DisableIRQ
 .text.HAL_NVIC_SystemReset
                0x0800539a        0x8 ./Drivers/STM32F4xx_HAL_Driver/Src/stm32f4xx_hal_cortex.o
                0x0800539a                HAL_NVIC_SystemReset
 .text.HAL_SYSTICK_Config
                0x080053a2       0x18 ./Drivers/STM32F4xx_HAL_Driver/Src/stm32f4xx_hal_cortex.o
                0x080053a2                HAL_SYSTICK_Config
 *fill*         0x080053ba        0x2 
 .text.HAL_DMA_Init
                0x080053bc      0x15c ./Drivers/STM32F4xx_HAL_Driver/Src/stm32f4xx_hal_dma.o
                0x080053bc                HAL_DMA_Init
 .text.HAL_DMA_Start_IT
                0x08005518       0xb0 ./Drivers/STM32F4xx_HAL_Driver/Src/stm32f4xx_hal_dma.o
                0x08005518                HAL_DMA_Start_IT
 .text.HAL_DMA_IRQHandler
                0x080055c8      0x314 ./Drivers/STM32F4xx_HAL_Driver/Src/stm32f4xx_hal_dma.o
                0x080055c8                HAL_DMA_IRQHandler
 .text.DMA_SetConfig
                0x080058dc       0x5c ./Drivers/STM32F4xx_HAL_Driver/Src/stm32f4xx_hal_dma.o
 .text.DMA_CalcBaseAndBitshift
                0x08005938       0x6c ./Drivers/STM32F4xx_HAL_Driver/Src/stm32f4xx_hal_dma.o
 .text.DMA_CheckFifoParam
                0x080059a4       0xf8 ./Drivers/STM32F4xx_HAL_Driver/Src/stm32f4xx_hal_dma.o
 .text.HAL_GPIO_Init
                0x08005a9c      0x328 ./Drivers/STM32F4xx_HAL_Driver/Src/stm32f4xx_hal_gpio.o
                0x08005a9c                HAL_GPIO_Init
 .text.HAL_GPIO_ReadPin
                0x08005dc4       0x30 ./Drivers/STM32F4xx_HAL_Driver/Src/stm32f4xx_hal_gpio.o
                0x08005dc4                HAL_GPIO_ReadPin
 .text.HAL_GPIO_WritePin
                0x08005df4       0x32 ./Drivers/STM32F4xx_HAL_Driver/Src/stm32f4xx_hal_gpio.o
                0x08005df4                HAL_GPIO_WritePin
 *fill*         0x08005e26        0x2 
 .text.HAL_GPIO_EXTI_IRQHandler
                0x08005e28       0x30 ./Drivers/STM32F4xx_HAL_Driver/Src/stm32f4xx_hal_gpio.o
                0x08005e28                HAL_GPIO_EXTI_IRQHandler
 .text.HAL_RCC_ClockConfig
                0x08005e58      0x1cc ./Drivers/STM32F4xx_HAL_Driver/Src/stm32f4xx_hal_rcc.o
                0x08005e58                HAL_RCC_ClockConfig
 .text.HAL_RCC_GetHCLKFreq
                0x08006024       0x18 ./Drivers/STM32F4xx_HAL_Driver/Src/stm32f4xx_hal_rcc.o
                0x08006024                HAL_RCC_GetHCLKFreq
 .text.HAL_RCC_GetPCLK1Freq
                0x0800603c       0x28 ./Drivers/STM32F4xx_HAL_Driver/Src/stm32f4xx_hal_rcc.o
                0x0800603c                HAL_RCC_GetPCLK1Freq
 .text.HAL_RCC_GetPCLK2Freq
                0x08006064       0x28 ./Drivers/STM32F4xx_HAL_Driver/Src/stm32f4xx_hal_rcc.o
                0x08006064                HAL_RCC_GetPCLK2Freq
 .text.HAL_RCC_GetSysClockFreq
                0x0800608c      0x354 ./Drivers/STM32F4xx_HAL_Driver/Src/stm32f4xx_hal_rcc_ex.o
                0x0800608c                HAL_RCC_GetSysClockFreq
 .text.HAL_RCC_OscConfig
                0x080063e0      0x53c ./Drivers/STM32F4xx_HAL_Driver/Src/stm32f4xx_hal_rcc_ex.o
                0x080063e0                HAL_RCC_OscConfig
 .text.HAL_SPI_Init
                0x0800691c      0x112 ./Drivers/STM32F4xx_HAL_Driver/Src/stm32f4xx_hal_spi.o
                0x0800691c                HAL_SPI_Init
 .text.HAL_SPI_Transmit
                0x08006a2e      0x288 ./Drivers/STM32F4xx_HAL_Driver/Src/stm32f4xx_hal_spi.o
                0x08006a2e                HAL_SPI_Transmit
 .text.HAL_SPI_TransmitReceive
                0x08006cb6      0x352 ./Drivers/STM32F4xx_HAL_Driver/Src/stm32f4xx_hal_spi.o
                0x08006cb6                HAL_SPI_TransmitReceive
 .text.HAL_SPI_Transmit_DMA
                0x08007008      0x164 ./Drivers/STM32F4xx_HAL_Driver/Src/stm32f4xx_hal_spi.o
                0x08007008                HAL_SPI_Transmit_DMA
 .text.HAL_SPI_TxHalfCpltCallback
                0x0800716c       0x14 ./Drivers/STM32F4xx_HAL_Driver/Src/stm32f4xx_hal_spi.o
                0x0800716c                HAL_SPI_TxHalfCpltCallback
 .text.HAL_SPI_ErrorCallback
                0x08007180       0x14 ./Drivers/STM32F4xx_HAL_Driver/Src/stm32f4xx_hal_spi.o
                0x08007180                HAL_SPI_ErrorCallback
 .text.SPI_DMATransmitCplt
                0x08007194       0xa8 ./Drivers/STM32F4xx_HAL_Driver/Src/stm32f4xx_hal_spi.o
 .text.SPI_DMAHalfTransmitCplt
                0x0800723c       0x1c ./Drivers/STM32F4xx_HAL_Driver/Src/stm32f4xx_hal_spi.o
 .text.SPI_DMAError
                0x08007258       0x40 ./Drivers/STM32F4xx_HAL_Driver/Src/stm32f4xx_hal_spi.o
 .text.SPI_WaitFlagStateUntilTimeout
                0x08007298      0x110 ./Drivers/STM32F4xx_HAL_Driver/Src/stm32f4xx_hal_spi.o
 .text.SPI_EndRxTxTransaction
                0x080073a8       0xa8 ./Drivers/STM32F4xx_HAL_Driver/Src/stm32f4xx_hal_spi.o
 .text.HAL_TIM_Base_Init
                0x08007450       0x9e ./Drivers/STM32F4xx_HAL_Driver/Src/stm32f4xx_hal_tim.o
                0x08007450                HAL_TIM_Base_Init
 *fill*         0x080074ee        0x2 
 .text.HAL_TIM_Base_Start
                0x080074f0       0xd0 ./Drivers/STM32F4xx_HAL_Driver/Src/stm32f4xx_hal_tim.o
                0x080074f0                HAL_TIM_Base_Start
 .text.HAL_TIM_Base_Start_IT
                0x080075c0       0xe0 ./Drivers/STM32F4xx_HAL_Driver/Src/stm32f4xx_hal_tim.o
                0x080075c0                HAL_TIM_Base_Start_IT
 .text.HAL_TIM_Base_Stop_IT
                0x080076a0       0x5e ./Drivers/STM32F4xx_HAL_Driver/Src/stm32f4xx_hal_tim.o
                0x080076a0                HAL_TIM_Base_Stop_IT
 .text.HAL_TIM_IRQHandler
                0x080076fe      0x1e0 ./Drivers/STM32F4xx_HAL_Driver/Src/stm32f4xx_hal_tim.o
                0x080076fe                HAL_TIM_IRQHandler
 .text.HAL_TIM_ConfigClockSource
                0x080078de      0x18e ./Drivers/STM32F4xx_HAL_Driver/Src/stm32f4xx_hal_tim.o
                0x080078de                HAL_TIM_ConfigClockSource
 .text.HAL_TIM_OC_DelayElapsedCallback
                0x08007a6c       0x14 ./Drivers/STM32F4xx_HAL_Driver/Src/stm32f4xx_hal_tim.o
                0x08007a6c                HAL_TIM_OC_DelayElapsedCallback
 .text.HAL_TIM_IC_CaptureCallback
                0x08007a80       0x14 ./Drivers/STM32F4xx_HAL_Driver/Src/stm32f4xx_hal_tim.o
                0x08007a80                HAL_TIM_IC_CaptureCallback
 .text.HAL_TIM_PWM_PulseFinishedCallback
                0x08007a94       0x14 ./Drivers/STM32F4xx_HAL_Driver/Src/stm32f4xx_hal_tim.o
                0x08007a94                HAL_TIM_PWM_PulseFinishedCallback
 .text.HAL_TIM_TriggerCallback
                0x08007aa8       0x14 ./Drivers/STM32F4xx_HAL_Driver/Src/stm32f4xx_hal_tim.o
                0x08007aa8                HAL_TIM_TriggerCallback
 .text.TIM_Base_SetConfig
                0x08007abc      0x158 ./Drivers/STM32F4xx_HAL_Driver/Src/stm32f4xx_hal_tim.o
                0x08007abc                TIM_Base_SetConfig
 .text.TIM_TI1_ConfigInputStage
                0x08007c14       0x5e ./Drivers/STM32F4xx_HAL_Driver/Src/stm32f4xx_hal_tim.o
 .text.TIM_TI2_ConfigInputStage
                0x08007c72       0x60 ./Drivers/STM32F4xx_HAL_Driver/Src/stm32f4xx_hal_tim.o
 .text.TIM_ITRx_SetConfig
                0x08007cd2       0x36 ./Drivers/STM32F4xx_HAL_Driver/Src/stm32f4xx_hal_tim.o
 .text.TIM_ETR_SetConfig
                0x08007d08       0x40 ./Drivers/STM32F4xx_HAL_Driver/Src/stm32f4xx_hal_tim.o
                0x08007d08                TIM_ETR_SetConfig
 .text.HAL_TIMEx_MasterConfigSynchronization
                0x08007d48       0xf8 ./Drivers/STM32F4xx_HAL_Driver/Src/stm32f4xx_hal_tim_ex.o
                0x08007d48                HAL_TIMEx_MasterConfigSynchronization
 .text.HAL_TIMEx_CommutCallback
                0x08007e40       0x14 ./Drivers/STM32F4xx_HAL_Driver/Src/stm32f4xx_hal_tim_ex.o
                0x08007e40                HAL_TIMEx_CommutCallback
 .text.HAL_TIMEx_BreakCallback
                0x08007e54       0x14 ./Drivers/STM32F4xx_HAL_Driver/Src/stm32f4xx_hal_tim_ex.o
                0x08007e54                HAL_TIMEx_BreakCallback
 .text.HAL_UART_Init
                0x08007e68       0xa0 ./Drivers/STM32F4xx_HAL_Driver/Src/stm32f4xx_hal_uart.o
                0x08007e68                HAL_UART_Init
 .text.HAL_UART_Transmit
                0x08007f08      0x116 ./Drivers/STM32F4xx_HAL_Driver/Src/stm32f4xx_hal_uart.o
                0x08007f08                HAL_UART_Transmit
 .text.HAL_UART_Receive
                0x0800801e      0x12e ./Drivers/STM32F4xx_HAL_Driver/Src/stm32f4xx_hal_uart.o
                0x0800801e                HAL_UART_Receive
 .text.UART_WaitOnFlagUntilTimeout
                0x0800814c       0xb2 ./Drivers/STM32F4xx_HAL_Driver/Src/stm32f4xx_hal_uart.o
 .text.UART_EndRxTransfer
                0x080081fe       0xc6 ./Drivers/STM32F4xx_HAL_Driver/Src/stm32f4xx_hal_uart.o
 .text.UART_SetConfig
                0x080082c4      0x4e8 ./Drivers/STM32F4xx_HAL_Driver/Src/stm32f4xx_hal_uart.o
 .text.MX_FATFS_Init
                0x080087ac       0x24 ./FATFS/App/fatfs.o
                0x080087ac                MX_FATFS_Init
 .text.get_fattime
                0x080087d0       0x10 ./FATFS/App/fatfs.o
                0x080087d0                get_fattime
 .text.USER_initialize
                0x080087e0       0x1c ./FATFS/Target/user_diskio.o
                0x080087e0                USER_initialize
 .text.USER_status
                0x080087fc       0x1c ./FATFS/Target/user_diskio.o
                0x080087fc                USER_status
 .text.USER_read
                0x08008818       0x26 ./FATFS/Target/user_diskio.o
                0x08008818                USER_read
 .text.USER_write
                0x0800883e       0x26 ./FATFS/Target/user_diskio.o
                0x0800883e                USER_write
 .text.USER_ioctl
                0x08008864       0x26 ./FATFS/Target/user_diskio.o
                0x08008864                USER_ioctl
 *fill*         0x0800888a        0x2 
 .text.SPI_Timer_On
                0x0800888c       0x28 ./FATFS/Target/user_diskio_spi.o
                0x0800888c                SPI_Timer_On
 .text.SPI_Timer_Status
                0x080088b4       0x2c ./FATFS/Target/user_diskio_spi.o
                0x080088b4                SPI_Timer_Status
 .text.xchg_spi
                0x080088e0       0x2c ./FATFS/Target/user_diskio_spi.o
 .text.rcvr_spi_multi
                0x0800890c       0x38 ./FATFS/Target/user_diskio_spi.o
 .text.xmit_spi_multi
                0x08008944       0x28 ./FATFS/Target/user_diskio_spi.o
 .text.wait_ready
                0x0800896c       0x46 ./FATFS/Target/user_diskio_spi.o
 *fill*         0x080089b2        0x2 
 .text.despiselect
                0x080089b4       0x20 ./FATFS/Target/user_diskio_spi.o
 .text.spiselect
                0x080089d4       0x38 ./FATFS/Target/user_diskio_spi.o
 .text.rcvr_datablock
                0x08008a0c       0x52 ./FATFS/Target/user_diskio_spi.o
 .text.xmit_datablock
                0x08008a5e       0x64 ./FATFS/Target/user_diskio_spi.o
 .text.send_cmd
                0x08008ac2       0xde ./FATFS/Target/user_diskio_spi.o
 .text.USER_SPI_initialize
                0x08008ba0      0x1d8 ./FATFS/Target/user_diskio_spi.o
                0x08008ba0                USER_SPI_initialize
 .text.USER_SPI_status
                0x08008d78       0x2c ./FATFS/Target/user_diskio_spi.o
                0x08008d78                USER_SPI_status
 .text.USER_SPI_read
                0x08008da4       0xcc ./FATFS/Target/user_diskio_spi.o
                0x08008da4                USER_SPI_read
 .text.USER_SPI_write
                0x08008e70       0xf8 ./FATFS/Target/user_diskio_spi.o
                0x08008e70                USER_SPI_write
 .text.USER_SPI_ioctl
                0x08008f68      0x2e0 ./FATFS/Target/user_diskio_spi.o
                0x08008f68                USER_SPI_ioctl
 .text.disk_status
                0x08009248       0x34 ./Middlewares/Third_Party/FatFs/src/diskio.o
                0x08009248                disk_status
 .text.disk_initialize
                0x0800927c       0x50 ./Middlewares/Third_Party/FatFs/src/diskio.o
                0x0800927c                disk_initialize
 .text.disk_read
                0x080092cc       0x40 ./Middlewares/Third_Party/FatFs/src/diskio.o
                0x080092cc                disk_read
 .text.disk_write
                0x0800930c       0x40 ./Middlewares/Third_Party/FatFs/src/diskio.o
                0x0800930c                disk_write
 .text.disk_ioctl
                0x0800934c       0x3c ./Middlewares/Third_Party/FatFs/src/diskio.o
                0x0800934c                disk_ioctl
 .text.ld_word  0x08009388       0x32 ./Middlewares/Third_Party/FatFs/src/ff.o
 .text.ld_dword
                0x080093ba       0x46 ./Middlewares/Third_Party/FatFs/src/ff.o
 .text.st_word  0x08009400       0x36 ./Middlewares/Third_Party/FatFs/src/ff.o
 .text.st_dword
                0x08009436       0x58 ./Middlewares/Third_Party/FatFs/src/ff.o
 .text.mem_cpy  0x0800948e       0x42 ./Middlewares/Third_Party/FatFs/src/ff.o
 .text.mem_set  0x080094d0       0x36 ./Middlewares/Third_Party/FatFs/src/ff.o
 .text.mem_cmp  0x08009506       0x4e ./Middlewares/Third_Party/FatFs/src/ff.o
 .text.chk_chr  0x08009554       0x36 ./Middlewares/Third_Party/FatFs/src/ff.o
 *fill*         0x0800958a        0x2 
 .text.chk_lock
                0x0800958c       0xb8 ./Middlewares/Third_Party/FatFs/src/ff.o
 .text.enq_lock
                0x08009644       0x44 ./Middlewares/Third_Party/FatFs/src/ff.o
 .text.inc_lock
                0x08009688      0x11c ./Middlewares/Third_Party/FatFs/src/ff.o
 .text.dec_lock
                0x080097a4       0x78 ./Middlewares/Third_Party/FatFs/src/ff.o
 .text.clear_lock
                0x0800981c       0x48 ./Middlewares/Third_Party/FatFs/src/ff.o
 .text.sync_window
                0x08009864       0x88 ./Middlewares/Third_Party/FatFs/src/ff.o
 .text.move_window
                0x080098ec       0x5a ./Middlewares/Third_Party/FatFs/src/ff.o
 *fill*         0x08009946        0x2 
 .text.sync_fs  0x08009948       0xdc ./Middlewares/Third_Party/FatFs/src/ff.o
 .text.clust2sect
                0x08009a24       0x3e ./Middlewares/Third_Party/FatFs/src/ff.o
 .text.get_fat  0x08009a62      0x14e ./Middlewares/Third_Party/FatFs/src/ff.o
 .text.put_fat  0x08009bb0      0x1d4 ./Middlewares/Third_Party/FatFs/src/ff.o
 .text.remove_chain
                0x08009d84       0xca ./Middlewares/Third_Party/FatFs/src/ff.o
 .text.create_chain
                0x08009e4e      0x130 ./Middlewares/Third_Party/FatFs/src/ff.o
 .text.clmt_clust
                0x08009f7e       0x68 ./Middlewares/Third_Party/FatFs/src/ff.o
 .text.dir_sdi  0x08009fe6       0xf6 ./Middlewares/Third_Party/FatFs/src/ff.o
 .text.dir_next
                0x0800a0dc      0x18a ./Middlewares/Third_Party/FatFs/src/ff.o
 .text.dir_alloc
                0x0800a266       0x8e ./Middlewares/Third_Party/FatFs/src/ff.o
 .text.ld_clust
                0x0800a2f4       0x3e ./Middlewares/Third_Party/FatFs/src/ff.o
 .text.st_clust
                0x0800a332       0x40 ./Middlewares/Third_Party/FatFs/src/ff.o
 .text.dir_read
                0x0800a372       0xba ./Middlewares/Third_Party/FatFs/src/ff.o
 .text.dir_find
                0x0800a42c       0xaa ./Middlewares/Third_Party/FatFs/src/ff.o
 .text.dir_register
                0x0800a4d6       0x64 ./Middlewares/Third_Party/FatFs/src/ff.o
 .text.dir_remove
                0x0800a53a       0x3c ./Middlewares/Third_Party/FatFs/src/ff.o
 *fill*         0x0800a576        0x2 
 .text.create_name
                0x0800a578      0x128 ./Middlewares/Third_Party/FatFs/src/ff.o
 .text.follow_path
                0x0800a6a0       0xe2 ./Middlewares/Third_Party/FatFs/src/ff.o
 .text.get_ldnumber
                0x0800a782       0x88 ./Middlewares/Third_Party/FatFs/src/ff.o
 *fill*         0x0800a80a        0x2 
 .text.check_fs
                0x0800a80c       0xac ./Middlewares/Third_Party/FatFs/src/ff.o
 .text.find_volume
                0x0800a8b8      0x498 ./Middlewares/Third_Party/FatFs/src/ff.o
 .text.validate
                0x0800ad50       0x6a ./Middlewares/Third_Party/FatFs/src/ff.o
 *fill*         0x0800adba        0x2 
 .text.f_mount  0x0800adbc       0x8c ./Middlewares/Third_Party/FatFs/src/ff.o
                0x0800adbc                f_mount
 .text.f_open   0x0800ae48      0x374 ./Middlewares/Third_Party/FatFs/src/ff.o
                0x0800ae48                f_open
 .text.f_read   0x0800b1bc      0x27e ./Middlewares/Third_Party/FatFs/src/ff.o
                0x0800b1bc                f_read
 .text.f_write  0x0800b43a      0x2ea ./Middlewares/Third_Party/FatFs/src/ff.o
                0x0800b43a                f_write
 .text.f_sync   0x0800b724       0xfc ./Middlewares/Third_Party/FatFs/src/ff.o
                0x0800b724                f_sync
 .text.f_close  0x0800b820       0x54 ./Middlewares/Third_Party/FatFs/src/ff.o
                0x0800b820                f_close
 .text.f_getfree
                0x0800b874      0x16a ./Middlewares/Third_Party/FatFs/src/ff.o
                0x0800b874                f_getfree
 .text.f_unlink
                0x0800b9de      0x156 ./Middlewares/Third_Party/FatFs/src/ff.o
                0x0800b9de                f_unlink
 .text.f_rename
                0x0800bb34      0x1f2 ./Middlewares/Third_Party/FatFs/src/ff.o
                0x0800bb34                f_rename
 .text.f_gets   0x0800bd26       0x7c ./Middlewares/Third_Party/FatFs/src/ff.o
                0x0800bd26                f_gets
 *fill*         0x0800bda2        0x2 
 .text.FATFS_LinkDriverEx
                0x0800bda4       0x98 ./Middlewares/Third_Party/FatFs/src/ff_gen_drv.o
                0x0800bda4                FATFS_LinkDriverEx
 .text.FATFS_LinkDriver
                0x0800be3c       0x1e ./Middlewares/Third_Party/FatFs/src/ff_gen_drv.o
                0x0800be3c                FATFS_LinkDriver
 *fill*         0x0800be5a        0x2 
 .text._strtol_l.isra.0
                0x0800be5c       0xf4 C:/ST/STM32CubeIDE_1.16.1/STM32CubeIDE/plugins/com.st.stm32cube.ide.mcu.externaltools.gnu-tools-for-stm32.13.3.rel1.win32_1.0.0.202411081344/tools/bin/../lib/gcc/arm-none-eabi/13.3.1/../../../../arm-none-eabi/lib/thumb/v7e-m+fp/hard\libc_nano.a(libc_a-strtol.o)
 .text._strtol_r
                0x0800bf50        0x4 C:/ST/STM32CubeIDE_1.16.1/STM32CubeIDE/plugins/com.st.stm32cube.ide.mcu.externaltools.gnu-tools-for-stm32.13.3.rel1.win32_1.0.0.202411081344/tools/bin/../lib/gcc/arm-none-eabi/13.3.1/../../../../arm-none-eabi/lib/thumb/v7e-m+fp/hard\libc_nano.a(libc_a-strtol.o)
                0x0800bf50                _strtol_r
 .text.strtol   0x0800bf54       0x14 C:/ST/STM32CubeIDE_1.16.1/STM32CubeIDE/plugins/com.st.stm32cube.ide.mcu.externaltools.gnu-tools-for-stm32.13.3.rel1.win32_1.0.0.202411081344/tools/bin/../lib/gcc/arm-none-eabi/13.3.1/../../../../arm-none-eabi/lib/thumb/v7e-m+fp/hard\libc_nano.a(libc_a-strtol.o)
                0x0800bf54                strtol
 .text.__cvt    0x0800bf68       0xca C:/ST/STM32CubeIDE_1.16.1/STM32CubeIDE/plugins/com.st.stm32cube.ide.mcu.externaltools.gnu-tools-for-stm32.13.3.rel1.win32_1.0.0.202411081344/tools/bin/../lib/gcc/arm-none-eabi/13.3.1/../../../../arm-none-eabi/lib/thumb/v7e-m+fp/hard\libc_nano.a(libc_a-nano-vfprintf_float.o)
                0x0800bf68                __cvt
 .text.__exponent
                0x0800c032       0x74 C:/ST/STM32CubeIDE_1.16.1/STM32CubeIDE/plugins/com.st.stm32cube.ide.mcu.externaltools.gnu-tools-for-stm32.13.3.rel1.win32_1.0.0.202411081344/tools/bin/../lib/gcc/arm-none-eabi/13.3.1/../../../../arm-none-eabi/lib/thumb/v7e-m+fp/hard\libc_nano.a(libc_a-nano-vfprintf_float.o)
                0x0800c032                __exponent
 *fill*         0x0800c0a6        0x2 
 .text._printf_float
                0x0800c0a8      0x454 C:/ST/STM32CubeIDE_1.16.1/STM32CubeIDE/plugins/com.st.stm32cube.ide.mcu.externaltools.gnu-tools-for-stm32.13.3.rel1.win32_1.0.0.202411081344/tools/bin/../lib/gcc/arm-none-eabi/13.3.1/../../../../arm-none-eabi/lib/thumb/v7e-m+fp/hard\libc_nano.a(libc_a-nano-vfprintf_float.o)
                0x0800c0a8                _printf_float
 .text._printf_common
                0x0800c4fc       0xda C:/ST/STM32CubeIDE_1.16.1/STM32CubeIDE/plugins/com.st.stm32cube.ide.mcu.externaltools.gnu-tools-for-stm32.13.3.rel1.win32_1.0.0.202411081344/tools/bin/../lib/gcc/arm-none-eabi/13.3.1/../../../../arm-none-eabi/lib/thumb/v7e-m+fp/hard\libc_nano.a(libc_a-nano-vfprintf_i.o)
                0x0800c4fc                _printf_common
 *fill*         0x0800c5d6        0x2 
 .text._printf_i
                0x0800c5d8      0x23c C:/ST/STM32CubeIDE_1.16.1/STM32CubeIDE/plugins/com.st.stm32cube.ide.mcu.externaltools.gnu-tools-for-stm32.13.3.rel1.win32_1.0.0.202411081344/tools/bin/../lib/gcc/arm-none-eabi/13.3.1/../../../../arm-none-eabi/lib/thumb/v7e-m+fp/hard\libc_nano.a(libc_a-nano-vfprintf_i.o)
                0x0800c5d8                _printf_i
 .text._scanf_float
                0x0800c814      0x41c C:/ST/STM32CubeIDE_1.16.1/STM32CubeIDE/plugins/com.st.stm32cube.ide.mcu.externaltools.gnu-tools-for-stm32.13.3.rel1.win32_1.0.0.202411081344/tools/bin/../lib/gcc/arm-none-eabi/13.3.1/../../../../arm-none-eabi/lib/thumb/v7e-m+fp/hard\libc_nano.a(libc_a-nano-vfscanf_float.o)
                0x0800c814                _scanf_float
 .text.std      0x0800cc30       0x6c C:/ST/STM32CubeIDE_1.16.1/STM32CubeIDE/plugins/com.st.stm32cube.ide.mcu.externaltools.gnu-tools-for-stm32.13.3.rel1.win32_1.0.0.202411081344/tools/bin/../lib/gcc/arm-none-eabi/13.3.1/../../../../arm-none-eabi/lib/thumb/v7e-m+fp/hard\libc_nano.a(libc_a-findfp.o)
 .text.stdio_exit_handler
                0x0800cc9c       0x18 C:/ST/STM32CubeIDE_1.16.1/STM32CubeIDE/plugins/com.st.stm32cube.ide.mcu.externaltools.gnu-tools-for-stm32.13.3.rel1.win32_1.0.0.202411081344/tools/bin/../lib/gcc/arm-none-eabi/13.3.1/../../../../arm-none-eabi/lib/thumb/v7e-m+fp/hard\libc_nano.a(libc_a-findfp.o)
 .text.cleanup_stdio
                0x0800ccb4       0x40 C:/ST/STM32CubeIDE_1.16.1/STM32CubeIDE/plugins/com.st.stm32cube.ide.mcu.externaltools.gnu-tools-for-stm32.13.3.rel1.win32_1.0.0.202411081344/tools/bin/../lib/gcc/arm-none-eabi/13.3.1/../../../../arm-none-eabi/lib/thumb/v7e-m+fp/hard\libc_nano.a(libc_a-findfp.o)
 .text.global_stdio_init.part.0
                0x0800ccf4       0x3c C:/ST/STM32CubeIDE_1.16.1/STM32CubeIDE/plugins/com.st.stm32cube.ide.mcu.externaltools.gnu-tools-for-stm32.13.3.rel1.win32_1.0.0.202411081344/tools/bin/../lib/gcc/arm-none-eabi/13.3.1/../../../../arm-none-eabi/lib/thumb/v7e-m+fp/hard\libc_nano.a(libc_a-findfp.o)
 .text.__sfp_lock_acquire
                0x0800cd30        0xc C:/ST/STM32CubeIDE_1.16.1/STM32CubeIDE/plugins/com.st.stm32cube.ide.mcu.externaltools.gnu-tools-for-stm32.13.3.rel1.win32_1.0.0.202411081344/tools/bin/../lib/gcc/arm-none-eabi/13.3.1/../../../../arm-none-eabi/lib/thumb/v7e-m+fp/hard\libc_nano.a(libc_a-findfp.o)
                0x0800cd30                __sfp_lock_acquire
 .text.__sfp_lock_release
                0x0800cd3c        0xc C:/ST/STM32CubeIDE_1.16.1/STM32CubeIDE/plugins/com.st.stm32cube.ide.mcu.externaltools.gnu-tools-for-stm32.13.3.rel1.win32_1.0.0.202411081344/tools/bin/../lib/gcc/arm-none-eabi/13.3.1/../../../../arm-none-eabi/lib/thumb/v7e-m+fp/hard\libc_nano.a(libc_a-findfp.o)
                0x0800cd3c                __sfp_lock_release
 .text.__sinit  0x0800cd48       0x30 C:/ST/STM32CubeIDE_1.16.1/STM32CubeIDE/plugins/com.st.stm32cube.ide.mcu.externaltools.gnu-tools-for-stm32.13.3.rel1.win32_1.0.0.202411081344/tools/bin/../lib/gcc/arm-none-eabi/13.3.1/../../../../arm-none-eabi/lib/thumb/v7e-m+fp/hard\libc_nano.a(libc_a-findfp.o)
                0x0800cd48                __sinit
 .text._fwalk_sglue
                0x0800cd78       0x3c C:/ST/STM32CubeIDE_1.16.1/STM32CubeIDE/plugins/com.st.stm32cube.ide.mcu.externaltools.gnu-tools-for-stm32.13.3.rel1.win32_1.0.0.202411081344/tools/bin/../lib/gcc/arm-none-eabi/13.3.1/../../../../arm-none-eabi/lib/thumb/v7e-m+fp/hard\libc_nano.a(libc_a-fwalk.o)
                0x0800cd78                _fwalk_sglue
 .text.printf   0x0800cdb4       0x24 C:/ST/STM32CubeIDE_1.16.1/STM32CubeIDE/plugins/com.st.stm32cube.ide.mcu.externaltools.gnu-tools-for-stm32.13.3.rel1.win32_1.0.0.202411081344/tools/bin/../lib/gcc/arm-none-eabi/13.3.1/../../../../arm-none-eabi/lib/thumb/v7e-m+fp/hard\libc_nano.a(libc_a-printf.o)
                0x0800cdb4                iprintf
                0x0800cdb4                printf
 .text.setvbuf  0x0800cdd8      0x168 C:/ST/STM32CubeIDE_1.16.1/STM32CubeIDE/plugins/com.st.stm32cube.ide.mcu.externaltools.gnu-tools-for-stm32.13.3.rel1.win32_1.0.0.202411081344/tools/bin/../lib/gcc/arm-none-eabi/13.3.1/../../../../arm-none-eabi/lib/thumb/v7e-m+fp/hard\libc_nano.a(libc_a-setvbuf.o)
                0x0800cdd8                setvbuf
 .text.snprintf
                0x0800cf40       0x6c C:/ST/STM32CubeIDE_1.16.1/STM32CubeIDE/plugins/com.st.stm32cube.ide.mcu.externaltools.gnu-tools-for-stm32.13.3.rel1.win32_1.0.0.202411081344/tools/bin/../lib/gcc/arm-none-eabi/13.3.1/../../../../arm-none-eabi/lib/thumb/v7e-m+fp/hard\libc_nano.a(libc_a-snprintf.o)
                0x0800cf40                sniprintf
                0x0800cf40                snprintf
 .text.sprintf  0x0800cfac       0x44 C:/ST/STM32CubeIDE_1.16.1/STM32CubeIDE/plugins/com.st.stm32cube.ide.mcu.externaltools.gnu-tools-for-stm32.13.3.rel1.win32_1.0.0.202411081344/tools/bin/../lib/gcc/arm-none-eabi/13.3.1/../../../../arm-none-eabi/lib/thumb/v7e-m+fp/hard\libc_nano.a(libc_a-sprintf.o)
                0x0800cfac                siprintf
                0x0800cfac                sprintf
 .text.__sread  0x0800cff0       0x22 C:/ST/STM32CubeIDE_1.16.1/STM32CubeIDE/plugins/com.st.stm32cube.ide.mcu.externaltools.gnu-tools-for-stm32.13.3.rel1.win32_1.0.0.202411081344/tools/bin/../lib/gcc/arm-none-eabi/13.3.1/../../../../arm-none-eabi/lib/thumb/v7e-m+fp/hard\libc_nano.a(libc_a-stdio.o)
                0x0800cff0                __sread
 .text.__swrite
                0x0800d012       0x38 C:/ST/STM32CubeIDE_1.16.1/STM32CubeIDE/plugins/com.st.stm32cube.ide.mcu.externaltools.gnu-tools-for-stm32.13.3.rel1.win32_1.0.0.202411081344/tools/bin/../lib/gcc/arm-none-eabi/13.3.1/../../../../arm-none-eabi/lib/thumb/v7e-m+fp/hard\libc_nano.a(libc_a-stdio.o)
                0x0800d012                __swrite
 .text.__sseek  0x0800d04a       0x24 C:/ST/STM32CubeIDE_1.16.1/STM32CubeIDE/plugins/com.st.stm32cube.ide.mcu.externaltools.gnu-tools-for-stm32.13.3.rel1.win32_1.0.0.202411081344/tools/bin/../lib/gcc/arm-none-eabi/13.3.1/../../../../arm-none-eabi/lib/thumb/v7e-m+fp/hard\libc_nano.a(libc_a-stdio.o)
                0x0800d04a                __sseek
 .text.__sclose
                0x0800d06e        0x8 C:/ST/STM32CubeIDE_1.16.1/STM32CubeIDE/plugins/com.st.stm32cube.ide.mcu.externaltools.gnu-tools-for-stm32.13.3.rel1.win32_1.0.0.202411081344/tools/bin/../lib/gcc/arm-none-eabi/13.3.1/../../../../arm-none-eabi/lib/thumb/v7e-m+fp/hard\libc_nano.a(libc_a-stdio.o)
                0x0800d06e                __sclose
 .text.memset   0x0800d076       0x10 C:/ST/STM32CubeIDE_1.16.1/STM32CubeIDE/plugins/com.st.stm32cube.ide.mcu.externaltools.gnu-tools-for-stm32.13.3.rel1.win32_1.0.0.202411081344/tools/bin/../lib/gcc/arm-none-eabi/13.3.1/../../../../arm-none-eabi/lib/thumb/v7e-m+fp/hard\libc_nano.a(libc_a-memset.o)
                0x0800d076                memset
 *fill*         0x0800d086        0x2 
 .text.strtok   0x0800d088       0x68 C:/ST/STM32CubeIDE_1.16.1/STM32CubeIDE/plugins/com.st.stm32cube.ide.mcu.externaltools.gnu-tools-for-stm32.13.3.rel1.win32_1.0.0.202411081344/tools/bin/../lib/gcc/arm-none-eabi/13.3.1/../../../../arm-none-eabi/lib/thumb/v7e-m+fp/hard\libc_nano.a(libc_a-strtok.o)
                0x0800d088                strtok
 .text.__strtok_r
                0x0800d0f0       0x50 C:/ST/STM32CubeIDE_1.16.1/STM32CubeIDE/plugins/com.st.stm32cube.ide.mcu.externaltools.gnu-tools-for-stm32.13.3.rel1.win32_1.0.0.202411081344/tools/bin/../lib/gcc/arm-none-eabi/13.3.1/../../../../arm-none-eabi/lib/thumb/v7e-m+fp/hard\libc_nano.a(libc_a-strtok_r.o)
                0x0800d0f0                __strtok_r
 .text._localeconv_r
                0x0800d140        0x8 C:/ST/STM32CubeIDE_1.16.1/STM32CubeIDE/plugins/com.st.stm32cube.ide.mcu.externaltools.gnu-tools-for-stm32.13.3.rel1.win32_1.0.0.202411081344/tools/bin/../lib/gcc/arm-none-eabi/13.3.1/../../../../arm-none-eabi/lib/thumb/v7e-m+fp/hard\libc_nano.a(libc_a-localeconv.o)
                0x0800d140                _localeconv_r
 .text._close_r
                0x0800d148       0x20 C:/ST/STM32CubeIDE_1.16.1/STM32CubeIDE/plugins/com.st.stm32cube.ide.mcu.externaltools.gnu-tools-for-stm32.13.3.rel1.win32_1.0.0.202411081344/tools/bin/../lib/gcc/arm-none-eabi/13.3.1/../../../../arm-none-eabi/lib/thumb/v7e-m+fp/hard\libc_nano.a(libc_a-closer.o)
                0x0800d148                _close_r
 .text._lseek_r
                0x0800d168       0x24 C:/ST/STM32CubeIDE_1.16.1/STM32CubeIDE/plugins/com.st.stm32cube.ide.mcu.externaltools.gnu-tools-for-stm32.13.3.rel1.win32_1.0.0.202411081344/tools/bin/../lib/gcc/arm-none-eabi/13.3.1/../../../../arm-none-eabi/lib/thumb/v7e-m+fp/hard\libc_nano.a(libc_a-lseekr.o)
                0x0800d168                _lseek_r
 .text._read_r  0x0800d18c       0x24 C:/ST/STM32CubeIDE_1.16.1/STM32CubeIDE/plugins/com.st.stm32cube.ide.mcu.externaltools.gnu-tools-for-stm32.13.3.rel1.win32_1.0.0.202411081344/tools/bin/../lib/gcc/arm-none-eabi/13.3.1/../../../../arm-none-eabi/lib/thumb/v7e-m+fp/hard\libc_nano.a(libc_a-readr.o)
                0x0800d18c                _read_r
 .text._write_r
                0x0800d1b0       0x24 C:/ST/STM32CubeIDE_1.16.1/STM32CubeIDE/plugins/com.st.stm32cube.ide.mcu.externaltools.gnu-tools-for-stm32.13.3.rel1.win32_1.0.0.202411081344/tools/bin/../lib/gcc/arm-none-eabi/13.3.1/../../../../arm-none-eabi/lib/thumb/v7e-m+fp/hard\libc_nano.a(libc_a-writer.o)
                0x0800d1b0                _write_r
 .text.__errno  0x0800d1d4        0xc C:/ST/STM32CubeIDE_1.16.1/STM32CubeIDE/plugins/com.st.stm32cube.ide.mcu.externaltools.gnu-tools-for-stm32.13.3.rel1.win32_1.0.0.202411081344/tools/bin/../lib/gcc/arm-none-eabi/13.3.1/../../../../arm-none-eabi/lib/thumb/v7e-m+fp/hard\libc_nano.a(libc_a-errno.o)
                0x0800d1d4                __errno
 .text.__libc_init_array
                0x0800d1e0       0x48 C:/ST/STM32CubeIDE_1.16.1/STM32CubeIDE/plugins/com.st.stm32cube.ide.mcu.externaltools.gnu-tools-for-stm32.13.3.rel1.win32_1.0.0.202411081344/tools/bin/../lib/gcc/arm-none-eabi/13.3.1/../../../../arm-none-eabi/lib/thumb/v7e-m+fp/hard\libc_nano.a(libc_a-init.o)
                0x0800d1e0                __libc_init_array
 .text.__retarget_lock_init_recursive
                0x0800d228        0x2 C:/ST/STM32CubeIDE_1.16.1/STM32CubeIDE/plugins/com.st.stm32cube.ide.mcu.externaltools.gnu-tools-for-stm32.13.3.rel1.win32_1.0.0.202411081344/tools/bin/../lib/gcc/arm-none-eabi/13.3.1/../../../../arm-none-eabi/lib/thumb/v7e-m+fp/hard\libc_nano.a(libc_a-lock.o)
                0x0800d228                __retarget_lock_init_recursive
 .text.__retarget_lock_acquire_recursive
                0x0800d22a        0x2 C:/ST/STM32CubeIDE_1.16.1/STM32CubeIDE/plugins/com.st.stm32cube.ide.mcu.externaltools.gnu-tools-for-stm32.13.3.rel1.win32_1.0.0.202411081344/tools/bin/../lib/gcc/arm-none-eabi/13.3.1/../../../../arm-none-eabi/lib/thumb/v7e-m+fp/hard\libc_nano.a(libc_a-lock.o)
                0x0800d22a                __retarget_lock_acquire_recursive
 .text.__retarget_lock_release_recursive
                0x0800d22c        0x2 C:/ST/STM32CubeIDE_1.16.1/STM32CubeIDE/plugins/com.st.stm32cube.ide.mcu.externaltools.gnu-tools-for-stm32.13.3.rel1.win32_1.0.0.202411081344/tools/bin/../lib/gcc/arm-none-eabi/13.3.1/../../../../arm-none-eabi/lib/thumb/v7e-m+fp/hard\libc_nano.a(libc_a-lock.o)
                0x0800d22c                __retarget_lock_release_recursive
 *fill*         0x0800d22e        0x2 
 .text.nanf     0x0800d230        0xc C:/ST/STM32CubeIDE_1.16.1/STM32CubeIDE/plugins/com.st.stm32cube.ide.mcu.externaltools.gnu-tools-for-stm32.13.3.rel1.win32_1.0.0.202411081344/tools/bin/../lib/gcc/arm-none-eabi/13.3.1/../../../../arm-none-eabi/lib/thumb/v7e-m+fp/hard\libc_nano.a(libm_a-sf_nan.o)
                0x0800d230                nanf
 .text.__assert_func
                0x0800d23c       0x3c C:/ST/STM32CubeIDE_1.16.1/STM32CubeIDE/plugins/com.st.stm32cube.ide.mcu.externaltools.gnu-tools-for-stm32.13.3.rel1.win32_1.0.0.202411081344/tools/bin/../lib/gcc/arm-none-eabi/13.3.1/../../../../arm-none-eabi/lib/thumb/v7e-m+fp/hard\libc_nano.a(libc_a-assert.o)
                0x0800d23c                __assert_func
 .text.quorem   0x0800d278      0x110 C:/ST/STM32CubeIDE_1.16.1/STM32CubeIDE/plugins/com.st.stm32cube.ide.mcu.externaltools.gnu-tools-for-stm32.13.3.rel1.win32_1.0.0.202411081344/tools/bin/../lib/gcc/arm-none-eabi/13.3.1/../../../../arm-none-eabi/lib/thumb/v7e-m+fp/hard\libc_nano.a(libc_a-dtoa.o)
 .text._dtoa_r  0x0800d388      0xba0 C:/ST/STM32CubeIDE_1.16.1/STM32CubeIDE/plugins/com.st.stm32cube.ide.mcu.externaltools.gnu-tools-for-stm32.13.3.rel1.win32_1.0.0.202411081344/tools/bin/../lib/gcc/arm-none-eabi/13.3.1/../../../../arm-none-eabi/lib/thumb/v7e-m+fp/hard\libc_nano.a(libc_a-dtoa.o)
                0x0800d388                _dtoa_r
 .text._free_r  0x0800df28       0x94 C:/ST/STM32CubeIDE_1.16.1/STM32CubeIDE/plugins/com.st.stm32cube.ide.mcu.externaltools.gnu-tools-for-stm32.13.3.rel1.win32_1.0.0.202411081344/tools/bin/../lib/gcc/arm-none-eabi/13.3.1/../../../../arm-none-eabi/lib/thumb/v7e-m+fp/hard\libc_nano.a(libc_a-freer.o)
                0x0800df28                _free_r
 .text.malloc   0x0800dfbc       0x10 C:/ST/STM32CubeIDE_1.16.1/STM32CubeIDE/plugins/com.st.stm32cube.ide.mcu.externaltools.gnu-tools-for-stm32.13.3.rel1.win32_1.0.0.202411081344/tools/bin/../lib/gcc/arm-none-eabi/13.3.1/../../../../arm-none-eabi/lib/thumb/v7e-m+fp/hard\libc_nano.a(libc_a-malloc.o)
                0x0800dfbc                malloc
 .text.sbrk_aligned
                0x0800dfcc       0x44 C:/ST/STM32CubeIDE_1.16.1/STM32CubeIDE/plugins/com.st.stm32cube.ide.mcu.externaltools.gnu-tools-for-stm32.13.3.rel1.win32_1.0.0.202411081344/tools/bin/../lib/gcc/arm-none-eabi/13.3.1/../../../../arm-none-eabi/lib/thumb/v7e-m+fp/hard\libc_nano.a(libc_a-mallocr.o)
 .text._malloc_r
                0x0800e010      0x100 C:/ST/STM32CubeIDE_1.16.1/STM32CubeIDE/plugins/com.st.stm32cube.ide.mcu.externaltools.gnu-tools-for-stm32.13.3.rel1.win32_1.0.0.202411081344/tools/bin/../lib/gcc/arm-none-eabi/13.3.1/../../../../arm-none-eabi/lib/thumb/v7e-m+fp/hard\libc_nano.a(libc_a-mallocr.o)
                0x0800e010                _malloc_r
 .text.__malloc_lock
                0x0800e110        0xc C:/ST/STM32CubeIDE_1.16.1/STM32CubeIDE/plugins/com.st.stm32cube.ide.mcu.externaltools.gnu-tools-for-stm32.13.3.rel1.win32_1.0.0.202411081344/tools/bin/../lib/gcc/arm-none-eabi/13.3.1/../../../../arm-none-eabi/lib/thumb/v7e-m+fp/hard\libc_nano.a(libc_a-mlock.o)
                0x0800e110                __malloc_lock
 .text.__malloc_unlock
                0x0800e11c        0xc C:/ST/STM32CubeIDE_1.16.1/STM32CubeIDE/plugins/com.st.stm32cube.ide.mcu.externaltools.gnu-tools-for-stm32.13.3.rel1.win32_1.0.0.202411081344/tools/bin/../lib/gcc/arm-none-eabi/13.3.1/../../../../arm-none-eabi/lib/thumb/v7e-m+fp/hard\libc_nano.a(libc_a-mlock.o)
                0x0800e11c                __malloc_unlock
 .text._Balloc  0x0800e128       0x80 C:/ST/STM32CubeIDE_1.16.1/STM32CubeIDE/plugins/com.st.stm32cube.ide.mcu.externaltools.gnu-tools-for-stm32.13.3.rel1.win32_1.0.0.202411081344/tools/bin/../lib/gcc/arm-none-eabi/13.3.1/../../../../arm-none-eabi/lib/thumb/v7e-m+fp/hard\libc_nano.a(libc_a-mprec.o)
                0x0800e128                _Balloc
 .text._Bfree   0x0800e1a8       0x44 C:/ST/STM32CubeIDE_1.16.1/STM32CubeIDE/plugins/com.st.stm32cube.ide.mcu.externaltools.gnu-tools-for-stm32.13.3.rel1.win32_1.0.0.202411081344/tools/bin/../lib/gcc/arm-none-eabi/13.3.1/../../../../arm-none-eabi/lib/thumb/v7e-m+fp/hard\libc_nano.a(libc_a-mprec.o)
                0x0800e1a8                _Bfree
 .text.__multadd
                0x0800e1ec       0x8c C:/ST/STM32CubeIDE_1.16.1/STM32CubeIDE/plugins/com.st.stm32cube.ide.mcu.externaltools.gnu-tools-for-stm32.13.3.rel1.win32_1.0.0.202411081344/tools/bin/../lib/gcc/arm-none-eabi/13.3.1/../../../../arm-none-eabi/lib/thumb/v7e-m+fp/hard\libc_nano.a(libc_a-mprec.o)
                0x0800e1ec                __multadd
 .text.__s2b    0x0800e278       0x94 C:/ST/STM32CubeIDE_1.16.1/STM32CubeIDE/plugins/com.st.stm32cube.ide.mcu.externaltools.gnu-tools-for-stm32.13.3.rel1.win32_1.0.0.202411081344/tools/bin/../lib/gcc/arm-none-eabi/13.3.1/../../../../arm-none-eabi/lib/thumb/v7e-m+fp/hard\libc_nano.a(libc_a-mprec.o)
                0x0800e278                __s2b
 .text.__hi0bits
                0x0800e30c       0x3e C:/ST/STM32CubeIDE_1.16.1/STM32CubeIDE/plugins/com.st.stm32cube.ide.mcu.externaltools.gnu-tools-for-stm32.13.3.rel1.win32_1.0.0.202411081344/tools/bin/../lib/gcc/arm-none-eabi/13.3.1/../../../../arm-none-eabi/lib/thumb/v7e-m+fp/hard\libc_nano.a(libc_a-mprec.o)
                0x0800e30c                __hi0bits
 .text.__lo0bits
                0x0800e34a       0x5a C:/ST/STM32CubeIDE_1.16.1/STM32CubeIDE/plugins/com.st.stm32cube.ide.mcu.externaltools.gnu-tools-for-stm32.13.3.rel1.win32_1.0.0.202411081344/tools/bin/../lib/gcc/arm-none-eabi/13.3.1/../../../../arm-none-eabi/lib/thumb/v7e-m+fp/hard\libc_nano.a(libc_a-mprec.o)
                0x0800e34a                __lo0bits
 .text.__i2b    0x0800e3a4       0x2c C:/ST/STM32CubeIDE_1.16.1/STM32CubeIDE/plugins/com.st.stm32cube.ide.mcu.externaltools.gnu-tools-for-stm32.13.3.rel1.win32_1.0.0.202411081344/tools/bin/../lib/gcc/arm-none-eabi/13.3.1/../../../../arm-none-eabi/lib/thumb/v7e-m+fp/hard\libc_nano.a(libc_a-mprec.o)
                0x0800e3a4                __i2b
 .text.__multiply
                0x0800e3d0      0x144 C:/ST/STM32CubeIDE_1.16.1/STM32CubeIDE/plugins/com.st.stm32cube.ide.mcu.externaltools.gnu-tools-for-stm32.13.3.rel1.win32_1.0.0.202411081344/tools/bin/../lib/gcc/arm-none-eabi/13.3.1/../../../../arm-none-eabi/lib/thumb/v7e-m+fp/hard\libc_nano.a(libc_a-mprec.o)
                0x0800e3d0                __multiply
 .text.__pow5mult
                0x0800e514       0xb4 C:/ST/STM32CubeIDE_1.16.1/STM32CubeIDE/plugins/com.st.stm32cube.ide.mcu.externaltools.gnu-tools-for-stm32.13.3.rel1.win32_1.0.0.202411081344/tools/bin/../lib/gcc/arm-none-eabi/13.3.1/../../../../arm-none-eabi/lib/thumb/v7e-m+fp/hard\libc_nano.a(libc_a-mprec.o)
                0x0800e514                __pow5mult
 .text.__lshift
                0x0800e5c8       0xd8 C:/ST/STM32CubeIDE_1.16.1/STM32CubeIDE/plugins/com.st.stm32cube.ide.mcu.externaltools.gnu-tools-for-stm32.13.3.rel1.win32_1.0.0.202411081344/tools/bin/../lib/gcc/arm-none-eabi/13.3.1/../../../../arm-none-eabi/lib/thumb/v7e-m+fp/hard\libc_nano.a(libc_a-mprec.o)
                0x0800e5c8                __lshift
 .text.__mcmp   0x0800e6a0       0x36 C:/ST/STM32CubeIDE_1.16.1/STM32CubeIDE/plugins/com.st.stm32cube.ide.mcu.externaltools.gnu-tools-for-stm32.13.3.rel1.win32_1.0.0.202411081344/tools/bin/../lib/gcc/arm-none-eabi/13.3.1/../../../../arm-none-eabi/lib/thumb/v7e-m+fp/hard\libc_nano.a(libc_a-mprec.o)
                0x0800e6a0                __mcmp
 *fill*         0x0800e6d6        0x2 
 .text.__mdiff  0x0800e6d8      0x128 C:/ST/STM32CubeIDE_1.16.1/STM32CubeIDE/plugins/com.st.stm32cube.ide.mcu.externaltools.gnu-tools-for-stm32.13.3.rel1.win32_1.0.0.202411081344/tools/bin/../lib/gcc/arm-none-eabi/13.3.1/../../../../arm-none-eabi/lib/thumb/v7e-m+fp/hard\libc_nano.a(libc_a-mprec.o)
                0x0800e6d8                __mdiff
 .text.__ulp    0x0800e800       0x4c C:/ST/STM32CubeIDE_1.16.1/STM32CubeIDE/plugins/com.st.stm32cube.ide.mcu.externaltools.gnu-tools-for-stm32.13.3.rel1.win32_1.0.0.202411081344/tools/bin/../lib/gcc/arm-none-eabi/13.3.1/../../../../arm-none-eabi/lib/thumb/v7e-m+fp/hard\libc_nano.a(libc_a-mprec.o)
                0x0800e800                __ulp
 .text.__b2d    0x0800e84c       0x94 C:/ST/STM32CubeIDE_1.16.1/STM32CubeIDE/plugins/com.st.stm32cube.ide.mcu.externaltools.gnu-tools-for-stm32.13.3.rel1.win32_1.0.0.202411081344/tools/bin/../lib/gcc/arm-none-eabi/13.3.1/../../../../arm-none-eabi/lib/thumb/v7e-m+fp/hard\libc_nano.a(libc_a-mprec.o)
                0x0800e84c                __b2d
 .text.__d2b    0x0800e8e0       0xb0 C:/ST/STM32CubeIDE_1.16.1/STM32CubeIDE/plugins/com.st.stm32cube.ide.mcu.externaltools.gnu-tools-for-stm32.13.3.rel1.win32_1.0.0.202411081344/tools/bin/../lib/gcc/arm-none-eabi/13.3.1/../../../../arm-none-eabi/lib/thumb/v7e-m+fp/hard\libc_nano.a(libc_a-mprec.o)
                0x0800e8e0                __d2b
 .text.__ratio  0x0800e990       0x64 C:/ST/STM32CubeIDE_1.16.1/STM32CubeIDE/plugins/com.st.stm32cube.ide.mcu.externaltools.gnu-tools-for-stm32.13.3.rel1.win32_1.0.0.202411081344/tools/bin/../lib/gcc/arm-none-eabi/13.3.1/../../../../arm-none-eabi/lib/thumb/v7e-m+fp/hard\libc_nano.a(libc_a-mprec.o)
                0x0800e990                __ratio
 .text.__copybits
                0x0800e9f4       0x46 C:/ST/STM32CubeIDE_1.16.1/STM32CubeIDE/plugins/com.st.stm32cube.ide.mcu.externaltools.gnu-tools-for-stm32.13.3.rel1.win32_1.0.0.202411081344/tools/bin/../lib/gcc/arm-none-eabi/13.3.1/../../../../arm-none-eabi/lib/thumb/v7e-m+fp/hard\libc_nano.a(libc_a-mprec.o)
                0x0800e9f4                __copybits
 .text.__any_on
                0x0800ea3a       0x42 C:/ST/STM32CubeIDE_1.16.1/STM32CubeIDE/plugins/com.st.stm32cube.ide.mcu.externaltools.gnu-tools-for-stm32.13.3.rel1.win32_1.0.0.202411081344/tools/bin/../lib/gcc/arm-none-eabi/13.3.1/../../../../arm-none-eabi/lib/thumb/v7e-m+fp/hard\libc_nano.a(libc_a-mprec.o)
                0x0800ea3a                __any_on
 .text.sulp     0x0800ea7c       0x3c C:/ST/STM32CubeIDE_1.16.1/STM32CubeIDE/plugins/com.st.stm32cube.ide.mcu.externaltools.gnu-tools-for-stm32.13.3.rel1.win32_1.0.0.202411081344/tools/bin/../lib/gcc/arm-none-eabi/13.3.1/../../../../arm-none-eabi/lib/thumb/v7e-m+fp/hard\libc_nano.a(libc_a-strtod.o)
 .text._strtod_l
                0x0800eab8      0xbc8 C:/ST/STM32CubeIDE_1.16.1/STM32CubeIDE/plugins/com.st.stm32cube.ide.mcu.externaltools.gnu-tools-for-stm32.13.3.rel1.win32_1.0.0.202411081344/tools/bin/../lib/gcc/arm-none-eabi/13.3.1/../../../../arm-none-eabi/lib/thumb/v7e-m+fp/hard\libc_nano.a(libc_a-strtod.o)
                0x0800eab8                _strtod_l
 .text._strtod_r
                0x0800f680        0xc C:/ST/STM32CubeIDE_1.16.1/STM32CubeIDE/plugins/com.st.stm32cube.ide.mcu.externaltools.gnu-tools-for-stm32.13.3.rel1.win32_1.0.0.202411081344/tools/bin/../lib/gcc/arm-none-eabi/13.3.1/../../../../arm-none-eabi/lib/thumb/v7e-m+fp/hard\libc_nano.a(libc_a-strtod.o)
                0x0800f680                _strtod_r
 .text.__ssputs_r
                0x0800f68c       0xb6 C:/ST/STM32CubeIDE_1.16.1/STM32CubeIDE/plugins/com.st.stm32cube.ide.mcu.externaltools.gnu-tools-for-stm32.13.3.rel1.win32_1.0.0.202411081344/tools/bin/../lib/gcc/arm-none-eabi/13.3.1/../../../../arm-none-eabi/lib/thumb/v7e-m+fp/hard\libc_nano.a(libc_a-nano-svfprintf.o)
                0x0800f68c                __ssputs_r
 *fill*         0x0800f742        0x2 
 .text._svfprintf_r
                0x0800f744      0x1f8 C:/ST/STM32CubeIDE_1.16.1/STM32CubeIDE/plugins/com.st.stm32cube.ide.mcu.externaltools.gnu-tools-for-stm32.13.3.rel1.win32_1.0.0.202411081344/tools/bin/../lib/gcc/arm-none-eabi/13.3.1/../../../../arm-none-eabi/lib/thumb/v7e-m+fp/hard\libc_nano.a(libc_a-nano-svfprintf.o)
                0x0800f744                _svfiprintf_r
                0x0800f744                _svfprintf_r
 .text.__sfputc_r
                0x0800f93c       0x2e C:/ST/STM32CubeIDE_1.16.1/STM32CubeIDE/plugins/com.st.stm32cube.ide.mcu.externaltools.gnu-tools-for-stm32.13.3.rel1.win32_1.0.0.202411081344/tools/bin/../lib/gcc/arm-none-eabi/13.3.1/../../../../arm-none-eabi/lib/thumb/v7e-m+fp/hard\libc_nano.a(libc_a-nano-vfprintf.o)
 .text.__sfputs_r
                0x0800f96a       0x24 C:/ST/STM32CubeIDE_1.16.1/STM32CubeIDE/plugins/com.st.stm32cube.ide.mcu.externaltools.gnu-tools-for-stm32.13.3.rel1.win32_1.0.0.202411081344/tools/bin/../lib/gcc/arm-none-eabi/13.3.1/../../../../arm-none-eabi/lib/thumb/v7e-m+fp/hard\libc_nano.a(libc_a-nano-vfprintf.o)
                0x0800f96a                __sfputs_r
 *fill*         0x0800f98e        0x2 
 .text._vfprintf_r
                0x0800f990      0x230 C:/ST/STM32CubeIDE_1.16.1/STM32CubeIDE/plugins/com.st.stm32cube.ide.mcu.externaltools.gnu-tools-for-stm32.13.3.rel1.win32_1.0.0.202411081344/tools/bin/../lib/gcc/arm-none-eabi/13.3.1/../../../../arm-none-eabi/lib/thumb/v7e-m+fp/hard\libc_nano.a(libc_a-nano-vfprintf.o)
                0x0800f990                _vfprintf_r
                0x0800f990                _vfiprintf_r
 .text.__sflush_r
                0x0800fbc0      0x108 C:/ST/STM32CubeIDE_1.16.1/STM32CubeIDE/plugins/com.st.stm32cube.ide.mcu.externaltools.gnu-tools-for-stm32.13.3.rel1.win32_1.0.0.202411081344/tools/bin/../lib/gcc/arm-none-eabi/13.3.1/../../../../arm-none-eabi/lib/thumb/v7e-m+fp/hard\libc_nano.a(libc_a-fflush.o)
                0x0800fbc0                __sflush_r
 .text._fflush_r
                0x0800fcc8       0x50 C:/ST/STM32CubeIDE_1.16.1/STM32CubeIDE/plugins/com.st.stm32cube.ide.mcu.externaltools.gnu-tools-for-stm32.13.3.rel1.win32_1.0.0.202411081344/tools/bin/../lib/gcc/arm-none-eabi/13.3.1/../../../../arm-none-eabi/lib/thumb/v7e-m+fp/hard\libc_nano.a(libc_a-fflush.o)
                0x0800fcc8                _fflush_r
 .text.fprintf  0x0800fd18       0x24 C:/ST/STM32CubeIDE_1.16.1/STM32CubeIDE/plugins/com.st.stm32cube.ide.mcu.externaltools.gnu-tools-for-stm32.13.3.rel1.win32_1.0.0.202411081344/tools/bin/../lib/gcc/arm-none-eabi/13.3.1/../../../../arm-none-eabi/lib/thumb/v7e-m+fp/hard\libc_nano.a(libc_a-fprintf.o)
                0x0800fd18                fiprintf
                0x0800fd18                fprintf
 .text.__swhatbuf_r
                0x0800fd3c       0x4c C:/ST/STM32CubeIDE_1.16.1/STM32CubeIDE/plugins/com.st.stm32cube.ide.mcu.externaltools.gnu-tools-for-stm32.13.3.rel1.win32_1.0.0.202411081344/tools/bin/../lib/gcc/arm-none-eabi/13.3.1/../../../../arm-none-eabi/lib/thumb/v7e-m+fp/hard\libc_nano.a(libc_a-makebuf.o)
                0x0800fd3c                __swhatbuf_r
 .text.__smakebuf_r
                0x0800fd88       0x78 C:/ST/STM32CubeIDE_1.16.1/STM32CubeIDE/plugins/com.st.stm32cube.ide.mcu.externaltools.gnu-tools-for-stm32.13.3.rel1.win32_1.0.0.202411081344/tools/bin/../lib/gcc/arm-none-eabi/13.3.1/../../../../arm-none-eabi/lib/thumb/v7e-m+fp/hard\libc_nano.a(libc_a-makebuf.o)
                0x0800fd88                __smakebuf_r
 .text.__swbuf_r
                0x0800fe00       0x7c C:/ST/STM32CubeIDE_1.16.1/STM32CubeIDE/plugins/com.st.stm32cube.ide.mcu.externaltools.gnu-tools-for-stm32.13.3.rel1.win32_1.0.0.202411081344/tools/bin/../lib/gcc/arm-none-eabi/13.3.1/../../../../arm-none-eabi/lib/thumb/v7e-m+fp/hard\libc_nano.a(libc_a-wbuf.o)
                0x0800fe00                __swbuf_r
 .text.__swsetup_r
                0x0800fe7c       0xac C:/ST/STM32CubeIDE_1.16.1/STM32CubeIDE/plugins/com.st.stm32cube.ide.mcu.externaltools.gnu-tools-for-stm32.13.3.rel1.win32_1.0.0.202411081344/tools/bin/../lib/gcc/arm-none-eabi/13.3.1/../../../../arm-none-eabi/lib/thumb/v7e-m+fp/hard\libc_nano.a(libc_a-wsetup.o)
                0x0800fe7c                __swsetup_r
 .text.memmove  0x0800ff28       0x34 C:/ST/STM32CubeIDE_1.16.1/STM32CubeIDE/plugins/com.st.stm32cube.ide.mcu.externaltools.gnu-tools-for-stm32.13.3.rel1.win32_1.0.0.202411081344/tools/bin/../lib/gcc/arm-none-eabi/13.3.1/../../../../arm-none-eabi/lib/thumb/v7e-m+fp/hard\libc_nano.a(libc_a-memmove.o)
                0x0800ff28                memmove
 .text.strncmp  0x0800ff5c       0x24 C:/ST/STM32CubeIDE_1.16.1/STM32CubeIDE/plugins/com.st.stm32cube.ide.mcu.externaltools.gnu-tools-for-stm32.13.3.rel1.win32_1.0.0.202411081344/tools/bin/../lib/gcc/arm-none-eabi/13.3.1/../../../../arm-none-eabi/lib/thumb/v7e-m+fp/hard\libc_nano.a(libc_a-strncmp.o)
                0x0800ff5c                strncmp
 .text._fstat_r
                0x0800ff80       0x24 C:/ST/STM32CubeIDE_1.16.1/STM32CubeIDE/plugins/com.st.stm32cube.ide.mcu.externaltools.gnu-tools-for-stm32.13.3.rel1.win32_1.0.0.202411081344/tools/bin/../lib/gcc/arm-none-eabi/13.3.1/../../../../arm-none-eabi/lib/thumb/v7e-m+fp/hard\libc_nano.a(libc_a-fstatr.o)
                0x0800ff80                _fstat_r
 .text._isatty_r
                0x0800ffa4       0x20 C:/ST/STM32CubeIDE_1.16.1/STM32CubeIDE/plugins/com.st.stm32cube.ide.mcu.externaltools.gnu-tools-for-stm32.13.3.rel1.win32_1.0.0.202411081344/tools/bin/../lib/gcc/arm-none-eabi/13.3.1/../../../../arm-none-eabi/lib/thumb/v7e-m+fp/hard\libc_nano.a(libc_a-isattyr.o)
                0x0800ffa4                _isatty_r
 .text._sbrk_r  0x0800ffc4       0x20 C:/ST/STM32CubeIDE_1.16.1/STM32CubeIDE/plugins/com.st.stm32cube.ide.mcu.externaltools.gnu-tools-for-stm32.13.3.rel1.win32_1.0.0.202411081344/tools/bin/../lib/gcc/arm-none-eabi/13.3.1/../../../../arm-none-eabi/lib/thumb/v7e-m+fp/hard\libc_nano.a(libc_a-sbrkr.o)
                0x0800ffc4                _sbrk_r
 .text.memcpy   0x0800ffe4       0x1c C:/ST/STM32CubeIDE_1.16.1/STM32CubeIDE/plugins/com.st.stm32cube.ide.mcu.externaltools.gnu-tools-for-stm32.13.3.rel1.win32_1.0.0.202411081344/tools/bin/../lib/gcc/arm-none-eabi/13.3.1/../../../../arm-none-eabi/lib/thumb/v7e-m+fp/hard\libc_nano.a(libc_a-memcpy-stub.o)
                0x0800ffe4                memcpy
 .text.nan      0x08010000       0x10 C:/ST/STM32CubeIDE_1.16.1/STM32CubeIDE/plugins/com.st.stm32cube.ide.mcu.externaltools.gnu-tools-for-stm32.13.3.rel1.win32_1.0.0.202411081344/tools/bin/../lib/gcc/arm-none-eabi/13.3.1/../../../../arm-none-eabi/lib/thumb/v7e-m+fp/hard\libc_nano.a(libm_a-s_nan.o)
                0x08010000                nan
 .text.abort    0x08010010        0xe C:/ST/STM32CubeIDE_1.16.1/STM32CubeIDE/plugins/com.st.stm32cube.ide.mcu.externaltools.gnu-tools-for-stm32.13.3.rel1.win32_1.0.0.202411081344/tools/bin/../lib/gcc/arm-none-eabi/13.3.1/../../../../arm-none-eabi/lib/thumb/v7e-m+fp/hard\libc_nano.a(libc_a-abort.o)
                0x08010010                abort
 .text._calloc_r
                0x0801001e       0x28 C:/ST/STM32CubeIDE_1.16.1/STM32CubeIDE/plugins/com.st.stm32cube.ide.mcu.externaltools.gnu-tools-for-stm32.13.3.rel1.win32_1.0.0.202411081344/tools/bin/../lib/gcc/arm-none-eabi/13.3.1/../../../../arm-none-eabi/lib/thumb/v7e-m+fp/hard\libc_nano.a(libc_a-callocr.o)
                0x0801001e                _calloc_r
 .text.rshift   0x08010046       0xa4 C:/ST/STM32CubeIDE_1.16.1/STM32CubeIDE/plugins/com.st.stm32cube.ide.mcu.externaltools.gnu-tools-for-stm32.13.3.rel1.win32_1.0.0.202411081344/tools/bin/../lib/gcc/arm-none-eabi/13.3.1/../../../../arm-none-eabi/lib/thumb/v7e-m+fp/hard\libc_nano.a(libc_a-gdtoa-gethex.o)
 .text.__hexdig_fun
                0x080100ea       0x2a C:/ST/STM32CubeIDE_1.16.1/STM32CubeIDE/plugins/com.st.stm32cube.ide.mcu.externaltools.gnu-tools-for-stm32.13.3.rel1.win32_1.0.0.202411081344/tools/bin/../lib/gcc/arm-none-eabi/13.3.1/../../../../arm-none-eabi/lib/thumb/v7e-m+fp/hard\libc_nano.a(libc_a-gdtoa-gethex.o)
                0x080100ea                __hexdig_fun
 .text.__gethex
                0x08010114      0x420 C:/ST/STM32CubeIDE_1.16.1/STM32CubeIDE/plugins/com.st.stm32cube.ide.mcu.externaltools.gnu-tools-for-stm32.13.3.rel1.win32_1.0.0.202411081344/tools/bin/../lib/gcc/arm-none-eabi/13.3.1/../../../../arm-none-eabi/lib/thumb/v7e-m+fp/hard\libc_nano.a(libc_a-gdtoa-gethex.o)
                0x08010114                __gethex
 .text.L_shift  0x08010534       0x24 C:/ST/STM32CubeIDE_1.16.1/STM32CubeIDE/plugins/com.st.stm32cube.ide.mcu.externaltools.gnu-tools-for-stm32.13.3.rel1.win32_1.0.0.202411081344/tools/bin/../lib/gcc/arm-none-eabi/13.3.1/../../../../arm-none-eabi/lib/thumb/v7e-m+fp/hard\libc_nano.a(libc_a-gdtoa-hexnan.o)
 .text.__match  0x08010558       0x28 C:/ST/STM32CubeIDE_1.16.1/STM32CubeIDE/plugins/com.st.stm32cube.ide.mcu.externaltools.gnu-tools-for-stm32.13.3.rel1.win32_1.0.0.202411081344/tools/bin/../lib/gcc/arm-none-eabi/13.3.1/../../../../arm-none-eabi/lib/thumb/v7e-m+fp/hard\libc_nano.a(libc_a-gdtoa-hexnan.o)
                0x08010558                __match
 .text.__hexnan
                0x08010580      0x136 C:/ST/STM32CubeIDE_1.16.1/STM32CubeIDE/plugins/com.st.stm32cube.ide.mcu.externaltools.gnu-tools-for-stm32.13.3.rel1.win32_1.0.0.202411081344/tools/bin/../lib/gcc/arm-none-eabi/13.3.1/../../../../arm-none-eabi/lib/thumb/v7e-m+fp/hard\libc_nano.a(libc_a-gdtoa-hexnan.o)
                0x08010580                __hexnan
 .text.__ascii_mbtowc
                0x080106b6       0x24 C:/ST/STM32CubeIDE_1.16.1/STM32CubeIDE/plugins/com.st.stm32cube.ide.mcu.externaltools.gnu-tools-for-stm32.13.3.rel1.win32_1.0.0.202411081344/tools/bin/../lib/gcc/arm-none-eabi/13.3.1/../../../../arm-none-eabi/lib/thumb/v7e-m+fp/hard\libc_nano.a(libc_a-mbtowc_r.o)
                0x080106b6                __ascii_mbtowc
 .text._realloc_r
                0x080106da       0x5c C:/ST/STM32CubeIDE_1.16.1/STM32CubeIDE/plugins/com.st.stm32cube.ide.mcu.externaltools.gnu-tools-for-stm32.13.3.rel1.win32_1.0.0.202411081344/tools/bin/../lib/gcc/arm-none-eabi/13.3.1/../../../../arm-none-eabi/lib/thumb/v7e-m+fp/hard\libc_nano.a(libc_a-reallocr.o)
                0x080106da                _realloc_r
 .text.__ascii_wctomb
                0x08010736       0x1a C:/ST/STM32CubeIDE_1.16.1/STM32CubeIDE/plugins/com.st.stm32cube.ide.mcu.externaltools.gnu-tools-for-stm32.13.3.rel1.win32_1.0.0.202411081344/tools/bin/../lib/gcc/arm-none-eabi/13.3.1/../../../../arm-none-eabi/lib/thumb/v7e-m+fp/hard\libc_nano.a(libc_a-wctomb_r.o)
                0x08010736                __ascii_wctomb
 .text._raise_r
                0x08010750       0x50 C:/ST/STM32CubeIDE_1.16.1/STM32CubeIDE/plugins/com.st.stm32cube.ide.mcu.externaltools.gnu-tools-for-stm32.13.3.rel1.win32_1.0.0.202411081344/tools/bin/../lib/gcc/arm-none-eabi/13.3.1/../../../../arm-none-eabi/lib/thumb/v7e-m+fp/hard\libc_nano.a(libc_a-signal.o)
                0x08010750                _raise_r
 .text.raise    0x080107a0       0x10 C:/ST/STM32CubeIDE_1.16.1/STM32CubeIDE/plugins/com.st.stm32cube.ide.mcu.externaltools.gnu-tools-for-stm32.13.3.rel1.win32_1.0.0.202411081344/tools/bin/../lib/gcc/arm-none-eabi/13.3.1/../../../../arm-none-eabi/lib/thumb/v7e-m+fp/hard\libc_nano.a(libc_a-signal.o)
                0x080107a0                raise
 .text._kill_r  0x080107b0       0x24 C:/ST/STM32CubeIDE_1.16.1/STM32CubeIDE/plugins/com.st.stm32cube.ide.mcu.externaltools.gnu-tools-for-stm32.13.3.rel1.win32_1.0.0.202411081344/tools/bin/../lib/gcc/arm-none-eabi/13.3.1/../../../../arm-none-eabi/lib/thumb/v7e-m+fp/hard\libc_nano.a(libc_a-signalr.o)
                0x080107b0                _kill_r
 .text._getpid_r
                0x080107d4        0x4 C:/ST/STM32CubeIDE_1.16.1/STM32CubeIDE/plugins/com.st.stm32cube.ide.mcu.externaltools.gnu-tools-for-stm32.13.3.rel1.win32_1.0.0.202411081344/tools/bin/../lib/gcc/arm-none-eabi/13.3.1/../../../../arm-none-eabi/lib/thumb/v7e-m+fp/hard\libc_nano.a(libc_a-signalr.o)
                0x080107d4                _getpid_r
 .text._malloc_usable_size_r
                0x080107d8       0x10 C:/ST/STM32CubeIDE_1.16.1/STM32CubeIDE/plugins/com.st.stm32cube.ide.mcu.externaltools.gnu-tools-for-stm32.13.3.rel1.win32_1.0.0.202411081344/tools/bin/../lib/gcc/arm-none-eabi/13.3.1/../../../../arm-none-eabi/lib/thumb/v7e-m+fp/hard\libc_nano.a(libc_a-msizer.o)
                0x080107d8                _malloc_usable_size_r
 *(.glue_7)
 .glue_7        0x080107e8        0x0 linker stubs
 *(.glue_7t)
 .glue_7t       0x080107e8        0x0 linker stubs
 *(.eh_frame)
 .eh_frame      0x080107e8        0x0 C:/ST/STM32CubeIDE_1.16.1/STM32CubeIDE/plugins/com.st.stm32cube.ide.mcu.externaltools.gnu-tools-for-stm32.13.3.rel1.win32_1.0.0.202411081344/tools/bin/../lib/gcc/arm-none-eabi/13.3.1/thumb/v7e-m+fp/hard/crtbegin.o
 *(.init)
 .init          0x080107e8        0x4 C:/ST/STM32CubeIDE_1.16.1/STM32CubeIDE/plugins/com.st.stm32cube.ide.mcu.externaltools.gnu-tools-for-stm32.13.3.rel1.win32_1.0.0.202411081344/tools/bin/../lib/gcc/arm-none-eabi/13.3.1/thumb/v7e-m+fp/hard/crti.o
                0x080107e8                _init
 .init          0x080107ec        0x8 C:/ST/STM32CubeIDE_1.16.1/STM32CubeIDE/plugins/com.st.stm32cube.ide.mcu.externaltools.gnu-tools-for-stm32.13.3.rel1.win32_1.0.0.202411081344/tools/bin/../lib/gcc/arm-none-eabi/13.3.1/thumb/v7e-m+fp/hard/crtn.o
 *(.fini)
 .fini          0x080107f4        0x4 C:/ST/STM32CubeIDE_1.16.1/STM32CubeIDE/plugins/com.st.stm32cube.ide.mcu.externaltools.gnu-tools-for-stm32.13.3.rel1.win32_1.0.0.202411081344/tools/bin/../lib/gcc/arm-none-eabi/13.3.1/thumb/v7e-m+fp/hard/crti.o
                0x080107f4                _fini
 .fini          0x080107f8        0x8 C:/ST/STM32CubeIDE_1.16.1/STM32CubeIDE/plugins/com.st.stm32cube.ide.mcu.externaltools.gnu-tools-for-stm32.13.3.rel1.win32_1.0.0.202411081344/tools/bin/../lib/gcc/arm-none-eabi/13.3.1/thumb/v7e-m+fp/hard/crtn.o
                0x08010800                        . = ALIGN (0x4)
                0x08010800                        _etext = .

.vfp11_veneer   0x08010800        0x0
 .vfp11_veneer  0x08010800        0x0 linker stubs

.v4_bx          0x08010800        0x0
 .v4_bx         0x08010800        0x0 linker stubs

.iplt           0x08010800        0x0
 .iplt          0x08010800        0x0 C:/ST/STM32CubeIDE_1.16.1/STM32CubeIDE/plugins/com.st.stm32cube.ide.mcu.externaltools.gnu-tools-for-stm32.13.3.rel1.win32_1.0.0.202411081344/tools/bin/../lib/gcc/arm-none-eabi/13.3.1/thumb/v7e-m+fp/hard/crtbegin.o

.rodata         0x08010800     0x2248
                0x08010800                        . = ALIGN (0x4)
 *(.rodata)
 .rodata        0x08010800       0x3d ./Core/Src/drawer_table.o
 *fill*         0x0801083d        0x3 
 .rodata        0x08010840      0x309 ./Core/Src/function_calibration.o
 *fill*         0x08010b49        0x3 
 .rodata        0x08010b4c       0xc7 ./Core/Src/function_refill.o
 *fill*         0x08010c13        0x1 
 .rodata        0x08010c14      0x109 ./Core/Src/funtion_main.o
 *fill*         0x08010d1d        0x3 
 .rodata        0x08010d20       0x33 ./Core/Src/main.o
 *fill*         0x08010d53        0x1 
 .rodata        0x08010d54      0x286 ./Core/Src/manager_file.o
 *fill*         0x08010fda        0x2 
 .rodata        0x08010fdc      0x1c3 ./Core/Src/manager_io.o
 *fill*         0x0801119f        0x1 
 .rodata        0x080111a0       0x44 ./Middlewares/Third_Party/FatFs/src/ff.o
 *(.rodata*)
 *fill*         0x080111e4        0x4 
 .rodata.dict   0x080111e8      0x1e0 ./Core/Src/drawer_table.o
                0x080111e8                dict
 .rodata.Arial_Narrow15x19
                0x080113c8     0x1144 ./Core/Src/fonts.o
                0x080113c8                Arial_Narrow15x19
 .rodata.MuxCombos
                0x0801250c       0x15 ./Core/Src/manager_mux.o
                0x0801250c                MuxCombos
 *fill*         0x08012521        0x3 
 .rodata.AHBPrescTable
                0x08012524       0x10 ./Core/Src/system_stm32f4xx.o
                0x08012524                AHBPrescTable
 .rodata.APBPrescTable
                0x08012534        0x8 ./Core/Src/system_stm32f4xx.o
                0x08012534                APBPrescTable
 .rodata.flagBitshiftOffset.0
                0x0801253c        0x8 ./Drivers/STM32F4xx_HAL_Driver/Src/stm32f4xx_hal_dma.o
 .rodata.ExCvt  0x08012544       0x80 ./Middlewares/Third_Party/FatFs/src/ff.o
 .rodata._ctype_
                0x080125c4      0x101 C:/ST/STM32CubeIDE_1.16.1/STM32CubeIDE/plugins/com.st.stm32cube.ide.mcu.externaltools.gnu-tools-for-stm32.13.3.rel1.win32_1.0.0.202411081344/tools/bin/../lib/gcc/arm-none-eabi/13.3.1/../../../../arm-none-eabi/lib/thumb/v7e-m+fp/hard\libc_nano.a(libc_a-ctype_.o)
                0x080125c4                _ctype_