14:31:48 **** Build of configuration Debug for project test_cases ****
make -j16 all 
arm-none-eabi-gcc "../Drivers/STM32L1xx_HAL_Driver/Src/stm32l1xx_hal.c" -mcpu=cortex-m3 -std=gnu11 -g3 -DDEBUG -DUSE_HAL_DRIVER -DSTM32L152xE -c -I../Core/Inc -I../Drivers/STM32L1xx_HAL_Driver/Inc -I../Drivers/STM32L1xx_HAL_Driver/Inc/Legacy -I../Drivers/CMSIS/Device/ST/STM32L1xx/Include -I../Drivers/CMSIS/Include -O0 -ffunction-sections -fdata-sections -Wall -fstack-usage -fcyclomatic-complexity -MMD -MP -MF"Drivers/STM32L1xx_HAL_Driver/Src/stm32l1xx_hal.d" -MT"Drivers/STM32L1xx_HAL_Driver/Src/stm32l1xx_hal.o" --specs=nano.specs -mfloat-abi=soft -mthumb -o "Drivers/STM32L1xx_HAL_Driver/Src/stm32l1xx_hal.o"
arm-none-eabi-gcc "../Drivers/STM32L1xx_HAL_Driver/Src/stm32l1xx_hal_cortex.c" -mcpu=cortex-m3 -std=gnu11 -g3 -DDEBUG -DUSE_HAL_DRIVER -DSTM32L152xE -c -I../Core/Inc -I../Drivers/STM32L1xx_HAL_Driver/Inc -I../Drivers/STM32L1xx_HAL_Driver/Inc/Legacy -I../Drivers/CMSIS/Device/ST/STM32L1xx/Include -I../Drivers/CMSIS/Include -O0 -ffunction-sections -fdata-sections -Wall -fstack-usage -fcyclomatic-complexity -MMD -MP -MF"Drivers/STM32L1xx_HAL_Driver/Src/stm32l1xx_hal_cortex.d" -MT"Drivers/STM32L1xx_HAL_Driver/Src/stm32l1xx_hal_cortex.o" --specs=nano.specs -mfloat-abi=soft -mthumb -o "Drivers/STM32L1xx_HAL_Driver/Src/stm32l1xx_hal_cortex.o"
arm-none-eabi-gcc "../Drivers/STM32L1xx_HAL_Driver/Src/stm32l1xx_hal_dma.c" -mcpu=cortex-m3 -std=gnu11 -g3 -DDEBUG -DUSE_HAL_DRIVER -DSTM32L152xE -c -I../Core/Inc -I../Drivers/STM32L1xx_HAL_Driver/Inc -I../Drivers/STM32L1xx_HAL_Driver/Inc/Legacy -I../Drivers/CMSIS/Device/ST/STM32L1xx/Include -I../Drivers/CMSIS/Include -O0 -ffunction-sections -fdata-sections -Wall -fstack-usage -fcyclomatic-complexity -MMD -MP -MF"Drivers/STM32L1xx_HAL_Driver/Src/stm32l1xx_hal_dma.d" -MT"Drivers/STM32L1xx_HAL_Driver/Src/stm32l1xx_hal_dma.o" --specs=nano.specs -mfloat-abi=soft -mthumb -o "Drivers/STM32L1xx_HAL_Driver/Src/stm32l1xx_hal_dma.o"
arm-none-eabi-gcc "../Drivers/STM32L1xx_HAL_Driver/Src/stm32l1xx_hal_exti.c" -mcpu=cortex-m3 -std=gnu11 -g3 -DDEBUG -DUSE_HAL_DRIVER -DSTM32L152xE -c -I../Core/Inc -I../Drivers/STM32L1xx_HAL_Driver/Inc -I../Drivers/STM32L1xx_HAL_Driver/Inc/Legacy -I../Drivers/CMSIS/Device/ST/STM32L1xx/Include -I../Drivers/CMSIS/Include -O0 -ffunction-sections -fdata-sections -Wall -fstack-usage -fcyclomatic-complexity -MMD -MP -MF"Drivers/STM32L1xx_HAL_Driver/Src/stm32l1xx_hal_exti.d" -MT"Drivers/STM32L1xx_HAL_Driver/Src/stm32l1xx_hal_exti.o" --specs=nano.specs -mfloat-abi=soft -mthumb -o "Drivers/STM32L1xx_HAL_Driver/Src/stm32l1xx_hal_exti.o"
arm-none-eabi-gcc "../Drivers/STM32L1xx_HAL_Driver/Src/stm32l1xx_hal_flash.c" -mcpu=cortex-m3 -std=gnu11 -g3 -DDEBUG -DUSE_HAL_DRIVER -DSTM32L152xE -c -I../Core/Inc -I../Drivers/STM32L1xx_HAL_Driver/Inc -I../Drivers/STM32L1xx_HAL_Driver/Inc/Legacy -I../Drivers/CMSIS/Device/ST/STM32L1xx/Include -I../Drivers/CMSIS/Include -O0 -ffunction-sections -fdata-sections -Wall -fstack-usage -fcyclomatic-complexity -MMD -MP -MF"Drivers/STM32L1xx_HAL_Driver/Src/stm32l1xx_hal_flash.d" -MT"Drivers/STM32L1xx_HAL_Driver/Src/stm32l1xx_hal_flash.o" --specs=nano.specs -mfloat-abi=soft -mthumb -o "Drivers/STM32L1xx_HAL_Driver/Src/stm32l1xx_hal_flash.o"
arm-none-eabi-gcc "../Drivers/STM32L1xx_HAL_Driver/Src/stm32l1xx_hal_flash_ex.c" -mcpu=cortex-m3 -std=gnu11 -g3 -DDEBUG -DUSE_HAL_DRIVER -DSTM32L152xE -c -I../Core/Inc -I../Drivers/STM32L1xx_HAL_Driver/Inc -I../Drivers/STM32L1xx_HAL_Driver/Inc/Legacy -I../Drivers/CMSIS/Device/ST/STM32L1xx/Include -I../Drivers/CMSIS/Include -O0 -ffunction-sections -fdata-sections -Wall -fstack-usage -fcyclomatic-complexity -MMD -MP -MF"Drivers/STM32L1xx_HAL_Driver/Src/stm32l1xx_hal_flash_ex.d" -MT"Drivers/STM32L1xx_HAL_Driver/Src/stm32l1xx_hal_flash_ex.o" --specs=nano.specs -mfloat-abi=soft -mthumb -o "Drivers/STM32L1xx_HAL_Driver/Src/stm32l1xx_hal_flash_ex.o"
arm-none-eabi-gcc "../Drivers/STM32L1xx_HAL_Driver/Src/stm32l1xx_hal_flash_ramfunc.c" -mcpu=cortex-m3 -std=gnu11 -g3 -DDEBUG -DUSE_HAL_DRIVER -DSTM32L152xE -c -I../Core/Inc -I../Drivers/STM32L1xx_HAL_Driver/Inc -I../Drivers/STM32L1xx_HAL_Driver/Inc/Legacy -I../Drivers/CMSIS/Device/ST/STM32L1xx/Include -I../Drivers/CMSIS/Include -O0 -ffunction-sections -fdata-sections -Wall -fstack-usage -fcyclomatic-complexity -MMD -MP -MF"Drivers/STM32L1xx_HAL_Driver/Src/stm32l1xx_hal_flash_ramfunc.d" -MT"Drivers/STM32L1xx_HAL_Driver/Src/stm32l1xx_hal_flash_ramfunc.o" --specs=nano.specs -mfloat-abi=soft -mthumb -o "Drivers/STM32L1xx_HAL_Driver/Src/stm32l1xx_hal_flash_ramfunc.o"
arm-none-eabi-gcc "../Drivers/STM32L1xx_HAL_Driver/Src/stm32l1xx_hal_gpio.c" -mcpu=cortex-m3 -std=gnu11 -g3 -DDEBUG -DUSE_HAL_DRIVER -DSTM32L152xE -c -I../Core/Inc -I../Drivers/STM32L1xx_HAL_Driver/Inc -I../Drivers/STM32L1xx_HAL_Driver/Inc/Legacy -I../Drivers/CMSIS/Device/ST/STM32L1xx/Include -I../Drivers/CMSIS/Include -O0 -ffunction-sections -fdata-sections -Wall -fstack-usage -fcyclomatic-complexity -MMD -MP -MF"Drivers/STM32L1xx_HAL_Driver/Src/stm32l1xx_hal_gpio.d" -MT"Drivers/STM32L1xx_HAL_Driver/Src/stm32l1xx_hal_gpio.o" --specs=nano.specs -mfloat-abi=soft -mthumb -o "Drivers/STM32L1xx_HAL_Driver/Src/stm32l1xx_hal_gpio.o"
arm-none-eabi-gcc "../Drivers/STM32L1xx_HAL_Driver/Src/stm32l1xx_hal_pwr.c" -mcpu=cortex-m3 -std=gnu11 -g3 -DDEBUG -DUSE_HAL_DRIVER -DSTM32L152xE -c -I../Core/Inc -I../Drivers/STM32L1xx_HAL_Driver/Inc -I../Drivers/STM32L1xx_HAL_Driver/Inc/Legacy -I../Drivers/CMSIS/Device/ST/STM32L1xx/Include -I../Drivers/CMSIS/Include -O0 -ffunction-sections -fdata-sections -Wall -fstack-usage -fcyclomatic-complexity -MMD -MP -MF"Drivers/STM32L1xx_HAL_Driver/Src/stm32l1xx_hal_pwr.d" -MT"Drivers/STM32L1xx_HAL_Driver/Src/stm32l1xx_hal_pwr.o" --specs=nano.specs -mfloat-abi=soft -mthumb -o "Drivers/STM32L1xx_HAL_Driver/Src/stm32l1xx_hal_pwr.o"
arm-none-eabi-gcc "../Drivers/STM32L1xx_HAL_Driver/Src/stm32l1xx_hal_pwr_ex.c" -mcpu=cortex-m3 -std=gnu11 -g3 -DDEBUG -DUSE_HAL_DRIVER -DSTM32L152xE -c -I../Core/Inc -I../Drivers/STM32L1xx_HAL_Driver/Inc -I../Drivers/STM32L1xx_HAL_Driver/Inc/Legacy -I../Drivers/CMSIS/Device/ST/STM32L1xx/Include -I../Drivers/CMSIS/Include -O0 -ffunction-sections -fdata-sections -Wall -fstack-usage -fcyclomatic-complexity -MMD -MP -MF"Drivers/STM32L1xx_HAL_Driver/Src/stm32l1xx_hal_pwr_ex.d" -MT"Drivers/STM32L1xx_HAL_Driver/Src/stm32l1xx_hal_pwr_ex.o" --specs=nano.specs -mfloat-abi=soft -mthumb -o "Drivers/STM32L1xx_HAL_Driver/Src/stm32l1xx_hal_pwr_ex.o"
arm-none-eabi-gcc "../Drivers/STM32L1xx_HAL_Driver/Src/stm32l1xx_hal_rcc.c" -mcpu=cortex-m3 -std=gnu11 -g3 -DDEBUG -DUSE_HAL_DRIVER -DSTM32L152xE -c -I../Core/Inc -I../Drivers/STM32L1xx_HAL_Driver/Inc -I../Drivers/STM32L1xx_HAL_Driver/Inc/Legacy -I../Drivers/CMSIS/Device/ST/STM32L1xx/Include -I../Drivers/CMSIS/Include -O0 -ffunction-sections -fdata-sections -Wall -fstack-usage -fcyclomatic-complexity -MMD -MP -MF"Drivers/STM32L1xx_HAL_Driver/Src/stm32l1xx_hal_rcc.d" -MT"Drivers/STM32L1xx_HAL_Driver/Src/stm32l1xx_hal_rcc.o" --specs=nano.specs -mfloat-abi=soft -mthumb -o "Drivers/STM32L1xx_HAL_Driver/Src/stm32l1xx_hal_rcc.o"
arm-none-eabi-gcc "../Drivers/STM32L1xx_HAL_Driver/Src/stm32l1xx_hal_rcc_ex.c" -mcpu=cortex-m3 -std=gnu11 -g3 -DDEBUG -DUSE_HAL_DRIVER -DSTM32L152xE -c -I../Core/Inc -I../Drivers/STM32L1xx_HAL_Driver/Inc -I../Drivers/STM32L1xx_HAL_Driver/Inc/Legacy -I../Drivers/CMSIS/Device/ST/STM32L1xx/Include -I../Drivers/CMSIS/Include -O0 -ffunction-sections -fdata-sections -Wall -fstack-usage -fcyclomatic-complexity -MMD -MP -MF"Drivers/STM32L1xx_HAL_Driver/Src/stm32l1xx_hal_rcc_ex.d" -MT"Drivers/STM32L1xx_HAL_Driver/Src/stm32l1xx_hal_rcc_ex.o" --specs=nano.specs -mfloat-abi=soft -mthumb -o "Drivers/STM32L1xx_HAL_Driver/Src/stm32l1xx_hal_rcc_ex.o"
arm-none-eabi-gcc "../Drivers/STM32L1xx_HAL_Driver/Src/stm32l1xx_hal_tim.c" -mcpu=cortex-m3 -std=gnu11 -g3 -DDEBUG -DUSE_HAL_DRIVER -DSTM32L152xE -c -I../Core/Inc -I../Drivers/STM32L1xx_HAL_Driver/Inc -I../Drivers/STM32L1xx_HAL_Driver/Inc/Legacy -I../Drivers/CMSIS/Device/ST/STM32L1xx/Include -I../Drivers/CMSIS/Include -O0 -ffunction-sections -fdata-sections -Wall -fstack-usage -fcyclomatic-complexity -MMD -MP -MF"Drivers/STM32L1xx_HAL_Driver/Src/stm32l1xx_hal_tim.d" -MT"Drivers/STM32L1xx_HAL_Driver/Src/stm32l1xx_hal_tim.o" --specs=nano.specs -mfloat-abi=soft -mthumb -o "Drivers/STM32L1xx_HAL_Driver/Src/stm32l1xx_hal_tim.o"
arm-none-eabi-gcc "../Drivers/STM32L1xx_HAL_Driver/Src/stm32l1xx_hal_tim_ex.c" -mcpu=cortex-m3 -std=gnu11 -g3 -DDEBUG -DUSE_HAL_DRIVER -DSTM32L152xE -c -I../Core/Inc -I../Drivers/STM32L1xx_HAL_Driver/Inc -I../Drivers/STM32L1xx_HAL_Driver/Inc/Legacy -I../Drivers/CMSIS/Device/ST/STM32L1xx/Include -I../Drivers/CMSIS/Include -O0 -ffunction-sections -fdata-sections -Wall -fstack-usage -fcyclomatic-complexity -MMD -MP -MF"Drivers/STM32L1xx_HAL_Driver/Src/stm32l1xx_hal_tim_ex.d" -MT"Drivers/STM32L1xx_HAL_Driver/Src/stm32l1xx_hal_tim_ex.o" --specs=nano.specs -mfloat-abi=soft -mthumb -o "Drivers/STM32L1xx_HAL_Driver/Src/stm32l1xx_hal_tim_ex.o"
arm-none-eabi-gcc "../Drivers/STM32L1xx_HAL_Driver/Src/stm32l1xx_hal_uart.c" -mcpu=cortex-m3 -std=gnu11 -g3 -DDEBUG -DUSE_HAL_DRIVER -DSTM32L152xE -c -I../Core/Inc -I../Drivers/STM32L1xx_HAL_Driver/Inc -I../Drivers/STM32L1xx_HAL_Driver/Inc/Legacy -I../Drivers/CMSIS/Device/ST/STM32L1xx/Include -I../Drivers/CMSIS/Include -O0 -ffunction-sections -fdata-sections -Wall -fstack-usage -fcyclomatic-complexity -MMD -MP -MF"Drivers/STM32L1xx_HAL_Driver/Src/stm32l1xx_hal_uart.d" -MT"Drivers/STM32L1xx_HAL_Driver/Src/stm32l1xx_hal_uart.o" --specs=nano.specs -mfloat-abi=soft -mthumb -o "Drivers/STM32L1xx_HAL_Driver/Src/stm32l1xx_hal_uart.o"
arm-none-eabi-gcc -mcpu=cortex-m3 -g3 -DDEBUG -c -x assembler-with-cpp -MMD -MP -MF"Core/Startup/startup_stm32l152retx.d" -MT"Core/Startup/startup_stm32l152retx.o" --specs=nano.specs -mfloat-abi=soft -mthumb -o "Core/Startup/startup_stm32l152retx.o" "../Core/Startup/startup_stm32l152retx.s"
arm-none-eabi-gcc "../Core/Src/gpio.c" -mcpu=cortex-m3 -std=gnu11 -g3 -DDEBUG -DUSE_HAL_DRIVER -DSTM32L152xE -c -I../Core/Inc -I../Drivers/STM32L1xx_HAL_Driver/Inc -I../Drivers/STM32L1xx_HAL_Driver/Inc/Legacy -I../Drivers/CMSIS/Device/ST/STM32L1xx/Include -I../Drivers/CMSIS/Include -O0 -ffunction-sections -fdata-sections -Wall -fstack-usage -fcyclomatic-complexity -MMD -MP -MF"Core/Src/gpio.d" -MT"Core/Src/gpio.o" --specs=nano.specs -mfloat-abi=soft -mthumb -o "Core/Src/gpio.o"
arm-none-eabi-gcc "../Core/Src/main.c" -mcpu=cortex-m3 -std=gnu11 -g3 -DDEBUG -DUSE_HAL_DRIVER -DSTM32L152xE -c -I../Core/Inc -I../Drivers/STM32L1xx_HAL_Driver/Inc -I../Drivers/STM32L1xx_HAL_Driver/Inc/Legacy -I../Drivers/CMSIS/Device/ST/STM32L1xx/Include -I../Drivers/CMSIS/Include -O0 -ffunction-sections -fdata-sections -Wall -fstack-usage -fcyclomatic-complexity -MMD -MP -MF"Core/Src/main.d" -MT"Core/Src/main.o" --specs=nano.specs -mfloat-abi=soft -mthumb -o "Core/Src/main.o"
arm-none-eabi-gcc "../Core/Src/stm32l1xx_hal_msp.c" -mcpu=cortex-m3 -std=gnu11 -g3 -DDEBUG -DUSE_HAL_DRIVER -DSTM32L152xE -c -I../Core/Inc -I../Drivers/STM32L1xx_HAL_Driver/Inc -I../Drivers/STM32L1xx_HAL_Driver/Inc/Legacy -I../Drivers/CMSIS/Device/ST/STM32L1xx/Include -I../Drivers/CMSIS/Include -O0 -ffunction-sections -fdata-sections -Wall -fstack-usage -fcyclomatic-complexity -MMD -MP -MF"Core/Src/stm32l1xx_hal_msp.d" -MT"Core/Src/stm32l1xx_hal_msp.o" --specs=nano.specs -mfloat-abi=soft -mthumb -o "Core/Src/stm32l1xx_hal_msp.o"
arm-none-eabi-gcc "../Core/Src/stm32l1xx_it.c" -mcpu=cortex-m3 -std=gnu11 -g3 -DDEBUG -DUSE_HAL_DRIVER -DSTM32L152xE -c -I../Core/Inc -I../Drivers/STM32L1xx_HAL_Driver/Inc -I../Drivers/STM32L1xx_HAL_Driver/Inc/Legacy -I../Drivers/CMSIS/Device/ST/STM32L1xx/Include -I../Drivers/CMSIS/Include -O0 -ffunction-sections -fdata-sections -Wall -fstack-usage -fcyclomatic-complexity -MMD -MP -MF"Core/Src/stm32l1xx_it.d" -MT"Core/Src/stm32l1xx_it.o" --specs=nano.specs -mfloat-abi=soft -mthumb -o "Core/Src/stm32l1xx_it.o"
arm-none-eabi-gcc "../Core/Src/syscalls.c" -mcpu=cortex-m3 -std=gnu11 -g3 -DDEBUG -DUSE_HAL_DRIVER -DSTM32L152xE -c -I../Core/Inc -I../Drivers/STM32L1xx_HAL_Driver/Inc -I../Drivers/STM32L1xx_HAL_Driver/Inc/Legacy -I../Drivers/CMSIS/Device/ST/STM32L1xx/Include -I../Drivers/CMSIS/Include -O0 -ffunction-sections -fdata-sections -Wall -fstack-usage -fcyclomatic-complexity -MMD -MP -MF"Core/Src/syscalls.d" -MT"Core/Src/syscalls.o" --specs=nano.specs -mfloat-abi=soft -mthumb -o "Core/Src/syscalls.o"
arm-none-eabi-gcc "../Core/Src/sysmem.c" -mcpu=cortex-m3 -std=gnu11 -g3 -DDEBUG -DUSE_HAL_DRIVER -DSTM32L152xE -c -I../Core/Inc -I../Drivers/STM32L1xx_HAL_Driver/Inc -I../Drivers/STM32L1xx_HAL_Driver/Inc/Legacy -I../Drivers/CMSIS/Device/ST/STM32L1xx/Include -I../Drivers/CMSIS/Include -O0 -ffunction-sections -fdata-sections -Wall -fstack-usage -fcyclomatic-complexity -MMD -MP -MF"Core/Src/sysmem.d" -MT"Core/Src/sysmem.o" --specs=nano.specs -mfloat-abi=soft -mthumb -o "Core/Src/sysmem.o"
arm-none-eabi-gcc "../Core/Src/system_stm32l1xx.c" -mcpu=cortex-m3 -std=gnu11 -g3 -DDEBUG -DUSE_HAL_DRIVER -DSTM32L152xE -c -I../Core/Inc -I../Drivers/STM32L1xx_HAL_Driver/Inc -I../Drivers/STM32L1xx_HAL_Driver/Inc/Legacy -I../Drivers/CMSIS/Device/ST/STM32L1xx/Include -I../Drivers/CMSIS/Include -O0 -ffunction-sections -fdata-sections -Wall -fstack-usage -fcyclomatic-complexity -MMD -MP -MF"Core/Src/system_stm32l1xx.d" -MT"Core/Src/system_stm32l1xx.o" --specs=nano.specs -mfloat-abi=soft -mthumb -o "Core/Src/system_stm32l1xx.o"
arm-none-eabi-gcc "../Core/Src/tim.c" -mcpu=cortex-m3 -std=gnu11 -g3 -DDEBUG -DUSE_HAL_DRIVER -DSTM32L152xE -c -I../Core/Inc -I../Drivers/STM32L1xx_HAL_Driver/Inc -I../Drivers/STM32L1xx_HAL_Driver/Inc/Legacy -I../Drivers/CMSIS/Device/ST/STM32L1xx/Include -I../Drivers/CMSIS/Include -O0 -ffunction-sections -fdata-sections -Wall -fstack-usage -fcyclomatic-complexity -MMD -MP -MF"Core/Src/tim.d" -MT"Core/Src/tim.o" --specs=nano.specs -mfloat-abi=soft -mthumb -o "Core/Src/tim.o"
arm-none-eabi-gcc "../Core/Src/usart.c" -mcpu=cortex-m3 -std=gnu11 -g3 -DDEBUG -DUSE_HAL_DRIVER -DSTM32L152xE -c -I../Core/Inc -I../Drivers/STM32L1xx_HAL_Driver/Inc -I../Drivers/STM32L1xx_HAL_Driver/Inc/Legacy -I../Drivers/CMSIS/Device/ST/STM32L1xx/Include -I../Drivers/CMSIS/Include -O0 -ffunction-sections -fdata-sections -Wall -fstack-usage -fcyclomatic-complexity -MMD -MP -MF"Core/Src/usart.d" -MT"Core/Src/usart.o" --specs=nano.specs -mfloat-abi=soft -mthumb -o "Core/Src/usart.o"
../Core/Src/main.c: In function 'setOffset':
../Core/Src/main.c:177:31: warning: format '%f' expects argument of type 'double', but argument 2 has type 'int *' [-Wformat=]
  177 |         printf("Read weight: %f", &weight);
      |                              ~^   ~~~~~~~
      |                               |   |
      |                               |   int *
      |                               double
      |                              %ls
arm-none-eabi-gcc -o "test_cases.elf" @"objects.list"   -mcpu=cortex-m3 -T"C:\Users\andyb\OneDrive\Desktop\School_Fall_24\Capstone\ECE-Stockroom-Capstone\test_cases\STM32L152RETX_FLASH.ld" --specs=nosys.specs -Wl,-Map="test_cases.map" -Wl,--gc-sections -static --specs=nano.specs -mfloat-abi=soft -mthumb -u _printf_float -u _scanf_float -Wl,--start-group -lc -lm -Wl,--end-group
Finished building target: test_cases.elf
 
arm-none-eabi-size  test_cases.elf 
arm-none-eabi-objdump -h -S test_cases.elf  > "test_cases.list"
   text	   data	    bss	    dec	    hex	filename
  37312	    476	   2052	  39840	   9ba0	test_cases.elf
Finished building: default.size.stdout
 
Finished building: test_cases.list
 
14:32:13 **** Incremental Build of configuration Debug for project test_cases ****
make -j16 all 
arm-none-eabi-size  test_cases.elf 
   text	   data	    bss	    dec	    hex	filename
  37312	    476	   2052	  39840	   9ba0	test_cases.elf
Finished building: default.size.stdout
 
14:34:03 **** Incremental Build of configuration Debug for project test_cases ****
make -j16 all 
arm-none-eabi-gcc "../Core/Src/main.c" -mcpu=cortex-m3 -std=gnu11 -g3 -DDEBUG -DUSE_HAL_DRIVER -DSTM32L152xE -c -I../Core/Inc -I../Drivers/STM32L1xx_HAL_Driver/Inc -I../Drivers/STM32L1xx_HAL_Driver/Inc/Legacy -I../Drivers/CMSIS/Device/ST/STM32L1xx/Include -I../Drivers/CMSIS/Include -O0 -ffunction-sections -fdata-sections -Wall -fstack-usage -fcyclomatic-complexity -MMD -MP -MF"Core/Src/main.d" -MT"Core/Src/main.o" --specs=nano.specs -mfloat-abi=soft -mthumb -o "Core/Src/main.o"
../Core/Src/main.c: In function 'setOffset':
../Core/Src/main.c:179:31: warning: format '%f' expects argument of type 'double', but argument 2 has type 'int *' [-Wformat=]
  179 |         printf("Read weight: %f\n", &weight);
      |                              ~^     ~~~~~~~
      |                               |     |
      |                               |     int *
      |                               double
      |                              %ls
arm-none-eabi-gcc -o "test_cases.elf" @"objects.list"   -mcpu=cortex-m3 -T"C:\Users\andyb\OneDrive\Desktop\School_Fall_24\Capstone\ECE-Stockroom-Capstone\test_cases\STM32L152RETX_FLASH.ld" --specs=nosys.specs -Wl,-Map="test_cases.map" -Wl,--gc-sections -static --specs=nano.specs -mfloat-abi=soft -mthumb -u _printf_float -u _scanf_float -Wl,--start-group -lc -lm -Wl,--end-group
Finished building target: test_cases.elf
 
arm-none-eabi-size  test_cases.elf 
arm-none-eabi-objdump -h -S test_cases.elf  > "test_cases.list"
   text	   data	    bss	    dec	    hex	filename
  37520	    476	   2052	  40048	   9c70	test_cases.elf
Finished building: default.size.stdout
 
Finished building: test_cases.list
 
14:35:16 **** Incremental Build of configuration Debug for project test_cases ****
make -j16 all 
arm-none-eabi-gcc "../Core/Src/main.c" -mcpu=cortex-m3 -std=gnu11 -g3 -DDEBUG -DUSE_HAL_DRIVER -DSTM32L152xE -c -I../Core/Inc -I../Drivers/STM32L1xx_HAL_Driver/Inc -I../Drivers/STM32L1xx_HAL_Driver/Inc/Legacy -I../Drivers/CMSIS/Device/ST/STM32L1xx/Include -I../Drivers/CMSIS/Include -O0 -ffunction-sections -fdata-sections -Wall -fstack-usage -fcyclomatic-complexity -MMD -MP -MF"Core/Src/main.d" -MT"Core/Src/main.o" --specs=nano.specs -mfloat-abi=soft -mthumb -o "Core/Src/main.o"
../Core/Src/main.c: In function 'setOffset':
../Core/Src/main.c:179:31: warning: format '%f' expects argument of type 'double', but argument 2 has type 'int *' [-Wformat=]
  179 |         printf("Read weight: %f\n\r", &weight);
      |                              ~^       ~~~~~~~
      |                               |       |
      |                               double  int *
      |                              %ls
arm-none-eabi-gcc -o "test_cases.elf" @"objects.list"   -mcpu=cortex-m3 -T"C:\Users\andyb\OneDrive\Desktop\School_Fall_24\Capstone\ECE-Stockroom-Capstone\test_cases\STM32L152RETX_FLASH.ld" --specs=nosys.specs -Wl,-Map="test_cases.map" -Wl,--gc-sections -static --specs=nano.specs -mfloat-abi=soft -mthumb -u _printf_float -u _scanf_float -Wl,--start-group -lc -lm -Wl,--end-group
Finished building target: test_cases.elf
 
arm-none-eabi-size  test_cases.elf 
arm-none-eabi-objdump -h -S test_cases.elf  > "test_cases.list"
   text	   data	    bss	    dec	    hex	filename
  37344	    476	   2052	  39872	   9bc0	test_cases.elf
Finished building: default.size.stdout
 
Finished building: test_cases.list
 
14:37:26 **** Incremental Build of configuration Debug for project test_cases ****
make -j16 all 
arm-none-eabi-size  test_cases.elf 
   text	   data	    bss	    dec	    hex	filename
  37344	    476	   2052	  39872	   9bc0	test_cases.elf
Finished building: default.size.stdout
 
14:39:48 **** Incremental Build of configuration Debug for project test_cases ****
make -j16 all 
arm-none-eabi-gcc "../Core/Src/main.c" -mcpu=cortex-m3 -std=gnu11 -g3 -DDEBUG -DUSE_HAL_DRIVER -DSTM32L152xE -c -I../Core/Inc -I../Drivers/STM32L1xx_HAL_Driver/Inc -I../Drivers/STM32L1xx_HAL_Driver/Inc/Legacy -I../Drivers/CMSIS/Device/ST/STM32L1xx/Include -I../Drivers/CMSIS/Include -O0 -ffunction-sections -fdata-sections -Wall -fstack-usage -fcyclomatic-complexity -MMD -MP -MF"Core/Src/main.d" -MT"Core/Src/main.o" --specs=nano.specs -mfloat-abi=soft -mthumb -o "Core/Src/main.o"
../Core/Src/main.c: In function 'setOffset':
../Core/Src/main.c:179:31: warning: format '%f' expects argument of type 'double', but argument 2 has type 'int *' [-Wformat=]
  179 |         printf("Read weight: %f\n\r", &weight);
      |                              ~^       ~~~~~~~
      |                               |       |
      |                               double  int *
      |                              %ls
arm-none-eabi-gcc -o "test_cases.elf" @"objects.list"   -mcpu=cortex-m3 -T"C:\Users\andyb\OneDrive\Desktop\School_Fall_24\Capstone\ECE-Stockroom-Capstone\test_cases\STM32L152RETX_FLASH.ld" --specs=nosys.specs -Wl,-Map="test_cases.map" -Wl,--gc-sections -static --specs=nano.specs -mfloat-abi=soft -mthumb -u _printf_float -u _scanf_float -Wl,--start-group -lc -lm -Wl,--end-group
Finished building target: test_cases.elf
 
arm-none-eabi-size  test_cases.elf 
arm-none-eabi-objdump -h -S test_cases.elf  > "test_cases.list"
   text	   data	    bss	    dec	    hex	filename
  34644	    476	   2052	  37172	   9134	test_cases.elf
Finished building: default.size.stdout
 
Finished building: test_cases.list
 
14:43:47 **** Incremental Build of configuration Debug for project test_cases ****
make -j16 all 
arm-none-eabi-gcc "../Core/Src/main.c" -mcpu=cortex-m3 -std=gnu11 -g3 -DDEBUG -DUSE_HAL_DRIVER -DSTM32L152xE -c -I../Core/Inc -I../Drivers/STM32L1xx_HAL_Driver/Inc -I../Drivers/STM32L1xx_HAL_Driver/Inc/Legacy -I../Drivers/CMSIS/Device/ST/STM32L1xx/Include -I../Drivers/CMSIS/Include -O0 -ffunction-sections -fdata-sections -Wall -fstack-usage -fcyclomatic-complexity -MMD -MP -MF"Core/Src/main.d" -MT"Core/Src/main.o" --specs=nano.specs -mfloat-abi=soft -mthumb -o "Core/Src/main.o"
../Core/Src/main.c: In function 'setOffset':
../Core/Src/main.c:179:31: warning: format '%f' expects argument of type 'double', but argument 2 has type 'int *' [-Wformat=]
  179 |         printf("Read weight: %f\n\r", &weight);
      |                              ~^       ~~~~~~~
      |                               |       |
      |                               double  int *
      |                              %ls
arm-none-eabi-gcc -o "test_cases.elf" @"objects.list"   -mcpu=cortex-m3 -T"C:\Users\andyb\OneDrive\Desktop\School_Fall_24\Capstone\ECE-Stockroom-Capstone\test_cases\STM32L152RETX_FLASH.ld" --specs=nosys.specs -Wl,-Map="test_cases.map" -Wl,--gc-sections -static --specs=nano.specs -mfloat-abi=soft -mthumb -u _printf_float -u _scanf_float -Wl,--start-group -lc -lm -Wl,--end-group
Finished building target: test_cases.elf
 
arm-none-eabi-size  test_cases.elf 
arm-none-eabi-objdump -h -S test_cases.elf  > "test_cases.list"
   text	   data	    bss	    dec	    hex	filename
  37344	    476	   2052	  39872	   9bc0	test_cases.elf
Finished building: default.size.stdout
 
Finished building: test_cases.list
 
14:51:20 **** Incremental Build of configuration Debug for project test_cases ****
make -j16 all 
arm-none-eabi-gcc "../Core/Src/main.c" -mcpu=cortex-m3 -std=gnu11 -g3 -DDEBUG -DUSE_HAL_DRIVER -DSTM32L152xE -c -I../Core/Inc -I../Drivers/STM32L1xx_HAL_Driver/Inc -I../Drivers/STM32L1xx_HAL_Driver/Inc/Legacy -I../Drivers/CMSIS/Device/ST/STM32L1xx/Include -I../Drivers/CMSIS/Include -O0 -ffunction-sections -fdata-sections -Wall -fstack-usage -fcyclomatic-complexity -MMD -MP -MF"Core/Src/main.d" -MT"Core/Src/main.o" --specs=nano.specs -mfloat-abi=soft -mthumb -o "Core/Src/main.o"
../Core/Src/main.c: In function 'setOffset':
../Core/Src/main.c:179:31: warning: format '%d' expects argument of type 'int', but argument 2 has type 'int *' [-Wformat=]
  179 |         printf("Read weight: %d\n\r", &weight);
      |                              ~^       ~~~~~~~
      |                               |       |
      |                               int     int *
      |                              %ls
arm-none-eabi-gcc -o "test_cases.elf" @"objects.list"   -mcpu=cortex-m3 -T"C:\Users\andyb\OneDrive\Desktop\School_Fall_24\Capstone\ECE-Stockroom-Capstone\test_cases\STM32L152RETX_FLASH.ld" --specs=nosys.specs -Wl,-Map="test_cases.map" -Wl,--gc-sections -static --specs=nano.specs -mfloat-abi=soft -mthumb -u _printf_float -u _scanf_float -Wl,--start-group -lc -lm -Wl,--end-group
Finished building target: test_cases.elf
 
arm-none-eabi-size  test_cases.elf 
arm-none-eabi-objdump -h -S test_cases.elf  > "test_cases.list"
   text	   data	    bss	    dec	    hex	filename
  37344	    476	   2052	  39872	   9bc0	test_cases.elf
Finished building: default.size.stdout
 
Finished building: test_cases.list
 
14:56:09 **** Incremental Build of configuration Debug for project test_cases ****
make -j16 all 
arm-none-eabi-gcc "../Core/Src/main.c" -mcpu=cortex-m3 -std=gnu11 -g3 -DDEBUG -DUSE_HAL_DRIVER -DSTM32L152xE -c -I../Core/Inc -I../Drivers/STM32L1xx_HAL_Driver/Inc -I../Drivers/STM32L1xx_HAL_Driver/Inc/Legacy -I../Drivers/CMSIS/Device/ST/STM32L1xx/Include -I../Drivers/CMSIS/Include -O0 -ffunction-sections -fdata-sections -Wall -fstack-usage -fcyclomatic-complexity -MMD -MP -MF"Core/Src/main.d" -MT"Core/Src/main.o" --specs=nano.specs -mfloat-abi=soft -mthumb -o "Core/Src/main.o"
../Core/Src/main.c: In function 'setTare':
../Core/Src/main.c:163:32: warning: format '%d' expects argument of type 'int', but argument 2 has type 'uint32_t *' {aka 'long unsigned int *'} [-Wformat=]
  163 |         printf("New Tare set: %d\n\r", &tare );
      |                               ~^       ~~~~~
      |                                |       |
      |                                int     uint32_t * {aka long unsigned int *}
      |                               %ln
../Core/Src/main.c: In function 'setOffset':
../Core/Src/main.c:179:31: warning: format '%d' expects argument of type 'int', but argument 2 has type 'int *' [-Wformat=]
  179 |         printf("Read weight: %d\n\r", &weight);
      |                              ~^       ~~~~~~~
      |                               |       |
      |                               int     int *
      |                              %ls
arm-none-eabi-gcc -o "test_cases.elf" @"objects.list"   -mcpu=cortex-m3 -T"C:\Users\andyb\OneDrive\Desktop\School_Fall_24\Capstone\ECE-Stockroom-Capstone\test_cases\STM32L152RETX_FLASH.ld" --specs=nosys.specs -Wl,-Map="test_cases.map" -Wl,--gc-sections -static --specs=nano.specs -mfloat-abi=soft -mthumb -u _printf_float -u _scanf_float -Wl,--start-group -lc -lm -Wl,--end-group
Finished building target: test_cases.elf
 
arm-none-eabi-size  test_cases.elf 
arm-none-eabi-objdump -h -S test_cases.elf  > "test_cases.list"
   text	   data	    bss	    dec	    hex	filename
  37352	    476	   2052	  39880	   9bc8	test_cases.elf
Finished building: default.size.stdout
 
Finished building: test_cases.list
 
15:04:09 **** Incremental Build of configuration Debug for project test_cases ****
make -j16 all 
arm-none-eabi-gcc "../Core/Src/main.c" -mcpu=cortex-m3 -std=gnu11 -g3 -DDEBUG -DUSE_HAL_DRIVER -DSTM32L152xE -c -I../Core/Inc -I../Drivers/STM32L1xx_HAL_Driver/Inc -I../Drivers/STM32L1xx_HAL_Driver/Inc/Legacy -I../Drivers/CMSIS/Device/ST/STM32L1xx/Include -I../Drivers/CMSIS/Include -O0 -ffunction-sections -fdata-sections -Wall -fstack-usage -fcyclomatic-complexity -MMD -MP -MF"Core/Src/main.d" -MT"Core/Src/main.o" --specs=nano.specs -mfloat-abi=soft -mthumb -o "Core/Src/main.o"
../Core/Src/main.c: In function 'setTare':
../Core/Src/main.c:163:32: warning: format '%d' expects argument of type 'int', but argument 2 has type 'uint32_t *' {aka 'long unsigned int *'} [-Wformat=]
  163 |         printf("New Tare set: %d\n\r", &tare );
      |                               ~^       ~~~~~
      |                                |       |
      |                                int     uint32_t * {aka long unsigned int *}
      |                               %ln
../Core/Src/main.c: In function 'setOffset':
../Core/Src/main.c:179:31: warning: format '%d' expects argument of type 'int', but argument 2 has type 'int *' [-Wformat=]
  179 |         printf("Read weight: %d\n\r", &weight);
      |                              ~^       ~~~~~~~
      |                               |       |
      |                               int     int *
      |                              %ls
arm-none-eabi-gcc -o "test_cases.elf" @"objects.list"   -mcpu=cortex-m3 -T"C:\Users\andyb\OneDrive\Desktop\School_Fall_24\Capstone\ECE-Stockroom-Capstone\test_cases\STM32L152RETX_FLASH.ld" --specs=nosys.specs -Wl,-Map="test_cases.map" -Wl,--gc-sections -static --specs=nano.specs -mfloat-abi=soft -mthumb -u _printf_float -u _scanf_float -Wl,--start-group -lc -lm -Wl,--end-group
Finished building target: test_cases.elf
 
arm-none-eabi-size  test_cases.elf 
arm-none-eabi-objdump -h -S test_cases.elf  > "test_cases.list"
   text	   data	    bss	    dec	    hex	filename
  37344	    476	   2052	  39872	   9bc0	test_cases.elf
Finished building: default.size.stdout
 
Finished building: test_cases.list
 
15:11:09 **** Incremental Build of configuration Debug for project test_cases ****
make -j16 all 
arm-none-eabi-gcc "../Core/Src/main.c" -mcpu=cortex-m3 -std=gnu11 -g3 -DDEBUG -DUSE_HAL_DRIVER -DSTM32L152xE -c -I../Core/Inc -I../Drivers/STM32L1xx_HAL_Driver/Inc -I../Drivers/STM32L1xx_HAL_Driver/Inc/Legacy -I../Drivers/CMSIS/Device/ST/STM32L1xx/Include -I../Drivers/CMSIS/Include -O0 -ffunction-sections -fdata-sections -Wall -fstack-usage -fcyclomatic-complexity -MMD -MP -MF"Core/Src/main.d" -MT"Core/Src/main.o" --specs=nano.specs -mfloat-abi=soft -mthumb -o "Core/Src/main.o"
../Core/Src/main.c: In function 'weighRaw':
../Core/Src/main.c:151:9: warning: unused variable 'coefficient' [-Wunused-variable]
  151 |   float coefficient;
      |         ^~~~~~~~~~~
../Core/Src/main.c: In function 'setTare':
../Core/Src/main.c:177:32: warning: format '%d' expects argument of type 'int', but argument 2 has type 'uint32_t *' {aka 'long unsigned int *'} [-Wformat=]
  177 |         printf("New Tare set: %d\n\r", &tare );
      |                               ~^       ~~~~~
      |                                |       |
      |                                int     uint32_t * {aka long unsigned int *}
      |                               %ln
../Core/Src/main.c: In function 'setOffset':
../Core/Src/main.c:193:31: warning: format '%d' expects argument of type 'int', but argument 2 has type 'int *' [-Wformat=]
  193 |         printf("Read weight: %d\n\r", &weight);
      |                              ~^       ~~~~~~~
      |                               |       |
      |                               int     int *
      |                              %ls
arm-none-eabi-gcc -o "test_cases.elf" @"objects.list"   -mcpu=cortex-m3 -T"C:\Users\andyb\OneDrive\Desktop\School_Fall_24\Capstone\ECE-Stockroom-Capstone\test_cases\STM32L152RETX_FLASH.ld" --specs=nosys.specs -Wl,-Map="test_cases.map" -Wl,--gc-sections -static --specs=nano.specs -mfloat-abi=soft -mthumb -u _printf_float -u _scanf_float -Wl,--start-group -lc -lm -Wl,--end-group
Finished building target: test_cases.elf
 
arm-none-eabi-size  test_cases.elf 
arm-none-eabi-objdump -h -S test_cases.elf  > "test_cases.list"
   text	   data	    bss	    dec	    hex	filename
  37408	    476	   2052	  39936	   9c00	test_cases.elf
Finished building: default.size.stdout
 
Finished building: test_cases.list
 
15:18:46 **** Incremental Build of configuration Debug for project test_cases ****
make -j16 all 
arm-none-eabi-gcc "../Core/Src/main.c" -mcpu=cortex-m3 -std=gnu11 -g3 -DDEBUG -DUSE_HAL_DRIVER -DSTM32L152xE -c -I../Core/Inc -I../Drivers/STM32L1xx_HAL_Driver/Inc -I../Drivers/STM32L1xx_HAL_Driver/Inc/Legacy -I../Drivers/CMSIS/Device/ST/STM32L1xx/Include -I../Drivers/CMSIS/Include -O0 -ffunction-sections -fdata-sections -Wall -fstack-usage -fcyclomatic-complexity -MMD -MP -MF"Core/Src/main.d" -MT"Core/Src/main.o" --specs=nano.specs -mfloat-abi=soft -mthumb -o "Core/Src/main.o"
../Core/Src/main.c: In function 'setTare':
../Core/Src/main.c:176:32: warning: format '%d' expects argument of type 'int', but argument 2 has type 'uint32_t *' {aka 'long unsigned int *'} [-Wformat=]
  176 |         printf("New Tare set: %d\n\r", &tare );
      |                               ~^       ~~~~~
      |                                |       |
      |                                int     uint32_t * {aka long unsigned int *}
      |                               %ln
../Core/Src/main.c: In function 'setOffset':
../Core/Src/main.c:192:31: warning: format '%d' expects argument of type 'int', but argument 2 has type 'int *' [-Wformat=]
  192 |         printf("Read weight: %d\n\r", &weight);
      |                              ~^       ~~~~~~~
      |                               |       |
      |                               int     int *
      |                              %ls
arm-none-eabi-gcc -o "test_cases.elf" @"objects.list"   -mcpu=cortex-m3 -T"C:\Users\andyb\OneDrive\Desktop\School_Fall_24\Capstone\ECE-Stockroom-Capstone\test_cases\STM32L152RETX_FLASH.ld" --specs=nosys.specs -Wl,-Map="test_cases.map" -Wl,--gc-sections -static --specs=nano.specs -mfloat-abi=soft -mthumb -u _printf_float -u _scanf_float -Wl,--start-group -lc -lm -Wl,--end-group
Finished building target: test_cases.elf
 
arm-none-eabi-size  test_cases.elf 
arm-none-eabi-objdump -h -S test_cases.elf  > "test_cases.list"
   text	   data	    bss	    dec	    hex	filename
  37408	    476	   2052	  39936	   9c00	test_cases.elf
Finished building: default.size.stdout
 
Finished building: test_cases.list
 
15:20:14 **** Incremental Build of configuration Debug for project test_cases ****
make -j16 all 
arm-none-eabi-gcc "../Core/Src/main.c" -mcpu=cortex-m3 -std=gnu11 -g3 -DDEBUG -DUSE_HAL_DRIVER -DSTM32L152xE -c -I../Core/Inc -I../Drivers/STM32L1xx_HAL_Driver/Inc -I../Drivers/STM32L1xx_HAL_Driver/Inc/Legacy -I../Drivers/CMSIS/Device/ST/STM32L1xx/Include -I../Drivers/CMSIS/Include -O0 -ffunction-sections -fdata-sections -Wall -fstack-usage -fcyclomatic-complexity -MMD -MP -MF"Core/Src/main.d" -MT"Core/Src/main.o" --specs=nano.specs -mfloat-abi=soft -mthumb -o "Core/Src/main.o"
../Core/Src/main.c: In function 'setTare':
../Core/Src/main.c:176:32: warning: format '%d' expects argument of type 'int', but argument 2 has type 'uint32_t *' {aka 'long unsigned int *'} [-Wformat=]
  176 |         printf("New Tare set: %d\n\r", &tare );
      |                               ~^       ~~~~~
      |                                |       |
      |                                int     uint32_t * {aka long unsigned int *}
      |                               %ln
../Core/Src/main.c: In function 'setOffset':
../Core/Src/main.c:192:31: warning: format '%d' expects argument of type 'int', but argument 2 has type 'int *' [-Wformat=]
  192 |         printf("Read weight: %d\n\r", &weight);
      |                              ~^       ~~~~~~~
      |                               |       |
      |                               int     int *
      |                              %ls
arm-none-eabi-gcc -o "test_cases.elf" @"objects.list"   -mcpu=cortex-m3 -T"C:\Users\andyb\OneDrive\Desktop\School_Fall_24\Capstone\ECE-Stockroom-Capstone\test_cases\STM32L152RETX_FLASH.ld" --specs=nosys.specs -Wl,-Map="test_cases.map" -Wl,--gc-sections -static --specs=nano.specs -mfloat-abi=soft -mthumb -u _printf_float -u _scanf_float -Wl,--start-group -lc -lm -Wl,--end-group
Finished building target: test_cases.elf
 
arm-none-eabi-size  test_cases.elf 
arm-none-eabi-objdump -h -S test_cases.elf  > "test_cases.list"
   text	   data	    bss	    dec	    hex	filename
  36536	    476	   2052	  39064	   9898	test_cases.elf
Finished building: default.size.stdout
 
Finished building: test_cases.list
 
15:22:21 **** Incremental Build of configuration Debug for project test_cases ****
make -j16 all 
arm-none-eabi-gcc "../Core/Src/main.c" -mcpu=cortex-m3 -std=gnu11 -g3 -DDEBUG -DUSE_HAL_DRIVER -DSTM32L152xE -c -I../Core/Inc -I../Drivers/STM32L1xx_HAL_Driver/Inc -I../Drivers/STM32L1xx_HAL_Driver/Inc/Legacy -I../Drivers/CMSIS/Device/ST/STM32L1xx/Include -I../Drivers/CMSIS/Include -O0 -ffunction-sections -fdata-sections -Wall -fstack-usage -fcyclomatic-complexity -MMD -MP -MF"Core/Src/main.d" -MT"Core/Src/main.o" --specs=nano.specs -mfloat-abi=soft -mthumb -o "Core/Src/main.o"
../Core/Src/main.c: In function 'setTare':
../Core/Src/main.c:176:32: warning: format '%d' expects argument of type 'int', but argument 2 has type 'uint32_t *' {aka 'long unsigned int *'} [-Wformat=]
  176 |         printf("New Tare set: %d\n\r", &tare );
      |                               ~^       ~~~~~
      |                                |       |
      |                                int     uint32_t * {aka long unsigned int *}
      |                               %ln
../Core/Src/main.c: In function 'setOffset':
../Core/Src/main.c:192:31: warning: format '%d' expects argument of type 'int', but argument 2 has type 'int *' [-Wformat=]
  192 |         printf("Read weight: %d\n\r", &weight);
      |                              ~^       ~~~~~~~
      |                               |       |
      |                               int     int *
      |                              %ls
arm-none-eabi-gcc -o "test_cases.elf" @"objects.list"   -mcpu=cortex-m3 -T"C:\Users\andyb\OneDrive\Desktop\School_Fall_24\Capstone\ECE-Stockroom-Capstone\test_cases\STM32L152RETX_FLASH.ld" --specs=nosys.specs -Wl,-Map="test_cases.map" -Wl,--gc-sections -static --specs=nano.specs -mfloat-abi=soft -mthumb -u _printf_float -u _scanf_float -Wl,--start-group -lc -lm -Wl,--end-group
Finished building target: test_cases.elf
 
arm-none-eabi-size  test_cases.elf 
arm-none-eabi-objdump -h -S test_cases.elf  > "test_cases.list"
   text	   data	    bss	    dec	    hex	filename
  36536	    476	   2052	  39064	   9898	test_cases.elf
Finished building: default.size.stdout
 
Finished building: test_cases.list
 
15:30:54 **** Incremental Build of configuration Debug for project test_cases ****
make -j16 all 
arm-none-eabi-gcc "../Core/Src/main.c" -mcpu=cortex-m3 -std=gnu11 -g3 -DDEBUG -DUSE_HAL_DRIVER -DSTM32L152xE -c -I../Core/Inc -I../Drivers/STM32L1xx_HAL_Driver/Inc -I../Drivers/STM32L1xx_HAL_Driver/Inc/Legacy -I../Drivers/CMSIS/Device/ST/STM32L1xx/Include -I../Drivers/CMSIS/Include -O0 -ffunction-sections -fdata-sections -Wall -fstack-usage -fcyclomatic-complexity -MMD -MP -MF"Core/Src/main.d" -MT"Core/Src/main.o" --specs=nano.specs -mfloat-abi=soft -mthumb -o "Core/Src/main.o"
../Core/Src/main.c: In function 'setTare':
../Core/Src/main.c:176:32: warning: format '%d' expects argument of type 'int', but argument 2 has type 'uint32_t *' {aka 'long unsigned int *'} [-Wformat=]
  176 |         printf("New Tare set: %d\n\r", &tare );
      |                               ~^       ~~~~~
      |                                |       |
      |                                int     uint32_t * {aka long unsigned int *}
      |                               %ln
../Core/Src/main.c: In function 'setOffset':
../Core/Src/main.c:192:31: warning: format '%d' expects argument of type 'int', but argument 2 has type 'int *' [-Wformat=]
  192 |         printf("Read weight: %d\n\r", &weight);
      |                              ~^       ~~~~~~~
      |                               |       |
      |                               int     int *
      |                              %ls
arm-none-eabi-gcc -o "test_cases.elf" @"objects.list"   -mcpu=cortex-m3 -T"C:\Users\andyb\OneDrive\Desktop\School_Fall_24\Capstone\ECE-Stockroom-Capstone\test_cases\STM32L152RETX_FLASH.ld" --specs=nosys.specs -Wl,-Map="test_cases.map" -Wl,--gc-sections -static --specs=nano.specs -mfloat-abi=soft -mthumb -u _printf_float -u _scanf_float -Wl,--start-group -lc -lm -Wl,--end-group
Finished building target: test_cases.elf
 
arm-none-eabi-size  test_cases.elf 
arm-none-eabi-objdump -h -S test_cases.elf  > "test_cases.list"
   text	   data	    bss	    dec	    hex	filename
  36536	    476	   2052	  39064	   9898	test_cases.elf
Finished building: default.size.stdout
 
Finished building: test_cases.list
 
15:48:20 **** Incremental Build of configuration Debug for project test_cases ****
make -j16 all 
arm-none-eabi-gcc "../Core/Src/main.c" -mcpu=cortex-m3 -std=gnu11 -g3 -DDEBUG -DUSE_HAL_DRIVER -DSTM32L152xE -c -I../Core/Inc -I../Drivers/STM32L1xx_HAL_Driver/Inc -I../Drivers/STM32L1xx_HAL_Driver/Inc/Legacy -I../Drivers/CMSIS/Device/ST/STM32L1xx/Include -I../Drivers/CMSIS/Include -O0 -ffunction-sections -fdata-sections -Wall -fstack-usage -fcyclomatic-complexity -MMD -MP -MF"Core/Src/main.d" -MT"Core/Src/main.o" --specs=nano.specs -mfloat-abi=soft -mthumb -o "Core/Src/main.o"
../Core/Src/main.c: In function 'setTare':
../Core/Src/main.c:177:16: warning: format '%lu' expects argument of type 'long unsigned int', but argument 2 has type 'uint32_t *' {aka 'long unsigned int *'} [-Wformat=]
  177 |         printf("Tare Set: %" PRIu32 "\n\r", &tare);
      |                ^~~~~~~~~~~~~                ~~~~~
      |                                             |
      |                                             uint32_t * {aka long unsigned int *}
../Core/Src/main.c: In function 'setOffset':
../Core/Src/main.c:193:31: warning: format '%d' expects argument of type 'int', but argument 2 has type 'int *' [-Wformat=]
  193 |         printf("Read weight: %d\n\r", &weight);
      |                              ~^       ~~~~~~~
      |                               |       |
      |                               int     int *
      |                              %ls
arm-none-eabi-gcc -o "test_cases.elf" @"objects.list"   -mcpu=cortex-m3 -T"C:\Users\andyb\OneDrive\Desktop\School_Fall_24\Capstone\ECE-Stockroom-Capstone\test_cases\STM32L152RETX_FLASH.ld" --specs=nosys.specs -Wl,-Map="test_cases.map" -Wl,--gc-sections -static --specs=nano.specs -mfloat-abi=soft -mthumb -u _printf_float -u _scanf_float -Wl,--start-group -lc -lm -Wl,--end-group
Finished building target: test_cases.elf
 
arm-none-eabi-size  test_cases.elf 
arm-none-eabi-objdump -h -S test_cases.elf  > "test_cases.list"
   text	   data	    bss	    dec	    hex	filename
  36528	    476	   2052	  39056	   9890	test_cases.elf
Finished building: default.size.stdout
 
Finished building: test_cases.list
 
15:50:57 **** Incremental Build of configuration Debug for project test_cases ****
make -j16 all 
arm-none-eabi-size  test_cases.elf 
   text	   data	    bss	    dec	    hex	filename
  36528	    476	   2052	  39056	   9890	test_cases.elf
Finished building: default.size.stdout
 
15:51:25 **** Incremental Build of configuration Debug for project test_cases ****
make -j16 all 
arm-none-eabi-size  test_cases.elf 
   text	   data	    bss	    dec	    hex	filename
  36528	    476	   2052	  39056	   9890	test_cases.elf
Finished building: default.size.stdout
 
15:59:58 **** Incremental Build of configuration Debug for project test_cases ****
make -j16 all 
arm-none-eabi-gcc "../Core/Src/main.c" -mcpu=cortex-m3 -std=gnu11 -g3 -DDEBUG -DUSE_HAL_DRIVER -DSTM32L152xE -c -I../Core/Inc -I../Drivers/STM32L1xx_HAL_Driver/Inc -I../Drivers/STM32L1xx_HAL_Driver/Inc/Legacy -I../Drivers/CMSIS/Device/ST/STM32L1xx/Include -I../Drivers/CMSIS/Include -O0 -ffunction-sections -fdata-sections -Wall -fstack-usage -fcyclomatic-complexity -MMD -MP -MF"Core/Src/main.d" -MT"Core/Src/main.o" --specs=nano.specs -mfloat-abi=soft -mthumb -o "Core/Src/main.o"
../Core/Src/main.c: In function 'setTare':
../Core/Src/main.c:183:16: warning: format '%lu' expects argument of type 'long unsigned int', but argument 2 has type 'uint32_t *' {aka 'long unsigned int *'} [-Wformat=]
  183 |         printf("Tare Set: %" PRIu32 "\n\r", &tare);
      |                ^~~~~~~~~~~~~                ~~~~~
      |                                             |
      |                                             uint32_t * {aka long unsigned int *}
../Core/Src/main.c: In function 'setOffset':
../Core/Src/main.c:199:31: warning: format '%d' expects argument of type 'int', but argument 2 has type 'int *' [-Wformat=]
  199 |         printf("Read weight: %d\n\r", &weight);
      |                              ~^       ~~~~~~~
      |                               |       |
      |                               int     int *
      |                              %ls
arm-none-eabi-gcc -o "test_cases.elf" @"objects.list"   -mcpu=cortex-m3 -T"C:\Users\andyb\OneDrive\Desktop\School_Fall_24\Capstone\ECE-Stockroom-Capstone\test_cases\STM32L152RETX_FLASH.ld" --specs=nosys.specs -Wl,-Map="test_cases.map" -Wl,--gc-sections -static --specs=nano.specs -mfloat-abi=soft -mthumb -u _printf_float -u _scanf_float -Wl,--start-group -lc -lm -Wl,--end-group
Finished building target: test_cases.elf
 
arm-none-eabi-size  test_cases.elf 
arm-none-eabi-objdump -h -S test_cases.elf  > "test_cases.list"
   text	   data	    bss	    dec	    hex	filename
  36576	    476	   2052	  39104	   98c0	test_cases.elf
Finished building: default.size.stdout
 
Finished building: test_cases.list
 
16:01:24 **** Incremental Build of configuration Debug for project test_cases ****
make -j16 all 
arm-none-eabi-gcc "../Core/Src/main.c" -mcpu=cortex-m3 -std=gnu11 -g3 -DDEBUG -DUSE_HAL_DRIVER -DSTM32L152xE -c -I../Core/Inc -I../Drivers/STM32L1xx_HAL_Driver/Inc -I../Drivers/STM32L1xx_HAL_Driver/Inc/Legacy -I../Drivers/CMSIS/Device/ST/STM32L1xx/Include -I../Drivers/CMSIS/Include -O0 -ffunction-sections -fdata-sections -Wall -fstack-usage -fcyclomatic-complexity -MMD -MP -MF"Core/Src/main.d" -MT"Core/Src/main.o" --specs=nano.specs -mfloat-abi=soft -mthumb -o "Core/Src/main.o"
../Core/Src/main.c: In function 'setTare':
../Core/Src/main.c:183:16: warning: format '%lu' expects argument of type 'long unsigned int', but argument 2 has type 'uint32_t *' {aka 'long unsigned int *'} [-Wformat=]
  183 |         printf("Tare Set: %" PRIu32 "\n\r", &tare);
      |                ^~~~~~~~~~~~~                ~~~~~
      |                                             |
      |                                             uint32_t * {aka long unsigned int *}
../Core/Src/main.c: In function 'setOffset':
../Core/Src/main.c:199:31: warning: format '%d' expects argument of type 'int', but argument 2 has type 'int *' [-Wformat=]
  199 |         printf("Read weight: %d\n\r", &weight);
      |                              ~^       ~~~~~~~
      |                               |       |
      |                               int     int *
      |                              %ls
arm-none-eabi-gcc -o "test_cases.elf" @"objects.list"   -mcpu=cortex-m3 -T"C:\Users\andyb\OneDrive\Desktop\School_Fall_24\Capstone\ECE-Stockroom-Capstone\test_cases\STM32L152RETX_FLASH.ld" --specs=nosys.specs -Wl,-Map="test_cases.map" -Wl,--gc-sections -static --specs=nano.specs -mfloat-abi=soft -mthumb -u _printf_float -u _scanf_float -Wl,--start-group -lc -lm -Wl,--end-group
Finished building target: test_cases.elf
 
arm-none-eabi-size  test_cases.elf 
arm-none-eabi-objdump -h -S test_cases.elf  > "test_cases.list"
   text	   data	    bss	    dec	    hex	filename
  36576	    476	   2052	  39104	   98c0	test_cases.elf
Finished building: default.size.stdout
 
Finished building: test_cases.list
 
16:02:54 **** Incremental Build of configuration Debug for project test_cases ****
make -j16 all 
arm-none-eabi-gcc "../Core/Src/main.c" -mcpu=cortex-m3 -std=gnu11 -g3 -DDEBUG -DUSE_HAL_DRIVER -DSTM32L152xE -c -I../Core/Inc -I../Drivers/STM32L1xx_HAL_Driver/Inc -I../Drivers/STM32L1xx_HAL_Driver/Inc/Legacy -I../Drivers/CMSIS/Device/ST/STM32L1xx/Include -I../Drivers/CMSIS/Include -O0 -ffunction-sections -fdata-sections -Wall -fstack-usage -fcyclomatic-complexity -MMD -MP -MF"Core/Src/main.d" -MT"Core/Src/main.o" --specs=nano.specs -mfloat-abi=soft -mthumb -o "Core/Src/main.o"
../Core/Src/main.c: In function 'setTare':
../Core/Src/main.c:182:16: warning: format '%lu' expects argument of type 'long unsigned int', but argument 2 has type 'uint32_t *' {aka 'long unsigned int *'} [-Wformat=]
  182 |         printf("Tare Set: %" PRIu32 "\n\r", &tare);
      |                ^~~~~~~~~~~~~                ~~~~~
      |                                             |
      |                                             uint32_t * {aka long unsigned int *}
../Core/Src/main.c:178:13: warning: unused variable 'weight_tare' [-Wunused-variable]
  178 |         int weight_tare = weighRaw();
      |             ^~~~~~~~~~~
../Core/Src/main.c: In function 'setOffset':
../Core/Src/main.c:198:31: warning: format '%d' expects argument of type 'int', but argument 2 has type 'int *' [-Wformat=]
  198 |         printf("Read weight: %d\n\r", &weight);
      |                              ~^       ~~~~~~~
      |                               |       |
      |                               int     int *
      |                              %ls
arm-none-eabi-gcc -o "test_cases.elf" @"objects.list"   -mcpu=cortex-m3 -T"C:\Users\andyb\OneDrive\Desktop\School_Fall_24\Capstone\ECE-Stockroom-Capstone\test_cases\STM32L152RETX_FLASH.ld" --specs=nosys.specs -Wl,-Map="test_cases.map" -Wl,--gc-sections -static --specs=nano.specs -mfloat-abi=soft -mthumb -u _printf_float -u _scanf_float -Wl,--start-group -lc -lm -Wl,--end-group
Finished building target: test_cases.elf
 
arm-none-eabi-size  test_cases.elf 
arm-none-eabi-objdump -h -S test_cases.elf  > "test_cases.list"
   text	   data	    bss	    dec	    hex	filename
  36576	    476	   2052	  39104	   98c0	test_cases.elf
Finished building: default.size.stdout
 
Finished building: test_cases.list
 
16:04:14 **** Incremental Build of configuration Debug for project test_cases ****
make -j16 all 
arm-none-eabi-gcc "../Core/Src/main.c" -mcpu=cortex-m3 -std=gnu11 -g3 -DDEBUG -DUSE_HAL_DRIVER -DSTM32L152xE -c -I../Core/Inc -I../Drivers/STM32L1xx_HAL_Driver/Inc -I../Drivers/STM32L1xx_HAL_Driver/Inc/Legacy -I../Drivers/CMSIS/Device/ST/STM32L1xx/Include -I../Drivers/CMSIS/Include -O0 -ffunction-sections -fdata-sections -Wall -fstack-usage -fcyclomatic-complexity -MMD -MP -MF"Core/Src/main.d" -MT"Core/Src/main.o" --specs=nano.specs -mfloat-abi=soft -mthumb -o "Core/Src/main.o"
../Core/Src/main.c: In function 'setTare':
../Core/Src/main.c:182:16: warning: format '%lu' expects argument of type 'long unsigned int', but argument 2 has type 'uint32_t *' {aka 'long unsigned int *'} [-Wformat=]
  182 |         printf("Tare Set: %" PRIu32 "\n\r", &tare);
      |                ^~~~~~~~~~~~~                ~~~~~
      |                                             |
      |                                             uint32_t * {aka long unsigned int *}
../Core/Src/main.c: In function 'setOffset':
../Core/Src/main.c:198:31: warning: format '%d' expects argument of type 'int', but argument 2 has type 'int *' [-Wformat=]
  198 |         printf("Read weight: %d\n\r", &weight);
      |                              ~^       ~~~~~~~
      |                               |       |
      |                               int     int *
      |                              %ls
arm-none-eabi-gcc -o "test_cases.elf" @"objects.list"   -mcpu=cortex-m3 -T"C:\Users\andyb\OneDrive\Desktop\School_Fall_24\Capstone\ECE-Stockroom-Capstone\test_cases\STM32L152RETX_FLASH.ld" --specs=nosys.specs -Wl,-Map="test_cases.map" -Wl,--gc-sections -static --specs=nano.specs -mfloat-abi=soft -mthumb -u _printf_float -u _scanf_float -Wl,--start-group -lc -lm -Wl,--end-group
Finished building target: test_cases.elf
 
arm-none-eabi-size  test_cases.elf 
arm-none-eabi-objdump -h -S test_cases.elf  > "test_cases.list"
   text	   data	    bss	    dec	    hex	filename
  36568	    476	   2052	  39096	   98b8	test_cases.elf
Finished building: default.size.stdout
 
Finished building: test_cases.list
 
16:09:50 **** Incremental Build of configuration Debug for project test_cases ****
make -j16 all 
arm-none-eabi-gcc "../Core/Src/main.c" -mcpu=cortex-m3 -std=gnu11 -g3 -DDEBUG -DUSE_HAL_DRIVER -DSTM32L152xE -c -I../Core/Inc -I../Drivers/STM32L1xx_HAL_Driver/Inc -I../Drivers/STM32L1xx_HAL_Driver/Inc/Legacy -I../Drivers/CMSIS/Device/ST/STM32L1xx/Include -I../Drivers/CMSIS/Include -O0 -ffunction-sections -fdata-sections -Wall -fstack-usage -fcyclomatic-complexity -MMD -MP -MF"Core/Src/main.d" -MT"Core/Src/main.o" --specs=nano.specs -mfloat-abi=soft -mthumb -o "Core/Src/main.o"
../Core/Src/main.c: In function 'setTare':
../Core/Src/main.c:182:28: warning: format '%d' expects argument of type 'int', but argument 2 has type 'int *' [-Wformat=]
  182 |         printf("Tare Set: %d\n\r", &weight_tare);
      |                           ~^       ~~~~~~~~~~~~
      |                            |       |
      |                            int     int *
      |                           %ls
../Core/Src/main.c: In function 'setOffset':
../Core/Src/main.c:198:31: warning: format '%d' expects argument of type 'int', but argument 2 has type 'int *' [-Wformat=]
  198 |         printf("Read weight: %d\n\r", &weight);
      |                              ~^       ~~~~~~~
      |                               |       |
      |                               int     int *
      |                              %ls
arm-none-eabi-gcc -o "test_cases.elf" @"objects.list"   -mcpu=cortex-m3 -T"C:\Users\andyb\OneDrive\Desktop\School_Fall_24\Capstone\ECE-Stockroom-Capstone\test_cases\STM32L152RETX_FLASH.ld" --specs=nosys.specs -Wl,-Map="test_cases.map" -Wl,--gc-sections -static --specs=nano.specs -mfloat-abi=soft -mthumb -u _printf_float -u _scanf_float -Wl,--start-group -lc -lm -Wl,--end-group
Finished building target: test_cases.elf
 
arm-none-eabi-size  test_cases.elf 
arm-none-eabi-objdump -h -S test_cases.elf  > "test_cases.list"
   text	   data	    bss	    dec	    hex	filename
  36576	    476	   2052	  39104	   98c0	test_cases.elf
Finished building: default.size.stdout
 
Finished building: test_cases.list
 
16:13:53 **** Incremental Build of configuration Debug for project test_cases ****
make -j16 all 
arm-none-eabi-gcc "../Core/Src/main.c" -mcpu=cortex-m3 -std=gnu11 -g3 -DDEBUG -DUSE_HAL_DRIVER -DSTM32L152xE -c -I../Core/Inc -I../Drivers/STM32L1xx_HAL_Driver/Inc -I../Drivers/STM32L1xx_HAL_Driver/Inc/Legacy -I../Drivers/CMSIS/Device/ST/STM32L1xx/Include -I../Drivers/CMSIS/Include -O0 -ffunction-sections -fdata-sections -Wall -fstack-usage -fcyclomatic-complexity -MMD -MP -MF"Core/Src/main.d" -MT"Core/Src/main.o" --specs=nano.specs -mfloat-abi=soft -mthumb -o "Core/Src/main.o"
../Core/Src/main.c: In function 'setOffset':
../Core/Src/main.c:198:31: warning: format '%d' expects argument of type 'int', but argument 2 has type 'int *' [-Wformat=]
  198 |         printf("Read weight: %d\n\r", &weight);
      |                              ~^       ~~~~~~~
      |                               |       |
      |                               int     int *
      |                              %ls
arm-none-eabi-gcc -o "test_cases.elf" @"objects.list"   -mcpu=cortex-m3 -T"C:\Users\andyb\OneDrive\Desktop\School_Fall_24\Capstone\ECE-Stockroom-Capstone\test_cases\STM32L152RETX_FLASH.ld" --specs=nosys.specs -Wl,-Map="test_cases.map" -Wl,--gc-sections -static --specs=nano.specs -mfloat-abi=soft -mthumb -u _printf_float -u _scanf_float -Wl,--start-group -lc -lm -Wl,--end-group
Finished building target: test_cases.elf
 
arm-none-eabi-size  test_cases.elf 
arm-none-eabi-objdump -h -S test_cases.elf  > "test_cases.list"
   text	   data	    bss	    dec	    hex	filename
  36568	    476	   2052	  39096	   98b8	test_cases.elf
Finished building: default.size.stdout
 
Finished building: test_cases.list
 
16:17:57 **** Incremental Build of configuration Debug for project test_cases ****
make -j16 all 
arm-none-eabi-gcc "../Core/Src/main.c" -mcpu=cortex-m3 -std=gnu11 -g3 -DDEBUG -DUSE_HAL_DRIVER -DSTM32L152xE -c -I../Core/Inc -I../Drivers/STM32L1xx_HAL_Driver/Inc -I../Drivers/STM32L1xx_HAL_Driver/Inc/Legacy -I../Drivers/CMSIS/Device/ST/STM32L1xx/Include -I../Drivers/CMSIS/Include -O0 -ffunction-sections -fdata-sections -Wall -fstack-usage -fcyclomatic-complexity -MMD -MP -MF"Core/Src/main.d" -MT"Core/Src/main.o" --specs=nano.specs -mfloat-abi=soft -mthumb -o "Core/Src/main.o"
arm-none-eabi-gcc -o "test_cases.elf" @"objects.list"   -mcpu=cortex-m3 -T"C:\Users\andyb\OneDrive\Desktop\School_Fall_24\Capstone\ECE-Stockroom-Capstone\test_cases\STM32L152RETX_FLASH.ld" --specs=nosys.specs -Wl,-Map="test_cases.map" -Wl,--gc-sections -static --specs=nano.specs -mfloat-abi=soft -mthumb -u _printf_float -u _scanf_float -Wl,--start-group -lc -lm -Wl,--end-group
Finished building target: test_cases.elf
 
arm-none-eabi-size  test_cases.elf 
arm-none-eabi-objdump -h -S test_cases.elf  > "test_cases.list"
   text	   data	    bss	    dec	    hex	filename
  37432	    476	   2052	  39960	   9c18	test_cases.elf
Finished building: default.size.stdout
 
Finished building: test_cases.list
 
16:26:48 **** Incremental Build of configuration Debug for project test_cases ****
make -j16 all 
arm-none-eabi-gcc "../Core/Src/main.c" -mcpu=cortex-m3 -std=gnu11 -g3 -DDEBUG -DUSE_HAL_DRIVER -DSTM32L152xE -c -I../Core/Inc -I../Drivers/STM32L1xx_HAL_Driver/Inc -I../Drivers/STM32L1xx_HAL_Driver/Inc/Legacy -I../Drivers/CMSIS/Device/ST/STM32L1xx/Include -I../Drivers/CMSIS/Include -O0 -ffunction-sections -fdata-sections -Wall -fstack-usage -fcyclomatic-complexity -MMD -MP -MF"Core/Src/main.d" -MT"Core/Src/main.o" --specs=nano.specs -mfloat-abi=soft -mthumb -o "Core/Src/main.o"
arm-none-eabi-gcc -o "test_cases.elf" @"objects.list"   -mcpu=cortex-m3 -T"C:\Users\andyb\OneDrive\Desktop\School_Fall_24\Capstone\ECE-Stockroom-Capstone\test_cases\STM32L152RETX_FLASH.ld" --specs=nosys.specs -Wl,-Map="test_cases.map" -Wl,--gc-sections -static --specs=nano.specs -mfloat-abi=soft -mthumb -u _printf_float -u _scanf_float -Wl,--start-group -lc -lm -Wl,--end-group
Finished building target: test_cases.elf
 
arm-none-eabi-size  test_cases.elf 
arm-none-eabi-objdump -h -S test_cases.elf  > "test_cases.list"
   text	   data	    bss	    dec	    hex	filename
  37440	    476	   2052	  39968	   9c20	test_cases.elf
Finished building: default.size.stdout
 
Finished building: test_cases.list
 
16:35:59 **** Incremental Build of configuration Debug for project test_cases ****
make -j16 all 
arm-none-eabi-gcc "../Core/Src/main.c" -mcpu=cortex-m3 -std=gnu11 -g3 -DDEBUG -DUSE_HAL_DRIVER -DSTM32L152xE -c -I../Core/Inc -I../Drivers/STM32L1xx_HAL_Driver/Inc -I../Drivers/STM32L1xx_HAL_Driver/Inc/Legacy -I../Drivers/CMSIS/Device/ST/STM32L1xx/Include -I../Drivers/CMSIS/Include -O0 -ffunction-sections -fdata-sections -Wall -fstack-usage -fcyclomatic-complexity -MMD -MP -MF"Core/Src/main.d" -MT"Core/Src/main.o" --specs=nano.specs -mfloat-abi=soft -mthumb -o "Core/Src/main.o"
../Core/Src/main.c: In function 'weigh':
../Core/Src/main.c:137:9: warning: variable 'coefficient' set but not used [-Wunused-but-set-variable]
  137 |   float coefficient;
      |         ^~~~~~~~~~~
arm-none-eabi-gcc -o "test_cases.elf" @"objects.list"   -mcpu=cortex-m3 -T"C:\Users\andyb\OneDrive\Desktop\School_Fall_24\Capstone\ECE-Stockroom-Capstone\test_cases\STM32L152RETX_FLASH.ld" --specs=nosys.specs -Wl,-Map="test_cases.map" -Wl,--gc-sections -static --specs=nano.specs -mfloat-abi=soft -mthumb -u _printf_float -u _scanf_float -Wl,--start-group -lc -lm -Wl,--end-group
Finished building target: test_cases.elf
 
arm-none-eabi-size  test_cases.elf 
arm-none-eabi-objdump -h -S test_cases.elf  > "test_cases.list"
   text	   data	    bss	    dec	    hex	filename
  37336	    476	   2052	  39864	   9bb8	test_cases.elf
Finished building: default.size.stdout
 
Finished building: test_cases.list
 
16:38:41 **** Incremental Build of configuration Debug for project test_cases ****
make -j16 all 
arm-none-eabi-gcc "../Core/Src/main.c" -mcpu=cortex-m3 -std=gnu11 -g3 -DDEBUG -DUSE_HAL_DRIVER -DSTM32L152xE -c -I../Core/Inc -I../Drivers/STM32L1xx_HAL_Driver/Inc -I../Drivers/STM32L1xx_HAL_Driver/Inc/Legacy -I../Drivers/CMSIS/Device/ST/STM32L1xx/Include -I../Drivers/CMSIS/Include -O0 -ffunction-sections -fdata-sections -Wall -fstack-usage -fcyclomatic-complexity -MMD -MP -MF"Core/Src/main.d" -MT"Core/Src/main.o" --specs=nano.specs -mfloat-abi=soft -mthumb -o "Core/Src/main.o"
arm-none-eabi-gcc -o "test_cases.elf" @"objects.list"   -mcpu=cortex-m3 -T"C:\Users\andyb\OneDrive\Desktop\School_Fall_24\Capstone\ECE-Stockroom-Capstone\test_cases\STM32L152RETX_FLASH.ld" --specs=nosys.specs -Wl,-Map="test_cases.map" -Wl,--gc-sections -static --specs=nano.specs -mfloat-abi=soft -mthumb -u _printf_float -u _scanf_float -Wl,--start-group -lc -lm -Wl,--end-group
Finished building target: test_cases.elf
 
arm-none-eabi-size  test_cases.elf 
arm-none-eabi-objdump -h -S test_cases.elf  > "test_cases.list"
   text	   data	    bss	    dec	    hex	filename
  37448	    476	   2052	  39976	   9c28	test_cases.elf
Finished building: default.size.stdout
 
Finished building: test_cases.list
 
16:50:19 **** Incremental Build of configuration Debug for project test_cases ****
make -j16 all 
arm-none-eabi-gcc "../Core/Src/main.c" -mcpu=cortex-m3 -std=gnu11 -g3 -DDEBUG -DUSE_HAL_DRIVER -DSTM32L152xE -c -I../Core/Inc -I../Drivers/STM32L1xx_HAL_Driver/Inc -I../Drivers/STM32L1xx_HAL_Driver/Inc/Legacy -I../Drivers/CMSIS/Device/ST/STM32L1xx/Include -I../Drivers/CMSIS/Include -O0 -ffunction-sections -fdata-sections -Wall -fstack-usage -fcyclomatic-complexity -MMD -MP -MF"Core/Src/main.d" -MT"Core/Src/main.o" --specs=nano.specs -mfloat-abi=soft -mthumb -o "Core/Src/main.o"
arm-none-eabi-gcc -o "test_cases.elf" @"objects.list"   -mcpu=cortex-m3 -T"C:\Users\andyb\OneDrive\Desktop\School_Fall_24\Capstone\ECE-Stockroom-Capstone\test_cases\STM32L152RETX_FLASH.ld" --specs=nosys.specs -Wl,-Map="test_cases.map" -Wl,--gc-sections -static --specs=nano.specs -mfloat-abi=soft -mthumb -u _printf_float -u _scanf_float -Wl,--start-group -lc -lm -Wl,--end-group
Finished building target: test_cases.elf
 
arm-none-eabi-size  test_cases.elf 
arm-none-eabi-objdump -h -S test_cases.elf  > "test_cases.list"
   text	   data	    bss	    dec	    hex	filename
  37440	    476	   2052	  39968	   9c20	test_cases.elf
Finished building: default.size.stdout
 
Finished building: test_cases.list
 
16:52:03 **** Incremental Build of configuration Debug for project test_cases ****
make -j16 all 
arm-none-eabi-gcc "../Core/Src/main.c" -mcpu=cortex-m3 -std=gnu11 -g3 -DDEBUG -DUSE_HAL_DRIVER -DSTM32L152xE -c -I../Core/Inc -I../Drivers/STM32L1xx_HAL_Driver/Inc -I../Drivers/STM32L1xx_HAL_Driver/Inc/Legacy -I../Drivers/CMSIS/Device/ST/STM32L1xx/Include -I../Drivers/CMSIS/Include -O0 -ffunction-sections -fdata-sections -Wall -fstack-usage -fcyclomatic-complexity -MMD -MP -MF"Core/Src/main.d" -MT"Core/Src/main.o" --specs=nano.specs -mfloat-abi=soft -mthumb -o "Core/Src/main.o"
arm-none-eabi-gcc -o "test_cases.elf" @"objects.list"   -mcpu=cortex-m3 -T"C:\Users\andyb\OneDrive\Desktop\School_Fall_24\Capstone\ECE-Stockroom-Capstone\test_cases\STM32L152RETX_FLASH.ld" --specs=nosys.specs -Wl,-Map="test_cases.map" -Wl,--gc-sections -static --specs=nano.specs -mfloat-abi=soft -mthumb -u _printf_float -u _scanf_float -Wl,--start-group -lc -lm -Wl,--end-group
Finished building target: test_cases.elf
 
arm-none-eabi-size  test_cases.elf 
arm-none-eabi-objdump -h -S test_cases.elf  > "test_cases.list"
   text	   data	    bss	    dec	    hex	filename
  37448	    476	   2052	  39976	   9c28	test_cases.elf
Finished building: default.size.stdout
 
Finished building: test_cases.list
 
16:55:04 **** Incremental Build of configuration Debug for project test_cases ****
make -j16 all 
arm-none-eabi-gcc "../Core/Src/main.c" -mcpu=cortex-m3 -std=gnu11 -g3 -DDEBUG -DUSE_HAL_DRIVER -DSTM32L152xE -c -I../Core/Inc -I../Drivers/STM32L1xx_HAL_Driver/Inc -I../Drivers/STM32L1xx_HAL_Driver/Inc/Legacy -I../Drivers/CMSIS/Device/ST/STM32L1xx/Include -I../Drivers/CMSIS/Include -O0 -ffunction-sections -fdata-sections -Wall -fstack-usage -fcyclomatic-complexity -MMD -MP -MF"Core/Src/main.d" -MT"Core/Src/main.o" --specs=nano.specs -mfloat-abi=soft -mthumb -o "Core/Src/main.o"
../Core/Src/main.c: In function 'weigh':
../Core/Src/main.c:144:41: error: expected ';' before ')' token
  144 |   milligram = (int)(average - tare)*1000)*coefficient;
      |                                         ^
      |                                         ;
../Core/Src/main.c:144:41: error: expected statement before ')' token
../Core/Src/main.c:144:42: error: invalid type argument of unary '*' (have 'float')
  144 |   milligram = (int)(average - tare)*1000)*coefficient;
      |                                          ^~~~~~~~~~~~
make: *** [Core/Src/subdir.mk:43: Core/Src/main.o] Error 1
"make -j16 all" terminated with exit code 2. Build might be incomplete.
16:55:17 **** Incremental Build of configuration Debug for project test_cases ****
make -j16 all 
arm-none-eabi-gcc "../Core/Src/main.c" -mcpu=cortex-m3 -std=gnu11 -g3 -DDEBUG -DUSE_HAL_DRIVER -DSTM32L152xE -c -I../Core/Inc -I../Drivers/STM32L1xx_HAL_Driver/Inc -I../Drivers/STM32L1xx_HAL_Driver/Inc/Legacy -I../Drivers/CMSIS/Device/ST/STM32L1xx/Include -I../Drivers/CMSIS/Include -O0 -ffunction-sections -fdata-sections -Wall -fstack-usage -fcyclomatic-complexity -MMD -MP -MF"Core/Src/main.d" -MT"Core/Src/main.o" --specs=nano.specs -mfloat-abi=soft -mthumb -o "Core/Src/main.o"
arm-none-eabi-gcc -o "test_cases.elf" @"objects.list"   -mcpu=cortex-m3 -T"C:\Users\andyb\OneDrive\Desktop\School_Fall_24\Capstone\ECE-Stockroom-Capstone\test_cases\STM32L152RETX_FLASH.ld" --specs=nosys.specs -Wl,-Map="test_cases.map" -Wl,--gc-sections -static --specs=nano.specs -mfloat-abi=soft -mthumb -u _printf_float -u _scanf_float -Wl,--start-group -lc -lm -Wl,--end-group
Finished building target: test_cases.elf
 
arm-none-eabi-size  test_cases.elf 
arm-none-eabi-objdump -h -S test_cases.elf  > "test_cases.list"
   text	   data	    bss	    dec	    hex	filename
  37448	    476	   2052	  39976	   9c28	test_cases.elf
Finished building: default.size.stdout
 
Finished building: test_cases.list
 
16:56:55 **** Incremental Build of configuration Debug for project test_cases ****
make -j16 all 
arm-none-eabi-gcc "../Core/Src/main.c" -mcpu=cortex-m3 -std=gnu11 -g3 -DDEBUG -DUSE_HAL_DRIVER -DSTM32L152xE -c -I../Core/Inc -I../Drivers/STM32L1xx_HAL_Driver/Inc -I../Drivers/STM32L1xx_HAL_Driver/Inc/Legacy -I../Drivers/CMSIS/Device/ST/STM32L1xx/Include -I../Drivers/CMSIS/Include -O0 -ffunction-sections -fdata-sections -Wall -fstack-usage -fcyclomatic-complexity -MMD -MP -MF"Core/Src/main.d" -MT"Core/Src/main.o" --specs=nano.specs -mfloat-abi=soft -mthumb -o "Core/Src/main.o"
arm-none-eabi-gcc -o "test_cases.elf" @"objects.list"   -mcpu=cortex-m3 -T"C:\Users\andyb\OneDrive\Desktop\School_Fall_24\Capstone\ECE-Stockroom-Capstone\test_cases\STM32L152RETX_FLASH.ld" --specs=nosys.specs -Wl,-Map="test_cases.map" -Wl,--gc-sections -static --specs=nano.specs -mfloat-abi=soft -mthumb -u _printf_float -u _scanf_float -Wl,--start-group -lc -lm -Wl,--end-group
Finished building target: test_cases.elf
 
arm-none-eabi-size  test_cases.elf 
arm-none-eabi-objdump -h -S test_cases.elf  > "test_cases.list"
   text	   data	    bss	    dec	    hex	filename
  37448	    476	   2052	  39976	   9c28	test_cases.elf
Finished building: default.size.stdout
 
Finished building: test_cases.list
 
16:58:46 **** Incremental Build of configuration Debug for project test_cases ****
make -j16 all 
arm-none-eabi-gcc "../Core/Src/main.c" -mcpu=cortex-m3 -std=gnu11 -g3 -DDEBUG -DUSE_HAL_DRIVER -DSTM32L152xE -c -I../Core/Inc -I../Drivers/STM32L1xx_HAL_Driver/Inc -I../Drivers/STM32L1xx_HAL_Driver/Inc/Legacy -I../Drivers/CMSIS/Device/ST/STM32L1xx/Include -I../Drivers/CMSIS/Include -O0 -ffunction-sections -fdata-sections -Wall -fstack-usage -fcyclomatic-complexity -MMD -MP -MF"Core/Src/main.d" -MT"Core/Src/main.o" --specs=nano.specs -mfloat-abi=soft -mthumb -o "Core/Src/main.o"
arm-none-eabi-gcc -o "test_cases.elf" @"objects.list"   -mcpu=cortex-m3 -T"C:\Users\andyb\OneDrive\Desktop\School_Fall_24\Capstone\ECE-Stockroom-Capstone\test_cases\STM32L152RETX_FLASH.ld" --specs=nosys.specs -Wl,-Map="test_cases.map" -Wl,--gc-sections -static --specs=nano.specs -mfloat-abi=soft -mthumb -u _printf_float -u _scanf_float -Wl,--start-group -lc -lm -Wl,--end-group
Finished building target: test_cases.elf
 
arm-none-eabi-size  test_cases.elf 
arm-none-eabi-objdump -h -S test_cases.elf  > "test_cases.list"
   text	   data	    bss	    dec	    hex	filename
  37448	    476	   2052	  39976	   9c28	test_cases.elf
Finished building: default.size.stdout
 
Finished building: test_cases.list
 
17:00:18 **** Incremental Build of configuration Debug for project test_cases ****
make -j16 all 
arm-none-eabi-gcc "../Core/Src/main.c" -mcpu=cortex-m3 -std=gnu11 -g3 -DDEBUG -DUSE_HAL_DRIVER -DSTM32L152xE -c -I../Core/Inc -I../Drivers/STM32L1xx_HAL_Driver/Inc -I../Drivers/STM32L1xx_HAL_Driver/Inc/Legacy -I../Drivers/CMSIS/Device/ST/STM32L1xx/Include -I../Drivers/CMSIS/Include -O0 -ffunction-sections -fdata-sections -Wall -fstack-usage -fcyclomatic-complexity -MMD -MP -MF"Core/Src/main.d" -MT"Core/Src/main.o" --specs=nano.specs -mfloat-abi=soft -mthumb -o "Core/Src/main.o"
arm-none-eabi-gcc -o "test_cases.elf" @"objects.list"   -mcpu=cortex-m3 -T"C:\Users\andyb\OneDrive\Desktop\School_Fall_24\Capstone\ECE-Stockroom-Capstone\test_cases\STM32L152RETX_FLASH.ld" --specs=nosys.specs -Wl,-Map="test_cases.map" -Wl,--gc-sections -static --specs=nano.specs -mfloat-abi=soft -mthumb -u _printf_float -u _scanf_float -Wl,--start-group -lc -lm -Wl,--end-group
Finished building target: test_cases.elf
 
arm-none-eabi-size  test_cases.elf 
arm-none-eabi-objdump -h -S test_cases.elf  > "test_cases.list"
   text	   data	    bss	    dec	    hex	filename
  37448	    476	   2052	  39976	   9c28	test_cases.elf
Finished building: default.size.stdout
 
Finished building: test_cases.list
 
17:01:39 **** Incremental Build of configuration Debug for project test_cases ****
make -j16 all 
arm-none-eabi-gcc "../Core/Src/main.c" -mcpu=cortex-m3 -std=gnu11 -g3 -DDEBUG -DUSE_HAL_DRIVER -DSTM32L152xE -c -I../Core/Inc -I../Drivers/STM32L1xx_HAL_Driver/Inc -I../Drivers/STM32L1xx_HAL_Driver/Inc/Legacy -I../Drivers/CMSIS/Device/ST/STM32L1xx/Include -I../Drivers/CMSIS/Include -O0 -ffunction-sections -fdata-sections -Wall -fstack-usage -fcyclomatic-complexity -MMD -MP -MF"Core/Src/main.d" -MT"Core/Src/main.o" --specs=nano.specs -mfloat-abi=soft -mthumb -o "Core/Src/main.o"
arm-none-eabi-gcc -o "test_cases.elf" @"objects.list"   -mcpu=cortex-m3 -T"C:\Users\andyb\OneDrive\Desktop\School_Fall_24\Capstone\ECE-Stockroom-Capstone\test_cases\STM32L152RETX_FLASH.ld" --specs=nosys.specs -Wl,-Map="test_cases.map" -Wl,--gc-sections -static --specs=nano.specs -mfloat-abi=soft -mthumb -u _printf_float -u _scanf_float -Wl,--start-group -lc -lm -Wl,--end-group
Finished building target: test_cases.elf
 
arm-none-eabi-size  test_cases.elf 
arm-none-eabi-objdump -h -S test_cases.elf  > "test_cases.list"
   text	   data	    bss	    dec	    hex	filename
  37704	    476	   2052	  40232	   9d28	test_cases.elf
Finished building: default.size.stdout
 
Finished building: test_cases.list
 
17:08:04 **** Incremental Build of configuration Debug for project test_cases ****
make -j16 all 
arm-none-eabi-gcc "../Core/Src/main.c" -mcpu=cortex-m3 -std=gnu11 -g3 -DDEBUG -DUSE_HAL_DRIVER -DSTM32L152xE -c -I../Core/Inc -I../Drivers/STM32L1xx_HAL_Driver/Inc -I../Drivers/STM32L1xx_HAL_Driver/Inc/Legacy -I../Drivers/CMSIS/Device/ST/STM32L1xx/Include -I../Drivers/CMSIS/Include -O0 -ffunction-sections -fdata-sections -Wall -fstack-usage -fcyclomatic-complexity -MMD -MP -MF"Core/Src/main.d" -MT"Core/Src/main.o" --specs=nano.specs -mfloat-abi=soft -mthumb -o "Core/Src/main.o"
arm-none-eabi-gcc -o "test_cases.elf" @"objects.list"   -mcpu=cortex-m3 -T"C:\Users\andyb\OneDrive\Desktop\School_Fall_24\Capstone\ECE-Stockroom-Capstone\test_cases\STM32L152RETX_FLASH.ld" --specs=nosys.specs -Wl,-Map="test_cases.map" -Wl,--gc-sections -static --specs=nano.specs -mfloat-abi=soft -mthumb -u _printf_float -u _scanf_float -Wl,--start-group -lc -lm -Wl,--end-group
Finished building target: test_cases.elf
 
arm-none-eabi-size  test_cases.elf 
arm-none-eabi-objdump -h -S test_cases.elf  > "test_cases.list"
   text	   data	    bss	    dec	    hex	filename
  37696	    476	   2052	  40224	   9d20	test_cases.elf
Finished building: default.size.stdout
 
Finished building: test_cases.list
 
