23:28:25 **** Incremental Build of configuration Debug for project Final_Code_EEPROM_INTEGRATED ****
make -j16 all 
arm-none-eabi-gcc "../Core/Src/funtion_main.c" -mcpu=cortex-m4 -std=gnu11 -g3 -DDEBUG -DUSE_HAL_DRIVER -DSTM32F446xx -c -I../Core/Inc -I../Drivers/STM32F4xx_HAL_Driver/Inc -I../Drivers/STM32F4xx_HAL_Driver/Inc/Legacy -I../Drivers/CMSIS/Device/ST/STM32F4xx/Include -I../Drivers/CMSIS/Include -I../FATFS/Target -I../FATFS/App -I../Middlewares/Third_Party/FatFs/src -O0 -ffunction-sections -fdata-sections -Wall -fstack-usage -fcyclomatic-complexity -MMD -MP -MF"Core/Src/funtion_main.d" -MT"Core/Src/funtion_main.o" --specs=nano.specs -mfpu=fpv4-sp-d16 -mfloat-abi=hard -mthumb -o "Core/Src/funtion_main.o"
arm-none-eabi-gcc -o "Final_Code_EEPROM_INTEGRATED.elf" @"objects.list"   -mcpu=cortex-m4 -T"C:\Users\Soup Machine\Desktop\Capstone Instance\ECE-Stockroom-Capstone\Final_Code_EEPROM_INTEGRATED\STM32F446RETX_FLASH.ld" --specs=nosys.specs -Wl,-Map="Final_Code_EEPROM_INTEGRATED.map" -Wl,--gc-sections -static -u _scanf_float -u _printf_float --specs=nano.specs -mfpu=fpv4-sp-d16 -mfloat-abi=hard -mthumb -Wl,--start-group -lc -lm -Wl,--end-group
Finished building target: Final_Code_EEPROM_INTEGRATED.elf
 
arm-none-eabi-size  Final_Code_EEPROM_INTEGRATED.elf 
arm-none-eabi-objdump -h -S Final_Code_EEPROM_INTEGRATED.elf  > "Final_Code_EEPROM_INTEGRATED.list"
   text	   data	    bss	    dec	    hex	filename
  71124	    504	   5392	  77020	  12cdc	Final_Code_EEPROM_INTEGRATED.elf
Finished building: default.size.stdout
 
Finished building: Final_Code_EEPROM_INTEGRATED.list
 
