14:42:56 **** Incremental Build of configuration Debug for project EEPROM Testing ****
make -j16 all 
arm-none-eabi-gcc "../Core/Src/main.c" -mcpu=cortex-m4 -std=gnu11 -g3 -DDEBUG -DUSE_HAL_DRIVER -DSTM32F446xx -c -I../Core/Inc -I../Drivers/STM32F4xx_HAL_Driver/Inc -I../Drivers/STM32F4xx_HAL_Driver/Inc/Legacy -I../Drivers/CMSIS/Device/ST/STM32F4xx/Include -I../Drivers/CMSIS/Include -O0 -ffunction-sections -fdata-sections -Wall -fstack-usage -fcyclomatic-complexity -MMD -MP -MF"Core/Src/main.d" -MT"Core/Src/main.o" --specs=nano.specs -mfpu=fpv4-sp-d16 -mfloat-abi=hard -mthumb -o "Core/Src/main.o"
arm-none-eabi-gcc -o "EEPROM Testing.elf" @"objects.list"   -mcpu=cortex-m4 -T"C:\Users\andyb\OneDrive\Desktop\School_Fall_24\Capstone\ECE-Stockroom-Capstone\EEPROM Testing\STM32F446RETX_FLASH.ld" --specs=nosys.specs -Wl,-Map="EEPROM Testing.map" -Wl,--gc-sections -static --specs=nano.specs -mfpu=fpv4-sp-d16 -mfloat-abi=hard -mthumb -Wl,--start-group -lc -lm -Wl,--end-group
Finished building target: EEPROM Testing.elf
 
arm-none-eabi-size  EEPROM\ Testing.elf 
arm-none-eabi-objdump -h -S EEPROM\ Testing.elf  > "EEPROM Testing.list"
   text	   data	    bss	    dec	    hex	filename
  16688	    104	   2064	  18856	   49a8	EEPROM Testing.elf
Finished building: default.size.stdout
 
Finished building: EEPROM Testing.list
 
15:36:29 **** Incremental Build of configuration Debug for project EEPROM Testing ****
make -j16 all 
arm-none-eabi-gcc "../Core/Src/main.c" -mcpu=cortex-m4 -std=gnu11 -g3 -DDEBUG -DUSE_HAL_DRIVER -DSTM32F446xx -c -I../Core/Inc -I../Drivers/STM32F4xx_HAL_Driver/Inc -I../Drivers/STM32F4xx_HAL_Driver/Inc/Legacy -I../Drivers/CMSIS/Device/ST/STM32F4xx/Include -I../Drivers/CMSIS/Include -O0 -ffunction-sections -fdata-sections -Wall -fstack-usage -fcyclomatic-complexity -MMD -MP -MF"Core/Src/main.d" -MT"Core/Src/main.o" --specs=nano.specs -mfpu=fpv4-sp-d16 -mfloat-abi=hard -mthumb -o "Core/Src/main.o"
arm-none-eabi-gcc -o "EEPROM Testing.elf" @"objects.list"   -mcpu=cortex-m4 -T"C:\Users\andyb\OneDrive\Desktop\School_Fall_24\Capstone\ECE-Stockroom-Capstone\EEPROM Testing\STM32F446RETX_FLASH.ld" --specs=nosys.specs -Wl,-Map="EEPROM Testing.map" -Wl,--gc-sections -static --specs=nano.specs -mfpu=fpv4-sp-d16 -mfloat-abi=hard -mthumb -Wl,--start-group -lc -lm -Wl,--end-group
Finished building target: EEPROM Testing.elf
 
arm-none-eabi-size  EEPROM\ Testing.elf 
arm-none-eabi-objdump -h -S EEPROM\ Testing.elf  > "EEPROM Testing.list"
   text	   data	    bss	    dec	    hex	filename
  17168	    104	   2064	  19336	   4b88	EEPROM Testing.elf
Finished building: default.size.stdout
 
Finished building: EEPROM Testing.list
 
15:39:58 **** Incremental Build of configuration Debug for project EEPROM Testing ****
make -j16 all 
arm-none-eabi-size  EEPROM\ Testing.elf 
   text	   data	    bss	    dec	    hex	filename
  17168	    104	   2064	  19336	   4b88	EEPROM Testing.elf
Finished building: default.size.stdout
 
15:42:33 **** Incremental Build of configuration Debug for project EEPROM Testing ****
make -j16 all 
arm-none-eabi-gcc "../Core/Src/main.c" -mcpu=cortex-m4 -std=gnu11 -g3 -DDEBUG -DUSE_HAL_DRIVER -DSTM32F446xx -c -I../Core/Inc -I../Drivers/STM32F4xx_HAL_Driver/Inc -I../Drivers/STM32F4xx_HAL_Driver/Inc/Legacy -I../Drivers/CMSIS/Device/ST/STM32F4xx/Include -I../Drivers/CMSIS/Include -O0 -ffunction-sections -fdata-sections -Wall -fstack-usage -fcyclomatic-complexity -MMD -MP -MF"Core/Src/main.d" -MT"Core/Src/main.o" --specs=nano.specs -mfpu=fpv4-sp-d16 -mfloat-abi=hard -mthumb -o "Core/Src/main.o"
arm-none-eabi-gcc -o "EEPROM Testing.elf" @"objects.list"   -mcpu=cortex-m4 -T"C:\Users\andyb\OneDrive\Desktop\School_Fall_24\Capstone\ECE-Stockroom-Capstone\EEPROM Testing\STM32F446RETX_FLASH.ld" --specs=nosys.specs -Wl,-Map="EEPROM Testing.map" -Wl,--gc-sections -static --specs=nano.specs -mfpu=fpv4-sp-d16 -mfloat-abi=hard -mthumb -Wl,--start-group -lc -lm -Wl,--end-group
Finished building target: EEPROM Testing.elf
 
arm-none-eabi-size  EEPROM\ Testing.elf 
arm-none-eabi-objdump -h -S EEPROM\ Testing.elf  > "EEPROM Testing.list"
   text	   data	    bss	    dec	    hex	filename
  17168	    104	   2064	  19336	   4b88	EEPROM Testing.elf
Finished building: default.size.stdout
 
Finished building: EEPROM Testing.list
 
15:43:06 **** Incremental Build of configuration Debug for project EEPROM Testing ****
make -j16 all 
arm-none-eabi-size  EEPROM\ Testing.elf 
   text	   data	    bss	    dec	    hex	filename
  17168	    104	   2064	  19336	   4b88	EEPROM Testing.elf
Finished building: default.size.stdout
 
15:45:07 **** Incremental Build of configuration Debug for project EEPROM Testing ****
make -j16 all 
arm-none-eabi-gcc "../Core/Src/main.c" -mcpu=cortex-m4 -std=gnu11 -g3 -DDEBUG -DUSE_HAL_DRIVER -DSTM32F446xx -c -I../Core/Inc -I../Drivers/STM32F4xx_HAL_Driver/Inc -I../Drivers/STM32F4xx_HAL_Driver/Inc/Legacy -I../Drivers/CMSIS/Device/ST/STM32F4xx/Include -I../Drivers/CMSIS/Include -O0 -ffunction-sections -fdata-sections -Wall -fstack-usage -fcyclomatic-complexity -MMD -MP -MF"Core/Src/main.d" -MT"Core/Src/main.o" --specs=nano.specs -mfpu=fpv4-sp-d16 -mfloat-abi=hard -mthumb -o "Core/Src/main.o"
arm-none-eabi-gcc -o "EEPROM Testing.elf" @"objects.list"   -mcpu=cortex-m4 -T"C:\Users\andyb\OneDrive\Desktop\School_Fall_24\Capstone\ECE-Stockroom-Capstone\EEPROM Testing\STM32F446RETX_FLASH.ld" --specs=nosys.specs -Wl,-Map="EEPROM Testing.map" -Wl,--gc-sections -static --specs=nano.specs -mfpu=fpv4-sp-d16 -mfloat-abi=hard -mthumb -Wl,--start-group -lc -lm -Wl,--end-group
Finished building target: EEPROM Testing.elf
 
arm-none-eabi-size  EEPROM\ Testing.elf 
arm-none-eabi-objdump -h -S EEPROM\ Testing.elf  > "EEPROM Testing.list"
   text	   data	    bss	    dec	    hex	filename
  17180	    104	   2064	  19348	   4b94	EEPROM Testing.elf
Finished building: default.size.stdout
 
Finished building: EEPROM Testing.list
 
15:46:07 **** Incremental Build of configuration Debug for project EEPROM Testing ****
make -j16 all 
arm-none-eabi-gcc "../Core/Src/main.c" -mcpu=cortex-m4 -std=gnu11 -g3 -DDEBUG -DUSE_HAL_DRIVER -DSTM32F446xx -c -I../Core/Inc -I../Drivers/STM32F4xx_HAL_Driver/Inc -I../Drivers/STM32F4xx_HAL_Driver/Inc/Legacy -I../Drivers/CMSIS/Device/ST/STM32F4xx/Include -I../Drivers/CMSIS/Include -O0 -ffunction-sections -fdata-sections -Wall -fstack-usage -fcyclomatic-complexity -MMD -MP -MF"Core/Src/main.d" -MT"Core/Src/main.o" --specs=nano.specs -mfpu=fpv4-sp-d16 -mfloat-abi=hard -mthumb -o "Core/Src/main.o"
arm-none-eabi-gcc -o "EEPROM Testing.elf" @"objects.list"   -mcpu=cortex-m4 -T"C:\Users\andyb\OneDrive\Desktop\School_Fall_24\Capstone\ECE-Stockroom-Capstone\EEPROM Testing\STM32F446RETX_FLASH.ld" --specs=nosys.specs -Wl,-Map="EEPROM Testing.map" -Wl,--gc-sections -static --specs=nano.specs -mfpu=fpv4-sp-d16 -mfloat-abi=hard -mthumb -Wl,--start-group -lc -lm -Wl,--end-group
Finished building target: EEPROM Testing.elf
 
arm-none-eabi-size  EEPROM\ Testing.elf 
arm-none-eabi-objdump -h -S EEPROM\ Testing.elf  > "EEPROM Testing.list"
   text	   data	    bss	    dec	    hex	filename
  17168	    104	   2064	  19336	   4b88	EEPROM Testing.elf
Finished building: default.size.stdout
 
Finished building: EEPROM Testing.list
 
15:55:57 **** Incremental Build of configuration Debug for project EEPROM Testing ****
make -j16 all 
arm-none-eabi-size  EEPROM\ Testing.elf 
   text	   data	    bss	    dec	    hex	filename
  17168	    104	   2064	  19336	   4b88	EEPROM Testing.elf
Finished building: default.size.stdout
 
15:56:46 **** Incremental Build of configuration Debug for project EEPROM Testing ****
make -j16 all 
arm-none-eabi-gcc "../Core/Src/main.c" -mcpu=cortex-m4 -std=gnu11 -g3 -DDEBUG -DUSE_HAL_DRIVER -DSTM32F446xx -c -I../Core/Inc -I../Drivers/STM32F4xx_HAL_Driver/Inc -I../Drivers/STM32F4xx_HAL_Driver/Inc/Legacy -I../Drivers/CMSIS/Device/ST/STM32F4xx/Include -I../Drivers/CMSIS/Include -O0 -ffunction-sections -fdata-sections -Wall -fstack-usage -fcyclomatic-complexity -MMD -MP -MF"Core/Src/main.d" -MT"Core/Src/main.o" --specs=nano.specs -mfpu=fpv4-sp-d16 -mfloat-abi=hard -mthumb -o "Core/Src/main.o"
arm-none-eabi-gcc -o "EEPROM Testing.elf" @"objects.list"   -mcpu=cortex-m4 -T"C:\Users\andyb\OneDrive\Desktop\School_Fall_24\Capstone\ECE-Stockroom-Capstone\EEPROM Testing\STM32F446RETX_FLASH.ld" --specs=nosys.specs -Wl,-Map="EEPROM Testing.map" -Wl,--gc-sections -static --specs=nano.specs -mfpu=fpv4-sp-d16 -mfloat-abi=hard -mthumb -Wl,--start-group -lc -lm -Wl,--end-group
Finished building target: EEPROM Testing.elf
 
arm-none-eabi-size  EEPROM\ Testing.elf 
arm-none-eabi-objdump -h -S EEPROM\ Testing.elf  > "EEPROM Testing.list"
   text	   data	    bss	    dec	    hex	filename
  17180	    104	   2064	  19348	   4b94	EEPROM Testing.elf
Finished building: default.size.stdout
 
Finished building: EEPROM Testing.list
 
15:58:20 **** Incremental Build of configuration Debug for project EEPROM Testing ****
make -j16 all 
arm-none-eabi-size  EEPROM\ Testing.elf 
   text	   data	    bss	    dec	    hex	filename
  17180	    104	   2064	  19348	   4b94	EEPROM Testing.elf
Finished building: default.size.stdout
 
15:59:02 **** Incremental Build of configuration Debug for project EEPROM Testing ****
make -j16 all 
arm-none-eabi-size  EEPROM\ Testing.elf 
   text	   data	    bss	    dec	    hex	filename
  17180	    104	   2064	  19348	   4b94	EEPROM Testing.elf
Finished building: default.size.stdout
 
16:00:01 **** Incremental Build of configuration Debug for project EEPROM Testing ****
make -j16 all 
arm-none-eabi-size  EEPROM\ Testing.elf 
   text	   data	    bss	    dec	    hex	filename
  17180	    104	   2064	  19348	   4b94	EEPROM Testing.elf
Finished building: default.size.stdout
 
16:04:08 **** Incremental Build of configuration Debug for project EEPROM Testing ****
make -j16 all 
arm-none-eabi-size  EEPROM\ Testing.elf 
   text	   data	    bss	    dec	    hex	filename
  17180	    104	   2064	  19348	   4b94	EEPROM Testing.elf
Finished building: default.size.stdout
 
16:04:54 **** Incremental Build of configuration Debug for project EEPROM Testing ****
make -j16 all 
arm-none-eabi-size  EEPROM\ Testing.elf 
   text	   data	    bss	    dec	    hex	filename
  17180	    104	   2064	  19348	   4b94	EEPROM Testing.elf
Finished building: default.size.stdout
 
16:06:06 **** Incremental Build of configuration Debug for project EEPROM Testing ****
make -j16 all 
arm-none-eabi-size  EEPROM\ Testing.elf 
   text	   data	    bss	    dec	    hex	filename
  17180	    104	   2064	  19348	   4b94	EEPROM Testing.elf
Finished building: default.size.stdout
 
16:06:18 **** Incremental Build of configuration Debug for project EEPROM Testing ****
make -j16 all 
arm-none-eabi-size  EEPROM\ Testing.elf 
   text	   data	    bss	    dec	    hex	filename
  17180	    104	   2064	  19348	   4b94	EEPROM Testing.elf
Finished building: default.size.stdout
 
16:07:12 **** Incremental Build of configuration Debug for project EEPROM Testing ****
make -j16 all 
arm-none-eabi-size  EEPROM\ Testing.elf 
   text	   data	    bss	    dec	    hex	filename
  17180	    104	   2064	  19348	   4b94	EEPROM Testing.elf
Finished building: default.size.stdout
 
16:07:40 **** Incremental Build of configuration Debug for project EEPROM Testing ****
make -j16 all 
arm-none-eabi-size  EEPROM\ Testing.elf 
   text	   data	    bss	    dec	    hex	filename
  17180	    104	   2064	  19348	   4b94	EEPROM Testing.elf
Finished building: default.size.stdout
 
16:08:13 **** Incremental Build of configuration Debug for project EEPROM Testing ****
make -j16 all 
arm-none-eabi-size  EEPROM\ Testing.elf 
   text	   data	    bss	    dec	    hex	filename
  17180	    104	   2064	  19348	   4b94	EEPROM Testing.elf
Finished building: default.size.stdout
 
16:08:56 **** Incremental Build of configuration Debug for project EEPROM Testing ****
make -j16 all 
arm-none-eabi-size  EEPROM\ Testing.elf 
   text	   data	    bss	    dec	    hex	filename
  17180	    104	   2064	  19348	   4b94	EEPROM Testing.elf
Finished building: default.size.stdout
 
16:11:55 **** Incremental Build of configuration Debug for project EEPROM Testing ****
make -j16 all 
arm-none-eabi-size  EEPROM\ Testing.elf 
   text	   data	    bss	    dec	    hex	filename
  17180	    104	   2064	  19348	   4b94	EEPROM Testing.elf
Finished building: default.size.stdout
 
16:14:42 **** Incremental Build of configuration Debug for project EEPROM Testing ****
make -j16 all 
arm-none-eabi-gcc "../Core/Src/main.c" -mcpu=cortex-m4 -std=gnu11 -g3 -DDEBUG -DUSE_HAL_DRIVER -DSTM32F446xx -c -I../Core/Inc -I../Drivers/STM32F4xx_HAL_Driver/Inc -I../Drivers/STM32F4xx_HAL_Driver/Inc/Legacy -I../Drivers/CMSIS/Device/ST/STM32F4xx/Include -I../Drivers/CMSIS/Include -O0 -ffunction-sections -fdata-sections -Wall -fstack-usage -fcyclomatic-complexity -MMD -MP -MF"Core/Src/main.d" -MT"Core/Src/main.o" --specs=nano.specs -mfpu=fpv4-sp-d16 -mfloat-abi=hard -mthumb -o "Core/Src/main.o"
arm-none-eabi-gcc -o "EEPROM Testing.elf" @"objects.list"   -mcpu=cortex-m4 -T"C:\Users\andyb\OneDrive\Desktop\School_Fall_24\Capstone\ECE-Stockroom-Capstone\EEPROM Testing\STM32F446RETX_FLASH.ld" --specs=nosys.specs -Wl,-Map="EEPROM Testing.map" -Wl,--gc-sections -static --specs=nano.specs -mfpu=fpv4-sp-d16 -mfloat-abi=hard -mthumb -Wl,--start-group -lc -lm -Wl,--end-group
Finished building target: EEPROM Testing.elf
 
arm-none-eabi-size  EEPROM\ Testing.elf 
arm-none-eabi-objdump -h -S EEPROM\ Testing.elf  > "EEPROM Testing.list"
   text	   data	    bss	    dec	    hex	filename
  17188	    104	   2064	  19356	   4b9c	EEPROM Testing.elf
Finished building: default.size.stdout
 
Finished building: EEPROM Testing.list
 
16:15:36 **** Incremental Build of configuration Debug for project EEPROM Testing ****
make -j16 all 
arm-none-eabi-size  EEPROM\ Testing.elf 
   text	   data	    bss	    dec	    hex	filename
  17188	    104	   2064	  19356	   4b9c	EEPROM Testing.elf
Finished building: default.size.stdout
 
16:21:27 **** Incremental Build of configuration Debug for project EEPROM Testing ****
make -j16 all 
arm-none-eabi-size  EEPROM\ Testing.elf 
   text	   data	    bss	    dec	    hex	filename
  17188	    104	   2064	  19356	   4b9c	EEPROM Testing.elf
Finished building: default.size.stdout
 
16:45:47 **** Incremental Build of configuration Debug for project EEPROM Testing ****
make -j16 all 
arm-none-eabi-gcc "../Core/Src/main.c" -mcpu=cortex-m4 -std=gnu11 -g3 -DDEBUG -DUSE_HAL_DRIVER -DSTM32F446xx -c -I../Core/Inc -I../Drivers/STM32F4xx_HAL_Driver/Inc -I../Drivers/STM32F4xx_HAL_Driver/Inc/Legacy -I../Drivers/CMSIS/Device/ST/STM32F4xx/Include -I../Drivers/CMSIS/Include -O0 -ffunction-sections -fdata-sections -Wall -fstack-usage -fcyclomatic-complexity -MMD -MP -MF"Core/Src/main.d" -MT"Core/Src/main.o" --specs=nano.specs -mfpu=fpv4-sp-d16 -mfloat-abi=hard -mthumb -o "Core/Src/main.o"
arm-none-eabi-gcc -o "EEPROM Testing.elf" @"objects.list"   -mcpu=cortex-m4 -T"C:\Users\andyb\OneDrive\Desktop\School_Fall_24\Capstone\ECE-Stockroom-Capstone\EEPROM Testing\STM32F446RETX_FLASH.ld" --specs=nosys.specs -Wl,-Map="EEPROM Testing.map" -Wl,--gc-sections -static --specs=nano.specs -mfpu=fpv4-sp-d16 -mfloat-abi=hard -mthumb -Wl,--start-group -lc -lm -Wl,--end-group
Finished building target: EEPROM Testing.elf
 
arm-none-eabi-size  EEPROM\ Testing.elf 
arm-none-eabi-objdump -h -S EEPROM\ Testing.elf  > "EEPROM Testing.list"
   text	   data	    bss	    dec	    hex	filename
   8824	     12	   1732	  10568	   2948	EEPROM Testing.elf
Finished building: default.size.stdout
 
Finished building: EEPROM Testing.list
 
16:48:50 **** Incremental Build of configuration Debug for project EEPROM Testing ****
make -j16 all 
arm-none-eabi-gcc "../Core/Src/main.c" -mcpu=cortex-m4 -std=gnu11 -g3 -DDEBUG -DUSE_HAL_DRIVER -DSTM32F446xx -c -I../Core/Inc -I../Drivers/STM32F4xx_HAL_Driver/Inc -I../Drivers/STM32F4xx_HAL_Driver/Inc/Legacy -I../Drivers/CMSIS/Device/ST/STM32F4xx/Include -I../Drivers/CMSIS/Include -O0 -ffunction-sections -fdata-sections -Wall -fstack-usage -fcyclomatic-complexity -MMD -MP -MF"Core/Src/main.d" -MT"Core/Src/main.o" --specs=nano.specs -mfpu=fpv4-sp-d16 -mfloat-abi=hard -mthumb -o "Core/Src/main.o"
arm-none-eabi-gcc -o "EEPROM Testing.elf" @"objects.list"   -mcpu=cortex-m4 -T"C:\Users\andyb\OneDrive\Desktop\School_Fall_24\Capstone\ECE-Stockroom-Capstone\EEPROM Testing\STM32F446RETX_FLASH.ld" --specs=nosys.specs -Wl,-Map="EEPROM Testing.map" -Wl,--gc-sections -static --specs=nano.specs -mfpu=fpv4-sp-d16 -mfloat-abi=hard -mthumb -Wl,--start-group -lc -lm -Wl,--end-group
Finished building target: EEPROM Testing.elf
 
arm-none-eabi-size  EEPROM\ Testing.elf 
arm-none-eabi-objdump -h -S EEPROM\ Testing.elf  > "EEPROM Testing.list"
   text	   data	    bss	    dec	    hex	filename
   8948	     12	   1732	  10692	   29c4	EEPROM Testing.elf
Finished building: default.size.stdout
 
Finished building: EEPROM Testing.list
 
16:53:22 **** Incremental Build of configuration Debug for project EEPROM Testing ****
make -j16 all 
arm-none-eabi-gcc "../Core/Src/main.c" -mcpu=cortex-m4 -std=gnu11 -g3 -DDEBUG -DUSE_HAL_DRIVER -DSTM32F446xx -c -I../Core/Inc -I../Drivers/STM32F4xx_HAL_Driver/Inc -I../Drivers/STM32F4xx_HAL_Driver/Inc/Legacy -I../Drivers/CMSIS/Device/ST/STM32F4xx/Include -I../Drivers/CMSIS/Include -O0 -ffunction-sections -fdata-sections -Wall -fstack-usage -fcyclomatic-complexity -MMD -MP -MF"Core/Src/main.d" -MT"Core/Src/main.o" --specs=nano.specs -mfpu=fpv4-sp-d16 -mfloat-abi=hard -mthumb -o "Core/Src/main.o"
arm-none-eabi-gcc -o "EEPROM Testing.elf" @"objects.list"   -mcpu=cortex-m4 -T"C:\Users\andyb\OneDrive\Desktop\School_Fall_24\Capstone\ECE-Stockroom-Capstone\EEPROM Testing\STM32F446RETX_FLASH.ld" --specs=nosys.specs -Wl,-Map="EEPROM Testing.map" -Wl,--gc-sections -static --specs=nano.specs -mfpu=fpv4-sp-d16 -mfloat-abi=hard -mthumb -Wl,--start-group -lc -lm -Wl,--end-group
Finished building target: EEPROM Testing.elf
 
arm-none-eabi-size  EEPROM\ Testing.elf 
arm-none-eabi-objdump -h -S EEPROM\ Testing.elf  > "EEPROM Testing.list"
   text	   data	    bss	    dec	    hex	filename
   8948	     12	   1732	  10692	   29c4	EEPROM Testing.elf
Finished building: default.size.stdout
 
Finished building: EEPROM Testing.list
 
16:54:23 **** Incremental Build of configuration Debug for project EEPROM Testing ****
make -j16 all 
arm-none-eabi-gcc "../Core/Src/main.c" -mcpu=cortex-m4 -std=gnu11 -g3 -DDEBUG -DUSE_HAL_DRIVER -DSTM32F446xx -c -I../Core/Inc -I../Drivers/STM32F4xx_HAL_Driver/Inc -I../Drivers/STM32F4xx_HAL_Driver/Inc/Legacy -I../Drivers/CMSIS/Device/ST/STM32F4xx/Include -I../Drivers/CMSIS/Include -O0 -ffunction-sections -fdata-sections -Wall -fstack-usage -fcyclomatic-complexity -MMD -MP -MF"Core/Src/main.d" -MT"Core/Src/main.o" --specs=nano.specs -mfpu=fpv4-sp-d16 -mfloat-abi=hard -mthumb -o "Core/Src/main.o"
arm-none-eabi-gcc -o "EEPROM Testing.elf" @"objects.list"   -mcpu=cortex-m4 -T"C:\Users\andyb\OneDrive\Desktop\School_Fall_24\Capstone\ECE-Stockroom-Capstone\EEPROM Testing\STM32F446RETX_FLASH.ld" --specs=nosys.specs -Wl,-Map="EEPROM Testing.map" -Wl,--gc-sections -static --specs=nano.specs -mfpu=fpv4-sp-d16 -mfloat-abi=hard -mthumb -Wl,--start-group -lc -lm -Wl,--end-group
Finished building target: EEPROM Testing.elf
 
arm-none-eabi-size  EEPROM\ Testing.elf 
arm-none-eabi-objdump -h -S EEPROM\ Testing.elf  > "EEPROM Testing.list"
   text	   data	    bss	    dec	    hex	filename
  17180	    104	   2064	  19348	   4b94	EEPROM Testing.elf
Finished building: default.size.stdout
 
Finished building: EEPROM Testing.list
 
16:57:51 **** Incremental Build of configuration Debug for project EEPROM Testing ****
make -j16 all 
arm-none-eabi-gcc "../Core/Src/main.c" -mcpu=cortex-m4 -std=gnu11 -g3 -DDEBUG -DUSE_HAL_DRIVER -DSTM32F446xx -c -I../Core/Inc -I../Drivers/STM32F4xx_HAL_Driver/Inc -I../Drivers/STM32F4xx_HAL_Driver/Inc/Legacy -I../Drivers/CMSIS/Device/ST/STM32F4xx/Include -I../Drivers/CMSIS/Include -O0 -ffunction-sections -fdata-sections -Wall -fstack-usage -fcyclomatic-complexity -MMD -MP -MF"Core/Src/main.d" -MT"Core/Src/main.o" --specs=nano.specs -mfpu=fpv4-sp-d16 -mfloat-abi=hard -mthumb -o "Core/Src/main.o"
arm-none-eabi-gcc -o "EEPROM Testing.elf" @"objects.list"   -mcpu=cortex-m4 -T"C:\Users\andyb\OneDrive\Desktop\School_Fall_24\Capstone\ECE-Stockroom-Capstone\EEPROM Testing\STM32F446RETX_FLASH.ld" --specs=nosys.specs -Wl,-Map="EEPROM Testing.map" -Wl,--gc-sections -static --specs=nano.specs -mfpu=fpv4-sp-d16 -mfloat-abi=hard -mthumb -Wl,--start-group -lc -lm -Wl,--end-group
Finished building target: EEPROM Testing.elf
 
arm-none-eabi-size  EEPROM\ Testing.elf 
arm-none-eabi-objdump -h -S EEPROM\ Testing.elf  > "EEPROM Testing.list"
   text	   data	    bss	    dec	    hex	filename
  17160	    104	   2064	  19328	   4b80	EEPROM Testing.elf
Finished building: default.size.stdout
 
Finished building: EEPROM Testing.list
 
17:04:16 **** Incremental Build of configuration Debug for project EEPROM Testing ****
make -j16 all 
arm-none-eabi-gcc "../Core/Src/main.c" -mcpu=cortex-m4 -std=gnu11 -g3 -DDEBUG -DUSE_HAL_DRIVER -DSTM32F446xx -c -I../Core/Inc -I../Drivers/STM32F4xx_HAL_Driver/Inc -I../Drivers/STM32F4xx_HAL_Driver/Inc/Legacy -I../Drivers/CMSIS/Device/ST/STM32F4xx/Include -I../Drivers/CMSIS/Include -O0 -ffunction-sections -fdata-sections -Wall -fstack-usage -fcyclomatic-complexity -MMD -MP -MF"Core/Src/main.d" -MT"Core/Src/main.o" --specs=nano.specs -mfpu=fpv4-sp-d16 -mfloat-abi=hard -mthumb -o "Core/Src/main.o"
arm-none-eabi-gcc -o "EEPROM Testing.elf" @"objects.list"   -mcpu=cortex-m4 -T"C:\Users\andyb\OneDrive\Desktop\School_Fall_24\Capstone\ECE-Stockroom-Capstone\EEPROM Testing\STM32F446RETX_FLASH.ld" --specs=nosys.specs -Wl,-Map="EEPROM Testing.map" -Wl,--gc-sections -static --specs=nano.specs -mfpu=fpv4-sp-d16 -mfloat-abi=hard -mthumb -Wl,--start-group -lc -lm -Wl,--end-group
Finished building target: EEPROM Testing.elf
 
arm-none-eabi-size  EEPROM\ Testing.elf 
arm-none-eabi-objdump -h -S EEPROM\ Testing.elf  > "EEPROM Testing.list"
   text	   data	    bss	    dec	    hex	filename
  17160	    104	   2064	  19328	   4b80	EEPROM Testing.elf
Finished building: default.size.stdout
 
Finished building: EEPROM Testing.list
 
17:09:32 **** Incremental Build of configuration Debug for project EEPROM Testing ****
make -j16 all 
arm-none-eabi-size  EEPROM\ Testing.elf 
   text	   data	    bss	    dec	    hex	filename
  17160	    104	   2064	  19328	   4b80	EEPROM Testing.elf
Finished building: default.size.stdout
 
17:11:58 **** Incremental Build of configuration Debug for project EEPROM Testing ****
make -j16 all 
arm-none-eabi-size  EEPROM\ Testing.elf 
   text	   data	    bss	    dec	    hex	filename
  17160	    104	   2064	  19328	   4b80	EEPROM Testing.elf
Finished building: default.size.stdout
 
18:01:53 **** Incremental Build of configuration Debug for project EEPROM Testing ****
make -j16 all 
arm-none-eabi-gcc "../Core/Src/main.c" -mcpu=cortex-m4 -std=gnu11 -g3 -DDEBUG -DUSE_HAL_DRIVER -DSTM32F446xx -c -I../Core/Inc -I../Drivers/STM32F4xx_HAL_Driver/Inc -I../Drivers/STM32F4xx_HAL_Driver/Inc/Legacy -I../Drivers/CMSIS/Device/ST/STM32F4xx/Include -I../Drivers/CMSIS/Include -O0 -ffunction-sections -fdata-sections -Wall -fstack-usage -fcyclomatic-complexity -MMD -MP -MF"Core/Src/main.d" -MT"Core/Src/main.o" --specs=nano.specs -mfpu=fpv4-sp-d16 -mfloat-abi=hard -mthumb -o "Core/Src/main.o"
arm-none-eabi-gcc -o "EEPROM Testing.elf" @"objects.list"   -mcpu=cortex-m4 -T"C:\Users\andyb\OneDrive\Desktop\School_Fall_24\Capstone\ECE-Stockroom-Capstone\EEPROM Testing\STM32F446RETX_FLASH.ld" --specs=nosys.specs -Wl,-Map="EEPROM Testing.map" -Wl,--gc-sections -static --specs=nano.specs -mfpu=fpv4-sp-d16 -mfloat-abi=hard -mthumb -Wl,--start-group -lc -lm -Wl,--end-group
Finished building target: EEPROM Testing.elf
 
arm-none-eabi-size  EEPROM\ Testing.elf 
arm-none-eabi-objdump -h -S EEPROM\ Testing.elf  > "EEPROM Testing.list"
   text	   data	    bss	    dec	    hex	filename
   8824	     12	   1732	  10568	   2948	EEPROM Testing.elf
Finished building: default.size.stdout
 
Finished building: EEPROM Testing.list
 
18:15:59 **** Incremental Build of configuration Debug for project EEPROM Testing ****
make -j16 all 
arm-none-eabi-gcc "../Core/Src/main.c" -mcpu=cortex-m4 -std=gnu11 -g3 -DDEBUG -DUSE_HAL_DRIVER -DSTM32F446xx -c -I../Core/Inc -I../Drivers/STM32F4xx_HAL_Driver/Inc -I../Drivers/STM32F4xx_HAL_Driver/Inc/Legacy -I../Drivers/CMSIS/Device/ST/STM32F4xx/Include -I../Drivers/CMSIS/Include -O0 -ffunction-sections -fdata-sections -Wall -fstack-usage -fcyclomatic-complexity -MMD -MP -MF"Core/Src/main.d" -MT"Core/Src/main.o" --specs=nano.specs -mfpu=fpv4-sp-d16 -mfloat-abi=hard -mthumb -o "Core/Src/main.o"
arm-none-eabi-gcc -o "EEPROM Testing.elf" @"objects.list"   -mcpu=cortex-m4 -T"C:\Users\andyb\OneDrive\Desktop\School_Fall_24\Capstone\ECE-Stockroom-Capstone\EEPROM Testing\STM32F446RETX_FLASH.ld" --specs=nosys.specs -Wl,-Map="EEPROM Testing.map" -Wl,--gc-sections -static --specs=nano.specs -mfpu=fpv4-sp-d16 -mfloat-abi=hard -mthumb -Wl,--start-group -lc -lm -Wl,--end-group
Finished building target: EEPROM Testing.elf
 
arm-none-eabi-size  EEPROM\ Testing.elf 
arm-none-eabi-objdump -h -S EEPROM\ Testing.elf  > "EEPROM Testing.list"
   text	   data	    bss	    dec	    hex	filename
  17160	    104	   2064	  19328	   4b80	EEPROM Testing.elf
Finished building: default.size.stdout
 
Finished building: EEPROM Testing.list
 
18:18:40 **** Incremental Build of configuration Debug for project EEPROM Testing ****
make -j16 all 
arm-none-eabi-gcc "../Core/Src/main.c" -mcpu=cortex-m4 -std=gnu11 -g3 -DDEBUG -DUSE_HAL_DRIVER -DSTM32F446xx -c -I../Core/Inc -I../Drivers/STM32F4xx_HAL_Driver/Inc -I../Drivers/STM32F4xx_HAL_Driver/Inc/Legacy -I../Drivers/CMSIS/Device/ST/STM32F4xx/Include -I../Drivers/CMSIS/Include -O0 -ffunction-sections -fdata-sections -Wall -fstack-usage -fcyclomatic-complexity -MMD -MP -MF"Core/Src/main.d" -MT"Core/Src/main.o" --specs=nano.specs -mfpu=fpv4-sp-d16 -mfloat-abi=hard -mthumb -o "Core/Src/main.o"
arm-none-eabi-gcc -o "EEPROM Testing.elf" @"objects.list"   -mcpu=cortex-m4 -T"C:\Users\andyb\OneDrive\Desktop\School_Fall_24\Capstone\ECE-Stockroom-Capstone\EEPROM Testing\STM32F446RETX_FLASH.ld" --specs=nosys.specs -Wl,-Map="EEPROM Testing.map" -Wl,--gc-sections -static --specs=nano.specs -mfpu=fpv4-sp-d16 -mfloat-abi=hard -mthumb -Wl,--start-group -lc -lm -Wl,--end-group
Finished building target: EEPROM Testing.elf
 
arm-none-eabi-size  EEPROM\ Testing.elf 
arm-none-eabi-objdump -h -S EEPROM\ Testing.elf  > "EEPROM Testing.list"
   text	   data	    bss	    dec	    hex	filename
  17224	    104	   2064	  19392	   4bc0	EEPROM Testing.elf
Finished building: default.size.stdout
 
Finished building: EEPROM Testing.list
 
18:22:36 **** Incremental Build of configuration Debug for project EEPROM Testing ****
make -j16 all 
arm-none-eabi-gcc "../Core/Src/main.c" -mcpu=cortex-m4 -std=gnu11 -g3 -DDEBUG -DUSE_HAL_DRIVER -DSTM32F446xx -c -I../Core/Inc -I../Drivers/STM32F4xx_HAL_Driver/Inc -I../Drivers/STM32F4xx_HAL_Driver/Inc/Legacy -I../Drivers/CMSIS/Device/ST/STM32F4xx/Include -I../Drivers/CMSIS/Include -O0 -ffunction-sections -fdata-sections -Wall -fstack-usage -fcyclomatic-complexity -MMD -MP -MF"Core/Src/main.d" -MT"Core/Src/main.o" --specs=nano.specs -mfpu=fpv4-sp-d16 -mfloat-abi=hard -mthumb -o "Core/Src/main.o"
arm-none-eabi-gcc -o "EEPROM Testing.elf" @"objects.list"   -mcpu=cortex-m4 -T"C:\Users\andyb\OneDrive\Desktop\School_Fall_24\Capstone\ECE-Stockroom-Capstone\EEPROM Testing\STM32F446RETX_FLASH.ld" --specs=nosys.specs -Wl,-Map="EEPROM Testing.map" -Wl,--gc-sections -static --specs=nano.specs -mfpu=fpv4-sp-d16 -mfloat-abi=hard -mthumb -Wl,--start-group -lc -lm -Wl,--end-group
Finished building target: EEPROM Testing.elf
 
arm-none-eabi-size  EEPROM\ Testing.elf 
arm-none-eabi-objdump -h -S EEPROM\ Testing.elf  > "EEPROM Testing.list"
   text	   data	    bss	    dec	    hex	filename
   8824	     12	   1732	  10568	   2948	EEPROM Testing.elf
Finished building: default.size.stdout
 
Finished building: EEPROM Testing.list
 
18:28:40 **** Incremental Build of configuration Debug for project EEPROM Testing ****
make -j16 all 
arm-none-eabi-gcc "../Core/Src/main.c" -mcpu=cortex-m4 -std=gnu11 -g3 -DDEBUG -DUSE_HAL_DRIVER -DSTM32F446xx -c -I../Core/Inc -I../Drivers/STM32F4xx_HAL_Driver/Inc -I../Drivers/STM32F4xx_HAL_Driver/Inc/Legacy -I../Drivers/CMSIS/Device/ST/STM32F4xx/Include -I../Drivers/CMSIS/Include -O0 -ffunction-sections -fdata-sections -Wall -fstack-usage -fcyclomatic-complexity -MMD -MP -MF"Core/Src/main.d" -MT"Core/Src/main.o" --specs=nano.specs -mfpu=fpv4-sp-d16 -mfloat-abi=hard -mthumb -o "Core/Src/main.o"
arm-none-eabi-gcc -o "EEPROM Testing.elf" @"objects.list"   -mcpu=cortex-m4 -T"C:\Users\andyb\OneDrive\Desktop\School_Fall_24\Capstone\ECE-Stockroom-Capstone\EEPROM Testing\STM32F446RETX_FLASH.ld" --specs=nosys.specs -Wl,-Map="EEPROM Testing.map" -Wl,--gc-sections -static --specs=nano.specs -mfpu=fpv4-sp-d16 -mfloat-abi=hard -mthumb -Wl,--start-group -lc -lm -Wl,--end-group
Finished building target: EEPROM Testing.elf
 
arm-none-eabi-size  EEPROM\ Testing.elf 
arm-none-eabi-objdump -h -S EEPROM\ Testing.elf  > "EEPROM Testing.list"
   text	   data	    bss	    dec	    hex	filename
   8840	     12	   1732	  10584	   2958	EEPROM Testing.elf
Finished building: default.size.stdout
 
Finished building: EEPROM Testing.list
 
18:29:50 **** Incremental Build of configuration Debug for project EEPROM Testing ****
make -j16 all 
arm-none-eabi-gcc "../Core/Src/main.c" -mcpu=cortex-m4 -std=gnu11 -g3 -DDEBUG -DUSE_HAL_DRIVER -DSTM32F446xx -c -I../Core/Inc -I../Drivers/STM32F4xx_HAL_Driver/Inc -I../Drivers/STM32F4xx_HAL_Driver/Inc/Legacy -I../Drivers/CMSIS/Device/ST/STM32F4xx/Include -I../Drivers/CMSIS/Include -O0 -ffunction-sections -fdata-sections -Wall -fstack-usage -fcyclomatic-complexity -MMD -MP -MF"Core/Src/main.d" -MT"Core/Src/main.o" --specs=nano.specs -mfpu=fpv4-sp-d16 -mfloat-abi=hard -mthumb -o "Core/Src/main.o"
arm-none-eabi-gcc -o "EEPROM Testing.elf" @"objects.list"   -mcpu=cortex-m4 -T"C:\Users\andyb\OneDrive\Desktop\School_Fall_24\Capstone\ECE-Stockroom-Capstone\EEPROM Testing\STM32F446RETX_FLASH.ld" --specs=nosys.specs -Wl,-Map="EEPROM Testing.map" -Wl,--gc-sections -static --specs=nano.specs -mfpu=fpv4-sp-d16 -mfloat-abi=hard -mthumb -Wl,--start-group -lc -lm -Wl,--end-group
Finished building target: EEPROM Testing.elf
 
arm-none-eabi-size  EEPROM\ Testing.elf 
arm-none-eabi-objdump -h -S EEPROM\ Testing.elf  > "EEPROM Testing.list"
   text	   data	    bss	    dec	    hex	filename
   8840	     12	   1732	  10584	   2958	EEPROM Testing.elf
Finished building: default.size.stdout
 
Finished building: EEPROM Testing.list
 
18:30:38 **** Incremental Build of configuration Debug for project EEPROM Testing ****
make -j16 all 
arm-none-eabi-gcc "../Core/Src/main.c" -mcpu=cortex-m4 -std=gnu11 -g3 -DDEBUG -DUSE_HAL_DRIVER -DSTM32F446xx -c -I../Core/Inc -I../Drivers/STM32F4xx_HAL_Driver/Inc -I../Drivers/STM32F4xx_HAL_Driver/Inc/Legacy -I../Drivers/CMSIS/Device/ST/STM32F4xx/Include -I../Drivers/CMSIS/Include -O0 -ffunction-sections -fdata-sections -Wall -fstack-usage -fcyclomatic-complexity -MMD -MP -MF"Core/Src/main.d" -MT"Core/Src/main.o" --specs=nano.specs -mfpu=fpv4-sp-d16 -mfloat-abi=hard -mthumb -o "Core/Src/main.o"
arm-none-eabi-gcc -o "EEPROM Testing.elf" @"objects.list"   -mcpu=cortex-m4 -T"C:\Users\andyb\OneDrive\Desktop\School_Fall_24\Capstone\ECE-Stockroom-Capstone\EEPROM Testing\STM32F446RETX_FLASH.ld" --specs=nosys.specs -Wl,-Map="EEPROM Testing.map" -Wl,--gc-sections -static --specs=nano.specs -mfpu=fpv4-sp-d16 -mfloat-abi=hard -mthumb -Wl,--start-group -lc -lm -Wl,--end-group
Finished building target: EEPROM Testing.elf
 
arm-none-eabi-size  EEPROM\ Testing.elf 
arm-none-eabi-objdump -h -S EEPROM\ Testing.elf  > "EEPROM Testing.list"
   text	   data	    bss	    dec	    hex	filename
  17208	    104	   2064	  19376	   4bb0	EEPROM Testing.elf
Finished building: default.size.stdout
 
Finished building: EEPROM Testing.list
 
18:34:48 **** Incremental Build of configuration Debug for project EEPROM Testing ****
make -j16 all 
arm-none-eabi-size  EEPROM\ Testing.elf 
   text	   data	    bss	    dec	    hex	filename
  17208	    104	   2064	  19376	   4bb0	EEPROM Testing.elf
Finished building: default.size.stdout
 
18:42:14 **** Incremental Build of configuration Debug for project EEPROM Testing ****
make -j16 all 
arm-none-eabi-size  EEPROM\ Testing.elf 
   text	   data	    bss	    dec	    hex	filename
  17208	    104	   2064	  19376	   4bb0	EEPROM Testing.elf
Finished building: default.size.stdout
 
18:43:18 **** Incremental Build of configuration Debug for project EEPROM Testing ****
make -j16 all 
arm-none-eabi-gcc "../Core/Src/main.c" -mcpu=cortex-m4 -std=gnu11 -g3 -DDEBUG -DUSE_HAL_DRIVER -DSTM32F446xx -c -I../Core/Inc -I../Drivers/STM32F4xx_HAL_Driver/Inc -I../Drivers/STM32F4xx_HAL_Driver/Inc/Legacy -I../Drivers/CMSIS/Device/ST/STM32F4xx/Include -I../Drivers/CMSIS/Include -O0 -ffunction-sections -fdata-sections -Wall -fstack-usage -fcyclomatic-complexity -MMD -MP -MF"Core/Src/main.d" -MT"Core/Src/main.o" --specs=nano.specs -mfpu=fpv4-sp-d16 -mfloat-abi=hard -mthumb -o "Core/Src/main.o"
arm-none-eabi-gcc -o "EEPROM Testing.elf" @"objects.list"   -mcpu=cortex-m4 -T"C:\Users\andyb\OneDrive\Desktop\School_Fall_24\Capstone\ECE-Stockroom-Capstone\EEPROM Testing\STM32F446RETX_FLASH.ld" --specs=nosys.specs -Wl,-Map="EEPROM Testing.map" -Wl,--gc-sections -static --specs=nano.specs -mfpu=fpv4-sp-d16 -mfloat-abi=hard -mthumb -Wl,--start-group -lc -lm -Wl,--end-group
Finished building target: EEPROM Testing.elf
 
arm-none-eabi-size  EEPROM\ Testing.elf 
arm-none-eabi-objdump -h -S EEPROM\ Testing.elf  > "EEPROM Testing.list"
   text	   data	    bss	    dec	    hex	filename
  17208	    104	   2064	  19376	   4bb0	EEPROM Testing.elf
Finished building: default.size.stdout
 
Finished building: EEPROM Testing.list
 
18:58:58 **** Incremental Build of configuration Debug for project EEPROM Testing ****
make -j16 all 
arm-none-eabi-size  EEPROM\ Testing.elf 
   text	   data	    bss	    dec	    hex	filename
  17208	    104	   2064	  19376	   4bb0	EEPROM Testing.elf
Finished building: default.size.stdout
 
19:58:21 **** Incremental Build of configuration Debug for project EEPROM Testing ****
make -j16 all 
arm-none-eabi-gcc "../Core/Src/main.c" -mcpu=cortex-m4 -std=gnu11 -g3 -DDEBUG -DUSE_HAL_DRIVER -DSTM32F446xx -c -I../Core/Inc -I../Drivers/STM32F4xx_HAL_Driver/Inc -I../Drivers/STM32F4xx_HAL_Driver/Inc/Legacy -I../Drivers/CMSIS/Device/ST/STM32F4xx/Include -I../Drivers/CMSIS/Include -O0 -ffunction-sections -fdata-sections -Wall -fstack-usage -fcyclomatic-complexity -MMD -MP -MF"Core/Src/main.d" -MT"Core/Src/main.o" --specs=nano.specs -mfpu=fpv4-sp-d16 -mfloat-abi=hard -mthumb -o "Core/Src/main.o"
arm-none-eabi-gcc -o "EEPROM Testing.elf" @"objects.list"   -mcpu=cortex-m4 -T"C:\Users\andyb\OneDrive\Desktop\School_Fall_24\Capstone\ECE-Stockroom-Capstone\EEPROM Testing\STM32F446RETX_FLASH.ld" --specs=nosys.specs -Wl,-Map="EEPROM Testing.map" -Wl,--gc-sections -static --specs=nano.specs -mfpu=fpv4-sp-d16 -mfloat-abi=hard -mthumb -Wl,--start-group -lc -lm -Wl,--end-group
Finished building target: EEPROM Testing.elf
 
arm-none-eabi-size  EEPROM\ Testing.elf 
arm-none-eabi-objdump -h -S EEPROM\ Testing.elf  > "EEPROM Testing.list"
   text	   data	    bss	    dec	    hex	filename
  17208	    104	   2064	  19376	   4bb0	EEPROM Testing.elf
Finished building: default.size.stdout
 
Finished building: EEPROM Testing.list
 
20:02:43 **** Incremental Build of configuration Debug for project EEPROM Testing ****
make -j16 all 
arm-none-eabi-size  EEPROM\ Testing.elf 
   text	   data	    bss	    dec	    hex	filename
  17208	    104	   2064	  19376	   4bb0	EEPROM Testing.elf
Finished building: default.size.stdout
 
20:06:21 **** Incremental Build of configuration Debug for project EEPROM Testing ****
make -j16 all 
arm-none-eabi-size  EEPROM\ Testing.elf 
   text	   data	    bss	    dec	    hex	filename
  17208	    104	   2064	  19376	   4bb0	EEPROM Testing.elf
Finished building: default.size.stdout
 
20:09:13 **** Incremental Build of configuration Debug for project EEPROM Testing ****
make -j16 all 
arm-none-eabi-gcc "../Core/Src/main.c" -mcpu=cortex-m4 -std=gnu11 -g3 -DDEBUG -DUSE_HAL_DRIVER -DSTM32F446xx -c -I../Core/Inc -I../Drivers/STM32F4xx_HAL_Driver/Inc -I../Drivers/STM32F4xx_HAL_Driver/Inc/Legacy -I../Drivers/CMSIS/Device/ST/STM32F4xx/Include -I../Drivers/CMSIS/Include -O0 -ffunction-sections -fdata-sections -Wall -fstack-usage -fcyclomatic-complexity -MMD -MP -MF"Core/Src/main.d" -MT"Core/Src/main.o" --specs=nano.specs -mfpu=fpv4-sp-d16 -mfloat-abi=hard -mthumb -o "Core/Src/main.o"
arm-none-eabi-gcc -o "EEPROM Testing.elf" @"objects.list"   -mcpu=cortex-m4 -T"C:\Users\andyb\OneDrive\Desktop\School_Fall_24\Capstone\ECE-Stockroom-Capstone\EEPROM Testing\STM32F446RETX_FLASH.ld" --specs=nosys.specs -Wl,-Map="EEPROM Testing.map" -Wl,--gc-sections -static --specs=nano.specs -mfpu=fpv4-sp-d16 -mfloat-abi=hard -mthumb -Wl,--start-group -lc -lm -Wl,--end-group
Finished building target: EEPROM Testing.elf
 
arm-none-eabi-size  EEPROM\ Testing.elf 
arm-none-eabi-objdump -h -S EEPROM\ Testing.elf  > "EEPROM Testing.list"
   text	   data	    bss	    dec	    hex	filename
   8964	     12	   1732	  10708	   29d4	EEPROM Testing.elf
Finished building: default.size.stdout
 
Finished building: EEPROM Testing.list
 
20:42:28 **** Incremental Build of configuration Debug for project EEPROM Testing ****
make -j16 all 
arm-none-eabi-gcc "../Core/Src/main.c" -mcpu=cortex-m4 -std=gnu11 -g3 -DDEBUG -DUSE_HAL_DRIVER -DSTM32F446xx -c -I../Core/Inc -I../Drivers/STM32F4xx_HAL_Driver/Inc -I../Drivers/STM32F4xx_HAL_Driver/Inc/Legacy -I../Drivers/CMSIS/Device/ST/STM32F4xx/Include -I../Drivers/CMSIS/Include -O0 -ffunction-sections -fdata-sections -Wall -fstack-usage -fcyclomatic-complexity -MMD -MP -MF"Core/Src/main.d" -MT"Core/Src/main.o" --specs=nano.specs -mfpu=fpv4-sp-d16 -mfloat-abi=hard -mthumb -o "Core/Src/main.o"
arm-none-eabi-gcc -o "EEPROM Testing.elf" @"objects.list"   -mcpu=cortex-m4 -T"C:\Users\andyb\OneDrive\Desktop\School_Fall_24\Capstone\ECE-Stockroom-Capstone\EEPROM Testing\STM32F446RETX_FLASH.ld" --specs=nosys.specs -Wl,-Map="EEPROM Testing.map" -Wl,--gc-sections -static --specs=nano.specs -mfpu=fpv4-sp-d16 -mfloat-abi=hard -mthumb -Wl,--start-group -lc -lm -Wl,--end-group
Finished building target: EEPROM Testing.elf
 
arm-none-eabi-size  EEPROM\ Testing.elf 
arm-none-eabi-objdump -h -S EEPROM\ Testing.elf  > "EEPROM Testing.list"
   text	   data	    bss	    dec	    hex	filename
  17208	    104	   2064	  19376	   4bb0	EEPROM Testing.elf
Finished building: default.size.stdout
 
Finished building: EEPROM Testing.list
 
20:46:50 **** Incremental Build of configuration Debug for project EEPROM Testing ****
make -j16 all 
arm-none-eabi-gcc "../Core/Src/main.c" -mcpu=cortex-m4 -std=gnu11 -g3 -DDEBUG -DUSE_HAL_DRIVER -DSTM32F446xx -c -I../Core/Inc -I../Drivers/STM32F4xx_HAL_Driver/Inc -I../Drivers/STM32F4xx_HAL_Driver/Inc/Legacy -I../Drivers/CMSIS/Device/ST/STM32F4xx/Include -I../Drivers/CMSIS/Include -O0 -ffunction-sections -fdata-sections -Wall -fstack-usage -fcyclomatic-complexity -MMD -MP -MF"Core/Src/main.d" -MT"Core/Src/main.o" --specs=nano.specs -mfpu=fpv4-sp-d16 -mfloat-abi=hard -mthumb -o "Core/Src/main.o"
arm-none-eabi-gcc -o "EEPROM Testing.elf" @"objects.list"   -mcpu=cortex-m4 -T"C:\Users\andyb\OneDrive\Desktop\School_Fall_24\Capstone\ECE-Stockroom-Capstone\EEPROM Testing\STM32F446RETX_FLASH.ld" --specs=nosys.specs -Wl,-Map="EEPROM Testing.map" -Wl,--gc-sections -static --specs=nano.specs -mfpu=fpv4-sp-d16 -mfloat-abi=hard -mthumb -Wl,--start-group -lc -lm -Wl,--end-group
Finished building target: EEPROM Testing.elf
 
arm-none-eabi-size  EEPROM\ Testing.elf 
arm-none-eabi-objdump -h -S EEPROM\ Testing.elf  > "EEPROM Testing.list"
   text	   data	    bss	    dec	    hex	filename
   8840	     12	   1732	  10584	   2958	EEPROM Testing.elf
Finished building: default.size.stdout
 
Finished building: EEPROM Testing.list
 
20:48:10 **** Incremental Build of configuration Debug for project EEPROM Testing ****
make -j16 all 
arm-none-eabi-gcc "../Core/Src/main.c" -mcpu=cortex-m4 -std=gnu11 -g3 -DDEBUG -DUSE_HAL_DRIVER -DSTM32F446xx -c -I../Core/Inc -I../Drivers/STM32F4xx_HAL_Driver/Inc -I../Drivers/STM32F4xx_HAL_Driver/Inc/Legacy -I../Drivers/CMSIS/Device/ST/STM32F4xx/Include -I../Drivers/CMSIS/Include -O0 -ffunction-sections -fdata-sections -Wall -fstack-usage -fcyclomatic-complexity -MMD -MP -MF"Core/Src/main.d" -MT"Core/Src/main.o" --specs=nano.specs -mfpu=fpv4-sp-d16 -mfloat-abi=hard -mthumb -o "Core/Src/main.o"
arm-none-eabi-gcc -o "EEPROM Testing.elf" @"objects.list"   -mcpu=cortex-m4 -T"C:\Users\andyb\OneDrive\Desktop\School_Fall_24\Capstone\ECE-Stockroom-Capstone\EEPROM Testing\STM32F446RETX_FLASH.ld" --specs=nosys.specs -Wl,-Map="EEPROM Testing.map" -Wl,--gc-sections -static --specs=nano.specs -mfpu=fpv4-sp-d16 -mfloat-abi=hard -mthumb -Wl,--start-group -lc -lm -Wl,--end-group
Finished building target: EEPROM Testing.elf
 
arm-none-eabi-size  EEPROM\ Testing.elf 
arm-none-eabi-objdump -h -S EEPROM\ Testing.elf  > "EEPROM Testing.list"
   text	   data	    bss	    dec	    hex	filename
  17224	    104	   2064	  19392	   4bc0	EEPROM Testing.elf
Finished building: default.size.stdout
 
Finished building: EEPROM Testing.list
 
20:53:02 **** Incremental Build of configuration Debug for project EEPROM Testing ****
make -j16 all 
arm-none-eabi-size  EEPROM\ Testing.elf 
   text	   data	    bss	    dec	    hex	filename
  17224	    104	   2064	  19392	   4bc0	EEPROM Testing.elf
Finished building: default.size.stdout
 
20:53:51 **** Incremental Build of configuration Debug for project EEPROM Testing ****
make -j16 all 
arm-none-eabi-size  EEPROM\ Testing.elf 
   text	   data	    bss	    dec	    hex	filename
  17224	    104	   2064	  19392	   4bc0	EEPROM Testing.elf
Finished building: default.size.stdout
 
20:55:21 **** Incremental Build of configuration Debug for project EEPROM Testing ****
make -j16 all 
arm-none-eabi-size  EEPROM\ Testing.elf 
   text	   data	    bss	    dec	    hex	filename
  17224	    104	   2064	  19392	   4bc0	EEPROM Testing.elf
Finished building: default.size.stdout
 
21:03:15 **** Incremental Build of configuration Debug for project EEPROM Testing ****
make -j16 all 
arm-none-eabi-size  EEPROM\ Testing.elf 
   text	   data	    bss	    dec	    hex	filename
  17224	    104	   2064	  19392	   4bc0	EEPROM Testing.elf
Finished building: default.size.stdout
 
21:05:30 **** Incremental Build of configuration Debug for project EEPROM Testing ****
make -j16 all 
arm-none-eabi-size  EEPROM\ Testing.elf 
   text	   data	    bss	    dec	    hex	filename
  17224	    104	   2064	  19392	   4bc0	EEPROM Testing.elf
Finished building: default.size.stdout
 
21:06:54 **** Incremental Build of configuration Debug for project EEPROM Testing ****
make -j16 all 
arm-none-eabi-gcc "../Core/Src/main.c" -mcpu=cortex-m4 -std=gnu11 -g3 -DDEBUG -DUSE_HAL_DRIVER -DSTM32F446xx -c -I../Core/Inc -I../Drivers/STM32F4xx_HAL_Driver/Inc -I../Drivers/STM32F4xx_HAL_Driver/Inc/Legacy -I../Drivers/CMSIS/Device/ST/STM32F4xx/Include -I../Drivers/CMSIS/Include -O0 -ffunction-sections -fdata-sections -Wall -fstack-usage -fcyclomatic-complexity -MMD -MP -MF"Core/Src/main.d" -MT"Core/Src/main.o" --specs=nano.specs -mfpu=fpv4-sp-d16 -mfloat-abi=hard -mthumb -o "Core/Src/main.o"
arm-none-eabi-gcc -o "EEPROM Testing.elf" @"objects.list"   -mcpu=cortex-m4 -T"C:\Users\andyb\OneDrive\Desktop\School_Fall_24\Capstone\ECE-Stockroom-Capstone\EEPROM Testing\STM32F446RETX_FLASH.ld" --specs=nosys.specs -Wl,-Map="EEPROM Testing.map" -Wl,--gc-sections -static --specs=nano.specs -mfpu=fpv4-sp-d16 -mfloat-abi=hard -mthumb -Wl,--start-group -lc -lm -Wl,--end-group
Finished building target: EEPROM Testing.elf
 
arm-none-eabi-size  EEPROM\ Testing.elf 
arm-none-eabi-objdump -h -S EEPROM\ Testing.elf  > "EEPROM Testing.list"
   text	   data	    bss	    dec	    hex	filename
  17208	    104	   2064	  19376	   4bb0	EEPROM Testing.elf
Finished building: default.size.stdout
 
Finished building: EEPROM Testing.list
 
21:08:01 **** Incremental Build of configuration Debug for project EEPROM Testing ****
make -j16 all 
arm-none-eabi-size  EEPROM\ Testing.elf 
   text	   data	    bss	    dec	    hex	filename
  17208	    104	   2064	  19376	   4bb0	EEPROM Testing.elf
Finished building: default.size.stdout
 
21:11:47 **** Incremental Build of configuration Debug for project EEPROM Testing ****
make -j16 all 
arm-none-eabi-size  EEPROM\ Testing.elf 
   text	   data	    bss	    dec	    hex	filename
  17208	    104	   2064	  19376	   4bb0	EEPROM Testing.elf
Finished building: default.size.stdout
 
21:12:45 **** Incremental Build of configuration Debug for project EEPROM Testing ****
make -j16 all 
arm-none-eabi-size  EEPROM\ Testing.elf 
   text	   data	    bss	    dec	    hex	filename
  17208	    104	   2064	  19376	   4bb0	EEPROM Testing.elf
Finished building: default.size.stdout
 
19:42:28 **** Build of configuration Debug for project EEPROM Testing ****
make -j16 all 
arm-none-eabi-gcc "../Drivers/STM32F4xx_HAL_Driver/Src/stm32f4xx_hal.c" -mcpu=cortex-m4 -std=gnu11 -g3 -DDEBUG -DUSE_HAL_DRIVER -DSTM32F446xx -c -I../Core/Inc -I../Drivers/STM32F4xx_HAL_Driver/Inc -I../Drivers/STM32F4xx_HAL_Driver/Inc/Legacy -I../Drivers/CMSIS/Device/ST/STM32F4xx/Include -I../Drivers/CMSIS/Include -O0 -ffunction-sections -fdata-sections -Wall -fstack-usage -fcyclomatic-complexity -MMD -MP -MF"Drivers/STM32F4xx_HAL_Driver/Src/stm32f4xx_hal.d" -MT"Drivers/STM32F4xx_HAL_Driver/Src/stm32f4xx_hal.o" --specs=nano.specs -mfpu=fpv4-sp-d16 -mfloat-abi=hard -mthumb -o "Drivers/STM32F4xx_HAL_Driver/Src/stm32f4xx_hal.o"
arm-none-eabi-gcc "../Drivers/STM32F4xx_HAL_Driver/Src/stm32f4xx_hal_cortex.c" -mcpu=cortex-m4 -std=gnu11 -g3 -DDEBUG -DUSE_HAL_DRIVER -DSTM32F446xx -c -I../Core/Inc -I../Drivers/STM32F4xx_HAL_Driver/Inc -I../Drivers/STM32F4xx_HAL_Driver/Inc/Legacy -I../Drivers/CMSIS/Device/ST/STM32F4xx/Include -I../Drivers/CMSIS/Include -O0 -ffunction-sections -fdata-sections -Wall -fstack-usage -fcyclomatic-complexity -MMD -MP -MF"Drivers/STM32F4xx_HAL_Driver/Src/stm32f4xx_hal_cortex.d" -MT"Drivers/STM32F4xx_HAL_Driver/Src/stm32f4xx_hal_cortex.o" --specs=nano.specs -mfpu=fpv4-sp-d16 -mfloat-abi=hard -mthumb -o "Drivers/STM32F4xx_HAL_Driver/Src/stm32f4xx_hal_cortex.o"
arm-none-eabi-gcc "../Drivers/STM32F4xx_HAL_Driver/Src/stm32f4xx_hal_dma.c" -mcpu=cortex-m4 -std=gnu11 -g3 -DDEBUG -DUSE_HAL_DRIVER -DSTM32F446xx -c -I../Core/Inc -I../Drivers/STM32F4xx_HAL_Driver/Inc -I../Drivers/STM32F4xx_HAL_Driver/Inc/Legacy -I../Drivers/CMSIS/Device/ST/STM32F4xx/Include -I../Drivers/CMSIS/Include -O0 -ffunction-sections -fdata-sections -Wall -fstack-usage -fcyclomatic-complexity -MMD -MP -MF"Drivers/STM32F4xx_HAL_Driver/Src/stm32f4xx_hal_dma.d" -MT"Drivers/STM32F4xx_HAL_Driver/Src/stm32f4xx_hal_dma.o" --specs=nano.specs -mfpu=fpv4-sp-d16 -mfloat-abi=hard -mthumb -o "Drivers/STM32F4xx_HAL_Driver/Src/stm32f4xx_hal_dma.o"
arm-none-eabi-gcc "../Drivers/STM32F4xx_HAL_Driver/Src/stm32f4xx_hal_dma_ex.c" -mcpu=cortex-m4 -std=gnu11 -g3 -DDEBUG -DUSE_HAL_DRIVER -DSTM32F446xx -c -I../Core/Inc -I../Drivers/STM32F4xx_HAL_Driver/Inc -I../Drivers/STM32F4xx_HAL_Driver/Inc/Legacy -I../Drivers/CMSIS/Device/ST/STM32F4xx/Include -I../Drivers/CMSIS/Include -O0 -ffunction-sections -fdata-sections -Wall -fstack-usage -fcyclomatic-complexity -MMD -MP -MF"Drivers/STM32F4xx_HAL_Driver/Src/stm32f4xx_hal_dma_ex.d" -MT"Drivers/STM32F4xx_HAL_Driver/Src/stm32f4xx_hal_dma_ex.o" --specs=nano.specs -mfpu=fpv4-sp-d16 -mfloat-abi=hard -mthumb -o "Drivers/STM32F4xx_HAL_Driver/Src/stm32f4xx_hal_dma_ex.o"
arm-none-eabi-gcc "../Drivers/STM32F4xx_HAL_Driver/Src/stm32f4xx_hal_exti.c" -mcpu=cortex-m4 -std=gnu11 -g3 -DDEBUG -DUSE_HAL_DRIVER -DSTM32F446xx -c -I../Core/Inc -I../Drivers/STM32F4xx_HAL_Driver/Inc -I../Drivers/STM32F4xx_HAL_Driver/Inc/Legacy -I../Drivers/CMSIS/Device/ST/STM32F4xx/Include -I../Drivers/CMSIS/Include -O0 -ffunction-sections -fdata-sections -Wall -fstack-usage -fcyclomatic-complexity -MMD -MP -MF"Drivers/STM32F4xx_HAL_Driver/Src/stm32f4xx_hal_exti.d" -MT"Drivers/STM32F4xx_HAL_Driver/Src/stm32f4xx_hal_exti.o" --specs=nano.specs -mfpu=fpv4-sp-d16 -mfloat-abi=hard -mthumb -o "Drivers/STM32F4xx_HAL_Driver/Src/stm32f4xx_hal_exti.o"
arm-none-eabi-gcc "../Drivers/STM32F4xx_HAL_Driver/Src/stm32f4xx_hal_flash.c" -mcpu=cortex-m4 -std=gnu11 -g3 -DDEBUG -DUSE_HAL_DRIVER -DSTM32F446xx -c -I../Core/Inc -I../Drivers/STM32F4xx_HAL_Driver/Inc -I../Drivers/STM32F4xx_HAL_Driver/Inc/Legacy -I../Drivers/CMSIS/Device/ST/STM32F4xx/Include -I../Drivers/CMSIS/Include -O0 -ffunction-sections -fdata-sections -Wall -fstack-usage -fcyclomatic-complexity -MMD -MP -MF"Drivers/STM32F4xx_HAL_Driver/Src/stm32f4xx_hal_flash.d" -MT"Drivers/STM32F4xx_HAL_Driver/Src/stm32f4xx_hal_flash.o" --specs=nano.specs -mfpu=fpv4-sp-d16 -mfloat-abi=hard -mthumb -o "Drivers/STM32F4xx_HAL_Driver/Src/stm32f4xx_hal_flash.o"
arm-none-eabi-gcc "../Drivers/STM32F4xx_HAL_Driver/Src/stm32f4xx_hal_flash_ex.c" -mcpu=cortex-m4 -std=gnu11 -g3 -DDEBUG -DUSE_HAL_DRIVER -DSTM32F446xx -c -I../Core/Inc -I../Drivers/STM32F4xx_HAL_Driver/Inc -I../Drivers/STM32F4xx_HAL_Driver/Inc/Legacy -I../Drivers/CMSIS/Device/ST/STM32F4xx/Include -I../Drivers/CMSIS/Include -O0 -ffunction-sections -fdata-sections -Wall -fstack-usage -fcyclomatic-complexity -MMD -MP -MF"Drivers/STM32F4xx_HAL_Driver/Src/stm32f4xx_hal_flash_ex.d" -MT"Drivers/STM32F4xx_HAL_Driver/Src/stm32f4xx_hal_flash_ex.o" --specs=nano.specs -mfpu=fpv4-sp-d16 -mfloat-abi=hard -mthumb -o "Drivers/STM32F4xx_HAL_Driver/Src/stm32f4xx_hal_flash_ex.o"
arm-none-eabi-gcc "../Drivers/STM32F4xx_HAL_Driver/Src/stm32f4xx_hal_flash_ramfunc.c" -mcpu=cortex-m4 -std=gnu11 -g3 -DDEBUG -DUSE_HAL_DRIVER -DSTM32F446xx -c -I../Core/Inc -I../Drivers/STM32F4xx_HAL_Driver/Inc -I../Drivers/STM32F4xx_HAL_Driver/Inc/Legacy -I../Drivers/CMSIS/Device/ST/STM32F4xx/Include -I../Drivers/CMSIS/Include -O0 -ffunction-sections -fdata-sections -Wall -fstack-usage -fcyclomatic-complexity -MMD -MP -MF"Drivers/STM32F4xx_HAL_Driver/Src/stm32f4xx_hal_flash_ramfunc.d" -MT"Drivers/STM32F4xx_HAL_Driver/Src/stm32f4xx_hal_flash_ramfunc.o" --specs=nano.specs -mfpu=fpv4-sp-d16 -mfloat-abi=hard -mthumb -o "Drivers/STM32F4xx_HAL_Driver/Src/stm32f4xx_hal_flash_ramfunc.o"
arm-none-eabi-gcc "../Drivers/STM32F4xx_HAL_Driver/Src/stm32f4xx_hal_gpio.c" -mcpu=cortex-m4 -std=gnu11 -g3 -DDEBUG -DUSE_HAL_DRIVER -DSTM32F446xx -c -I../Core/Inc -I../Drivers/STM32F4xx_HAL_Driver/Inc -I../Drivers/STM32F4xx_HAL_Driver/Inc/Legacy -I../Drivers/CMSIS/Device/ST/STM32F4xx/Include -I../Drivers/CMSIS/Include -O0 -ffunction-sections -fdata-sections -Wall -fstack-usage -fcyclomatic-complexity -MMD -MP -MF"Drivers/STM32F4xx_HAL_Driver/Src/stm32f4xx_hal_gpio.d" -MT"Drivers/STM32F4xx_HAL_Driver/Src/stm32f4xx_hal_gpio.o" --specs=nano.specs -mfpu=fpv4-sp-d16 -mfloat-abi=hard -mthumb -o "Drivers/STM32F4xx_HAL_Driver/Src/stm32f4xx_hal_gpio.o"
arm-none-eabi-gcc "../Drivers/STM32F4xx_HAL_Driver/Src/stm32f4xx_hal_pwr.c" -mcpu=cortex-m4 -std=gnu11 -g3 -DDEBUG -DUSE_HAL_DRIVER -DSTM32F446xx -c -I../Core/Inc -I../Drivers/STM32F4xx_HAL_Driver/Inc -I../Drivers/STM32F4xx_HAL_Driver/Inc/Legacy -I../Drivers/CMSIS/Device/ST/STM32F4xx/Include -I../Drivers/CMSIS/Include -O0 -ffunction-sections -fdata-sections -Wall -fstack-usage -fcyclomatic-complexity -MMD -MP -MF"Drivers/STM32F4xx_HAL_Driver/Src/stm32f4xx_hal_pwr.d" -MT"Drivers/STM32F4xx_HAL_Driver/Src/stm32f4xx_hal_pwr.o" --specs=nano.specs -mfpu=fpv4-sp-d16 -mfloat-abi=hard -mthumb -o "Drivers/STM32F4xx_HAL_Driver/Src/stm32f4xx_hal_pwr.o"
arm-none-eabi-gcc "../Drivers/STM32F4xx_HAL_Driver/Src/stm32f4xx_hal_pwr_ex.c" -mcpu=cortex-m4 -std=gnu11 -g3 -DDEBUG -DUSE_HAL_DRIVER -DSTM32F446xx -c -I../Core/Inc -I../Drivers/STM32F4xx_HAL_Driver/Inc -I../Drivers/STM32F4xx_HAL_Driver/Inc/Legacy -I../Drivers/CMSIS/Device/ST/STM32F4xx/Include -I../Drivers/CMSIS/Include -O0 -ffunction-sections -fdata-sections -Wall -fstack-usage -fcyclomatic-complexity -MMD -MP -MF"Drivers/STM32F4xx_HAL_Driver/Src/stm32f4xx_hal_pwr_ex.d" -MT"Drivers/STM32F4xx_HAL_Driver/Src/stm32f4xx_hal_pwr_ex.o" --specs=nano.specs -mfpu=fpv4-sp-d16 -mfloat-abi=hard -mthumb -o "Drivers/STM32F4xx_HAL_Driver/Src/stm32f4xx_hal_pwr_ex.o"
arm-none-eabi-gcc "../Drivers/STM32F4xx_HAL_Driver/Src/stm32f4xx_hal_rcc.c" -mcpu=cortex-m4 -std=gnu11 -g3 -DDEBUG -DUSE_HAL_DRIVER -DSTM32F446xx -c -I../Core/Inc -I../Drivers/STM32F4xx_HAL_Driver/Inc -I../Drivers/STM32F4xx_HAL_Driver/Inc/Legacy -I../Drivers/CMSIS/Device/ST/STM32F4xx/Include -I../Drivers/CMSIS/Include -O0 -ffunction-sections -fdata-sections -Wall -fstack-usage -fcyclomatic-complexity -MMD -MP -MF"Drivers/STM32F4xx_HAL_Driver/Src/stm32f4xx_hal_rcc.d" -MT"Drivers/STM32F4xx_HAL_Driver/Src/stm32f4xx_hal_rcc.o" --specs=nano.specs -mfpu=fpv4-sp-d16 -mfloat-abi=hard -mthumb -o "Drivers/STM32F4xx_HAL_Driver/Src/stm32f4xx_hal_rcc.o"
arm-none-eabi-gcc "../Drivers/STM32F4xx_HAL_Driver/Src/stm32f4xx_hal_rcc_ex.c" -mcpu=cortex-m4 -std=gnu11 -g3 -DDEBUG -DUSE_HAL_DRIVER -DSTM32F446xx -c -I../Core/Inc -I../Drivers/STM32F4xx_HAL_Driver/Inc -I../Drivers/STM32F4xx_HAL_Driver/Inc/Legacy -I../Drivers/CMSIS/Device/ST/STM32F4xx/Include -I../Drivers/CMSIS/Include -O0 -ffunction-sections -fdata-sections -Wall -fstack-usage -fcyclomatic-complexity -MMD -MP -MF"Drivers/STM32F4xx_HAL_Driver/Src/stm32f4xx_hal_rcc_ex.d" -MT"Drivers/STM32F4xx_HAL_Driver/Src/stm32f4xx_hal_rcc_ex.o" --specs=nano.specs -mfpu=fpv4-sp-d16 -mfloat-abi=hard -mthumb -o "Drivers/STM32F4xx_HAL_Driver/Src/stm32f4xx_hal_rcc_ex.o"
arm-none-eabi-gcc "../Drivers/STM32F4xx_HAL_Driver/Src/stm32f4xx_hal_spi.c" -mcpu=cortex-m4 -std=gnu11 -g3 -DDEBUG -DUSE_HAL_DRIVER -DSTM32F446xx -c -I../Core/Inc -I../Drivers/STM32F4xx_HAL_Driver/Inc -I../Drivers/STM32F4xx_HAL_Driver/Inc/Legacy -I../Drivers/CMSIS/Device/ST/STM32F4xx/Include -I../Drivers/CMSIS/Include -O0 -ffunction-sections -fdata-sections -Wall -fstack-usage -fcyclomatic-complexity -MMD -MP -MF"Drivers/STM32F4xx_HAL_Driver/Src/stm32f4xx_hal_spi.d" -MT"Drivers/STM32F4xx_HAL_Driver/Src/stm32f4xx_hal_spi.o" --specs=nano.specs -mfpu=fpv4-sp-d16 -mfloat-abi=hard -mthumb -o "Drivers/STM32F4xx_HAL_Driver/Src/stm32f4xx_hal_spi.o"
arm-none-eabi-gcc "../Drivers/STM32F4xx_HAL_Driver/Src/stm32f4xx_hal_uart.c" -mcpu=cortex-m4 -std=gnu11 -g3 -DDEBUG -DUSE_HAL_DRIVER -DSTM32F446xx -c -I../Core/Inc -I../Drivers/STM32F4xx_HAL_Driver/Inc -I../Drivers/STM32F4xx_HAL_Driver/Inc/Legacy -I../Drivers/CMSIS/Device/ST/STM32F4xx/Include -I../Drivers/CMSIS/Include -O0 -ffunction-sections -fdata-sections -Wall -fstack-usage -fcyclomatic-complexity -MMD -MP -MF"Drivers/STM32F4xx_HAL_Driver/Src/stm32f4xx_hal_uart.d" -MT"Drivers/STM32F4xx_HAL_Driver/Src/stm32f4xx_hal_uart.o" --specs=nano.specs -mfpu=fpv4-sp-d16 -mfloat-abi=hard -mthumb -o "Drivers/STM32F4xx_HAL_Driver/Src/stm32f4xx_hal_uart.o"
arm-none-eabi-gcc -mcpu=cortex-m4 -g3 -DDEBUG -c -x assembler-with-cpp -MMD -MP -MF"Core/Startup/startup_stm32f446retx.d" -MT"Core/Startup/startup_stm32f446retx.o" --specs=nano.specs -mfpu=fpv4-sp-d16 -mfloat-abi=hard -mthumb -o "Core/Startup/startup_stm32f446retx.o" "../Core/Startup/startup_stm32f446retx.s"
arm-none-eabi-gcc "../Core/Src/main.c" -mcpu=cortex-m4 -std=gnu11 -g3 -DDEBUG -DUSE_HAL_DRIVER -DSTM32F446xx -c -I../Core/Inc -I../Drivers/STM32F4xx_HAL_Driver/Inc -I../Drivers/STM32F4xx_HAL_Driver/Inc/Legacy -I../Drivers/CMSIS/Device/ST/STM32F4xx/Include -I../Drivers/CMSIS/Include -O0 -ffunction-sections -fdata-sections -Wall -fstack-usage -fcyclomatic-complexity -MMD -MP -MF"Core/Src/main.d" -MT"Core/Src/main.o" --specs=nano.specs -mfpu=fpv4-sp-d16 -mfloat-abi=hard -mthumb -o "Core/Src/main.o"
arm-none-eabi-gcc "../Core/Src/stm32f4xx_hal_msp.c" -mcpu=cortex-m4 -std=gnu11 -g3 -DDEBUG -DUSE_HAL_DRIVER -DSTM32F446xx -c -I../Core/Inc -I../Drivers/STM32F4xx_HAL_Driver/Inc -I../Drivers/STM32F4xx_HAL_Driver/Inc/Legacy -I../Drivers/CMSIS/Device/ST/STM32F4xx/Include -I../Drivers/CMSIS/Include -O0 -ffunction-sections -fdata-sections -Wall -fstack-usage -fcyclomatic-complexity -MMD -MP -MF"Core/Src/stm32f4xx_hal_msp.d" -MT"Core/Src/stm32f4xx_hal_msp.o" --specs=nano.specs -mfpu=fpv4-sp-d16 -mfloat-abi=hard -mthumb -o "Core/Src/stm32f4xx_hal_msp.o"
arm-none-eabi-gcc "../Core/Src/stm32f4xx_it.c" -mcpu=cortex-m4 -std=gnu11 -g3 -DDEBUG -DUSE_HAL_DRIVER -DSTM32F446xx -c -I../Core/Inc -I../Drivers/STM32F4xx_HAL_Driver/Inc -I../Drivers/STM32F4xx_HAL_Driver/Inc/Legacy -I../Drivers/CMSIS/Device/ST/STM32F4xx/Include -I../Drivers/CMSIS/Include -O0 -ffunction-sections -fdata-sections -Wall -fstack-usage -fcyclomatic-complexity -MMD -MP -MF"Core/Src/stm32f4xx_it.d" -MT"Core/Src/stm32f4xx_it.o" --specs=nano.specs -mfpu=fpv4-sp-d16 -mfloat-abi=hard -mthumb -o "Core/Src/stm32f4xx_it.o"
arm-none-eabi-gcc "../Core/Src/syscalls.c" -mcpu=cortex-m4 -std=gnu11 -g3 -DDEBUG -DUSE_HAL_DRIVER -DSTM32F446xx -c -I../Core/Inc -I../Drivers/STM32F4xx_HAL_Driver/Inc -I../Drivers/STM32F4xx_HAL_Driver/Inc/Legacy -I../Drivers/CMSIS/Device/ST/STM32F4xx/Include -I../Drivers/CMSIS/Include -O0 -ffunction-sections -fdata-sections -Wall -fstack-usage -fcyclomatic-complexity -MMD -MP -MF"Core/Src/syscalls.d" -MT"Core/Src/syscalls.o" --specs=nano.specs -mfpu=fpv4-sp-d16 -mfloat-abi=hard -mthumb -o "Core/Src/syscalls.o"
arm-none-eabi-gcc "../Core/Src/sysmem.c" -mcpu=cortex-m4 -std=gnu11 -g3 -DDEBUG -DUSE_HAL_DRIVER -DSTM32F446xx -c -I../Core/Inc -I../Drivers/STM32F4xx_HAL_Driver/Inc -I../Drivers/STM32F4xx_HAL_Driver/Inc/Legacy -I../Drivers/CMSIS/Device/ST/STM32F4xx/Include -I../Drivers/CMSIS/Include -O0 -ffunction-sections -fdata-sections -Wall -fstack-usage -fcyclomatic-complexity -MMD -MP -MF"Core/Src/sysmem.d" -MT"Core/Src/sysmem.o" --specs=nano.specs -mfpu=fpv4-sp-d16 -mfloat-abi=hard -mthumb -o "Core/Src/sysmem.o"
arm-none-eabi-gcc "../Core/Src/system_stm32f4xx.c" -mcpu=cortex-m4 -std=gnu11 -g3 -DDEBUG -DUSE_HAL_DRIVER -DSTM32F446xx -c -I../Core/Inc -I../Drivers/STM32F4xx_HAL_Driver/Inc -I../Drivers/STM32F4xx_HAL_Driver/Inc/Legacy -I../Drivers/CMSIS/Device/ST/STM32F4xx/Include -I../Drivers/CMSIS/Include -O0 -ffunction-sections -fdata-sections -Wall -fstack-usage -fcyclomatic-complexity -MMD -MP -MF"Core/Src/system_stm32f4xx.d" -MT"Core/Src/system_stm32f4xx.o" --specs=nano.specs -mfpu=fpv4-sp-d16 -mfloat-abi=hard -mthumb -o "Core/Src/system_stm32f4xx.o"
arm-none-eabi-gcc -o "EEPROM Testing.elf" @"objects.list"   -mcpu=cortex-m4 -T"C:\Users\Soup Machine\Desktop\Capstone Instance\ECE-Stockroom-Capstone\EEPROM Testing\STM32F446RETX_FLASH.ld" --specs=nosys.specs -Wl,-Map="EEPROM Testing.map" -Wl,--gc-sections -static --specs=nano.specs -mfpu=fpv4-sp-d16 -mfloat-abi=hard -mthumb -Wl,--start-group -lc -lm -Wl,--end-group
Finished building target: EEPROM Testing.elf
 
arm-none-eabi-size  EEPROM\ Testing.elf 
arm-none-eabi-objdump -h -S EEPROM\ Testing.elf  > "EEPROM Testing.list"
   text	   data	    bss	    dec	    hex	filename
  17628	    104	   2064	  19796	   4d54	EEPROM Testing.elf
Finished building: default.size.stdout
 
Finished building: EEPROM Testing.list
 
15:55:25 **** Incremental Build of configuration Debug for project EEPROM Testing ****
make -j16 all 
arm-none-eabi-gcc "../Core/Src/main.c" -mcpu=cortex-m4 -std=gnu11 -g3 -DDEBUG -DUSE_HAL_DRIVER -DSTM32F446xx -c -I../Core/Inc -I../Drivers/STM32F4xx_HAL_Driver/Inc -I../Drivers/STM32F4xx_HAL_Driver/Inc/Legacy -I../Drivers/CMSIS/Device/ST/STM32F4xx/Include -I../Drivers/CMSIS/Include -O0 -ffunction-sections -fdata-sections -Wall -fstack-usage -fcyclomatic-complexity -MMD -MP -MF"Core/Src/main.d" -MT"Core/Src/main.o" --specs=nano.specs -mfpu=fpv4-sp-d16 -mfloat-abi=hard -mthumb -o "Core/Src/main.o"
arm-none-eabi-gcc -o "EEPROM Testing.elf" @"objects.list"   -mcpu=cortex-m4 -T"C:\Users\Soup Machine\Desktop\Capstone Instance\ECE-Stockroom-Capstone\EEPROM Testing\STM32F446RETX_FLASH.ld" --specs=nosys.specs -Wl,-Map="EEPROM Testing.map" -Wl,--gc-sections -static --specs=nano.specs -mfpu=fpv4-sp-d16 -mfloat-abi=hard -mthumb -Wl,--start-group -lc -lm -Wl,--end-group
Finished building target: EEPROM Testing.elf
 
arm-none-eabi-size  EEPROM\ Testing.elf 
   text	   data	    bss	    dec	    hex	filename
  17656	    104	   2064	  19824	   4d70	EEPROM Testing.elf
Finished building: default.size.stdout
 
17:39:27 **** Build of configuration Debug for project EEPROM Testing ****
make -j16 all 
arm-none-eabi-gcc "../Core/Src/main.c" -mcpu=cortex-m4 -std=gnu11 -g3 -DDEBUG -DUSE_HAL_DRIVER -DSTM32F446xx -c -I../Core/Inc -I../Drivers/STM32F4xx_HAL_Driver/Inc -I../Drivers/STM32F4xx_HAL_Driver/Inc/Legacy -I../Drivers/CMSIS/Device/ST/STM32F4xx/Include -I../Drivers/CMSIS/Include -O0 -ffunction-sections -fdata-sections -Wall -fstack-usage -fcyclomatic-complexity -MMD -MP -MF"Core/Src/main.d" -MT"Core/Src/main.o" --specs=nano.specs -mfpu=fpv4-sp-d16 -mfloat-abi=hard -mthumb -o "Core/Src/main.o"
arm-none-eabi-gcc -o "EEPROM Testing.elf" @"objects.list"   -mcpu=cortex-m4 -T"C:\Users\Soup Machine\Desktop\Capstone Instance\ECE-Stockroom-Capstone\EEPROM Testing\STM32F446RETX_FLASH.ld" --specs=nosys.specs -Wl,-Map="EEPROM Testing.map" -Wl,--gc-sections -static --specs=nano.specs -mfpu=fpv4-sp-d16 -mfloat-abi=hard -mthumb -Wl,--start-group -lc -lm -Wl,--end-group
Finished building target: EEPROM Testing.elf
 
arm-none-eabi-size  EEPROM\ Testing.elf 
   text	   data	    bss	    dec	    hex	filename
  17660	    104	   2064	  19828	   4d74	EEPROM Testing.elf
Finished building: default.size.stdout
 
19:12:09 **** Incremental Build of configuration Debug for project EEPROM Testing ****
make -j16 all 
arm-none-eabi-gcc "../Core/Src/main.c" -mcpu=cortex-m4 -std=gnu11 -g3 -DDEBUG -DUSE_HAL_DRIVER -DSTM32F446xx -c -I../Core/Inc -I../Drivers/STM32F4xx_HAL_Driver/Inc -I../Drivers/STM32F4xx_HAL_Driver/Inc/Legacy -I../Drivers/CMSIS/Device/ST/STM32F4xx/Include -I../Drivers/CMSIS/Include -O0 -ffunction-sections -fdata-sections -Wall -fstack-usage -fcyclomatic-complexity -MMD -MP -MF"Core/Src/main.d" -MT"Core/Src/main.o" --specs=nano.specs -mfpu=fpv4-sp-d16 -mfloat-abi=hard -mthumb -o "Core/Src/main.o"
arm-none-eabi-gcc -o "EEPROM Testing.elf" @"objects.list"   -mcpu=cortex-m4 -T"C:\Users\Soup Machine\Desktop\Capstone Instance\ECE-Stockroom-Capstone\EEPROM Testing\STM32F446RETX_FLASH.ld" --specs=nosys.specs -Wl,-Map="EEPROM Testing.map" -Wl,--gc-sections -static --specs=nano.specs -mfpu=fpv4-sp-d16 -mfloat-abi=hard -mthumb -Wl,--start-group -lc -lm -Wl,--end-group
Finished building target: EEPROM Testing.elf
 
arm-none-eabi-size  EEPROM\ Testing.elf 
   text	   data	    bss	    dec	    hex	filename
  17672	    104	   2064	  19840	   4d80	EEPROM Testing.elf
Finished building: default.size.stdout
 
