14:42:56 **** Incremental Build of configuration Debug for project EEPROM Testing ****
make -j16 all 
arm-none-eabi-gcc "../Core/Src/main.c" -mcpu=cortex-m4 -std=gnu11 -g3 -DDEBUG -DUSE_HAL_DRIVER -DSTM32F446xx -c -I../Core/Inc -I../Drivers/STM32F4xx_HAL_Driver/Inc -I../Drivers/STM32F4xx_HAL_Driver/Inc/Legacy -I../Drivers/CMSIS/Device/ST/STM32F4xx/Include -I../Drivers/CMSIS/Include -O0 -ffunction-sections -fdata-sections -Wall -fstack-usage -fcyclomatic-complexity -MMD -MP -MF"Core/Src/main.d" -MT"Core/Src/main.o" --specs=nano.specs -mfpu=fpv4-sp-d16 -mfloat-abi=hard -mthumb -o "Core/Src/main.o"
arm-none-eabi-gcc -o "EEPROM Testing.elf" @"objects.list"   -mcpu=cortex-m4 -T"C:\Users\andyb\OneDrive\Desktop\School_Fall_24\Capstone\ECE-Stockroom-Capstone\EEPROM Testing\STM32F446RETX_FLASH.ld" --specs=nosys.specs -Wl,-Map="EEPROM Testing.map" -Wl,--gc-sections -static --specs=nano.specs -mfpu=fpv4-sp-d16 -mfloat-abi=hard -mthumb -Wl,--start-group -lc -lm -Wl,--end-group
Finished building target: EEPROM Testing.elf
 
arm-none-eabi-size  EEPROM\ Testing.elf 
arm-none-eabi-objdump -h -S EEPROM\ Testing.elf  > "EEPROM Testing.list"
   text	   data	    bss	    dec	    hex	filename
  16688	    104	   2064	  18856	   49a8	EEPROM Testing.elf
Finished building: default.size.stdout
 
Finished building: EEPROM Testing.list
 
15:36:29 **** Incremental Build of configuration Debug for project EEPROM Testing ****
make -j16 all 
arm-none-eabi-gcc "../Core/Src/main.c" -mcpu=cortex-m4 -std=gnu11 -g3 -DDEBUG -DUSE_HAL_DRIVER -DSTM32F446xx -c -I../Core/Inc -I../Drivers/STM32F4xx_HAL_Driver/Inc -I../Drivers/STM32F4xx_HAL_Driver/Inc/Legacy -I../Drivers/CMSIS/Device/ST/STM32F4xx/Include -I../Drivers/CMSIS/Include -O0 -ffunction-sections -fdata-sections -Wall -fstack-usage -fcyclomatic-complexity -MMD -MP -MF"Core/Src/main.d" -MT"Core/Src/main.o" --specs=nano.specs -mfpu=fpv4-sp-d16 -mfloat-abi=hard -mthumb -o "Core/Src/main.o"
arm-none-eabi-gcc -o "EEPROM Testing.elf" @"objects.list"   -mcpu=cortex-m4 -T"C:\Users\andyb\OneDrive\Desktop\School_Fall_24\Capstone\ECE-Stockroom-Capstone\EEPROM Testing\STM32F446RETX_FLASH.ld" --specs=nosys.specs -Wl,-Map="EEPROM Testing.map" -Wl,--gc-sections -static --specs=nano.specs -mfpu=fpv4-sp-d16 -mfloat-abi=hard -mthumb -Wl,--start-group -lc -lm -Wl,--end-group
Finished building target: EEPROM Testing.elf
 
arm-none-eabi-size  EEPROM\ Testing.elf 
arm-none-eabi-objdump -h -S EEPROM\ Testing.elf  > "EEPROM Testing.list"
   text	   data	    bss	    dec	    hex	filename
  17168	    104	   2064	  19336	   4b88	EEPROM Testing.elf
Finished building: default.size.stdout
 
Finished building: EEPROM Testing.list
 
15:39:58 **** Incremental Build of configuration Debug for project EEPROM Testing ****
make -j16 all 
arm-none-eabi-size  EEPROM\ Testing.elf 
   text	   data	    bss	    dec	    hex	filename
  17168	    104	   2064	  19336	   4b88	EEPROM Testing.elf
Finished building: default.size.stdout
 
15:42:33 **** Incremental Build of configuration Debug for project EEPROM Testing ****
make -j16 all 
arm-none-eabi-gcc "../Core/Src/main.c" -mcpu=cortex-m4 -std=gnu11 -g3 -DDEBUG -DUSE_HAL_DRIVER -DSTM32F446xx -c -I../Core/Inc -I../Drivers/STM32F4xx_HAL_Driver/Inc -I../Drivers/STM32F4xx_HAL_Driver/Inc/Legacy -I../Drivers/CMSIS/Device/ST/STM32F4xx/Include -I../Drivers/CMSIS/Include -O0 -ffunction-sections -fdata-sections -Wall -fstack-usage -fcyclomatic-complexity -MMD -MP -MF"Core/Src/main.d" -MT"Core/Src/main.o" --specs=nano.specs -mfpu=fpv4-sp-d16 -mfloat-abi=hard -mthumb -o "Core/Src/main.o"
arm-none-eabi-gcc -o "EEPROM Testing.elf" @"objects.list"   -mcpu=cortex-m4 -T"C:\Users\andyb\OneDrive\Desktop\School_Fall_24\Capstone\ECE-Stockroom-Capstone\EEPROM Testing\STM32F446RETX_FLASH.ld" --specs=nosys.specs -Wl,-Map="EEPROM Testing.map" -Wl,--gc-sections -static --specs=nano.specs -mfpu=fpv4-sp-d16 -mfloat-abi=hard -mthumb -Wl,--start-group -lc -lm -Wl,--end-group
Finished building target: EEPROM Testing.elf
 
arm-none-eabi-size  EEPROM\ Testing.elf 
arm-none-eabi-objdump -h -S EEPROM\ Testing.elf  > "EEPROM Testing.list"
   text	   data	    bss	    dec	    hex	filename
  17168	    104	   2064	  19336	   4b88	EEPROM Testing.elf
Finished building: default.size.stdout
 
Finished building: EEPROM Testing.list
 
15:43:06 **** Incremental Build of configuration Debug for project EEPROM Testing ****
make -j16 all 
arm-none-eabi-size  EEPROM\ Testing.elf 
   text	   data	    bss	    dec	    hex	filename
  17168	    104	   2064	  19336	   4b88	EEPROM Testing.elf
Finished building: default.size.stdout
 
15:45:07 **** Incremental Build of configuration Debug for project EEPROM Testing ****
make -j16 all 
arm-none-eabi-gcc "../Core/Src/main.c" -mcpu=cortex-m4 -std=gnu11 -g3 -DDEBUG -DUSE_HAL_DRIVER -DSTM32F446xx -c -I../Core/Inc -I../Drivers/STM32F4xx_HAL_Driver/Inc -I../Drivers/STM32F4xx_HAL_Driver/Inc/Legacy -I../Drivers/CMSIS/Device/ST/STM32F4xx/Include -I../Drivers/CMSIS/Include -O0 -ffunction-sections -fdata-sections -Wall -fstack-usage -fcyclomatic-complexity -MMD -MP -MF"Core/Src/main.d" -MT"Core/Src/main.o" --specs=nano.specs -mfpu=fpv4-sp-d16 -mfloat-abi=hard -mthumb -o "Core/Src/main.o"
arm-none-eabi-gcc -o "EEPROM Testing.elf" @"objects.list"   -mcpu=cortex-m4 -T"C:\Users\andyb\OneDrive\Desktop\School_Fall_24\Capstone\ECE-Stockroom-Capstone\EEPROM Testing\STM32F446RETX_FLASH.ld" --specs=nosys.specs -Wl,-Map="EEPROM Testing.map" -Wl,--gc-sections -static --specs=nano.specs -mfpu=fpv4-sp-d16 -mfloat-abi=hard -mthumb -Wl,--start-group -lc -lm -Wl,--end-group
Finished building target: EEPROM Testing.elf
 
arm-none-eabi-size  EEPROM\ Testing.elf 
arm-none-eabi-objdump -h -S EEPROM\ Testing.elf  > "EEPROM Testing.list"
   text	   data	    bss	    dec	    hex	filename
  17180	    104	   2064	  19348	   4b94	EEPROM Testing.elf
Finished building: default.size.stdout
 
Finished building: EEPROM Testing.list
 
15:46:07 **** Incremental Build of configuration Debug for project EEPROM Testing ****
make -j16 all 
arm-none-eabi-gcc "../Core/Src/main.c" -mcpu=cortex-m4 -std=gnu11 -g3 -DDEBUG -DUSE_HAL_DRIVER -DSTM32F446xx -c -I../Core/Inc -I../Drivers/STM32F4xx_HAL_Driver/Inc -I../Drivers/STM32F4xx_HAL_Driver/Inc/Legacy -I../Drivers/CMSIS/Device/ST/STM32F4xx/Include -I../Drivers/CMSIS/Include -O0 -ffunction-sections -fdata-sections -Wall -fstack-usage -fcyclomatic-complexity -MMD -MP -MF"Core/Src/main.d" -MT"Core/Src/main.o" --specs=nano.specs -mfpu=fpv4-sp-d16 -mfloat-abi=hard -mthumb -o "Core/Src/main.o"
arm-none-eabi-gcc -o "EEPROM Testing.elf" @"objects.list"   -mcpu=cortex-m4 -T"C:\Users\andyb\OneDrive\Desktop\School_Fall_24\Capstone\ECE-Stockroom-Capstone\EEPROM Testing\STM32F446RETX_FLASH.ld" --specs=nosys.specs -Wl,-Map="EEPROM Testing.map" -Wl,--gc-sections -static --specs=nano.specs -mfpu=fpv4-sp-d16 -mfloat-abi=hard -mthumb -Wl,--start-group -lc -lm -Wl,--end-group
Finished building target: EEPROM Testing.elf
 
arm-none-eabi-size  EEPROM\ Testing.elf 
arm-none-eabi-objdump -h -S EEPROM\ Testing.elf  > "EEPROM Testing.list"
   text	   data	    bss	    dec	    hex	filename
  17168	    104	   2064	  19336	   4b88	EEPROM Testing.elf
Finished building: default.size.stdout
 
Finished building: EEPROM Testing.list
 
15:55:57 **** Incremental Build of configuration Debug for project EEPROM Testing ****
make -j16 all 
arm-none-eabi-size  EEPROM\ Testing.elf 
   text	   data	    bss	    dec	    hex	filename
  17168	    104	   2064	  19336	   4b88	EEPROM Testing.elf
Finished building: default.size.stdout
 
15:56:46 **** Incremental Build of configuration Debug for project EEPROM Testing ****
make -j16 all 
arm-none-eabi-gcc "../Core/Src/main.c" -mcpu=cortex-m4 -std=gnu11 -g3 -DDEBUG -DUSE_HAL_DRIVER -DSTM32F446xx -c -I../Core/Inc -I../Drivers/STM32F4xx_HAL_Driver/Inc -I../Drivers/STM32F4xx_HAL_Driver/Inc/Legacy -I../Drivers/CMSIS/Device/ST/STM32F4xx/Include -I../Drivers/CMSIS/Include -O0 -ffunction-sections -fdata-sections -Wall -fstack-usage -fcyclomatic-complexity -MMD -MP -MF"Core/Src/main.d" -MT"Core/Src/main.o" --specs=nano.specs -mfpu=fpv4-sp-d16 -mfloat-abi=hard -mthumb -o "Core/Src/main.o"
arm-none-eabi-gcc -o "EEPROM Testing.elf" @"objects.list"   -mcpu=cortex-m4 -T"C:\Users\andyb\OneDrive\Desktop\School_Fall_24\Capstone\ECE-Stockroom-Capstone\EEPROM Testing\STM32F446RETX_FLASH.ld" --specs=nosys.specs -Wl,-Map="EEPROM Testing.map" -Wl,--gc-sections -static --specs=nano.specs -mfpu=fpv4-sp-d16 -mfloat-abi=hard -mthumb -Wl,--start-group -lc -lm -Wl,--end-group
Finished building target: EEPROM Testing.elf
 
arm-none-eabi-size  EEPROM\ Testing.elf 
arm-none-eabi-objdump -h -S EEPROM\ Testing.elf  > "EEPROM Testing.list"
   text	   data	    bss	    dec	    hex	filename
  17180	    104	   2064	  19348	   4b94	EEPROM Testing.elf
Finished building: default.size.stdout
 
Finished building: EEPROM Testing.list
 
15:58:20 **** Incremental Build of configuration Debug for project EEPROM Testing ****
make -j16 all 
arm-none-eabi-size  EEPROM\ Testing.elf 
   text	   data	    bss	    dec	    hex	filename
  17180	    104	   2064	  19348	   4b94	EEPROM Testing.elf
Finished building: default.size.stdout
 
15:59:02 **** Incremental Build of configuration Debug for project EEPROM Testing ****
make -j16 all 
arm-none-eabi-size  EEPROM\ Testing.elf 
   text	   data	    bss	    dec	    hex	filename
  17180	    104	   2064	  19348	   4b94	EEPROM Testing.elf
Finished building: default.size.stdout
 
16:00:01 **** Incremental Build of configuration Debug for project EEPROM Testing ****
make -j16 all 
arm-none-eabi-size  EEPROM\ Testing.elf 
   text	   data	    bss	    dec	    hex	filename
  17180	    104	   2064	  19348	   4b94	EEPROM Testing.elf
Finished building: default.size.stdout
 
16:04:08 **** Incremental Build of configuration Debug for project EEPROM Testing ****
make -j16 all 
arm-none-eabi-size  EEPROM\ Testing.elf 
   text	   data	    bss	    dec	    hex	filename
  17180	    104	   2064	  19348	   4b94	EEPROM Testing.elf
Finished building: default.size.stdout
 
16:04:54 **** Incremental Build of configuration Debug for project EEPROM Testing ****
make -j16 all 
arm-none-eabi-size  EEPROM\ Testing.elf 
   text	   data	    bss	    dec	    hex	filename
  17180	    104	   2064	  19348	   4b94	EEPROM Testing.elf
Finished building: default.size.stdout
 
16:06:06 **** Incremental Build of configuration Debug for project EEPROM Testing ****
make -j16 all 
arm-none-eabi-size  EEPROM\ Testing.elf 
   text	   data	    bss	    dec	    hex	filename
  17180	    104	   2064	  19348	   4b94	EEPROM Testing.elf
Finished building: default.size.stdout
 
16:06:18 **** Incremental Build of configuration Debug for project EEPROM Testing ****
make -j16 all 
arm-none-eabi-size  EEPROM\ Testing.elf 
   text	   data	    bss	    dec	    hex	filename
  17180	    104	   2064	  19348	   4b94	EEPROM Testing.elf
Finished building: default.size.stdout
 
16:07:12 **** Incremental Build of configuration Debug for project EEPROM Testing ****
make -j16 all 
arm-none-eabi-size  EEPROM\ Testing.elf 
   text	   data	    bss	    dec	    hex	filename
  17180	    104	   2064	  19348	   4b94	EEPROM Testing.elf
Finished building: default.size.stdout
 
16:07:40 **** Incremental Build of configuration Debug for project EEPROM Testing ****
make -j16 all 
arm-none-eabi-size  EEPROM\ Testing.elf 
   text	   data	    bss	    dec	    hex	filename
  17180	    104	   2064	  19348	   4b94	EEPROM Testing.elf
Finished building: default.size.stdout
 
16:08:13 **** Incremental Build of configuration Debug for project EEPROM Testing ****
make -j16 all 
arm-none-eabi-size  EEPROM\ Testing.elf 
   text	   data	    bss	    dec	    hex	filename
  17180	    104	   2064	  19348	   4b94	EEPROM Testing.elf
Finished building: default.size.stdout
 
16:08:56 **** Incremental Build of configuration Debug for project EEPROM Testing ****
make -j16 all 
arm-none-eabi-size  EEPROM\ Testing.elf 
   text	   data	    bss	    dec	    hex	filename
  17180	    104	   2064	  19348	   4b94	EEPROM Testing.elf
Finished building: default.size.stdout
 
16:11:55 **** Incremental Build of configuration Debug for project EEPROM Testing ****
make -j16 all 
arm-none-eabi-size  EEPROM\ Testing.elf 
   text	   data	    bss	    dec	    hex	filename
  17180	    104	   2064	  19348	   4b94	EEPROM Testing.elf
Finished building: default.size.stdout
 
16:14:42 **** Incremental Build of configuration Debug for project EEPROM Testing ****
make -j16 all 
arm-none-eabi-gcc "../Core/Src/main.c" -mcpu=cortex-m4 -std=gnu11 -g3 -DDEBUG -DUSE_HAL_DRIVER -DSTM32F446xx -c -I../Core/Inc -I../Drivers/STM32F4xx_HAL_Driver/Inc -I../Drivers/STM32F4xx_HAL_Driver/Inc/Legacy -I../Drivers/CMSIS/Device/ST/STM32F4xx/Include -I../Drivers/CMSIS/Include -O0 -ffunction-sections -fdata-sections -Wall -fstack-usage -fcyclomatic-complexity -MMD -MP -MF"Core/Src/main.d" -MT"Core/Src/main.o" --specs=nano.specs -mfpu=fpv4-sp-d16 -mfloat-abi=hard -mthumb -o "Core/Src/main.o"
arm-none-eabi-gcc -o "EEPROM Testing.elf" @"objects.list"   -mcpu=cortex-m4 -T"C:\Users\andyb\OneDrive\Desktop\School_Fall_24\Capstone\ECE-Stockroom-Capstone\EEPROM Testing\STM32F446RETX_FLASH.ld" --specs=nosys.specs -Wl,-Map="EEPROM Testing.map" -Wl,--gc-sections -static --specs=nano.specs -mfpu=fpv4-sp-d16 -mfloat-abi=hard -mthumb -Wl,--start-group -lc -lm -Wl,--end-group
Finished building target: EEPROM Testing.elf
 
arm-none-eabi-size  EEPROM\ Testing.elf 
arm-none-eabi-objdump -h -S EEPROM\ Testing.elf  > "EEPROM Testing.list"
   text	   data	    bss	    dec	    hex	filename
  17188	    104	   2064	  19356	   4b9c	EEPROM Testing.elf
Finished building: default.size.stdout
 
Finished building: EEPROM Testing.list
 
16:15:36 **** Incremental Build of configuration Debug for project EEPROM Testing ****
make -j16 all 
arm-none-eabi-size  EEPROM\ Testing.elf 
   text	   data	    bss	    dec	    hex	filename
  17188	    104	   2064	  19356	   4b9c	EEPROM Testing.elf
Finished building: default.size.stdout
 
16:21:27 **** Incremental Build of configuration Debug for project EEPROM Testing ****
make -j16 all 
arm-none-eabi-size  EEPROM\ Testing.elf 
   text	   data	    bss	    dec	    hex	filename
  17188	    104	   2064	  19356	   4b9c	EEPROM Testing.elf
Finished building: default.size.stdout
 
16:45:47 **** Incremental Build of configuration Debug for project EEPROM Testing ****
make -j16 all 
arm-none-eabi-gcc "../Core/Src/main.c" -mcpu=cortex-m4 -std=gnu11 -g3 -DDEBUG -DUSE_HAL_DRIVER -DSTM32F446xx -c -I../Core/Inc -I../Drivers/STM32F4xx_HAL_Driver/Inc -I../Drivers/STM32F4xx_HAL_Driver/Inc/Legacy -I../Drivers/CMSIS/Device/ST/STM32F4xx/Include -I../Drivers/CMSIS/Include -O0 -ffunction-sections -fdata-sections -Wall -fstack-usage -fcyclomatic-complexity -MMD -MP -MF"Core/Src/main.d" -MT"Core/Src/main.o" --specs=nano.specs -mfpu=fpv4-sp-d16 -mfloat-abi=hard -mthumb -o "Core/Src/main.o"
arm-none-eabi-gcc -o "EEPROM Testing.elf" @"objects.list"   -mcpu=cortex-m4 -T"C:\Users\andyb\OneDrive\Desktop\School_Fall_24\Capstone\ECE-Stockroom-Capstone\EEPROM Testing\STM32F446RETX_FLASH.ld" --specs=nosys.specs -Wl,-Map="EEPROM Testing.map" -Wl,--gc-sections -static --specs=nano.specs -mfpu=fpv4-sp-d16 -mfloat-abi=hard -mthumb -Wl,--start-group -lc -lm -Wl,--end-group
Finished building target: EEPROM Testing.elf
 
arm-none-eabi-size  EEPROM\ Testing.elf 
arm-none-eabi-objdump -h -S EEPROM\ Testing.elf  > "EEPROM Testing.list"
   text	   data	    bss	    dec	    hex	filename
   8824	     12	   1732	  10568	   2948	EEPROM Testing.elf
Finished building: default.size.stdout
 
Finished building: EEPROM Testing.list
 
16:48:50 **** Incremental Build of configuration Debug for project EEPROM Testing ****
make -j16 all 
arm-none-eabi-gcc "../Core/Src/main.c" -mcpu=cortex-m4 -std=gnu11 -g3 -DDEBUG -DUSE_HAL_DRIVER -DSTM32F446xx -c -I../Core/Inc -I../Drivers/STM32F4xx_HAL_Driver/Inc -I../Drivers/STM32F4xx_HAL_Driver/Inc/Legacy -I../Drivers/CMSIS/Device/ST/STM32F4xx/Include -I../Drivers/CMSIS/Include -O0 -ffunction-sections -fdata-sections -Wall -fstack-usage -fcyclomatic-complexity -MMD -MP -MF"Core/Src/main.d" -MT"Core/Src/main.o" --specs=nano.specs -mfpu=fpv4-sp-d16 -mfloat-abi=hard -mthumb -o "Core/Src/main.o"
arm-none-eabi-gcc -o "EEPROM Testing.elf" @"objects.list"   -mcpu=cortex-m4 -T"C:\Users\andyb\OneDrive\Desktop\School_Fall_24\Capstone\ECE-Stockroom-Capstone\EEPROM Testing\STM32F446RETX_FLASH.ld" --specs=nosys.specs -Wl,-Map="EEPROM Testing.map" -Wl,--gc-sections -static --specs=nano.specs -mfpu=fpv4-sp-d16 -mfloat-abi=hard -mthumb -Wl,--start-group -lc -lm -Wl,--end-group
Finished building target: EEPROM Testing.elf
 
arm-none-eabi-size  EEPROM\ Testing.elf 
arm-none-eabi-objdump -h -S EEPROM\ Testing.elf  > "EEPROM Testing.list"
   text	   data	    bss	    dec	    hex	filename
   8948	     12	   1732	  10692	   29c4	EEPROM Testing.elf
Finished building: default.size.stdout
 
Finished building: EEPROM Testing.list
 
16:53:22 **** Incremental Build of configuration Debug for project EEPROM Testing ****
make -j16 all 
arm-none-eabi-gcc "../Core/Src/main.c" -mcpu=cortex-m4 -std=gnu11 -g3 -DDEBUG -DUSE_HAL_DRIVER -DSTM32F446xx -c -I../Core/Inc -I../Drivers/STM32F4xx_HAL_Driver/Inc -I../Drivers/STM32F4xx_HAL_Driver/Inc/Legacy -I../Drivers/CMSIS/Device/ST/STM32F4xx/Include -I../Drivers/CMSIS/Include -O0 -ffunction-sections -fdata-sections -Wall -fstack-usage -fcyclomatic-complexity -MMD -MP -MF"Core/Src/main.d" -MT"Core/Src/main.o" --specs=nano.specs -mfpu=fpv4-sp-d16 -mfloat-abi=hard -mthumb -o "Core/Src/main.o"
arm-none-eabi-gcc -o "EEPROM Testing.elf" @"objects.list"   -mcpu=cortex-m4 -T"C:\Users\andyb\OneDrive\Desktop\School_Fall_24\Capstone\ECE-Stockroom-Capstone\EEPROM Testing\STM32F446RETX_FLASH.ld" --specs=nosys.specs -Wl,-Map="EEPROM Testing.map" -Wl,--gc-sections -static --specs=nano.specs -mfpu=fpv4-sp-d16 -mfloat-abi=hard -mthumb -Wl,--start-group -lc -lm -Wl,--end-group
Finished building target: EEPROM Testing.elf
 
arm-none-eabi-size  EEPROM\ Testing.elf 
arm-none-eabi-objdump -h -S EEPROM\ Testing.elf  > "EEPROM Testing.list"
   text	   data	    bss	    dec	    hex	filename
   8948	     12	   1732	  10692	   29c4	EEPROM Testing.elf
Finished building: default.size.stdout
 
Finished building: EEPROM Testing.list
 
16:54:23 **** Incremental Build of configuration Debug for project EEPROM Testing ****
make -j16 all 
arm-none-eabi-gcc "../Core/Src/main.c" -mcpu=cortex-m4 -std=gnu11 -g3 -DDEBUG -DUSE_HAL_DRIVER -DSTM32F446xx -c -I../Core/Inc -I../Drivers/STM32F4xx_HAL_Driver/Inc -I../Drivers/STM32F4xx_HAL_Driver/Inc/Legacy -I../Drivers/CMSIS/Device/ST/STM32F4xx/Include -I../Drivers/CMSIS/Include -O0 -ffunction-sections -fdata-sections -Wall -fstack-usage -fcyclomatic-complexity -MMD -MP -MF"Core/Src/main.d" -MT"Core/Src/main.o" --specs=nano.specs -mfpu=fpv4-sp-d16 -mfloat-abi=hard -mthumb -o "Core/Src/main.o"
arm-none-eabi-gcc -o "EEPROM Testing.elf" @"objects.list"   -mcpu=cortex-m4 -T"C:\Users\andyb\OneDrive\Desktop\School_Fall_24\Capstone\ECE-Stockroom-Capstone\EEPROM Testing\STM32F446RETX_FLASH.ld" --specs=nosys.specs -Wl,-Map="EEPROM Testing.map" -Wl,--gc-sections -static --specs=nano.specs -mfpu=fpv4-sp-d16 -mfloat-abi=hard -mthumb -Wl,--start-group -lc -lm -Wl,--end-group
Finished building target: EEPROM Testing.elf
 
arm-none-eabi-size  EEPROM\ Testing.elf 
arm-none-eabi-objdump -h -S EEPROM\ Testing.elf  > "EEPROM Testing.list"
   text	   data	    bss	    dec	    hex	filename
  17180	    104	   2064	  19348	   4b94	EEPROM Testing.elf
Finished building: default.size.stdout
 
Finished building: EEPROM Testing.list
 
16:57:51 **** Incremental Build of configuration Debug for project EEPROM Testing ****
make -j16 all 
arm-none-eabi-gcc "../Core/Src/main.c" -mcpu=cortex-m4 -std=gnu11 -g3 -DDEBUG -DUSE_HAL_DRIVER -DSTM32F446xx -c -I../Core/Inc -I../Drivers/STM32F4xx_HAL_Driver/Inc -I../Drivers/STM32F4xx_HAL_Driver/Inc/Legacy -I../Drivers/CMSIS/Device/ST/STM32F4xx/Include -I../Drivers/CMSIS/Include -O0 -ffunction-sections -fdata-sections -Wall -fstack-usage -fcyclomatic-complexity -MMD -MP -MF"Core/Src/main.d" -MT"Core/Src/main.o" --specs=nano.specs -mfpu=fpv4-sp-d16 -mfloat-abi=hard -mthumb -o "Core/Src/main.o"
arm-none-eabi-gcc -o "EEPROM Testing.elf" @"objects.list"   -mcpu=cortex-m4 -T"C:\Users\andyb\OneDrive\Desktop\School_Fall_24\Capstone\ECE-Stockroom-Capstone\EEPROM Testing\STM32F446RETX_FLASH.ld" --specs=nosys.specs -Wl,-Map="EEPROM Testing.map" -Wl,--gc-sections -static --specs=nano.specs -mfpu=fpv4-sp-d16 -mfloat-abi=hard -mthumb -Wl,--start-group -lc -lm -Wl,--end-group
Finished building target: EEPROM Testing.elf
 
arm-none-eabi-size  EEPROM\ Testing.elf 
arm-none-eabi-objdump -h -S EEPROM\ Testing.elf  > "EEPROM Testing.list"
   text	   data	    bss	    dec	    hex	filename
  17160	    104	   2064	  19328	   4b80	EEPROM Testing.elf
Finished building: default.size.stdout
 
Finished building: EEPROM Testing.list
 
17:04:16 **** Incremental Build of configuration Debug for project EEPROM Testing ****
make -j16 all 
arm-none-eabi-gcc "../Core/Src/main.c" -mcpu=cortex-m4 -std=gnu11 -g3 -DDEBUG -DUSE_HAL_DRIVER -DSTM32F446xx -c -I../Core/Inc -I../Drivers/STM32F4xx_HAL_Driver/Inc -I../Drivers/STM32F4xx_HAL_Driver/Inc/Legacy -I../Drivers/CMSIS/Device/ST/STM32F4xx/Include -I../Drivers/CMSIS/Include -O0 -ffunction-sections -fdata-sections -Wall -fstack-usage -fcyclomatic-complexity -MMD -MP -MF"Core/Src/main.d" -MT"Core/Src/main.o" --specs=nano.specs -mfpu=fpv4-sp-d16 -mfloat-abi=hard -mthumb -o "Core/Src/main.o"
arm-none-eabi-gcc -o "EEPROM Testing.elf" @"objects.list"   -mcpu=cortex-m4 -T"C:\Users\andyb\OneDrive\Desktop\School_Fall_24\Capstone\ECE-Stockroom-Capstone\EEPROM Testing\STM32F446RETX_FLASH.ld" --specs=nosys.specs -Wl,-Map="EEPROM Testing.map" -Wl,--gc-sections -static --specs=nano.specs -mfpu=fpv4-sp-d16 -mfloat-abi=hard -mthumb -Wl,--start-group -lc -lm -Wl,--end-group
Finished building target: EEPROM Testing.elf
 
arm-none-eabi-size  EEPROM\ Testing.elf 
arm-none-eabi-objdump -h -S EEPROM\ Testing.elf  > "EEPROM Testing.list"
   text	   data	    bss	    dec	    hex	filename
  17160	    104	   2064	  19328	   4b80	EEPROM Testing.elf
Finished building: default.size.stdout
 
Finished building: EEPROM Testing.list
 
17:09:32 **** Incremental Build of configuration Debug for project EEPROM Testing ****
make -j16 all 
arm-none-eabi-size  EEPROM\ Testing.elf 
   text	   data	    bss	    dec	    hex	filename
  17160	    104	   2064	  19328	   4b80	EEPROM Testing.elf
Finished building: default.size.stdout
 
17:11:58 **** Incremental Build of configuration Debug for project EEPROM Testing ****
make -j16 all 
arm-none-eabi-size  EEPROM\ Testing.elf 
   text	   data	    bss	    dec	    hex	filename
  17160	    104	   2064	  19328	   4b80	EEPROM Testing.elf
Finished building: default.size.stdout
 
18:01:53 **** Incremental Build of configuration Debug for project EEPROM Testing ****
make -j16 all 
arm-none-eabi-gcc "../Core/Src/main.c" -mcpu=cortex-m4 -std=gnu11 -g3 -DDEBUG -DUSE_HAL_DRIVER -DSTM32F446xx -c -I../Core/Inc -I../Drivers/STM32F4xx_HAL_Driver/Inc -I../Drivers/STM32F4xx_HAL_Driver/Inc/Legacy -I../Drivers/CMSIS/Device/ST/STM32F4xx/Include -I../Drivers/CMSIS/Include -O0 -ffunction-sections -fdata-sections -Wall -fstack-usage -fcyclomatic-complexity -MMD -MP -MF"Core/Src/main.d" -MT"Core/Src/main.o" --specs=nano.specs -mfpu=fpv4-sp-d16 -mfloat-abi=hard -mthumb -o "Core/Src/main.o"
arm-none-eabi-gcc -o "EEPROM Testing.elf" @"objects.list"   -mcpu=cortex-m4 -T"C:\Users\andyb\OneDrive\Desktop\School_Fall_24\Capstone\ECE-Stockroom-Capstone\EEPROM Testing\STM32F446RETX_FLASH.ld" --specs=nosys.specs -Wl,-Map="EEPROM Testing.map" -Wl,--gc-sections -static --specs=nano.specs -mfpu=fpv4-sp-d16 -mfloat-abi=hard -mthumb -Wl,--start-group -lc -lm -Wl,--end-group
Finished building target: EEPROM Testing.elf
 
arm-none-eabi-size  EEPROM\ Testing.elf 
arm-none-eabi-objdump -h -S EEPROM\ Testing.elf  > "EEPROM Testing.list"
   text	   data	    bss	    dec	    hex	filename
   8824	     12	   1732	  10568	   2948	EEPROM Testing.elf
Finished building: default.size.stdout
 
Finished building: EEPROM Testing.list
 
18:15:59 **** Incremental Build of configuration Debug for project EEPROM Testing ****
make -j16 all 
arm-none-eabi-gcc "../Core/Src/main.c" -mcpu=cortex-m4 -std=gnu11 -g3 -DDEBUG -DUSE_HAL_DRIVER -DSTM32F446xx -c -I../Core/Inc -I../Drivers/STM32F4xx_HAL_Driver/Inc -I../Drivers/STM32F4xx_HAL_Driver/Inc/Legacy -I../Drivers/CMSIS/Device/ST/STM32F4xx/Include -I../Drivers/CMSIS/Include -O0 -ffunction-sections -fdata-sections -Wall -fstack-usage -fcyclomatic-complexity -MMD -MP -MF"Core/Src/main.d" -MT"Core/Src/main.o" --specs=nano.specs -mfpu=fpv4-sp-d16 -mfloat-abi=hard -mthumb -o "Core/Src/main.o"
arm-none-eabi-gcc -o "EEPROM Testing.elf" @"objects.list"   -mcpu=cortex-m4 -T"C:\Users\andyb\OneDrive\Desktop\School_Fall_24\Capstone\ECE-Stockroom-Capstone\EEPROM Testing\STM32F446RETX_FLASH.ld" --specs=nosys.specs -Wl,-Map="EEPROM Testing.map" -Wl,--gc-sections -static --specs=nano.specs -mfpu=fpv4-sp-d16 -mfloat-abi=hard -mthumb -Wl,--start-group -lc -lm -Wl,--end-group
Finished building target: EEPROM Testing.elf
 
arm-none-eabi-size  EEPROM\ Testing.elf 
arm-none-eabi-objdump -h -S EEPROM\ Testing.elf  > "EEPROM Testing.list"
   text	   data	    bss	    dec	    hex	filename
  17160	    104	   2064	  19328	   4b80	EEPROM Testing.elf
Finished building: default.size.stdout
 
Finished building: EEPROM Testing.list
 
18:18:40 **** Incremental Build of configuration Debug for project EEPROM Testing ****
make -j16 all 
arm-none-eabi-gcc "../Core/Src/main.c" -mcpu=cortex-m4 -std=gnu11 -g3 -DDEBUG -DUSE_HAL_DRIVER -DSTM32F446xx -c -I../Core/Inc -I../Drivers/STM32F4xx_HAL_Driver/Inc -I../Drivers/STM32F4xx_HAL_Driver/Inc/Legacy -I../Drivers/CMSIS/Device/ST/STM32F4xx/Include -I../Drivers/CMSIS/Include -O0 -ffunction-sections -fdata-sections -Wall -fstack-usage -fcyclomatic-complexity -MMD -MP -MF"Core/Src/main.d" -MT"Core/Src/main.o" --specs=nano.specs -mfpu=fpv4-sp-d16 -mfloat-abi=hard -mthumb -o "Core/Src/main.o"
arm-none-eabi-gcc -o "EEPROM Testing.elf" @"objects.list"   -mcpu=cortex-m4 -T"C:\Users\andyb\OneDrive\Desktop\School_Fall_24\Capstone\ECE-Stockroom-Capstone\EEPROM Testing\STM32F446RETX_FLASH.ld" --specs=nosys.specs -Wl,-Map="EEPROM Testing.map" -Wl,--gc-sections -static --specs=nano.specs -mfpu=fpv4-sp-d16 -mfloat-abi=hard -mthumb -Wl,--start-group -lc -lm -Wl,--end-group
Finished building target: EEPROM Testing.elf
 
arm-none-eabi-size  EEPROM\ Testing.elf 
arm-none-eabi-objdump -h -S EEPROM\ Testing.elf  > "EEPROM Testing.list"
   text	   data	    bss	    dec	    hex	filename
  17224	    104	   2064	  19392	   4bc0	EEPROM Testing.elf
Finished building: default.size.stdout
 
Finished building: EEPROM Testing.list
 
18:22:36 **** Incremental Build of configuration Debug for project EEPROM Testing ****
make -j16 all 
arm-none-eabi-gcc "../Core/Src/main.c" -mcpu=cortex-m4 -std=gnu11 -g3 -DDEBUG -DUSE_HAL_DRIVER -DSTM32F446xx -c -I../Core/Inc -I../Drivers/STM32F4xx_HAL_Driver/Inc -I../Drivers/STM32F4xx_HAL_Driver/Inc/Legacy -I../Drivers/CMSIS/Device/ST/STM32F4xx/Include -I../Drivers/CMSIS/Include -O0 -ffunction-sections -fdata-sections -Wall -fstack-usage -fcyclomatic-complexity -MMD -MP -MF"Core/Src/main.d" -MT"Core/Src/main.o" --specs=nano.specs -mfpu=fpv4-sp-d16 -mfloat-abi=hard -mthumb -o "Core/Src/main.o"
arm-none-eabi-gcc -o "EEPROM Testing.elf" @"objects.list"   -mcpu=cortex-m4 -T"C:\Users\andyb\OneDrive\Desktop\School_Fall_24\Capstone\ECE-Stockroom-Capstone\EEPROM Testing\STM32F446RETX_FLASH.ld" --specs=nosys.specs -Wl,-Map="EEPROM Testing.map" -Wl,--gc-sections -static --specs=nano.specs -mfpu=fpv4-sp-d16 -mfloat-abi=hard -mthumb -Wl,--start-group -lc -lm -Wl,--end-group
Finished building target: EEPROM Testing.elf
 
arm-none-eabi-size  EEPROM\ Testing.elf 
arm-none-eabi-objdump -h -S EEPROM\ Testing.elf  > "EEPROM Testing.list"
   text	   data	    bss	    dec	    hex	filename
   8824	     12	   1732	  10568	   2948	EEPROM Testing.elf
Finished building: default.size.stdout
 
Finished building: EEPROM Testing.list
 
18:28:40 **** Incremental Build of configuration Debug for project EEPROM Testing ****
make -j16 all 
arm-none-eabi-gcc "../Core/Src/main.c" -mcpu=cortex-m4 -std=gnu11 -g3 -DDEBUG -DUSE_HAL_DRIVER -DSTM32F446xx -c -I../Core/Inc -I../Drivers/STM32F4xx_HAL_Driver/Inc -I../Drivers/STM32F4xx_HAL_Driver/Inc/Legacy -I../Drivers/CMSIS/Device/ST/STM32F4xx/Include -I../Drivers/CMSIS/Include -O0 -ffunction-sections -fdata-sections -Wall -fstack-usage -fcyclomatic-complexity -MMD -MP -MF"Core/Src/main.d" -MT"Core/Src/main.o" --specs=nano.specs -mfpu=fpv4-sp-d16 -mfloat-abi=hard -mthumb -o "Core/Src/main.o"
arm-none-eabi-gcc -o "EEPROM Testing.elf" @"objects.list"   -mcpu=cortex-m4 -T"C:\Users\andyb\OneDrive\Desktop\School_Fall_24\Capstone\ECE-Stockroom-Capstone\EEPROM Testing\STM32F446RETX_FLASH.ld" --specs=nosys.specs -Wl,-Map="EEPROM Testing.map" -Wl,--gc-sections -static --specs=nano.specs -mfpu=fpv4-sp-d16 -mfloat-abi=hard -mthumb -Wl,--start-group -lc -lm -Wl,--end-group
Finished building target: EEPROM Testing.elf
 
arm-none-eabi-size  EEPROM\ Testing.elf 
arm-none-eabi-objdump -h -S EEPROM\ Testing.elf  > "EEPROM Testing.list"
   text	   data	    bss	    dec	    hex	filename
   8840	     12	   1732	  10584	   2958	EEPROM Testing.elf
Finished building: default.size.stdout
 
Finished building: EEPROM Testing.list
 
18:29:50 **** Incremental Build of configuration Debug for project EEPROM Testing ****
make -j16 all 
arm-none-eabi-gcc "../Core/Src/main.c" -mcpu=cortex-m4 -std=gnu11 -g3 -DDEBUG -DUSE_HAL_DRIVER -DSTM32F446xx -c -I../Core/Inc -I../Drivers/STM32F4xx_HAL_Driver/Inc -I../Drivers/STM32F4xx_HAL_Driver/Inc/Legacy -I../Drivers/CMSIS/Device/ST/STM32F4xx/Include -I../Drivers/CMSIS/Include -O0 -ffunction-sections -fdata-sections -Wall -fstack-usage -fcyclomatic-complexity -MMD -MP -MF"Core/Src/main.d" -MT"Core/Src/main.o" --specs=nano.specs -mfpu=fpv4-sp-d16 -mfloat-abi=hard -mthumb -o "Core/Src/main.o"
arm-none-eabi-gcc -o "EEPROM Testing.elf" @"objects.list"   -mcpu=cortex-m4 -T"C:\Users\andyb\OneDrive\Desktop\School_Fall_24\Capstone\ECE-Stockroom-Capstone\EEPROM Testing\STM32F446RETX_FLASH.ld" --specs=nosys.specs -Wl,-Map="EEPROM Testing.map" -Wl,--gc-sections -static --specs=nano.specs -mfpu=fpv4-sp-d16 -mfloat-abi=hard -mthumb -Wl,--start-group -lc -lm -Wl,--end-group
Finished building target: EEPROM Testing.elf
 
arm-none-eabi-size  EEPROM\ Testing.elf 
arm-none-eabi-objdump -h -S EEPROM\ Testing.elf  > "EEPROM Testing.list"
   text	   data	    bss	    dec	    hex	filename
   8840	     12	   1732	  10584	   2958	EEPROM Testing.elf
Finished building: default.size.stdout
 
Finished building: EEPROM Testing.list
 
18:30:38 **** Incremental Build of configuration Debug for project EEPROM Testing ****
make -j16 all 
arm-none-eabi-gcc "../Core/Src/main.c" -mcpu=cortex-m4 -std=gnu11 -g3 -DDEBUG -DUSE_HAL_DRIVER -DSTM32F446xx -c -I../Core/Inc -I../Drivers/STM32F4xx_HAL_Driver/Inc -I../Drivers/STM32F4xx_HAL_Driver/Inc/Legacy -I../Drivers/CMSIS/Device/ST/STM32F4xx/Include -I../Drivers/CMSIS/Include -O0 -ffunction-sections -fdata-sections -Wall -fstack-usage -fcyclomatic-complexity -MMD -MP -MF"Core/Src/main.d" -MT"Core/Src/main.o" --specs=nano.specs -mfpu=fpv4-sp-d16 -mfloat-abi=hard -mthumb -o "Core/Src/main.o"
arm-none-eabi-gcc -o "EEPROM Testing.elf" @"objects.list"   -mcpu=cortex-m4 -T"C:\Users\andyb\OneDrive\Desktop\School_Fall_24\Capstone\ECE-Stockroom-Capstone\EEPROM Testing\STM32F446RETX_FLASH.ld" --specs=nosys.specs -Wl,-Map="EEPROM Testing.map" -Wl,--gc-sections -static --specs=nano.specs -mfpu=fpv4-sp-d16 -mfloat-abi=hard -mthumb -Wl,--start-group -lc -lm -Wl,--end-group
Finished building target: EEPROM Testing.elf
 
arm-none-eabi-size  EEPROM\ Testing.elf 
arm-none-eabi-objdump -h -S EEPROM\ Testing.elf  > "EEPROM Testing.list"
   text	   data	    bss	    dec	    hex	filename
  17208	    104	   2064	  19376	   4bb0	EEPROM Testing.elf
Finished building: default.size.stdout
 
Finished building: EEPROM Testing.list
 
18:34:48 **** Incremental Build of configuration Debug for project EEPROM Testing ****
make -j16 all 
arm-none-eabi-size  EEPROM\ Testing.elf 
   text	   data	    bss	    dec	    hex	filename
  17208	    104	   2064	  19376	   4bb0	EEPROM Testing.elf
Finished building: default.size.stdout
 
18:42:14 **** Incremental Build of configuration Debug for project EEPROM Testing ****
make -j16 all 
arm-none-eabi-size  EEPROM\ Testing.elf 
   text	   data	    bss	    dec	    hex	filename
  17208	    104	   2064	  19376	   4bb0	EEPROM Testing.elf
Finished building: default.size.stdout
 
18:43:18 **** Incremental Build of configuration Debug for project EEPROM Testing ****
make -j16 all 
arm-none-eabi-gcc "../Core/Src/main.c" -mcpu=cortex-m4 -std=gnu11 -g3 -DDEBUG -DUSE_HAL_DRIVER -DSTM32F446xx -c -I../Core/Inc -I../Drivers/STM32F4xx_HAL_Driver/Inc -I../Drivers/STM32F4xx_HAL_Driver/Inc/Legacy -I../Drivers/CMSIS/Device/ST/STM32F4xx/Include -I../Drivers/CMSIS/Include -O0 -ffunction-sections -fdata-sections -Wall -fstack-usage -fcyclomatic-complexity -MMD -MP -MF"Core/Src/main.d" -MT"Core/Src/main.o" --specs=nano.specs -mfpu=fpv4-sp-d16 -mfloat-abi=hard -mthumb -o "Core/Src/main.o"
arm-none-eabi-gcc -o "EEPROM Testing.elf" @"objects.list"   -mcpu=cortex-m4 -T"C:\Users\andyb\OneDrive\Desktop\School_Fall_24\Capstone\ECE-Stockroom-Capstone\EEPROM Testing\STM32F446RETX_FLASH.ld" --specs=nosys.specs -Wl,-Map="EEPROM Testing.map" -Wl,--gc-sections -static --specs=nano.specs -mfpu=fpv4-sp-d16 -mfloat-abi=hard -mthumb -Wl,--start-group -lc -lm -Wl,--end-group
Finished building target: EEPROM Testing.elf
 
arm-none-eabi-size  EEPROM\ Testing.elf 
arm-none-eabi-objdump -h -S EEPROM\ Testing.elf  > "EEPROM Testing.list"
   text	   data	    bss	    dec	    hex	filename
  17208	    104	   2064	  19376	   4bb0	EEPROM Testing.elf
Finished building: default.size.stdout
 
Finished building: EEPROM Testing.list
 
18:58:58 **** Incremental Build of configuration Debug for project EEPROM Testing ****
make -j16 all 
arm-none-eabi-size  EEPROM\ Testing.elf 
   text	   data	    bss	    dec	    hex	filename
  17208	    104	   2064	  19376	   4bb0	EEPROM Testing.elf
Finished building: default.size.stdout
 
19:58:21 **** Incremental Build of configuration Debug for project EEPROM Testing ****
make -j16 all 
arm-none-eabi-gcc "../Core/Src/main.c" -mcpu=cortex-m4 -std=gnu11 -g3 -DDEBUG -DUSE_HAL_DRIVER -DSTM32F446xx -c -I../Core/Inc -I../Drivers/STM32F4xx_HAL_Driver/Inc -I../Drivers/STM32F4xx_HAL_Driver/Inc/Legacy -I../Drivers/CMSIS/Device/ST/STM32F4xx/Include -I../Drivers/CMSIS/Include -O0 -ffunction-sections -fdata-sections -Wall -fstack-usage -fcyclomatic-complexity -MMD -MP -MF"Core/Src/main.d" -MT"Core/Src/main.o" --specs=nano.specs -mfpu=fpv4-sp-d16 -mfloat-abi=hard -mthumb -o "Core/Src/main.o"
arm-none-eabi-gcc -o "EEPROM Testing.elf" @"objects.list"   -mcpu=cortex-m4 -T"C:\Users\andyb\OneDrive\Desktop\School_Fall_24\Capstone\ECE-Stockroom-Capstone\EEPROM Testing\STM32F446RETX_FLASH.ld" --specs=nosys.specs -Wl,-Map="EEPROM Testing.map" -Wl,--gc-sections -static --specs=nano.specs -mfpu=fpv4-sp-d16 -mfloat-abi=hard -mthumb -Wl,--start-group -lc -lm -Wl,--end-group
Finished building target: EEPROM Testing.elf
 
arm-none-eabi-size  EEPROM\ Testing.elf 
arm-none-eabi-objdump -h -S EEPROM\ Testing.elf  > "EEPROM Testing.list"
   text	   data	    bss	    dec	    hex	filename
  17208	    104	   2064	  19376	   4bb0	EEPROM Testing.elf
Finished building: default.size.stdout
 
Finished building: EEPROM Testing.list
 
20:02:43 **** Incremental Build of configuration Debug for project EEPROM Testing ****
make -j16 all 
arm-none-eabi-size  EEPROM\ Testing.elf 
   text	   data	    bss	    dec	    hex	filename
  17208	    104	   2064	  19376	   4bb0	EEPROM Testing.elf
Finished building: default.size.stdout
 
20:06:21 **** Incremental Build of configuration Debug for project EEPROM Testing ****
make -j16 all 
arm-none-eabi-size  EEPROM\ Testing.elf 
   text	   data	    bss	    dec	    hex	filename
  17208	    104	   2064	  19376	   4bb0	EEPROM Testing.elf
Finished building: default.size.stdout
 
20:09:13 **** Incremental Build of configuration Debug for project EEPROM Testing ****
make -j16 all 
arm-none-eabi-gcc "../Core/Src/main.c" -mcpu=cortex-m4 -std=gnu11 -g3 -DDEBUG -DUSE_HAL_DRIVER -DSTM32F446xx -c -I../Core/Inc -I../Drivers/STM32F4xx_HAL_Driver/Inc -I../Drivers/STM32F4xx_HAL_Driver/Inc/Legacy -I../Drivers/CMSIS/Device/ST/STM32F4xx/Include -I../Drivers/CMSIS/Include -O0 -ffunction-sections -fdata-sections -Wall -fstack-usage -fcyclomatic-complexity -MMD -MP -MF"Core/Src/main.d" -MT"Core/Src/main.o" --specs=nano.specs -mfpu=fpv4-sp-d16 -mfloat-abi=hard -mthumb -o "Core/Src/main.o"
arm-none-eabi-gcc -o "EEPROM Testing.elf" @"objects.list"   -mcpu=cortex-m4 -T"C:\Users\andyb\OneDrive\Desktop\School_Fall_24\Capstone\ECE-Stockroom-Capstone\EEPROM Testing\STM32F446RETX_FLASH.ld" --specs=nosys.specs -Wl,-Map="EEPROM Testing.map" -Wl,--gc-sections -static --specs=nano.specs -mfpu=fpv4-sp-d16 -mfloat-abi=hard -mthumb -Wl,--start-group -lc -lm -Wl,--end-group
Finished building target: EEPROM Testing.elf
 
arm-none-eabi-size  EEPROM\ Testing.elf 
arm-none-eabi-objdump -h -S EEPROM\ Testing.elf  > "EEPROM Testing.list"
   text	   data	    bss	    dec	    hex	filename
   8964	     12	   1732	  10708	   29d4	EEPROM Testing.elf
Finished building: default.size.stdout
 
Finished building: EEPROM Testing.list
 
20:42:28 **** Incremental Build of configuration Debug for project EEPROM Testing ****
make -j16 all 
arm-none-eabi-gcc "../Core/Src/main.c" -mcpu=cortex-m4 -std=gnu11 -g3 -DDEBUG -DUSE_HAL_DRIVER -DSTM32F446xx -c -I../Core/Inc -I../Drivers/STM32F4xx_HAL_Driver/Inc -I../Drivers/STM32F4xx_HAL_Driver/Inc/Legacy -I../Drivers/CMSIS/Device/ST/STM32F4xx/Include -I../Drivers/CMSIS/Include -O0 -ffunction-sections -fdata-sections -Wall -fstack-usage -fcyclomatic-complexity -MMD -MP -MF"Core/Src/main.d" -MT"Core/Src/main.o" --specs=nano.specs -mfpu=fpv4-sp-d16 -mfloat-abi=hard -mthumb -o "Core/Src/main.o"
arm-none-eabi-gcc -o "EEPROM Testing.elf" @"objects.list"   -mcpu=cortex-m4 -T"C:\Users\andyb\OneDrive\Desktop\School_Fall_24\Capstone\ECE-Stockroom-Capstone\EEPROM Testing\STM32F446RETX_FLASH.ld" --specs=nosys.specs -Wl,-Map="EEPROM Testing.map" -Wl,--gc-sections -static --specs=nano.specs -mfpu=fpv4-sp-d16 -mfloat-abi=hard -mthumb -Wl,--start-group -lc -lm -Wl,--end-group
Finished building target: EEPROM Testing.elf
 
arm-none-eabi-size  EEPROM\ Testing.elf 
arm-none-eabi-objdump -h -S EEPROM\ Testing.elf  > "EEPROM Testing.list"
   text	   data	    bss	    dec	    hex	filename
  17208	    104	   2064	  19376	   4bb0	EEPROM Testing.elf
Finished building: default.size.stdout
 
Finished building: EEPROM Testing.list
 
20:46:50 **** Incremental Build of configuration Debug for project EEPROM Testing ****
make -j16 all 
arm-none-eabi-gcc "../Core/Src/main.c" -mcpu=cortex-m4 -std=gnu11 -g3 -DDEBUG -DUSE_HAL_DRIVER -DSTM32F446xx -c -I../Core/Inc -I../Drivers/STM32F4xx_HAL_Driver/Inc -I../Drivers/STM32F4xx_HAL_Driver/Inc/Legacy -I../Drivers/CMSIS/Device/ST/STM32F4xx/Include -I../Drivers/CMSIS/Include -O0 -ffunction-sections -fdata-sections -Wall -fstack-usage -fcyclomatic-complexity -MMD -MP -MF"Core/Src/main.d" -MT"Core/Src/main.o" --specs=nano.specs -mfpu=fpv4-sp-d16 -mfloat-abi=hard -mthumb -o "Core/Src/main.o"
arm-none-eabi-gcc -o "EEPROM Testing.elf" @"objects.list"   -mcpu=cortex-m4 -T"C:\Users\andyb\OneDrive\Desktop\School_Fall_24\Capstone\ECE-Stockroom-Capstone\EEPROM Testing\STM32F446RETX_FLASH.ld" --specs=nosys.specs -Wl,-Map="EEPROM Testing.map" -Wl,--gc-sections -static --specs=nano.specs -mfpu=fpv4-sp-d16 -mfloat-abi=hard -mthumb -Wl,--start-group -lc -lm -Wl,--end-group
Finished building target: EEPROM Testing.elf
 
arm-none-eabi-size  EEPROM\ Testing.elf 
arm-none-eabi-objdump -h -S EEPROM\ Testing.elf  > "EEPROM Testing.list"
   text	   data	    bss	    dec	    hex	filename
   8840	     12	   1732	  10584	   2958	EEPROM Testing.elf
Finished building: default.size.stdout
 
Finished building: EEPROM Testing.list
 
20:48:10 **** Incremental Build of configuration Debug for project EEPROM Testing ****
make -j16 all 
arm-none-eabi-gcc "../Core/Src/main.c" -mcpu=cortex-m4 -std=gnu11 -g3 -DDEBUG -DUSE_HAL_DRIVER -DSTM32F446xx -c -I../Core/Inc -I../Drivers/STM32F4xx_HAL_Driver/Inc -I../Drivers/STM32F4xx_HAL_Driver/Inc/Legacy -I../Drivers/CMSIS/Device/ST/STM32F4xx/Include -I../Drivers/CMSIS/Include -O0 -ffunction-sections -fdata-sections -Wall -fstack-usage -fcyclomatic-complexity -MMD -MP -MF"Core/Src/main.d" -MT"Core/Src/main.o" --specs=nano.specs -mfpu=fpv4-sp-d16 -mfloat-abi=hard -mthumb -o "Core/Src/main.o"
arm-none-eabi-gcc -o "EEPROM Testing.elf" @"objects.list"   -mcpu=cortex-m4 -T"C:\Users\andyb\OneDrive\Desktop\School_Fall_24\Capstone\ECE-Stockroom-Capstone\EEPROM Testing\STM32F446RETX_FLASH.ld" --specs=nosys.specs -Wl,-Map="EEPROM Testing.map" -Wl,--gc-sections -static --specs=nano.specs -mfpu=fpv4-sp-d16 -mfloat-abi=hard -mthumb -Wl,--start-group -lc -lm -Wl,--end-group
Finished building target: EEPROM Testing.elf
 
arm-none-eabi-size  EEPROM\ Testing.elf 
arm-none-eabi-objdump -h -S EEPROM\ Testing.elf  > "EEPROM Testing.list"
   text	   data	    bss	    dec	    hex	filename
  17224	    104	   2064	  19392	   4bc0	EEPROM Testing.elf
Finished building: default.size.stdout
 
Finished building: EEPROM Testing.list
 
20:53:02 **** Incremental Build of configuration Debug for project EEPROM Testing ****
make -j16 all 
arm-none-eabi-size  EEPROM\ Testing.elf 
   text	   data	    bss	    dec	    hex	filename
  17224	    104	   2064	  19392	   4bc0	EEPROM Testing.elf
Finished building: default.size.stdout
 
20:53:51 **** Incremental Build of configuration Debug for project EEPROM Testing ****
make -j16 all 
arm-none-eabi-size  EEPROM\ Testing.elf 
   text	   data	    bss	    dec	    hex	filename
  17224	    104	   2064	  19392	   4bc0	EEPROM Testing.elf
Finished building: default.size.stdout
 
20:55:21 **** Incremental Build of configuration Debug for project EEPROM Testing ****
make -j16 all 
arm-none-eabi-size  EEPROM\ Testing.elf 
   text	   data	    bss	    dec	    hex	filename
  17224	    104	   2064	  19392	   4bc0	EEPROM Testing.elf
Finished building: default.size.stdout
 
21:03:15 **** Incremental Build of configuration Debug for project EEPROM Testing ****
make -j16 all 
arm-none-eabi-size  EEPROM\ Testing.elf 
   text	   data	    bss	    dec	    hex	filename
  17224	    104	   2064	  19392	   4bc0	EEPROM Testing.elf
Finished building: default.size.stdout
 
21:05:30 **** Incremental Build of configuration Debug for project EEPROM Testing ****
make -j16 all 
arm-none-eabi-size  EEPROM\ Testing.elf 
   text	   data	    bss	    dec	    hex	filename
  17224	    104	   2064	  19392	   4bc0	EEPROM Testing.elf
Finished building: default.size.stdout
 
21:06:54 **** Incremental Build of configuration Debug for project EEPROM Testing ****
make -j16 all 
arm-none-eabi-gcc "../Core/Src/main.c" -mcpu=cortex-m4 -std=gnu11 -g3 -DDEBUG -DUSE_HAL_DRIVER -DSTM32F446xx -c -I../Core/Inc -I../Drivers/STM32F4xx_HAL_Driver/Inc -I../Drivers/STM32F4xx_HAL_Driver/Inc/Legacy -I../Drivers/CMSIS/Device/ST/STM32F4xx/Include -I../Drivers/CMSIS/Include -O0 -ffunction-sections -fdata-sections -Wall -fstack-usage -fcyclomatic-complexity -MMD -MP -MF"Core/Src/main.d" -MT"Core/Src/main.o" --specs=nano.specs -mfpu=fpv4-sp-d16 -mfloat-abi=hard -mthumb -o "Core/Src/main.o"
arm-none-eabi-gcc -o "EEPROM Testing.elf" @"objects.list"   -mcpu=cortex-m4 -T"C:\Users\andyb\OneDrive\Desktop\School_Fall_24\Capstone\ECE-Stockroom-Capstone\EEPROM Testing\STM32F446RETX_FLASH.ld" --specs=nosys.specs -Wl,-Map="EEPROM Testing.map" -Wl,--gc-sections -static --specs=nano.specs -mfpu=fpv4-sp-d16 -mfloat-abi=hard -mthumb -Wl,--start-group -lc -lm -Wl,--end-group
Finished building target: EEPROM Testing.elf
 
arm-none-eabi-size  EEPROM\ Testing.elf 
arm-none-eabi-objdump -h -S EEPROM\ Testing.elf  > "EEPROM Testing.list"
   text	   data	    bss	    dec	    hex	filename
  17208	    104	   2064	  19376	   4bb0	EEPROM Testing.elf
Finished building: default.size.stdout
 
Finished building: EEPROM Testing.list
 
21:08:01 **** Incremental Build of configuration Debug for project EEPROM Testing ****
make -j16 all 
arm-none-eabi-size  EEPROM\ Testing.elf 
   text	   data	    bss	    dec	    hex	filename
  17208	    104	   2064	  19376	   4bb0	EEPROM Testing.elf
Finished building: default.size.stdout
 
21:11:47 **** Incremental Build of configuration Debug for project EEPROM Testing ****
make -j16 all 
arm-none-eabi-size  EEPROM\ Testing.elf 
   text	   data	    bss	    dec	    hex	filename
  17208	    104	   2064	  19376	   4bb0	EEPROM Testing.elf
Finished building: default.size.stdout
 
21:12:45 **** Incremental Build of configuration Debug for project EEPROM Testing ****
make -j16 all 
arm-none-eabi-size  EEPROM\ Testing.elf 
   text	   data	    bss	    dec	    hex	filename
  17208	    104	   2064	  19376	   4bb0	EEPROM Testing.elf
Finished building: default.size.stdout
 
