12:33:45 **** Incremental Build of configuration Debug for project Final_Code ****
make -j16 all 
arm-none-eabi-gcc "../Core/Src/manager_io.c" -mcpu=cortex-m4 -std=gnu11 -g3 -DDEBUG -DUSE_HAL_DRIVER -DSTM32F446xx -c -I../Core/Inc -I../Drivers/STM32F4xx_HAL_Driver/Inc -I../Drivers/STM32F4xx_HAL_Driver/Inc/Legacy -I../Drivers/CMSIS/Device/ST/STM32F4xx/Include -I../Drivers/CMSIS/Include -I../FATFS/Target -I../FATFS/App -I../Middlewares/Third_Party/FatFs/src -O0 -ffunction-sections -fdata-sections -Wall -fstack-usage -fcyclomatic-complexity -MMD -MP -MF"Core/Src/manager_io.d" -MT"Core/Src/manager_io.o" --specs=nano.specs -mfpu=fpv4-sp-d16 -mfloat-abi=hard -mthumb -o "Core/Src/manager_io.o"
arm-none-eabi-gcc -o "Final_Code.elf" @"objects.list"   -mcpu=cortex-m4 -T"C:\Users\Soup Machine\Desktop\Capstone Instance\ECE-Stockroom-Capstone\Final_Code\STM32F446RETX_FLASH.ld" --specs=nosys.specs -Wl,-Map="Final_Code.map" -Wl,--gc-sections -static -u _scanf_float -u _printf_float --specs=nano.specs -mfpu=fpv4-sp-d16 -mfloat-abi=hard -mthumb -Wl,--start-group -lc -lm -Wl,--end-group
Finished building target: Final_Code.elf
 
arm-none-eabi-size  Final_Code.elf 
arm-none-eabi-objdump -h -S Final_Code.elf  > "Final_Code.list"
   text	   data	    bss	    dec	    hex	filename
  77020	    508	   5696	  83224	  14518	Final_Code.elf
Finished building: default.size.stdout
 
Finished building: Final_Code.list
 
12:33:51 **** Incremental Build of configuration Debug for project Final_Code ****
make -j16 all 
arm-none-eabi-size  Final_Code.elf 
   text	   data	    bss	    dec	    hex	filename
  77020	    508	   5696	  83224	  14518	Final_Code.elf
Finished building: default.size.stdout
 
12:36:47 **** Incremental Build of configuration Debug for project Final_Code ****
make -j16 all 
arm-none-eabi-size  Final_Code.elf 
   text	   data	    bss	    dec	    hex	filename
  77020	    508	   5696	  83224	  14518	Final_Code.elf
Finished building: default.size.stdout
 
12:38:24 **** Incremental Build of configuration Debug for project Final_Code ****
make -j16 all 
arm-none-eabi-size  Final_Code.elf 
   text	   data	    bss	    dec	    hex	filename
  77020	    508	   5696	  83224	  14518	Final_Code.elf
Finished building: default.size.stdout
 
12:43:41 **** Incremental Build of configuration Debug for project Final_Code ****
make -j16 all 
arm-none-eabi-gcc "../Core/Src/manager_io.c" -mcpu=cortex-m4 -std=gnu11 -g3 -DDEBUG -DUSE_HAL_DRIVER -DSTM32F446xx -c -I../Core/Inc -I../Drivers/STM32F4xx_HAL_Driver/Inc -I../Drivers/STM32F4xx_HAL_Driver/Inc/Legacy -I../Drivers/CMSIS/Device/ST/STM32F4xx/Include -I../Drivers/CMSIS/Include -I../FATFS/Target -I../FATFS/App -I../Middlewares/Third_Party/FatFs/src -O0 -ffunction-sections -fdata-sections -Wall -fstack-usage -fcyclomatic-complexity -MMD -MP -MF"Core/Src/manager_io.d" -MT"Core/Src/manager_io.o" --specs=nano.specs -mfpu=fpv4-sp-d16 -mfloat-abi=hard -mthumb -o "Core/Src/manager_io.o"
arm-none-eabi-gcc -o "Final_Code.elf" @"objects.list"   -mcpu=cortex-m4 -T"C:\Users\Soup Machine\Desktop\Capstone Instance\ECE-Stockroom-Capstone\Final_Code\STM32F446RETX_FLASH.ld" --specs=nosys.specs -Wl,-Map="Final_Code.map" -Wl,--gc-sections -static -u _scanf_float -u _printf_float --specs=nano.specs -mfpu=fpv4-sp-d16 -mfloat-abi=hard -mthumb -Wl,--start-group -lc -lm -Wl,--end-group
Finished building target: Final_Code.elf
 
arm-none-eabi-size  Final_Code.elf 
arm-none-eabi-objdump -h -S Final_Code.elf  > "Final_Code.list"
   text	   data	    bss	    dec	    hex	filename
  77004	    508	   5696	  83208	  14508	Final_Code.elf
Finished building: default.size.stdout
 
Finished building: Final_Code.list
 
12:47:12 **** Incremental Build of configuration Debug for project Final_Code ****
make -j16 all 
arm-none-eabi-gcc "../Core/Src/manager_io.c" -mcpu=cortex-m4 -std=gnu11 -g3 -DDEBUG -DUSE_HAL_DRIVER -DSTM32F446xx -c -I../Core/Inc -I../Drivers/STM32F4xx_HAL_Driver/Inc -I../Drivers/STM32F4xx_HAL_Driver/Inc/Legacy -I../Drivers/CMSIS/Device/ST/STM32F4xx/Include -I../Drivers/CMSIS/Include -I../FATFS/Target -I../FATFS/App -I../Middlewares/Third_Party/FatFs/src -O0 -ffunction-sections -fdata-sections -Wall -fstack-usage -fcyclomatic-complexity -MMD -MP -MF"Core/Src/manager_io.d" -MT"Core/Src/manager_io.o" --specs=nano.specs -mfpu=fpv4-sp-d16 -mfloat-abi=hard -mthumb -o "Core/Src/manager_io.o"
arm-none-eabi-gcc -o "Final_Code.elf" @"objects.list"   -mcpu=cortex-m4 -T"C:\Users\Soup Machine\Desktop\Capstone Instance\ECE-Stockroom-Capstone\Final_Code\STM32F446RETX_FLASH.ld" --specs=nosys.specs -Wl,-Map="Final_Code.map" -Wl,--gc-sections -static -u _scanf_float -u _printf_float --specs=nano.specs -mfpu=fpv4-sp-d16 -mfloat-abi=hard -mthumb -Wl,--start-group -lc -lm -Wl,--end-group
Finished building target: Final_Code.elf
 
arm-none-eabi-size  Final_Code.elf 
arm-none-eabi-objdump -h -S Final_Code.elf  > "Final_Code.list"
   text	   data	    bss	    dec	    hex	filename
  77004	    508	   5696	  83208	  14508	Final_Code.elf
Finished building: default.size.stdout
 
Finished building: Final_Code.list
 
12:49:29 **** Incremental Build of configuration Debug for project Final_Code ****
make -j16 all 
arm-none-eabi-gcc "../Core/Src/manager_io.c" -mcpu=cortex-m4 -std=gnu11 -g3 -DDEBUG -DUSE_HAL_DRIVER -DSTM32F446xx -c -I../Core/Inc -I../Drivers/STM32F4xx_HAL_Driver/Inc -I../Drivers/STM32F4xx_HAL_Driver/Inc/Legacy -I../Drivers/CMSIS/Device/ST/STM32F4xx/Include -I../Drivers/CMSIS/Include -I../FATFS/Target -I../FATFS/App -I../Middlewares/Third_Party/FatFs/src -O0 -ffunction-sections -fdata-sections -Wall -fstack-usage -fcyclomatic-complexity -MMD -MP -MF"Core/Src/manager_io.d" -MT"Core/Src/manager_io.o" --specs=nano.specs -mfpu=fpv4-sp-d16 -mfloat-abi=hard -mthumb -o "Core/Src/manager_io.o"
arm-none-eabi-gcc -o "Final_Code.elf" @"objects.list"   -mcpu=cortex-m4 -T"C:\Users\Soup Machine\Desktop\Capstone Instance\ECE-Stockroom-Capstone\Final_Code\STM32F446RETX_FLASH.ld" --specs=nosys.specs -Wl,-Map="Final_Code.map" -Wl,--gc-sections -static -u _scanf_float -u _printf_float --specs=nano.specs -mfpu=fpv4-sp-d16 -mfloat-abi=hard -mthumb -Wl,--start-group -lc -lm -Wl,--end-group
Finished building target: Final_Code.elf
 
arm-none-eabi-size  Final_Code.elf 
arm-none-eabi-objdump -h -S Final_Code.elf  > "Final_Code.list"
   text	   data	    bss	    dec	    hex	filename
  76948	    508	   5696	  83152	  144d0	Final_Code.elf
Finished building: default.size.stdout
 
Finished building: Final_Code.list
 
