19:29:44 **** Incremental Build of configuration Debug for project LCD_Test_Case_V2 ****
make -j16 all 
arm-none-eabi-size  LCD_Test_Case_V2.elf 
   text	   data	    bss	    dec	    hex	filename
  40528	    472	   2088	  43088	   a850	LCD_Test_Case_V2.elf
Finished building: default.size.stdout
 
19:29:52 **** Incremental Build of configuration Debug for project LCD_Test_Case_V2 ****
make -j16 all 
arm-none-eabi-size  LCD_Test_Case_V2.elf 
   text	   data	    bss	    dec	    hex	filename
  40528	    472	   2088	  43088	   a850	LCD_Test_Case_V2.elf
Finished building: default.size.stdout
 
19:33:45 **** Incremental Build of configuration Debug for project LCD_Test_Case_V2 ****
make -j16 all 
arm-none-eabi-size  LCD_Test_Case_V2.elf 
   text	   data	    bss	    dec	    hex	filename
  40528	    472	   2088	  43088	   a850	LCD_Test_Case_V2.elf
Finished building: default.size.stdout
 
