14:31:48 **** Build of configuration Debug for project test_cases ****
make -j16 all 
arm-none-eabi-gcc "../Drivers/STM32L1xx_HAL_Driver/Src/stm32l1xx_hal.c" -mcpu=cortex-m3 -std=gnu11 -g3 -DDEBUG -DUSE_HAL_DRIVER -DSTM32L152xE -c -I../Core/Inc -I../Drivers/STM32L1xx_HAL_Driver/Inc -I../Drivers/STM32L1xx_HAL_Driver/Inc/Legacy -I../Drivers/CMSIS/Device/ST/STM32L1xx/Include -I../Drivers/CMSIS/Include -O0 -ffunction-sections -fdata-sections -Wall -fstack-usage -fcyclomatic-complexity -MMD -MP -MF"Drivers/STM32L1xx_HAL_Driver/Src/stm32l1xx_hal.d" -MT"Drivers/STM32L1xx_HAL_Driver/Src/stm32l1xx_hal.o" --specs=nano.specs -mfloat-abi=soft -mthumb -o "Drivers/STM32L1xx_HAL_Driver/Src/stm32l1xx_hal.o"
arm-none-eabi-gcc "../Drivers/STM32L1xx_HAL_Driver/Src/stm32l1xx_hal_cortex.c" -mcpu=cortex-m3 -std=gnu11 -g3 -DDEBUG -DUSE_HAL_DRIVER -DSTM32L152xE -c -I../Core/Inc -I../Drivers/STM32L1xx_HAL_Driver/Inc -I../Drivers/STM32L1xx_HAL_Driver/Inc/Legacy -I../Drivers/CMSIS/Device/ST/STM32L1xx/Include -I../Drivers/CMSIS/Include -O0 -ffunction-sections -fdata-sections -Wall -fstack-usage -fcyclomatic-complexity -MMD -MP -MF"Drivers/STM32L1xx_HAL_Driver/Src/stm32l1xx_hal_cortex.d" -MT"Drivers/STM32L1xx_HAL_Driver/Src/stm32l1xx_hal_cortex.o" --specs=nano.specs -mfloat-abi=soft -mthumb -o "Drivers/STM32L1xx_HAL_Driver/Src/stm32l1xx_hal_cortex.o"
arm-none-eabi-gcc "../Drivers/STM32L1xx_HAL_Driver/Src/stm32l1xx_hal_dma.c" -mcpu=cortex-m3 -std=gnu11 -g3 -DDEBUG -DUSE_HAL_DRIVER -DSTM32L152xE -c -I../Core/Inc -I../Drivers/STM32L1xx_HAL_Driver/Inc -I../Drivers/STM32L1xx_HAL_Driver/Inc/Legacy -I../Drivers/CMSIS/Device/ST/STM32L1xx/Include -I../Drivers/CMSIS/Include -O0 -ffunction-sections -fdata-sections -Wall -fstack-usage -fcyclomatic-complexity -MMD -MP -MF"Drivers/STM32L1xx_HAL_Driver/Src/stm32l1xx_hal_dma.d" -MT"Drivers/STM32L1xx_HAL_Driver/Src/stm32l1xx_hal_dma.o" --specs=nano.specs -mfloat-abi=soft -mthumb -o "Drivers/STM32L1xx_HAL_Driver/Src/stm32l1xx_hal_dma.o"
arm-none-eabi-gcc "../Drivers/STM32L1xx_HAL_Driver/Src/stm32l1xx_hal_exti.c" -mcpu=cortex-m3 -std=gnu11 -g3 -DDEBUG -DUSE_HAL_DRIVER -DSTM32L152xE -c -I../Core/Inc -I../Drivers/STM32L1xx_HAL_Driver/Inc -I../Drivers/STM32L1xx_HAL_Driver/Inc/Legacy -I../Drivers/CMSIS/Device/ST/STM32L1xx/Include -I../Drivers/CMSIS/Include -O0 -ffunction-sections -fdata-sections -Wall -fstack-usage -fcyclomatic-complexity -MMD -MP -MF"Drivers/STM32L1xx_HAL_Driver/Src/stm32l1xx_hal_exti.d" -MT"Drivers/STM32L1xx_HAL_Driver/Src/stm32l1xx_hal_exti.o" --specs=nano.specs -mfloat-abi=soft -mthumb -o "Drivers/STM32L1xx_HAL_Driver/Src/stm32l1xx_hal_exti.o"
arm-none-eabi-gcc "../Drivers/STM32L1xx_HAL_Driver/Src/stm32l1xx_hal_flash.c" -mcpu=cortex-m3 -std=gnu11 -g3 -DDEBUG -DUSE_HAL_DRIVER -DSTM32L152xE -c -I../Core/Inc -I../Drivers/STM32L1xx_HAL_Driver/Inc -I../Drivers/STM32L1xx_HAL_Driver/Inc/Legacy -I../Drivers/CMSIS/Device/ST/STM32L1xx/Include -I../Drivers/CMSIS/Include -O0 -ffunction-sections -fdata-sections -Wall -fstack-usage -fcyclomatic-complexity -MMD -MP -MF"Drivers/STM32L1xx_HAL_Driver/Src/stm32l1xx_hal_flash.d" -MT"Drivers/STM32L1xx_HAL_Driver/Src/stm32l1xx_hal_flash.o" --specs=nano.specs -mfloat-abi=soft -mthumb -o "Drivers/STM32L1xx_HAL_Driver/Src/stm32l1xx_hal_flash.o"
arm-none-eabi-gcc "../Drivers/STM32L1xx_HAL_Driver/Src/stm32l1xx_hal_flash_ex.c" -mcpu=cortex-m3 -std=gnu11 -g3 -DDEBUG -DUSE_HAL_DRIVER -DSTM32L152xE -c -I../Core/Inc -I../Drivers/STM32L1xx_HAL_Driver/Inc -I../Drivers/STM32L1xx_HAL_Driver/Inc/Legacy -I../Drivers/CMSIS/Device/ST/STM32L1xx/Include -I../Drivers/CMSIS/Include -O0 -ffunction-sections -fdata-sections -Wall -fstack-usage -fcyclomatic-complexity -MMD -MP -MF"Drivers/STM32L1xx_HAL_Driver/Src/stm32l1xx_hal_flash_ex.d" -MT"Drivers/STM32L1xx_HAL_Driver/Src/stm32l1xx_hal_flash_ex.o" --specs=nano.specs -mfloat-abi=soft -mthumb -o "Drivers/STM32L1xx_HAL_Driver/Src/stm32l1xx_hal_flash_ex.o"
arm-none-eabi-gcc "../Drivers/STM32L1xx_HAL_Driver/Src/stm32l1xx_hal_flash_ramfunc.c" -mcpu=cortex-m3 -std=gnu11 -g3 -DDEBUG -DUSE_HAL_DRIVER -DSTM32L152xE -c -I../Core/Inc -I../Drivers/STM32L1xx_HAL_Driver/Inc -I../Drivers/STM32L1xx_HAL_Driver/Inc/Legacy -I../Drivers/CMSIS/Device/ST/STM32L1xx/Include -I../Drivers/CMSIS/Include -O0 -ffunction-sections -fdata-sections -Wall -fstack-usage -fcyclomatic-complexity -MMD -MP -MF"Drivers/STM32L1xx_HAL_Driver/Src/stm32l1xx_hal_flash_ramfunc.d" -MT"Drivers/STM32L1xx_HAL_Driver/Src/stm32l1xx_hal_flash_ramfunc.o" --specs=nano.specs -mfloat-abi=soft -mthumb -o "Drivers/STM32L1xx_HAL_Driver/Src/stm32l1xx_hal_flash_ramfunc.o"
arm-none-eabi-gcc "../Drivers/STM32L1xx_HAL_Driver/Src/stm32l1xx_hal_gpio.c" -mcpu=cortex-m3 -std=gnu11 -g3 -DDEBUG -DUSE_HAL_DRIVER -DSTM32L152xE -c -I../Core/Inc -I../Drivers/STM32L1xx_HAL_Driver/Inc -I../Drivers/STM32L1xx_HAL_Driver/Inc/Legacy -I../Drivers/CMSIS/Device/ST/STM32L1xx/Include -I../Drivers/CMSIS/Include -O0 -ffunction-sections -fdata-sections -Wall -fstack-usage -fcyclomatic-complexity -MMD -MP -MF"Drivers/STM32L1xx_HAL_Driver/Src/stm32l1xx_hal_gpio.d" -MT"Drivers/STM32L1xx_HAL_Driver/Src/stm32l1xx_hal_gpio.o" --specs=nano.specs -mfloat-abi=soft -mthumb -o "Drivers/STM32L1xx_HAL_Driver/Src/stm32l1xx_hal_gpio.o"
arm-none-eabi-gcc "../Drivers/STM32L1xx_HAL_Driver/Src/stm32l1xx_hal_pwr.c" -mcpu=cortex-m3 -std=gnu11 -g3 -DDEBUG -DUSE_HAL_DRIVER -DSTM32L152xE -c -I../Core/Inc -I../Drivers/STM32L1xx_HAL_Driver/Inc -I../Drivers/STM32L1xx_HAL_Driver/Inc/Legacy -I../Drivers/CMSIS/Device/ST/STM32L1xx/Include -I../Drivers/CMSIS/Include -O0 -ffunction-sections -fdata-sections -Wall -fstack-usage -fcyclomatic-complexity -MMD -MP -MF"Drivers/STM32L1xx_HAL_Driver/Src/stm32l1xx_hal_pwr.d" -MT"Drivers/STM32L1xx_HAL_Driver/Src/stm32l1xx_hal_pwr.o" --specs=nano.specs -mfloat-abi=soft -mthumb -o "Drivers/STM32L1xx_HAL_Driver/Src/stm32l1xx_hal_pwr.o"
arm-none-eabi-gcc "../Drivers/STM32L1xx_HAL_Driver/Src/stm32l1xx_hal_pwr_ex.c" -mcpu=cortex-m3 -std=gnu11 -g3 -DDEBUG -DUSE_HAL_DRIVER -DSTM32L152xE -c -I../Core/Inc -I../Drivers/STM32L1xx_HAL_Driver/Inc -I../Drivers/STM32L1xx_HAL_Driver/Inc/Legacy -I../Drivers/CMSIS/Device/ST/STM32L1xx/Include -I../Drivers/CMSIS/Include -O0 -ffunction-sections -fdata-sections -Wall -fstack-usage -fcyclomatic-complexity -MMD -MP -MF"Drivers/STM32L1xx_HAL_Driver/Src/stm32l1xx_hal_pwr_ex.d" -MT"Drivers/STM32L1xx_HAL_Driver/Src/stm32l1xx_hal_pwr_ex.o" --specs=nano.specs -mfloat-abi=soft -mthumb -o "Drivers/STM32L1xx_HAL_Driver/Src/stm32l1xx_hal_pwr_ex.o"
arm-none-eabi-gcc "../Drivers/STM32L1xx_HAL_Driver/Src/stm32l1xx_hal_rcc.c" -mcpu=cortex-m3 -std=gnu11 -g3 -DDEBUG -DUSE_HAL_DRIVER -DSTM32L152xE -c -I../Core/Inc -I../Drivers/STM32L1xx_HAL_Driver/Inc -I../Drivers/STM32L1xx_HAL_Driver/Inc/Legacy -I../Drivers/CMSIS/Device/ST/STM32L1xx/Include -I../Drivers/CMSIS/Include -O0 -ffunction-sections -fdata-sections -Wall -fstack-usage -fcyclomatic-complexity -MMD -MP -MF"Drivers/STM32L1xx_HAL_Driver/Src/stm32l1xx_hal_rcc.d" -MT"Drivers/STM32L1xx_HAL_Driver/Src/stm32l1xx_hal_rcc.o" --specs=nano.specs -mfloat-abi=soft -mthumb -o "Drivers/STM32L1xx_HAL_Driver/Src/stm32l1xx_hal_rcc.o"
arm-none-eabi-gcc "../Drivers/STM32L1xx_HAL_Driver/Src/stm32l1xx_hal_rcc_ex.c" -mcpu=cortex-m3 -std=gnu11 -g3 -DDEBUG -DUSE_HAL_DRIVER -DSTM32L152xE -c -I../Core/Inc -I../Drivers/STM32L1xx_HAL_Driver/Inc -I../Drivers/STM32L1xx_HAL_Driver/Inc/Legacy -I../Drivers/CMSIS/Device/ST/STM32L1xx/Include -I../Drivers/CMSIS/Include -O0 -ffunction-sections -fdata-sections -Wall -fstack-usage -fcyclomatic-complexity -MMD -MP -MF"Drivers/STM32L1xx_HAL_Driver/Src/stm32l1xx_hal_rcc_ex.d" -MT"Drivers/STM32L1xx_HAL_Driver/Src/stm32l1xx_hal_rcc_ex.o" --specs=nano.specs -mfloat-abi=soft -mthumb -o "Drivers/STM32L1xx_HAL_Driver/Src/stm32l1xx_hal_rcc_ex.o"
arm-none-eabi-gcc "../Drivers/STM32L1xx_HAL_Driver/Src/stm32l1xx_hal_tim.c" -mcpu=cortex-m3 -std=gnu11 -g3 -DDEBUG -DUSE_HAL_DRIVER -DSTM32L152xE -c -I../Core/Inc -I../Drivers/STM32L1xx_HAL_Driver/Inc -I../Drivers/STM32L1xx_HAL_Driver/Inc/Legacy -I../Drivers/CMSIS/Device/ST/STM32L1xx/Include -I../Drivers/CMSIS/Include -O0 -ffunction-sections -fdata-sections -Wall -fstack-usage -fcyclomatic-complexity -MMD -MP -MF"Drivers/STM32L1xx_HAL_Driver/Src/stm32l1xx_hal_tim.d" -MT"Drivers/STM32L1xx_HAL_Driver/Src/stm32l1xx_hal_tim.o" --specs=nano.specs -mfloat-abi=soft -mthumb -o "Drivers/STM32L1xx_HAL_Driver/Src/stm32l1xx_hal_tim.o"
arm-none-eabi-gcc "../Drivers/STM32L1xx_HAL_Driver/Src/stm32l1xx_hal_tim_ex.c" -mcpu=cortex-m3 -std=gnu11 -g3 -DDEBUG -DUSE_HAL_DRIVER -DSTM32L152xE -c -I../Core/Inc -I../Drivers/STM32L1xx_HAL_Driver/Inc -I../Drivers/STM32L1xx_HAL_Driver/Inc/Legacy -I../Drivers/CMSIS/Device/ST/STM32L1xx/Include -I../Drivers/CMSIS/Include -O0 -ffunction-sections -fdata-sections -Wall -fstack-usage -fcyclomatic-complexity -MMD -MP -MF"Drivers/STM32L1xx_HAL_Driver/Src/stm32l1xx_hal_tim_ex.d" -MT"Drivers/STM32L1xx_HAL_Driver/Src/stm32l1xx_hal_tim_ex.o" --specs=nano.specs -mfloat-abi=soft -mthumb -o "Drivers/STM32L1xx_HAL_Driver/Src/stm32l1xx_hal_tim_ex.o"
arm-none-eabi-gcc "../Drivers/STM32L1xx_HAL_Driver/Src/stm32l1xx_hal_uart.c" -mcpu=cortex-m3 -std=gnu11 -g3 -DDEBUG -DUSE_HAL_DRIVER -DSTM32L152xE -c -I../Core/Inc -I../Drivers/STM32L1xx_HAL_Driver/Inc -I../Drivers/STM32L1xx_HAL_Driver/Inc/Legacy -I../Drivers/CMSIS/Device/ST/STM32L1xx/Include -I../Drivers/CMSIS/Include -O0 -ffunction-sections -fdata-sections -Wall -fstack-usage -fcyclomatic-complexity -MMD -MP -MF"Drivers/STM32L1xx_HAL_Driver/Src/stm32l1xx_hal_uart.d" -MT"Drivers/STM32L1xx_HAL_Driver/Src/stm32l1xx_hal_uart.o" --specs=nano.specs -mfloat-abi=soft -mthumb -o "Drivers/STM32L1xx_HAL_Driver/Src/stm32l1xx_hal_uart.o"
arm-none-eabi-gcc -mcpu=cortex-m3 -g3 -DDEBUG -c -x assembler-with-cpp -MMD -MP -MF"Core/Startup/startup_stm32l152retx.d" -MT"Core/Startup/startup_stm32l152retx.o" --specs=nano.specs -mfloat-abi=soft -mthumb -o "Core/Startup/startup_stm32l152retx.o" "../Core/Startup/startup_stm32l152retx.s"
arm-none-eabi-gcc "../Core/Src/gpio.c" -mcpu=cortex-m3 -std=gnu11 -g3 -DDEBUG -DUSE_HAL_DRIVER -DSTM32L152xE -c -I../Core/Inc -I../Drivers/STM32L1xx_HAL_Driver/Inc -I../Drivers/STM32L1xx_HAL_Driver/Inc/Legacy -I../Drivers/CMSIS/Device/ST/STM32L1xx/Include -I../Drivers/CMSIS/Include -O0 -ffunction-sections -fdata-sections -Wall -fstack-usage -fcyclomatic-complexity -MMD -MP -MF"Core/Src/gpio.d" -MT"Core/Src/gpio.o" --specs=nano.specs -mfloat-abi=soft -mthumb -o "Core/Src/gpio.o"
arm-none-eabi-gcc "../Core/Src/main.c" -mcpu=cortex-m3 -std=gnu11 -g3 -DDEBUG -DUSE_HAL_DRIVER -DSTM32L152xE -c -I../Core/Inc -I../Drivers/STM32L1xx_HAL_Driver/Inc -I../Drivers/STM32L1xx_HAL_Driver/Inc/Legacy -I../Drivers/CMSIS/Device/ST/STM32L1xx/Include -I../Drivers/CMSIS/Include -O0 -ffunction-sections -fdata-sections -Wall -fstack-usage -fcyclomatic-complexity -MMD -MP -MF"Core/Src/main.d" -MT"Core/Src/main.o" --specs=nano.specs -mfloat-abi=soft -mthumb -o "Core/Src/main.o"
arm-none-eabi-gcc "../Core/Src/stm32l1xx_hal_msp.c" -mcpu=cortex-m3 -std=gnu11 -g3 -DDEBUG -DUSE_HAL_DRIVER -DSTM32L152xE -c -I../Core/Inc -I../Drivers/STM32L1xx_HAL_Driver/Inc -I../Drivers/STM32L1xx_HAL_Driver/Inc/Legacy -I../Drivers/CMSIS/Device/ST/STM32L1xx/Include -I../Drivers/CMSIS/Include -O0 -ffunction-sections -fdata-sections -Wall -fstack-usage -fcyclomatic-complexity -MMD -MP -MF"Core/Src/stm32l1xx_hal_msp.d" -MT"Core/Src/stm32l1xx_hal_msp.o" --specs=nano.specs -mfloat-abi=soft -mthumb -o "Core/Src/stm32l1xx_hal_msp.o"
arm-none-eabi-gcc "../Core/Src/stm32l1xx_it.c" -mcpu=cortex-m3 -std=gnu11 -g3 -DDEBUG -DUSE_HAL_DRIVER -DSTM32L152xE -c -I../Core/Inc -I../Drivers/STM32L1xx_HAL_Driver/Inc -I../Drivers/STM32L1xx_HAL_Driver/Inc/Legacy -I../Drivers/CMSIS/Device/ST/STM32L1xx/Include -I../Drivers/CMSIS/Include -O0 -ffunction-sections -fdata-sections -Wall -fstack-usage -fcyclomatic-complexity -MMD -MP -MF"Core/Src/stm32l1xx_it.d" -MT"Core/Src/stm32l1xx_it.o" --specs=nano.specs -mfloat-abi=soft -mthumb -o "Core/Src/stm32l1xx_it.o"
arm-none-eabi-gcc "../Core/Src/syscalls.c" -mcpu=cortex-m3 -std=gnu11 -g3 -DDEBUG -DUSE_HAL_DRIVER -DSTM32L152xE -c -I../Core/Inc -I../Drivers/STM32L1xx_HAL_Driver/Inc -I../Drivers/STM32L1xx_HAL_Driver/Inc/Legacy -I../Drivers/CMSIS/Device/ST/STM32L1xx/Include -I../Drivers/CMSIS/Include -O0 -ffunction-sections -fdata-sections -Wall -fstack-usage -fcyclomatic-complexity -MMD -MP -MF"Core/Src/syscalls.d" -MT"Core/Src/syscalls.o" --specs=nano.specs -mfloat-abi=soft -mthumb -o "Core/Src/syscalls.o"
arm-none-eabi-gcc "../Core/Src/sysmem.c" -mcpu=cortex-m3 -std=gnu11 -g3 -DDEBUG -DUSE_HAL_DRIVER -DSTM32L152xE -c -I../Core/Inc -I../Drivers/STM32L1xx_HAL_Driver/Inc -I../Drivers/STM32L1xx_HAL_Driver/Inc/Legacy -I../Drivers/CMSIS/Device/ST/STM32L1xx/Include -I../Drivers/CMSIS/Include -O0 -ffunction-sections -fdata-sections -Wall -fstack-usage -fcyclomatic-complexity -MMD -MP -MF"Core/Src/sysmem.d" -MT"Core/Src/sysmem.o" --specs=nano.specs -mfloat-abi=soft -mthumb -o "Core/Src/sysmem.o"
arm-none-eabi-gcc "../Core/Src/system_stm32l1xx.c" -mcpu=cortex-m3 -std=gnu11 -g3 -DDEBUG -DUSE_HAL_DRIVER -DSTM32L152xE -c -I../Core/Inc -I../Drivers/STM32L1xx_HAL_Driver/Inc -I../Drivers/STM32L1xx_HAL_Driver/Inc/Legacy -I../Drivers/CMSIS/Device/ST/STM32L1xx/Include -I../Drivers/CMSIS/Include -O0 -ffunction-sections -fdata-sections -Wall -fstack-usage -fcyclomatic-complexity -MMD -MP -MF"Core/Src/system_stm32l1xx.d" -MT"Core/Src/system_stm32l1xx.o" --specs=nano.specs -mfloat-abi=soft -mthumb -o "Core/Src/system_stm32l1xx.o"
arm-none-eabi-gcc "../Core/Src/tim.c" -mcpu=cortex-m3 -std=gnu11 -g3 -DDEBUG -DUSE_HAL_DRIVER -DSTM32L152xE -c -I../Core/Inc -I../Drivers/STM32L1xx_HAL_Driver/Inc -I../Drivers/STM32L1xx_HAL_Driver/Inc/Legacy -I../Drivers/CMSIS/Device/ST/STM32L1xx/Include -I../Drivers/CMSIS/Include -O0 -ffunction-sections -fdata-sections -Wall -fstack-usage -fcyclomatic-complexity -MMD -MP -MF"Core/Src/tim.d" -MT"Core/Src/tim.o" --specs=nano.specs -mfloat-abi=soft -mthumb -o "Core/Src/tim.o"
arm-none-eabi-gcc "../Core/Src/usart.c" -mcpu=cortex-m3 -std=gnu11 -g3 -DDEBUG -DUSE_HAL_DRIVER -DSTM32L152xE -c -I../Core/Inc -I../Drivers/STM32L1xx_HAL_Driver/Inc -I../Drivers/STM32L1xx_HAL_Driver/Inc/Legacy -I../Drivers/CMSIS/Device/ST/STM32L1xx/Include -I../Drivers/CMSIS/Include -O0 -ffunction-sections -fdata-sections -Wall -fstack-usage -fcyclomatic-complexity -MMD -MP -MF"Core/Src/usart.d" -MT"Core/Src/usart.o" --specs=nano.specs -mfloat-abi=soft -mthumb -o "Core/Src/usart.o"
../Core/Src/main.c: In function 'setOffset':
../Core/Src/main.c:177:31: warning: format '%f' expects argument of type 'double', but argument 2 has type 'int *' [-Wformat=]
  177 |         printf("Read weight: %f", &weight);
      |                              ~^   ~~~~~~~
      |                               |   |
      |                               |   int *
      |                               double
      |                              %ls
arm-none-eabi-gcc -o "test_cases.elf" @"objects.list"   -mcpu=cortex-m3 -T"C:\Users\andyb\OneDrive\Desktop\School_Fall_24\Capstone\ECE-Stockroom-Capstone\test_cases\STM32L152RETX_FLASH.ld" --specs=nosys.specs -Wl,-Map="test_cases.map" -Wl,--gc-sections -static --specs=nano.specs -mfloat-abi=soft -mthumb -u _printf_float -u _scanf_float -Wl,--start-group -lc -lm -Wl,--end-group
Finished building target: test_cases.elf
 
arm-none-eabi-size  test_cases.elf 
arm-none-eabi-objdump -h -S test_cases.elf  > "test_cases.list"
   text	   data	    bss	    dec	    hex	filename
  37312	    476	   2052	  39840	   9ba0	test_cases.elf
Finished building: default.size.stdout
 
Finished building: test_cases.list
 
14:32:13 **** Incremental Build of configuration Debug for project test_cases ****
make -j16 all 
arm-none-eabi-size  test_cases.elf 
   text	   data	    bss	    dec	    hex	filename
  37312	    476	   2052	  39840	   9ba0	test_cases.elf
Finished building: default.size.stdout
 
14:34:03 **** Incremental Build of configuration Debug for project test_cases ****
make -j16 all 
arm-none-eabi-gcc "../Core/Src/main.c" -mcpu=cortex-m3 -std=gnu11 -g3 -DDEBUG -DUSE_HAL_DRIVER -DSTM32L152xE -c -I../Core/Inc -I../Drivers/STM32L1xx_HAL_Driver/Inc -I../Drivers/STM32L1xx_HAL_Driver/Inc/Legacy -I../Drivers/CMSIS/Device/ST/STM32L1xx/Include -I../Drivers/CMSIS/Include -O0 -ffunction-sections -fdata-sections -Wall -fstack-usage -fcyclomatic-complexity -MMD -MP -MF"Core/Src/main.d" -MT"Core/Src/main.o" --specs=nano.specs -mfloat-abi=soft -mthumb -o "Core/Src/main.o"
../Core/Src/main.c: In function 'setOffset':
../Core/Src/main.c:179:31: warning: format '%f' expects argument of type 'double', but argument 2 has type 'int *' [-Wformat=]
  179 |         printf("Read weight: %f\n", &weight);
      |                              ~^     ~~~~~~~
      |                               |     |
      |                               |     int *
      |                               double
      |                              %ls
arm-none-eabi-gcc -o "test_cases.elf" @"objects.list"   -mcpu=cortex-m3 -T"C:\Users\andyb\OneDrive\Desktop\School_Fall_24\Capstone\ECE-Stockroom-Capstone\test_cases\STM32L152RETX_FLASH.ld" --specs=nosys.specs -Wl,-Map="test_cases.map" -Wl,--gc-sections -static --specs=nano.specs -mfloat-abi=soft -mthumb -u _printf_float -u _scanf_float -Wl,--start-group -lc -lm -Wl,--end-group
Finished building target: test_cases.elf
 
arm-none-eabi-size  test_cases.elf 
arm-none-eabi-objdump -h -S test_cases.elf  > "test_cases.list"
   text	   data	    bss	    dec	    hex	filename
  37520	    476	   2052	  40048	   9c70	test_cases.elf
Finished building: default.size.stdout
 
Finished building: test_cases.list
 
14:35:16 **** Incremental Build of configuration Debug for project test_cases ****
make -j16 all 
arm-none-eabi-gcc "../Core/Src/main.c" -mcpu=cortex-m3 -std=gnu11 -g3 -DDEBUG -DUSE_HAL_DRIVER -DSTM32L152xE -c -I../Core/Inc -I../Drivers/STM32L1xx_HAL_Driver/Inc -I../Drivers/STM32L1xx_HAL_Driver/Inc/Legacy -I../Drivers/CMSIS/Device/ST/STM32L1xx/Include -I../Drivers/CMSIS/Include -O0 -ffunction-sections -fdata-sections -Wall -fstack-usage -fcyclomatic-complexity -MMD -MP -MF"Core/Src/main.d" -MT"Core/Src/main.o" --specs=nano.specs -mfloat-abi=soft -mthumb -o "Core/Src/main.o"
../Core/Src/main.c: In function 'setOffset':
../Core/Src/main.c:179:31: warning: format '%f' expects argument of type 'double', but argument 2 has type 'int *' [-Wformat=]
  179 |         printf("Read weight: %f\n\r", &weight);
      |                              ~^       ~~~~~~~
      |                               |       |
      |                               double  int *
      |                              %ls
arm-none-eabi-gcc -o "test_cases.elf" @"objects.list"   -mcpu=cortex-m3 -T"C:\Users\andyb\OneDrive\Desktop\School_Fall_24\Capstone\ECE-Stockroom-Capstone\test_cases\STM32L152RETX_FLASH.ld" --specs=nosys.specs -Wl,-Map="test_cases.map" -Wl,--gc-sections -static --specs=nano.specs -mfloat-abi=soft -mthumb -u _printf_float -u _scanf_float -Wl,--start-group -lc -lm -Wl,--end-group
Finished building target: test_cases.elf
 
arm-none-eabi-size  test_cases.elf 
arm-none-eabi-objdump -h -S test_cases.elf  > "test_cases.list"
   text	   data	    bss	    dec	    hex	filename
  37344	    476	   2052	  39872	   9bc0	test_cases.elf
Finished building: default.size.stdout
 
Finished building: test_cases.list
 
14:37:26 **** Incremental Build of configuration Debug for project test_cases ****
make -j16 all 
arm-none-eabi-size  test_cases.elf 
   text	   data	    bss	    dec	    hex	filename
  37344	    476	   2052	  39872	   9bc0	test_cases.elf
Finished building: default.size.stdout
 
14:39:48 **** Incremental Build of configuration Debug for project test_cases ****
make -j16 all 
arm-none-eabi-gcc "../Core/Src/main.c" -mcpu=cortex-m3 -std=gnu11 -g3 -DDEBUG -DUSE_HAL_DRIVER -DSTM32L152xE -c -I../Core/Inc -I../Drivers/STM32L1xx_HAL_Driver/Inc -I../Drivers/STM32L1xx_HAL_Driver/Inc/Legacy -I../Drivers/CMSIS/Device/ST/STM32L1xx/Include -I../Drivers/CMSIS/Include -O0 -ffunction-sections -fdata-sections -Wall -fstack-usage -fcyclomatic-complexity -MMD -MP -MF"Core/Src/main.d" -MT"Core/Src/main.o" --specs=nano.specs -mfloat-abi=soft -mthumb -o "Core/Src/main.o"
../Core/Src/main.c: In function 'setOffset':
../Core/Src/main.c:179:31: warning: format '%f' expects argument of type 'double', but argument 2 has type 'int *' [-Wformat=]
  179 |         printf("Read weight: %f\n\r", &weight);
      |                              ~^       ~~~~~~~
      |                               |       |
      |                               double  int *
      |                              %ls
arm-none-eabi-gcc -o "test_cases.elf" @"objects.list"   -mcpu=cortex-m3 -T"C:\Users\andyb\OneDrive\Desktop\School_Fall_24\Capstone\ECE-Stockroom-Capstone\test_cases\STM32L152RETX_FLASH.ld" --specs=nosys.specs -Wl,-Map="test_cases.map" -Wl,--gc-sections -static --specs=nano.specs -mfloat-abi=soft -mthumb -u _printf_float -u _scanf_float -Wl,--start-group -lc -lm -Wl,--end-group
Finished building target: test_cases.elf
 
arm-none-eabi-size  test_cases.elf 
arm-none-eabi-objdump -h -S test_cases.elf  > "test_cases.list"
   text	   data	    bss	    dec	    hex	filename
  34644	    476	   2052	  37172	   9134	test_cases.elf
Finished building: default.size.stdout
 
Finished building: test_cases.list
 
14:43:47 **** Incremental Build of configuration Debug for project test_cases ****
make -j16 all 
arm-none-eabi-gcc "../Core/Src/main.c" -mcpu=cortex-m3 -std=gnu11 -g3 -DDEBUG -DUSE_HAL_DRIVER -DSTM32L152xE -c -I../Core/Inc -I../Drivers/STM32L1xx_HAL_Driver/Inc -I../Drivers/STM32L1xx_HAL_Driver/Inc/Legacy -I../Drivers/CMSIS/Device/ST/STM32L1xx/Include -I../Drivers/CMSIS/Include -O0 -ffunction-sections -fdata-sections -Wall -fstack-usage -fcyclomatic-complexity -MMD -MP -MF"Core/Src/main.d" -MT"Core/Src/main.o" --specs=nano.specs -mfloat-abi=soft -mthumb -o "Core/Src/main.o"
../Core/Src/main.c: In function 'setOffset':
../Core/Src/main.c:179:31: warning: format '%f' expects argument of type 'double', but argument 2 has type 'int *' [-Wformat=]
  179 |         printf("Read weight: %f\n\r", &weight);
      |                              ~^       ~~~~~~~
      |                               |       |
      |                               double  int *
      |                              %ls
arm-none-eabi-gcc -o "test_cases.elf" @"objects.list"   -mcpu=cortex-m3 -T"C:\Users\andyb\OneDrive\Desktop\School_Fall_24\Capstone\ECE-Stockroom-Capstone\test_cases\STM32L152RETX_FLASH.ld" --specs=nosys.specs -Wl,-Map="test_cases.map" -Wl,--gc-sections -static --specs=nano.specs -mfloat-abi=soft -mthumb -u _printf_float -u _scanf_float -Wl,--start-group -lc -lm -Wl,--end-group
Finished building target: test_cases.elf
 
arm-none-eabi-size  test_cases.elf 
arm-none-eabi-objdump -h -S test_cases.elf  > "test_cases.list"
   text	   data	    bss	    dec	    hex	filename
  37344	    476	   2052	  39872	   9bc0	test_cases.elf
Finished building: default.size.stdout
 
Finished building: test_cases.list
 
14:51:20 **** Incremental Build of configuration Debug for project test_cases ****
make -j16 all 
arm-none-eabi-gcc "../Core/Src/main.c" -mcpu=cortex-m3 -std=gnu11 -g3 -DDEBUG -DUSE_HAL_DRIVER -DSTM32L152xE -c -I../Core/Inc -I../Drivers/STM32L1xx_HAL_Driver/Inc -I../Drivers/STM32L1xx_HAL_Driver/Inc/Legacy -I../Drivers/CMSIS/Device/ST/STM32L1xx/Include -I../Drivers/CMSIS/Include -O0 -ffunction-sections -fdata-sections -Wall -fstack-usage -fcyclomatic-complexity -MMD -MP -MF"Core/Src/main.d" -MT"Core/Src/main.o" --specs=nano.specs -mfloat-abi=soft -mthumb -o "Core/Src/main.o"
../Core/Src/main.c: In function 'setOffset':
../Core/Src/main.c:179:31: warning: format '%d' expects argument of type 'int', but argument 2 has type 'int *' [-Wformat=]
  179 |         printf("Read weight: %d\n\r", &weight);
      |                              ~^       ~~~~~~~
      |                               |       |
      |                               int     int *
      |                              %ls
arm-none-eabi-gcc -o "test_cases.elf" @"objects.list"   -mcpu=cortex-m3 -T"C:\Users\andyb\OneDrive\Desktop\School_Fall_24\Capstone\ECE-Stockroom-Capstone\test_cases\STM32L152RETX_FLASH.ld" --specs=nosys.specs -Wl,-Map="test_cases.map" -Wl,--gc-sections -static --specs=nano.specs -mfloat-abi=soft -mthumb -u _printf_float -u _scanf_float -Wl,--start-group -lc -lm -Wl,--end-group
Finished building target: test_cases.elf
 
arm-none-eabi-size  test_cases.elf 
arm-none-eabi-objdump -h -S test_cases.elf  > "test_cases.list"
   text	   data	    bss	    dec	    hex	filename
  37344	    476	   2052	  39872	   9bc0	test_cases.elf
Finished building: default.size.stdout
 
Finished building: test_cases.list
 
14:56:09 **** Incremental Build of configuration Debug for project test_cases ****
make -j16 all 
arm-none-eabi-gcc "../Core/Src/main.c" -mcpu=cortex-m3 -std=gnu11 -g3 -DDEBUG -DUSE_HAL_DRIVER -DSTM32L152xE -c -I../Core/Inc -I../Drivers/STM32L1xx_HAL_Driver/Inc -I../Drivers/STM32L1xx_HAL_Driver/Inc/Legacy -I../Drivers/CMSIS/Device/ST/STM32L1xx/Include -I../Drivers/CMSIS/Include -O0 -ffunction-sections -fdata-sections -Wall -fstack-usage -fcyclomatic-complexity -MMD -MP -MF"Core/Src/main.d" -MT"Core/Src/main.o" --specs=nano.specs -mfloat-abi=soft -mthumb -o "Core/Src/main.o"
../Core/Src/main.c: In function 'setTare':
../Core/Src/main.c:163:32: warning: format '%d' expects argument of type 'int', but argument 2 has type 'uint32_t *' {aka 'long unsigned int *'} [-Wformat=]
  163 |         printf("New Tare set: %d\n\r", &tare );
      |                               ~^       ~~~~~
      |                                |       |
      |                                int     uint32_t * {aka long unsigned int *}
      |                               %ln
../Core/Src/main.c: In function 'setOffset':
../Core/Src/main.c:179:31: warning: format '%d' expects argument of type 'int', but argument 2 has type 'int *' [-Wformat=]
  179 |         printf("Read weight: %d\n\r", &weight);
      |                              ~^       ~~~~~~~
      |                               |       |
      |                               int     int *
      |                              %ls
arm-none-eabi-gcc -o "test_cases.elf" @"objects.list"   -mcpu=cortex-m3 -T"C:\Users\andyb\OneDrive\Desktop\School_Fall_24\Capstone\ECE-Stockroom-Capstone\test_cases\STM32L152RETX_FLASH.ld" --specs=nosys.specs -Wl,-Map="test_cases.map" -Wl,--gc-sections -static --specs=nano.specs -mfloat-abi=soft -mthumb -u _printf_float -u _scanf_float -Wl,--start-group -lc -lm -Wl,--end-group
Finished building target: test_cases.elf
 
arm-none-eabi-size  test_cases.elf 
arm-none-eabi-objdump -h -S test_cases.elf  > "test_cases.list"
   text	   data	    bss	    dec	    hex	filename
  37352	    476	   2052	  39880	   9bc8	test_cases.elf
Finished building: default.size.stdout
 
Finished building: test_cases.list
 
15:04:09 **** Incremental Build of configuration Debug for project test_cases ****
make -j16 all 
arm-none-eabi-gcc "../Core/Src/main.c" -mcpu=cortex-m3 -std=gnu11 -g3 -DDEBUG -DUSE_HAL_DRIVER -DSTM32L152xE -c -I../Core/Inc -I../Drivers/STM32L1xx_HAL_Driver/Inc -I../Drivers/STM32L1xx_HAL_Driver/Inc/Legacy -I../Drivers/CMSIS/Device/ST/STM32L1xx/Include -I../Drivers/CMSIS/Include -O0 -ffunction-sections -fdata-sections -Wall -fstack-usage -fcyclomatic-complexity -MMD -MP -MF"Core/Src/main.d" -MT"Core/Src/main.o" --specs=nano.specs -mfloat-abi=soft -mthumb -o "Core/Src/main.o"
../Core/Src/main.c: In function 'setTare':
../Core/Src/main.c:163:32: warning: format '%d' expects argument of type 'int', but argument 2 has type 'uint32_t *' {aka 'long unsigned int *'} [-Wformat=]
  163 |         printf("New Tare set: %d\n\r", &tare );
      |                               ~^       ~~~~~
      |                                |       |
      |                                int     uint32_t * {aka long unsigned int *}
      |                               %ln
../Core/Src/main.c: In function 'setOffset':
../Core/Src/main.c:179:31: warning: format '%d' expects argument of type 'int', but argument 2 has type 'int *' [-Wformat=]
  179 |         printf("Read weight: %d\n\r", &weight);
      |                              ~^       ~~~~~~~
      |                               |       |
      |                               int     int *
      |                              %ls
arm-none-eabi-gcc -o "test_cases.elf" @"objects.list"   -mcpu=cortex-m3 -T"C:\Users\andyb\OneDrive\Desktop\School_Fall_24\Capstone\ECE-Stockroom-Capstone\test_cases\STM32L152RETX_FLASH.ld" --specs=nosys.specs -Wl,-Map="test_cases.map" -Wl,--gc-sections -static --specs=nano.specs -mfloat-abi=soft -mthumb -u _printf_float -u _scanf_float -Wl,--start-group -lc -lm -Wl,--end-group
Finished building target: test_cases.elf
 
arm-none-eabi-size  test_cases.elf 
arm-none-eabi-objdump -h -S test_cases.elf  > "test_cases.list"
   text	   data	    bss	    dec	    hex	filename
  37344	    476	   2052	  39872	   9bc0	test_cases.elf
Finished building: default.size.stdout
 
Finished building: test_cases.list
 
15:11:09 **** Incremental Build of configuration Debug for project test_cases ****
make -j16 all 
arm-none-eabi-gcc "../Core/Src/main.c" -mcpu=cortex-m3 -std=gnu11 -g3 -DDEBUG -DUSE_HAL_DRIVER -DSTM32L152xE -c -I../Core/Inc -I../Drivers/STM32L1xx_HAL_Driver/Inc -I../Drivers/STM32L1xx_HAL_Driver/Inc/Legacy -I../Drivers/CMSIS/Device/ST/STM32L1xx/Include -I../Drivers/CMSIS/Include -O0 -ffunction-sections -fdata-sections -Wall -fstack-usage -fcyclomatic-complexity -MMD -MP -MF"Core/Src/main.d" -MT"Core/Src/main.o" --specs=nano.specs -mfloat-abi=soft -mthumb -o "Core/Src/main.o"
../Core/Src/main.c: In function 'weighRaw':
../Core/Src/main.c:151:9: warning: unused variable 'coefficient' [-Wunused-variable]
  151 |   float coefficient;
      |         ^~~~~~~~~~~
../Core/Src/main.c: In function 'setTare':
../Core/Src/main.c:177:32: warning: format '%d' expects argument of type 'int', but argument 2 has type 'uint32_t *' {aka 'long unsigned int *'} [-Wformat=]
  177 |         printf("New Tare set: %d\n\r", &tare );
      |                               ~^       ~~~~~
      |                                |       |
      |                                int     uint32_t * {aka long unsigned int *}
      |                               %ln
../Core/Src/main.c: In function 'setOffset':
../Core/Src/main.c:193:31: warning: format '%d' expects argument of type 'int', but argument 2 has type 'int *' [-Wformat=]
  193 |         printf("Read weight: %d\n\r", &weight);
      |                              ~^       ~~~~~~~
      |                               |       |
      |                               int     int *
      |                              %ls
arm-none-eabi-gcc -o "test_cases.elf" @"objects.list"   -mcpu=cortex-m3 -T"C:\Users\andyb\OneDrive\Desktop\School_Fall_24\Capstone\ECE-Stockroom-Capstone\test_cases\STM32L152RETX_FLASH.ld" --specs=nosys.specs -Wl,-Map="test_cases.map" -Wl,--gc-sections -static --specs=nano.specs -mfloat-abi=soft -mthumb -u _printf_float -u _scanf_float -Wl,--start-group -lc -lm -Wl,--end-group
Finished building target: test_cases.elf
 
arm-none-eabi-size  test_cases.elf 
arm-none-eabi-objdump -h -S test_cases.elf  > "test_cases.list"
   text	   data	    bss	    dec	    hex	filename
  37408	    476	   2052	  39936	   9c00	test_cases.elf
Finished building: default.size.stdout
 
Finished building: test_cases.list
 
15:18:46 **** Incremental Build of configuration Debug for project test_cases ****
make -j16 all 
arm-none-eabi-gcc "../Core/Src/main.c" -mcpu=cortex-m3 -std=gnu11 -g3 -DDEBUG -DUSE_HAL_DRIVER -DSTM32L152xE -c -I../Core/Inc -I../Drivers/STM32L1xx_HAL_Driver/Inc -I../Drivers/STM32L1xx_HAL_Driver/Inc/Legacy -I../Drivers/CMSIS/Device/ST/STM32L1xx/Include -I../Drivers/CMSIS/Include -O0 -ffunction-sections -fdata-sections -Wall -fstack-usage -fcyclomatic-complexity -MMD -MP -MF"Core/Src/main.d" -MT"Core/Src/main.o" --specs=nano.specs -mfloat-abi=soft -mthumb -o "Core/Src/main.o"
../Core/Src/main.c: In function 'setTare':
../Core/Src/main.c:176:32: warning: format '%d' expects argument of type 'int', but argument 2 has type 'uint32_t *' {aka 'long unsigned int *'} [-Wformat=]
  176 |         printf("New Tare set: %d\n\r", &tare );
      |                               ~^       ~~~~~
      |                                |       |
      |                                int     uint32_t * {aka long unsigned int *}
      |                               %ln
../Core/Src/main.c: In function 'setOffset':
../Core/Src/main.c:192:31: warning: format '%d' expects argument of type 'int', but argument 2 has type 'int *' [-Wformat=]
  192 |         printf("Read weight: %d\n\r", &weight);
      |                              ~^       ~~~~~~~
      |                               |       |
      |                               int     int *
      |                              %ls
arm-none-eabi-gcc -o "test_cases.elf" @"objects.list"   -mcpu=cortex-m3 -T"C:\Users\andyb\OneDrive\Desktop\School_Fall_24\Capstone\ECE-Stockroom-Capstone\test_cases\STM32L152RETX_FLASH.ld" --specs=nosys.specs -Wl,-Map="test_cases.map" -Wl,--gc-sections -static --specs=nano.specs -mfloat-abi=soft -mthumb -u _printf_float -u _scanf_float -Wl,--start-group -lc -lm -Wl,--end-group
Finished building target: test_cases.elf
 
arm-none-eabi-size  test_cases.elf 
arm-none-eabi-objdump -h -S test_cases.elf  > "test_cases.list"
   text	   data	    bss	    dec	    hex	filename
  37408	    476	   2052	  39936	   9c00	test_cases.elf
Finished building: default.size.stdout
 
Finished building: test_cases.list
 
15:20:14 **** Incremental Build of configuration Debug for project test_cases ****
make -j16 all 
arm-none-eabi-gcc "../Core/Src/main.c" -mcpu=cortex-m3 -std=gnu11 -g3 -DDEBUG -DUSE_HAL_DRIVER -DSTM32L152xE -c -I../Core/Inc -I../Drivers/STM32L1xx_HAL_Driver/Inc -I../Drivers/STM32L1xx_HAL_Driver/Inc/Legacy -I../Drivers/CMSIS/Device/ST/STM32L1xx/Include -I../Drivers/CMSIS/Include -O0 -ffunction-sections -fdata-sections -Wall -fstack-usage -fcyclomatic-complexity -MMD -MP -MF"Core/Src/main.d" -MT"Core/Src/main.o" --specs=nano.specs -mfloat-abi=soft -mthumb -o "Core/Src/main.o"
../Core/Src/main.c: In function 'setTare':
../Core/Src/main.c:176:32: warning: format '%d' expects argument of type 'int', but argument 2 has type 'uint32_t *' {aka 'long unsigned int *'} [-Wformat=]
  176 |         printf("New Tare set: %d\n\r", &tare );
      |                               ~^       ~~~~~
      |                                |       |
      |                                int     uint32_t * {aka long unsigned int *}
      |                               %ln
../Core/Src/main.c: In function 'setOffset':
../Core/Src/main.c:192:31: warning: format '%d' expects argument of type 'int', but argument 2 has type 'int *' [-Wformat=]
  192 |         printf("Read weight: %d\n\r", &weight);
      |                              ~^       ~~~~~~~
      |                               |       |
      |                               int     int *
      |                              %ls
arm-none-eabi-gcc -o "test_cases.elf" @"objects.list"   -mcpu=cortex-m3 -T"C:\Users\andyb\OneDrive\Desktop\School_Fall_24\Capstone\ECE-Stockroom-Capstone\test_cases\STM32L152RETX_FLASH.ld" --specs=nosys.specs -Wl,-Map="test_cases.map" -Wl,--gc-sections -static --specs=nano.specs -mfloat-abi=soft -mthumb -u _printf_float -u _scanf_float -Wl,--start-group -lc -lm -Wl,--end-group
Finished building target: test_cases.elf
 
arm-none-eabi-size  test_cases.elf 
arm-none-eabi-objdump -h -S test_cases.elf  > "test_cases.list"
   text	   data	    bss	    dec	    hex	filename
  36536	    476	   2052	  39064	   9898	test_cases.elf
Finished building: default.size.stdout
 
Finished building: test_cases.list
 
15:22:21 **** Incremental Build of configuration Debug for project test_cases ****
make -j16 all 
arm-none-eabi-gcc "../Core/Src/main.c" -mcpu=cortex-m3 -std=gnu11 -g3 -DDEBUG -DUSE_HAL_DRIVER -DSTM32L152xE -c -I../Core/Inc -I../Drivers/STM32L1xx_HAL_Driver/Inc -I../Drivers/STM32L1xx_HAL_Driver/Inc/Legacy -I../Drivers/CMSIS/Device/ST/STM32L1xx/Include -I../Drivers/CMSIS/Include -O0 -ffunction-sections -fdata-sections -Wall -fstack-usage -fcyclomatic-complexity -MMD -MP -MF"Core/Src/main.d" -MT"Core/Src/main.o" --specs=nano.specs -mfloat-abi=soft -mthumb -o "Core/Src/main.o"
../Core/Src/main.c: In function 'setTare':
../Core/Src/main.c:176:32: warning: format '%d' expects argument of type 'int', but argument 2 has type 'uint32_t *' {aka 'long unsigned int *'} [-Wformat=]
  176 |         printf("New Tare set: %d\n\r", &tare );
      |                               ~^       ~~~~~
      |                                |       |
      |                                int     uint32_t * {aka long unsigned int *}
      |                               %ln
../Core/Src/main.c: In function 'setOffset':
../Core/Src/main.c:192:31: warning: format '%d' expects argument of type 'int', but argument 2 has type 'int *' [-Wformat=]
  192 |         printf("Read weight: %d\n\r", &weight);
      |                              ~^       ~~~~~~~
      |                               |       |
      |                               int     int *
      |                              %ls
arm-none-eabi-gcc -o "test_cases.elf" @"objects.list"   -mcpu=cortex-m3 -T"C:\Users\andyb\OneDrive\Desktop\School_Fall_24\Capstone\ECE-Stockroom-Capstone\test_cases\STM32L152RETX_FLASH.ld" --specs=nosys.specs -Wl,-Map="test_cases.map" -Wl,--gc-sections -static --specs=nano.specs -mfloat-abi=soft -mthumb -u _printf_float -u _scanf_float -Wl,--start-group -lc -lm -Wl,--end-group
Finished building target: test_cases.elf
 
arm-none-eabi-size  test_cases.elf 
arm-none-eabi-objdump -h -S test_cases.elf  > "test_cases.list"
   text	   data	    bss	    dec	    hex	filename
  36536	    476	   2052	  39064	   9898	test_cases.elf
Finished building: default.size.stdout
 
Finished building: test_cases.list
 
15:30:54 **** Incremental Build of configuration Debug for project test_cases ****
make -j16 all 
arm-none-eabi-gcc "../Core/Src/main.c" -mcpu=cortex-m3 -std=gnu11 -g3 -DDEBUG -DUSE_HAL_DRIVER -DSTM32L152xE -c -I../Core/Inc -I../Drivers/STM32L1xx_HAL_Driver/Inc -I../Drivers/STM32L1xx_HAL_Driver/Inc/Legacy -I../Drivers/CMSIS/Device/ST/STM32L1xx/Include -I../Drivers/CMSIS/Include -O0 -ffunction-sections -fdata-sections -Wall -fstack-usage -fcyclomatic-complexity -MMD -MP -MF"Core/Src/main.d" -MT"Core/Src/main.o" --specs=nano.specs -mfloat-abi=soft -mthumb -o "Core/Src/main.o"
../Core/Src/main.c: In function 'setTare':
../Core/Src/main.c:176:32: warning: format '%d' expects argument of type 'int', but argument 2 has type 'uint32_t *' {aka 'long unsigned int *'} [-Wformat=]
  176 |         printf("New Tare set: %d\n\r", &tare );
      |                               ~^       ~~~~~
      |                                |       |
      |                                int     uint32_t * {aka long unsigned int *}
      |                               %ln
../Core/Src/main.c: In function 'setOffset':
../Core/Src/main.c:192:31: warning: format '%d' expects argument of type 'int', but argument 2 has type 'int *' [-Wformat=]
  192 |         printf("Read weight: %d\n\r", &weight);
      |                              ~^       ~~~~~~~
      |                               |       |
      |                               int     int *
      |                              %ls
arm-none-eabi-gcc -o "test_cases.elf" @"objects.list"   -mcpu=cortex-m3 -T"C:\Users\andyb\OneDrive\Desktop\School_Fall_24\Capstone\ECE-Stockroom-Capstone\test_cases\STM32L152RETX_FLASH.ld" --specs=nosys.specs -Wl,-Map="test_cases.map" -Wl,--gc-sections -static --specs=nano.specs -mfloat-abi=soft -mthumb -u _printf_float -u _scanf_float -Wl,--start-group -lc -lm -Wl,--end-group
Finished building target: test_cases.elf
 
arm-none-eabi-size  test_cases.elf 
arm-none-eabi-objdump -h -S test_cases.elf  > "test_cases.list"
   text	   data	    bss	    dec	    hex	filename
  36536	    476	   2052	  39064	   9898	test_cases.elf
Finished building: default.size.stdout
 
Finished building: test_cases.list
 
15:48:20 **** Incremental Build of configuration Debug for project test_cases ****
make -j16 all 
arm-none-eabi-gcc "../Core/Src/main.c" -mcpu=cortex-m3 -std=gnu11 -g3 -DDEBUG -DUSE_HAL_DRIVER -DSTM32L152xE -c -I../Core/Inc -I../Drivers/STM32L1xx_HAL_Driver/Inc -I../Drivers/STM32L1xx_HAL_Driver/Inc/Legacy -I../Drivers/CMSIS/Device/ST/STM32L1xx/Include -I../Drivers/CMSIS/Include -O0 -ffunction-sections -fdata-sections -Wall -fstack-usage -fcyclomatic-complexity -MMD -MP -MF"Core/Src/main.d" -MT"Core/Src/main.o" --specs=nano.specs -mfloat-abi=soft -mthumb -o "Core/Src/main.o"
../Core/Src/main.c: In function 'setTare':
../Core/Src/main.c:177:16: warning: format '%lu' expects argument of type 'long unsigned int', but argument 2 has type 'uint32_t *' {aka 'long unsigned int *'} [-Wformat=]
  177 |         printf("Tare Set: %" PRIu32 "\n\r", &tare);
      |                ^~~~~~~~~~~~~                ~~~~~
      |                                             |
      |                                             uint32_t * {aka long unsigned int *}
../Core/Src/main.c: In function 'setOffset':
../Core/Src/main.c:193:31: warning: format '%d' expects argument of type 'int', but argument 2 has type 'int *' [-Wformat=]
  193 |         printf("Read weight: %d\n\r", &weight);
      |                              ~^       ~~~~~~~
      |                               |       |
      |                               int     int *
      |                              %ls
arm-none-eabi-gcc -o "test_cases.elf" @"objects.list"   -mcpu=cortex-m3 -T"C:\Users\andyb\OneDrive\Desktop\School_Fall_24\Capstone\ECE-Stockroom-Capstone\test_cases\STM32L152RETX_FLASH.ld" --specs=nosys.specs -Wl,-Map="test_cases.map" -Wl,--gc-sections -static --specs=nano.specs -mfloat-abi=soft -mthumb -u _printf_float -u _scanf_float -Wl,--start-group -lc -lm -Wl,--end-group
Finished building target: test_cases.elf
 
arm-none-eabi-size  test_cases.elf 
arm-none-eabi-objdump -h -S test_cases.elf  > "test_cases.list"
   text	   data	    bss	    dec	    hex	filename
  36528	    476	   2052	  39056	   9890	test_cases.elf
Finished building: default.size.stdout
 
Finished building: test_cases.list
 
15:50:57 **** Incremental Build of configuration Debug for project test_cases ****
make -j16 all 
arm-none-eabi-size  test_cases.elf 
   text	   data	    bss	    dec	    hex	filename
  36528	    476	   2052	  39056	   9890	test_cases.elf
Finished building: default.size.stdout
 
15:51:25 **** Incremental Build of configuration Debug for project test_cases ****
make -j16 all 
arm-none-eabi-size  test_cases.elf 
   text	   data	    bss	    dec	    hex	filename
  36528	    476	   2052	  39056	   9890	test_cases.elf
Finished building: default.size.stdout
 
15:59:58 **** Incremental Build of configuration Debug for project test_cases ****
make -j16 all 
arm-none-eabi-gcc "../Core/Src/main.c" -mcpu=cortex-m3 -std=gnu11 -g3 -DDEBUG -DUSE_HAL_DRIVER -DSTM32L152xE -c -I../Core/Inc -I../Drivers/STM32L1xx_HAL_Driver/Inc -I../Drivers/STM32L1xx_HAL_Driver/Inc/Legacy -I../Drivers/CMSIS/Device/ST/STM32L1xx/Include -I../Drivers/CMSIS/Include -O0 -ffunction-sections -fdata-sections -Wall -fstack-usage -fcyclomatic-complexity -MMD -MP -MF"Core/Src/main.d" -MT"Core/Src/main.o" --specs=nano.specs -mfloat-abi=soft -mthumb -o "Core/Src/main.o"
../Core/Src/main.c: In function 'setTare':
../Core/Src/main.c:183:16: warning: format '%lu' expects argument of type 'long unsigned int', but argument 2 has type 'uint32_t *' {aka 'long unsigned int *'} [-Wformat=]
  183 |         printf("Tare Set: %" PRIu32 "\n\r", &tare);
      |                ^~~~~~~~~~~~~                ~~~~~
      |                                             |
      |                                             uint32_t * {aka long unsigned int *}
../Core/Src/main.c: In function 'setOffset':
../Core/Src/main.c:199:31: warning: format '%d' expects argument of type 'int', but argument 2 has type 'int *' [-Wformat=]
  199 |         printf("Read weight: %d\n\r", &weight);
      |                              ~^       ~~~~~~~
      |                               |       |
      |                               int     int *
      |                              %ls
arm-none-eabi-gcc -o "test_cases.elf" @"objects.list"   -mcpu=cortex-m3 -T"C:\Users\andyb\OneDrive\Desktop\School_Fall_24\Capstone\ECE-Stockroom-Capstone\test_cases\STM32L152RETX_FLASH.ld" --specs=nosys.specs -Wl,-Map="test_cases.map" -Wl,--gc-sections -static --specs=nano.specs -mfloat-abi=soft -mthumb -u _printf_float -u _scanf_float -Wl,--start-group -lc -lm -Wl,--end-group
Finished building target: test_cases.elf
 
arm-none-eabi-size  test_cases.elf 
arm-none-eabi-objdump -h -S test_cases.elf  > "test_cases.list"
   text	   data	    bss	    dec	    hex	filename
  36576	    476	   2052	  39104	   98c0	test_cases.elf
Finished building: default.size.stdout
 
Finished building: test_cases.list
 
16:01:24 **** Incremental Build of configuration Debug for project test_cases ****
make -j16 all 
arm-none-eabi-gcc "../Core/Src/main.c" -mcpu=cortex-m3 -std=gnu11 -g3 -DDEBUG -DUSE_HAL_DRIVER -DSTM32L152xE -c -I../Core/Inc -I../Drivers/STM32L1xx_HAL_Driver/Inc -I../Drivers/STM32L1xx_HAL_Driver/Inc/Legacy -I../Drivers/CMSIS/Device/ST/STM32L1xx/Include -I../Drivers/CMSIS/Include -O0 -ffunction-sections -fdata-sections -Wall -fstack-usage -fcyclomatic-complexity -MMD -MP -MF"Core/Src/main.d" -MT"Core/Src/main.o" --specs=nano.specs -mfloat-abi=soft -mthumb -o "Core/Src/main.o"
../Core/Src/main.c: In function 'setTare':
../Core/Src/main.c:183:16: warning: format '%lu' expects argument of type 'long unsigned int', but argument 2 has type 'uint32_t *' {aka 'long unsigned int *'} [-Wformat=]
  183 |         printf("Tare Set: %" PRIu32 "\n\r", &tare);
      |                ^~~~~~~~~~~~~                ~~~~~
      |                                             |
      |                                             uint32_t * {aka long unsigned int *}
../Core/Src/main.c: In function 'setOffset':
../Core/Src/main.c:199:31: warning: format '%d' expects argument of type 'int', but argument 2 has type 'int *' [-Wformat=]
  199 |         printf("Read weight: %d\n\r", &weight);
      |                              ~^       ~~~~~~~
      |                               |       |
      |                               int     int *
      |                              %ls
arm-none-eabi-gcc -o "test_cases.elf" @"objects.list"   -mcpu=cortex-m3 -T"C:\Users\andyb\OneDrive\Desktop\School_Fall_24\Capstone\ECE-Stockroom-Capstone\test_cases\STM32L152RETX_FLASH.ld" --specs=nosys.specs -Wl,-Map="test_cases.map" -Wl,--gc-sections -static --specs=nano.specs -mfloat-abi=soft -mthumb -u _printf_float -u _scanf_float -Wl,--start-group -lc -lm -Wl,--end-group
Finished building target: test_cases.elf
 
arm-none-eabi-size  test_cases.elf 
arm-none-eabi-objdump -h -S test_cases.elf  > "test_cases.list"
   text	   data	    bss	    dec	    hex	filename
  36576	    476	   2052	  39104	   98c0	test_cases.elf
Finished building: default.size.stdout
 
Finished building: test_cases.list
 
16:02:54 **** Incremental Build of configuration Debug for project test_cases ****
make -j16 all 
arm-none-eabi-gcc "../Core/Src/main.c" -mcpu=cortex-m3 -std=gnu11 -g3 -DDEBUG -DUSE_HAL_DRIVER -DSTM32L152xE -c -I../Core/Inc -I../Drivers/STM32L1xx_HAL_Driver/Inc -I../Drivers/STM32L1xx_HAL_Driver/Inc/Legacy -I../Drivers/CMSIS/Device/ST/STM32L1xx/Include -I../Drivers/CMSIS/Include -O0 -ffunction-sections -fdata-sections -Wall -fstack-usage -fcyclomatic-complexity -MMD -MP -MF"Core/Src/main.d" -MT"Core/Src/main.o" --specs=nano.specs -mfloat-abi=soft -mthumb -o "Core/Src/main.o"
../Core/Src/main.c: In function 'setTare':
../Core/Src/main.c:182:16: warning: format '%lu' expects argument of type 'long unsigned int', but argument 2 has type 'uint32_t *' {aka 'long unsigned int *'} [-Wformat=]
  182 |         printf("Tare Set: %" PRIu32 "\n\r", &tare);
      |                ^~~~~~~~~~~~~                ~~~~~
      |                                             |
      |                                             uint32_t * {aka long unsigned int *}
../Core/Src/main.c:178:13: warning: unused variable 'weight_tare' [-Wunused-variable]
  178 |         int weight_tare = weighRaw();
      |             ^~~~~~~~~~~
../Core/Src/main.c: In function 'setOffset':
../Core/Src/main.c:198:31: warning: format '%d' expects argument of type 'int', but argument 2 has type 'int *' [-Wformat=]
  198 |         printf("Read weight: %d\n\r", &weight);
      |                              ~^       ~~~~~~~
      |                               |       |
      |                               int     int *
      |                              %ls
arm-none-eabi-gcc -o "test_cases.elf" @"objects.list"   -mcpu=cortex-m3 -T"C:\Users\andyb\OneDrive\Desktop\School_Fall_24\Capstone\ECE-Stockroom-Capstone\test_cases\STM32L152RETX_FLASH.ld" --specs=nosys.specs -Wl,-Map="test_cases.map" -Wl,--gc-sections -static --specs=nano.specs -mfloat-abi=soft -mthumb -u _printf_float -u _scanf_float -Wl,--start-group -lc -lm -Wl,--end-group
Finished building target: test_cases.elf
 
arm-none-eabi-size  test_cases.elf 
arm-none-eabi-objdump -h -S test_cases.elf  > "test_cases.list"
   text	   data	    bss	    dec	    hex	filename
  36576	    476	   2052	  39104	   98c0	test_cases.elf
Finished building: default.size.stdout
 
Finished building: test_cases.list
 
16:04:14 **** Incremental Build of configuration Debug for project test_cases ****
make -j16 all 
arm-none-eabi-gcc "../Core/Src/main.c" -mcpu=cortex-m3 -std=gnu11 -g3 -DDEBUG -DUSE_HAL_DRIVER -DSTM32L152xE -c -I../Core/Inc -I../Drivers/STM32L1xx_HAL_Driver/Inc -I../Drivers/STM32L1xx_HAL_Driver/Inc/Legacy -I../Drivers/CMSIS/Device/ST/STM32L1xx/Include -I../Drivers/CMSIS/Include -O0 -ffunction-sections -fdata-sections -Wall -fstack-usage -fcyclomatic-complexity -MMD -MP -MF"Core/Src/main.d" -MT"Core/Src/main.o" --specs=nano.specs -mfloat-abi=soft -mthumb -o "Core/Src/main.o"
../Core/Src/main.c: In function 'setTare':
../Core/Src/main.c:182:16: warning: format '%lu' expects argument of type 'long unsigned int', but argument 2 has type 'uint32_t *' {aka 'long unsigned int *'} [-Wformat=]
  182 |         printf("Tare Set: %" PRIu32 "\n\r", &tare);
      |                ^~~~~~~~~~~~~                ~~~~~
      |                                             |
      |                                             uint32_t * {aka long unsigned int *}
../Core/Src/main.c: In function 'setOffset':
../Core/Src/main.c:198:31: warning: format '%d' expects argument of type 'int', but argument 2 has type 'int *' [-Wformat=]
  198 |         printf("Read weight: %d\n\r", &weight);
      |                              ~^       ~~~~~~~
      |                               |       |
      |                               int     int *
      |                              %ls
arm-none-eabi-gcc -o "test_cases.elf" @"objects.list"   -mcpu=cortex-m3 -T"C:\Users\andyb\OneDrive\Desktop\School_Fall_24\Capstone\ECE-Stockroom-Capstone\test_cases\STM32L152RETX_FLASH.ld" --specs=nosys.specs -Wl,-Map="test_cases.map" -Wl,--gc-sections -static --specs=nano.specs -mfloat-abi=soft -mthumb -u _printf_float -u _scanf_float -Wl,--start-group -lc -lm -Wl,--end-group
Finished building target: test_cases.elf
 
arm-none-eabi-size  test_cases.elf 
arm-none-eabi-objdump -h -S test_cases.elf  > "test_cases.list"
   text	   data	    bss	    dec	    hex	filename
  36568	    476	   2052	  39096	   98b8	test_cases.elf
Finished building: default.size.stdout
 
Finished building: test_cases.list
 
16:09:50 **** Incremental Build of configuration Debug for project test_cases ****
make -j16 all 
arm-none-eabi-gcc "../Core/Src/main.c" -mcpu=cortex-m3 -std=gnu11 -g3 -DDEBUG -DUSE_HAL_DRIVER -DSTM32L152xE -c -I../Core/Inc -I../Drivers/STM32L1xx_HAL_Driver/Inc -I../Drivers/STM32L1xx_HAL_Driver/Inc/Legacy -I../Drivers/CMSIS/Device/ST/STM32L1xx/Include -I../Drivers/CMSIS/Include -O0 -ffunction-sections -fdata-sections -Wall -fstack-usage -fcyclomatic-complexity -MMD -MP -MF"Core/Src/main.d" -MT"Core/Src/main.o" --specs=nano.specs -mfloat-abi=soft -mthumb -o "Core/Src/main.o"
../Core/Src/main.c: In function 'setTare':
../Core/Src/main.c:182:28: warning: format '%d' expects argument of type 'int', but argument 2 has type 'int *' [-Wformat=]
  182 |         printf("Tare Set: %d\n\r", &weight_tare);
      |                           ~^       ~~~~~~~~~~~~
      |                            |       |
      |                            int     int *
      |                           %ls
../Core/Src/main.c: In function 'setOffset':
../Core/Src/main.c:198:31: warning: format '%d' expects argument of type 'int', but argument 2 has type 'int *' [-Wformat=]
  198 |         printf("Read weight: %d\n\r", &weight);
      |                              ~^       ~~~~~~~
      |                               |       |
      |                               int     int *
      |                              %ls
arm-none-eabi-gcc -o "test_cases.elf" @"objects.list"   -mcpu=cortex-m3 -T"C:\Users\andyb\OneDrive\Desktop\School_Fall_24\Capstone\ECE-Stockroom-Capstone\test_cases\STM32L152RETX_FLASH.ld" --specs=nosys.specs -Wl,-Map="test_cases.map" -Wl,--gc-sections -static --specs=nano.specs -mfloat-abi=soft -mthumb -u _printf_float -u _scanf_float -Wl,--start-group -lc -lm -Wl,--end-group
Finished building target: test_cases.elf
 
arm-none-eabi-size  test_cases.elf 
arm-none-eabi-objdump -h -S test_cases.elf  > "test_cases.list"
   text	   data	    bss	    dec	    hex	filename
  36576	    476	   2052	  39104	   98c0	test_cases.elf
Finished building: default.size.stdout
 
Finished building: test_cases.list
 
16:13:53 **** Incremental Build of configuration Debug for project test_cases ****
make -j16 all 
arm-none-eabi-gcc "../Core/Src/main.c" -mcpu=cortex-m3 -std=gnu11 -g3 -DDEBUG -DUSE_HAL_DRIVER -DSTM32L152xE -c -I../Core/Inc -I../Drivers/STM32L1xx_HAL_Driver/Inc -I../Drivers/STM32L1xx_HAL_Driver/Inc/Legacy -I../Drivers/CMSIS/Device/ST/STM32L1xx/Include -I../Drivers/CMSIS/Include -O0 -ffunction-sections -fdata-sections -Wall -fstack-usage -fcyclomatic-complexity -MMD -MP -MF"Core/Src/main.d" -MT"Core/Src/main.o" --specs=nano.specs -mfloat-abi=soft -mthumb -o "Core/Src/main.o"
../Core/Src/main.c: In function 'setOffset':
../Core/Src/main.c:198:31: warning: format '%d' expects argument of type 'int', but argument 2 has type 'int *' [-Wformat=]
  198 |         printf("Read weight: %d\n\r", &weight);
      |                              ~^       ~~~~~~~
      |                               |       |
      |                               int     int *
      |                              %ls
arm-none-eabi-gcc -o "test_cases.elf" @"objects.list"   -mcpu=cortex-m3 -T"C:\Users\andyb\OneDrive\Desktop\School_Fall_24\Capstone\ECE-Stockroom-Capstone\test_cases\STM32L152RETX_FLASH.ld" --specs=nosys.specs -Wl,-Map="test_cases.map" -Wl,--gc-sections -static --specs=nano.specs -mfloat-abi=soft -mthumb -u _printf_float -u _scanf_float -Wl,--start-group -lc -lm -Wl,--end-group
Finished building target: test_cases.elf
 
arm-none-eabi-size  test_cases.elf 
arm-none-eabi-objdump -h -S test_cases.elf  > "test_cases.list"
   text	   data	    bss	    dec	    hex	filename
  36568	    476	   2052	  39096	   98b8	test_cases.elf
Finished building: default.size.stdout
 
Finished building: test_cases.list
 
16:17:57 **** Incremental Build of configuration Debug for project test_cases ****
make -j16 all 
arm-none-eabi-gcc "../Core/Src/main.c" -mcpu=cortex-m3 -std=gnu11 -g3 -DDEBUG -DUSE_HAL_DRIVER -DSTM32L152xE -c -I../Core/Inc -I../Drivers/STM32L1xx_HAL_Driver/Inc -I../Drivers/STM32L1xx_HAL_Driver/Inc/Legacy -I../Drivers/CMSIS/Device/ST/STM32L1xx/Include -I../Drivers/CMSIS/Include -O0 -ffunction-sections -fdata-sections -Wall -fstack-usage -fcyclomatic-complexity -MMD -MP -MF"Core/Src/main.d" -MT"Core/Src/main.o" --specs=nano.specs -mfloat-abi=soft -mthumb -o "Core/Src/main.o"
arm-none-eabi-gcc -o "test_cases.elf" @"objects.list"   -mcpu=cortex-m3 -T"C:\Users\andyb\OneDrive\Desktop\School_Fall_24\Capstone\ECE-Stockroom-Capstone\test_cases\STM32L152RETX_FLASH.ld" --specs=nosys.specs -Wl,-Map="test_cases.map" -Wl,--gc-sections -static --specs=nano.specs -mfloat-abi=soft -mthumb -u _printf_float -u _scanf_float -Wl,--start-group -lc -lm -Wl,--end-group
Finished building target: test_cases.elf
 
arm-none-eabi-size  test_cases.elf 
arm-none-eabi-objdump -h -S test_cases.elf  > "test_cases.list"
   text	   data	    bss	    dec	    hex	filename
  37432	    476	   2052	  39960	   9c18	test_cases.elf
Finished building: default.size.stdout
 
Finished building: test_cases.list
 
16:26:48 **** Incremental Build of configuration Debug for project test_cases ****
make -j16 all 
arm-none-eabi-gcc "../Core/Src/main.c" -mcpu=cortex-m3 -std=gnu11 -g3 -DDEBUG -DUSE_HAL_DRIVER -DSTM32L152xE -c -I../Core/Inc -I../Drivers/STM32L1xx_HAL_Driver/Inc -I../Drivers/STM32L1xx_HAL_Driver/Inc/Legacy -I../Drivers/CMSIS/Device/ST/STM32L1xx/Include -I../Drivers/CMSIS/Include -O0 -ffunction-sections -fdata-sections -Wall -fstack-usage -fcyclomatic-complexity -MMD -MP -MF"Core/Src/main.d" -MT"Core/Src/main.o" --specs=nano.specs -mfloat-abi=soft -mthumb -o "Core/Src/main.o"
arm-none-eabi-gcc -o "test_cases.elf" @"objects.list"   -mcpu=cortex-m3 -T"C:\Users\andyb\OneDrive\Desktop\School_Fall_24\Capstone\ECE-Stockroom-Capstone\test_cases\STM32L152RETX_FLASH.ld" --specs=nosys.specs -Wl,-Map="test_cases.map" -Wl,--gc-sections -static --specs=nano.specs -mfloat-abi=soft -mthumb -u _printf_float -u _scanf_float -Wl,--start-group -lc -lm -Wl,--end-group
Finished building target: test_cases.elf
 
arm-none-eabi-size  test_cases.elf 
arm-none-eabi-objdump -h -S test_cases.elf  > "test_cases.list"
   text	   data	    bss	    dec	    hex	filename
  37440	    476	   2052	  39968	   9c20	test_cases.elf
Finished building: default.size.stdout
 
Finished building: test_cases.list
 
16:35:59 **** Incremental Build of configuration Debug for project test_cases ****
make -j16 all 
arm-none-eabi-gcc "../Core/Src/main.c" -mcpu=cortex-m3 -std=gnu11 -g3 -DDEBUG -DUSE_HAL_DRIVER -DSTM32L152xE -c -I../Core/Inc -I../Drivers/STM32L1xx_HAL_Driver/Inc -I../Drivers/STM32L1xx_HAL_Driver/Inc/Legacy -I../Drivers/CMSIS/Device/ST/STM32L1xx/Include -I../Drivers/CMSIS/Include -O0 -ffunction-sections -fdata-sections -Wall -fstack-usage -fcyclomatic-complexity -MMD -MP -MF"Core/Src/main.d" -MT"Core/Src/main.o" --specs=nano.specs -mfloat-abi=soft -mthumb -o "Core/Src/main.o"
../Core/Src/main.c: In function 'weigh':
../Core/Src/main.c:137:9: warning: variable 'coefficient' set but not used [-Wunused-but-set-variable]
  137 |   float coefficient;
      |         ^~~~~~~~~~~
arm-none-eabi-gcc -o "test_cases.elf" @"objects.list"   -mcpu=cortex-m3 -T"C:\Users\andyb\OneDrive\Desktop\School_Fall_24\Capstone\ECE-Stockroom-Capstone\test_cases\STM32L152RETX_FLASH.ld" --specs=nosys.specs -Wl,-Map="test_cases.map" -Wl,--gc-sections -static --specs=nano.specs -mfloat-abi=soft -mthumb -u _printf_float -u _scanf_float -Wl,--start-group -lc -lm -Wl,--end-group
Finished building target: test_cases.elf
 
arm-none-eabi-size  test_cases.elf 
arm-none-eabi-objdump -h -S test_cases.elf  > "test_cases.list"
   text	   data	    bss	    dec	    hex	filename
  37336	    476	   2052	  39864	   9bb8	test_cases.elf
Finished building: default.size.stdout
 
Finished building: test_cases.list
 
16:38:41 **** Incremental Build of configuration Debug for project test_cases ****
make -j16 all 
arm-none-eabi-gcc "../Core/Src/main.c" -mcpu=cortex-m3 -std=gnu11 -g3 -DDEBUG -DUSE_HAL_DRIVER -DSTM32L152xE -c -I../Core/Inc -I../Drivers/STM32L1xx_HAL_Driver/Inc -I../Drivers/STM32L1xx_HAL_Driver/Inc/Legacy -I../Drivers/CMSIS/Device/ST/STM32L1xx/Include -I../Drivers/CMSIS/Include -O0 -ffunction-sections -fdata-sections -Wall -fstack-usage -fcyclomatic-complexity -MMD -MP -MF"Core/Src/main.d" -MT"Core/Src/main.o" --specs=nano.specs -mfloat-abi=soft -mthumb -o "Core/Src/main.o"
arm-none-eabi-gcc -o "test_cases.elf" @"objects.list"   -mcpu=cortex-m3 -T"C:\Users\andyb\OneDrive\Desktop\School_Fall_24\Capstone\ECE-Stockroom-Capstone\test_cases\STM32L152RETX_FLASH.ld" --specs=nosys.specs -Wl,-Map="test_cases.map" -Wl,--gc-sections -static --specs=nano.specs -mfloat-abi=soft -mthumb -u _printf_float -u _scanf_float -Wl,--start-group -lc -lm -Wl,--end-group
Finished building target: test_cases.elf
 
arm-none-eabi-size  test_cases.elf 
arm-none-eabi-objdump -h -S test_cases.elf  > "test_cases.list"
   text	   data	    bss	    dec	    hex	filename
  37448	    476	   2052	  39976	   9c28	test_cases.elf
Finished building: default.size.stdout
 
Finished building: test_cases.list
 
16:50:19 **** Incremental Build of configuration Debug for project test_cases ****
make -j16 all 
arm-none-eabi-gcc "../Core/Src/main.c" -mcpu=cortex-m3 -std=gnu11 -g3 -DDEBUG -DUSE_HAL_DRIVER -DSTM32L152xE -c -I../Core/Inc -I../Drivers/STM32L1xx_HAL_Driver/Inc -I../Drivers/STM32L1xx_HAL_Driver/Inc/Legacy -I../Drivers/CMSIS/Device/ST/STM32L1xx/Include -I../Drivers/CMSIS/Include -O0 -ffunction-sections -fdata-sections -Wall -fstack-usage -fcyclomatic-complexity -MMD -MP -MF"Core/Src/main.d" -MT"Core/Src/main.o" --specs=nano.specs -mfloat-abi=soft -mthumb -o "Core/Src/main.o"
arm-none-eabi-gcc -o "test_cases.elf" @"objects.list"   -mcpu=cortex-m3 -T"C:\Users\andyb\OneDrive\Desktop\School_Fall_24\Capstone\ECE-Stockroom-Capstone\test_cases\STM32L152RETX_FLASH.ld" --specs=nosys.specs -Wl,-Map="test_cases.map" -Wl,--gc-sections -static --specs=nano.specs -mfloat-abi=soft -mthumb -u _printf_float -u _scanf_float -Wl,--start-group -lc -lm -Wl,--end-group
Finished building target: test_cases.elf
 
arm-none-eabi-size  test_cases.elf 
arm-none-eabi-objdump -h -S test_cases.elf  > "test_cases.list"
   text	   data	    bss	    dec	    hex	filename
  37440	    476	   2052	  39968	   9c20	test_cases.elf
Finished building: default.size.stdout
 
Finished building: test_cases.list
 
16:52:03 **** Incremental Build of configuration Debug for project test_cases ****
make -j16 all 
arm-none-eabi-gcc "../Core/Src/main.c" -mcpu=cortex-m3 -std=gnu11 -g3 -DDEBUG -DUSE_HAL_DRIVER -DSTM32L152xE -c -I../Core/Inc -I../Drivers/STM32L1xx_HAL_Driver/Inc -I../Drivers/STM32L1xx_HAL_Driver/Inc/Legacy -I../Drivers/CMSIS/Device/ST/STM32L1xx/Include -I../Drivers/CMSIS/Include -O0 -ffunction-sections -fdata-sections -Wall -fstack-usage -fcyclomatic-complexity -MMD -MP -MF"Core/Src/main.d" -MT"Core/Src/main.o" --specs=nano.specs -mfloat-abi=soft -mthumb -o "Core/Src/main.o"
arm-none-eabi-gcc -o "test_cases.elf" @"objects.list"   -mcpu=cortex-m3 -T"C:\Users\andyb\OneDrive\Desktop\School_Fall_24\Capstone\ECE-Stockroom-Capstone\test_cases\STM32L152RETX_FLASH.ld" --specs=nosys.specs -Wl,-Map="test_cases.map" -Wl,--gc-sections -static --specs=nano.specs -mfloat-abi=soft -mthumb -u _printf_float -u _scanf_float -Wl,--start-group -lc -lm -Wl,--end-group
Finished building target: test_cases.elf
 
arm-none-eabi-size  test_cases.elf 
arm-none-eabi-objdump -h -S test_cases.elf  > "test_cases.list"
   text	   data	    bss	    dec	    hex	filename
  37448	    476	   2052	  39976	   9c28	test_cases.elf
Finished building: default.size.stdout
 
Finished building: test_cases.list
 
16:55:04 **** Incremental Build of configuration Debug for project test_cases ****
make -j16 all 
arm-none-eabi-gcc "../Core/Src/main.c" -mcpu=cortex-m3 -std=gnu11 -g3 -DDEBUG -DUSE_HAL_DRIVER -DSTM32L152xE -c -I../Core/Inc -I../Drivers/STM32L1xx_HAL_Driver/Inc -I../Drivers/STM32L1xx_HAL_Driver/Inc/Legacy -I../Drivers/CMSIS/Device/ST/STM32L1xx/Include -I../Drivers/CMSIS/Include -O0 -ffunction-sections -fdata-sections -Wall -fstack-usage -fcyclomatic-complexity -MMD -MP -MF"Core/Src/main.d" -MT"Core/Src/main.o" --specs=nano.specs -mfloat-abi=soft -mthumb -o "Core/Src/main.o"
../Core/Src/main.c: In function 'weigh':
../Core/Src/main.c:144:41: error: expected ';' before ')' token
  144 |   milligram = (int)(average - tare)*1000)*coefficient;
      |                                         ^
      |                                         ;
../Core/Src/main.c:144:41: error: expected statement before ')' token
../Core/Src/main.c:144:42: error: invalid type argument of unary '*' (have 'float')
  144 |   milligram = (int)(average - tare)*1000)*coefficient;
      |                                          ^~~~~~~~~~~~
make: *** [Core/Src/subdir.mk:43: Core/Src/main.o] Error 1
"make -j16 all" terminated with exit code 2. Build might be incomplete.
16:55:17 **** Incremental Build of configuration Debug for project test_cases ****
make -j16 all 
arm-none-eabi-gcc "../Core/Src/main.c" -mcpu=cortex-m3 -std=gnu11 -g3 -DDEBUG -DUSE_HAL_DRIVER -DSTM32L152xE -c -I../Core/Inc -I../Drivers/STM32L1xx_HAL_Driver/Inc -I../Drivers/STM32L1xx_HAL_Driver/Inc/Legacy -I../Drivers/CMSIS/Device/ST/STM32L1xx/Include -I../Drivers/CMSIS/Include -O0 -ffunction-sections -fdata-sections -Wall -fstack-usage -fcyclomatic-complexity -MMD -MP -MF"Core/Src/main.d" -MT"Core/Src/main.o" --specs=nano.specs -mfloat-abi=soft -mthumb -o "Core/Src/main.o"
arm-none-eabi-gcc -o "test_cases.elf" @"objects.list"   -mcpu=cortex-m3 -T"C:\Users\andyb\OneDrive\Desktop\School_Fall_24\Capstone\ECE-Stockroom-Capstone\test_cases\STM32L152RETX_FLASH.ld" --specs=nosys.specs -Wl,-Map="test_cases.map" -Wl,--gc-sections -static --specs=nano.specs -mfloat-abi=soft -mthumb -u _printf_float -u _scanf_float -Wl,--start-group -lc -lm -Wl,--end-group
Finished building target: test_cases.elf
 
arm-none-eabi-size  test_cases.elf 
arm-none-eabi-objdump -h -S test_cases.elf  > "test_cases.list"
   text	   data	    bss	    dec	    hex	filename
  37448	    476	   2052	  39976	   9c28	test_cases.elf
Finished building: default.size.stdout
 
Finished building: test_cases.list
 
16:56:55 **** Incremental Build of configuration Debug for project test_cases ****
make -j16 all 
arm-none-eabi-gcc "../Core/Src/main.c" -mcpu=cortex-m3 -std=gnu11 -g3 -DDEBUG -DUSE_HAL_DRIVER -DSTM32L152xE -c -I../Core/Inc -I../Drivers/STM32L1xx_HAL_Driver/Inc -I../Drivers/STM32L1xx_HAL_Driver/Inc/Legacy -I../Drivers/CMSIS/Device/ST/STM32L1xx/Include -I../Drivers/CMSIS/Include -O0 -ffunction-sections -fdata-sections -Wall -fstack-usage -fcyclomatic-complexity -MMD -MP -MF"Core/Src/main.d" -MT"Core/Src/main.o" --specs=nano.specs -mfloat-abi=soft -mthumb -o "Core/Src/main.o"
arm-none-eabi-gcc -o "test_cases.elf" @"objects.list"   -mcpu=cortex-m3 -T"C:\Users\andyb\OneDrive\Desktop\School_Fall_24\Capstone\ECE-Stockroom-Capstone\test_cases\STM32L152RETX_FLASH.ld" --specs=nosys.specs -Wl,-Map="test_cases.map" -Wl,--gc-sections -static --specs=nano.specs -mfloat-abi=soft -mthumb -u _printf_float -u _scanf_float -Wl,--start-group -lc -lm -Wl,--end-group
Finished building target: test_cases.elf
 
arm-none-eabi-size  test_cases.elf 
arm-none-eabi-objdump -h -S test_cases.elf  > "test_cases.list"
   text	   data	    bss	    dec	    hex	filename
  37448	    476	   2052	  39976	   9c28	test_cases.elf
Finished building: default.size.stdout
 
Finished building: test_cases.list
 
16:58:46 **** Incremental Build of configuration Debug for project test_cases ****
make -j16 all 
arm-none-eabi-gcc "../Core/Src/main.c" -mcpu=cortex-m3 -std=gnu11 -g3 -DDEBUG -DUSE_HAL_DRIVER -DSTM32L152xE -c -I../Core/Inc -I../Drivers/STM32L1xx_HAL_Driver/Inc -I../Drivers/STM32L1xx_HAL_Driver/Inc/Legacy -I../Drivers/CMSIS/Device/ST/STM32L1xx/Include -I../Drivers/CMSIS/Include -O0 -ffunction-sections -fdata-sections -Wall -fstack-usage -fcyclomatic-complexity -MMD -MP -MF"Core/Src/main.d" -MT"Core/Src/main.o" --specs=nano.specs -mfloat-abi=soft -mthumb -o "Core/Src/main.o"
arm-none-eabi-gcc -o "test_cases.elf" @"objects.list"   -mcpu=cortex-m3 -T"C:\Users\andyb\OneDrive\Desktop\School_Fall_24\Capstone\ECE-Stockroom-Capstone\test_cases\STM32L152RETX_FLASH.ld" --specs=nosys.specs -Wl,-Map="test_cases.map" -Wl,--gc-sections -static --specs=nano.specs -mfloat-abi=soft -mthumb -u _printf_float -u _scanf_float -Wl,--start-group -lc -lm -Wl,--end-group
Finished building target: test_cases.elf
 
arm-none-eabi-size  test_cases.elf 
arm-none-eabi-objdump -h -S test_cases.elf  > "test_cases.list"
   text	   data	    bss	    dec	    hex	filename
  37448	    476	   2052	  39976	   9c28	test_cases.elf
Finished building: default.size.stdout
 
Finished building: test_cases.list
 
17:00:18 **** Incremental Build of configuration Debug for project test_cases ****
make -j16 all 
arm-none-eabi-gcc "../Core/Src/main.c" -mcpu=cortex-m3 -std=gnu11 -g3 -DDEBUG -DUSE_HAL_DRIVER -DSTM32L152xE -c -I../Core/Inc -I../Drivers/STM32L1xx_HAL_Driver/Inc -I../Drivers/STM32L1xx_HAL_Driver/Inc/Legacy -I../Drivers/CMSIS/Device/ST/STM32L1xx/Include -I../Drivers/CMSIS/Include -O0 -ffunction-sections -fdata-sections -Wall -fstack-usage -fcyclomatic-complexity -MMD -MP -MF"Core/Src/main.d" -MT"Core/Src/main.o" --specs=nano.specs -mfloat-abi=soft -mthumb -o "Core/Src/main.o"
arm-none-eabi-gcc -o "test_cases.elf" @"objects.list"   -mcpu=cortex-m3 -T"C:\Users\andyb\OneDrive\Desktop\School_Fall_24\Capstone\ECE-Stockroom-Capstone\test_cases\STM32L152RETX_FLASH.ld" --specs=nosys.specs -Wl,-Map="test_cases.map" -Wl,--gc-sections -static --specs=nano.specs -mfloat-abi=soft -mthumb -u _printf_float -u _scanf_float -Wl,--start-group -lc -lm -Wl,--end-group
Finished building target: test_cases.elf
 
arm-none-eabi-size  test_cases.elf 
arm-none-eabi-objdump -h -S test_cases.elf  > "test_cases.list"
   text	   data	    bss	    dec	    hex	filename
  37448	    476	   2052	  39976	   9c28	test_cases.elf
Finished building: default.size.stdout
 
Finished building: test_cases.list
 
17:01:39 **** Incremental Build of configuration Debug for project test_cases ****
make -j16 all 
arm-none-eabi-gcc "../Core/Src/main.c" -mcpu=cortex-m3 -std=gnu11 -g3 -DDEBUG -DUSE_HAL_DRIVER -DSTM32L152xE -c -I../Core/Inc -I../Drivers/STM32L1xx_HAL_Driver/Inc -I../Drivers/STM32L1xx_HAL_Driver/Inc/Legacy -I../Drivers/CMSIS/Device/ST/STM32L1xx/Include -I../Drivers/CMSIS/Include -O0 -ffunction-sections -fdata-sections -Wall -fstack-usage -fcyclomatic-complexity -MMD -MP -MF"Core/Src/main.d" -MT"Core/Src/main.o" --specs=nano.specs -mfloat-abi=soft -mthumb -o "Core/Src/main.o"
arm-none-eabi-gcc -o "test_cases.elf" @"objects.list"   -mcpu=cortex-m3 -T"C:\Users\andyb\OneDrive\Desktop\School_Fall_24\Capstone\ECE-Stockroom-Capstone\test_cases\STM32L152RETX_FLASH.ld" --specs=nosys.specs -Wl,-Map="test_cases.map" -Wl,--gc-sections -static --specs=nano.specs -mfloat-abi=soft -mthumb -u _printf_float -u _scanf_float -Wl,--start-group -lc -lm -Wl,--end-group
Finished building target: test_cases.elf
 
arm-none-eabi-size  test_cases.elf 
arm-none-eabi-objdump -h -S test_cases.elf  > "test_cases.list"
   text	   data	    bss	    dec	    hex	filename
  37704	    476	   2052	  40232	   9d28	test_cases.elf
Finished building: default.size.stdout
 
Finished building: test_cases.list
 
17:08:04 **** Incremental Build of configuration Debug for project test_cases ****
make -j16 all 
arm-none-eabi-gcc "../Core/Src/main.c" -mcpu=cortex-m3 -std=gnu11 -g3 -DDEBUG -DUSE_HAL_DRIVER -DSTM32L152xE -c -I../Core/Inc -I../Drivers/STM32L1xx_HAL_Driver/Inc -I../Drivers/STM32L1xx_HAL_Driver/Inc/Legacy -I../Drivers/CMSIS/Device/ST/STM32L1xx/Include -I../Drivers/CMSIS/Include -O0 -ffunction-sections -fdata-sections -Wall -fstack-usage -fcyclomatic-complexity -MMD -MP -MF"Core/Src/main.d" -MT"Core/Src/main.o" --specs=nano.specs -mfloat-abi=soft -mthumb -o "Core/Src/main.o"
arm-none-eabi-gcc -o "test_cases.elf" @"objects.list"   -mcpu=cortex-m3 -T"C:\Users\andyb\OneDrive\Desktop\School_Fall_24\Capstone\ECE-Stockroom-Capstone\test_cases\STM32L152RETX_FLASH.ld" --specs=nosys.specs -Wl,-Map="test_cases.map" -Wl,--gc-sections -static --specs=nano.specs -mfloat-abi=soft -mthumb -u _printf_float -u _scanf_float -Wl,--start-group -lc -lm -Wl,--end-group
Finished building target: test_cases.elf
 
arm-none-eabi-size  test_cases.elf 
arm-none-eabi-objdump -h -S test_cases.elf  > "test_cases.list"
   text	   data	    bss	    dec	    hex	filename
  37696	    476	   2052	  40224	   9d20	test_cases.elf
Finished building: default.size.stdout
 
Finished building: test_cases.list
 
12:44:52 **** Incremental Build of configuration Debug for project test_cases ****
make -j16 all 
arm-none-eabi-gcc "../Core/Src/main.c" -mcpu=cortex-m3 -std=gnu11 -g3 -DDEBUG -DUSE_HAL_DRIVER -DSTM32L152xE -c -I../Core/Inc -I../Drivers/STM32L1xx_HAL_Driver/Inc -I../Drivers/STM32L1xx_HAL_Driver/Inc/Legacy -I../Drivers/CMSIS/Device/ST/STM32L1xx/Include -I../Drivers/CMSIS/Include -O0 -ffunction-sections -fdata-sections -Wall -fstack-usage -fcyclomatic-complexity -MMD -MP -MF"Core/Src/main.d" -MT"Core/Src/main.o" --specs=nano.specs -mfloat-abi=soft -mthumb -o "Core/Src/main.o"
../Core/Src/main.c:213:49: error: unknown type name 'bool'
  213 | void muxSET(uint16_t A, uint16_t B, uint16_t C, bool control){
      |                                                 ^~~~
../Core/Src/main.c:25:1: note: 'bool' is defined in header '<stdbool.h>'; did you forget to '#include <stdbool.h>'?
   24 | #include "stdio.h"
  +++ |+#include <stdbool.h>
   25 | 
../Core/Src/main.c:230:7: error: unknown type name 'MuxCombo'
  230 | const MuxCombo MuxCombos[] = {
      |       ^~~~~~~~
../Core/Src/main.c:231:3: warning: braces around scalar initializer
  231 |   {0, 0, 0},
      |   ^
../Core/Src/main.c:231:3: note: (near initialization for 'MuxCombos[0]')
../Core/Src/main.c:231:7: warning: excess elements in scalar initializer
  231 |   {0, 0, 0},
      |       ^
../Core/Src/main.c:231:7: note: (near initialization for 'MuxCombos[0]')
../Core/Src/main.c:231:10: warning: excess elements in scalar initializer
  231 |   {0, 0, 0},
      |          ^
../Core/Src/main.c:231:10: note: (near initialization for 'MuxCombos[0]')
../Core/Src/main.c:232:3: warning: braces around scalar initializer
  232 |   {0, 0, 1},
      |   ^
../Core/Src/main.c:232:3: note: (near initialization for 'MuxCombos[1]')
../Core/Src/main.c:232:7: warning: excess elements in scalar initializer
  232 |   {0, 0, 1},
      |       ^
../Core/Src/main.c:232:7: note: (near initialization for 'MuxCombos[1]')
../Core/Src/main.c:232:10: warning: excess elements in scalar initializer
  232 |   {0, 0, 1},
      |          ^
../Core/Src/main.c:232:10: note: (near initialization for 'MuxCombos[1]')
../Core/Src/main.c:233:3: warning: braces around scalar initializer
  233 |   {0, 1, 0},
      |   ^
../Core/Src/main.c:233:3: note: (near initialization for 'MuxCombos[2]')
../Core/Src/main.c:233:7: warning: excess elements in scalar initializer
  233 |   {0, 1, 0},
      |       ^
../Core/Src/main.c:233:7: note: (near initialization for 'MuxCombos[2]')
../Core/Src/main.c:233:10: warning: excess elements in scalar initializer
  233 |   {0, 1, 0},
      |          ^
../Core/Src/main.c:233:10: note: (near initialization for 'MuxCombos[2]')
../Core/Src/main.c:234:3: warning: braces around scalar initializer
  234 |   {0, 1, 1},
      |   ^
../Core/Src/main.c:234:3: note: (near initialization for 'MuxCombos[3]')
../Core/Src/main.c:234:7: warning: excess elements in scalar initializer
  234 |   {0, 1, 1},
      |       ^
../Core/Src/main.c:234:7: note: (near initialization for 'MuxCombos[3]')
../Core/Src/main.c:234:10: warning: excess elements in scalar initializer
  234 |   {0, 1, 1},
      |          ^
../Core/Src/main.c:234:10: note: (near initialization for 'MuxCombos[3]')
../Core/Src/main.c:235:3: warning: braces around scalar initializer
  235 |   {1, 0, 0},
      |   ^
../Core/Src/main.c:235:3: note: (near initialization for 'MuxCombos[4]')
../Core/Src/main.c:235:7: warning: excess elements in scalar initializer
  235 |   {1, 0, 0},
      |       ^
../Core/Src/main.c:235:7: note: (near initialization for 'MuxCombos[4]')
../Core/Src/main.c:235:10: warning: excess elements in scalar initializer
  235 |   {1, 0, 0},
      |          ^
../Core/Src/main.c:235:10: note: (near initialization for 'MuxCombos[4]')
../Core/Src/main.c:236:3: warning: braces around scalar initializer
  236 |   {1, 0, 1},
      |   ^
../Core/Src/main.c:236:3: note: (near initialization for 'MuxCombos[5]')
../Core/Src/main.c:236:7: warning: excess elements in scalar initializer
  236 |   {1, 0, 1},
      |       ^
../Core/Src/main.c:236:7: note: (near initialization for 'MuxCombos[5]')
../Core/Src/main.c:236:10: warning: excess elements in scalar initializer
  236 |   {1, 0, 1},
      |          ^
../Core/Src/main.c:236:10: note: (near initialization for 'MuxCombos[5]')
../Core/Src/main.c:237:3: warning: braces around scalar initializer
  237 |   {1, 1, 0}
      |   ^
../Core/Src/main.c:237:3: note: (near initialization for 'MuxCombos[6]')
../Core/Src/main.c:237:7: warning: excess elements in scalar initializer
  237 |   {1, 1, 0}
      |       ^
../Core/Src/main.c:237:7: note: (near initialization for 'MuxCombos[6]')
../Core/Src/main.c:237:10: warning: excess elements in scalar initializer
  237 |   {1, 1, 0}
      |          ^
../Core/Src/main.c:237:10: note: (near initialization for 'MuxCombos[6]')
../Core/Src/main.c: In function 'main':
../Core/Src/main.c:286:35: error: request for member 'A' in something not a structure or union
  286 |                 A_mast = MuxCombos.A[i];
      |                                   ^
../Core/Src/main.c:287:35: error: request for member 'B' in something not a structure or union
  287 |                 B_mast = MuxCombos.B[i];
      |                                   ^
../Core/Src/main.c:288:35: error: request for member 'C' in something not a structure or union
  288 |                 C_mast = MuxCombos.C[i];
      |                                   ^
../Core/Src/main.c:290:5: warning: implicit declaration of function 'muxSET' [-Wimplicit-function-declaration]
  290 |     muxSET(A_mast, B_mast, C_mast, 1);
      |     ^~~~~~
../Core/Src/main.c:300:38: error: request for member 'A' in something not a structure or union
  300 |                   A_slave = MuxCombos.A[k];
      |                                      ^
../Core/Src/main.c:301:38: error: request for member 'B' in something not a structure or union
  301 |                   B_slave = MuxCombos.B[k];
      |                                      ^
../Core/Src/main.c:302:38: error: request for member 'C' in something not a structure or union
  302 |                   C_slave = MuxCombos.C[k];
      |                                      ^
../Core/Src/main.c:306:19: warning: implicit declaration of function 'stTare'; did you mean 'setTare'? [-Wimplicit-function-declaration]
  306 |                   stTare();
      |                   ^~~~~~
      |                   setTare
make: *** [Core/Src/subdir.mk:43: Core/Src/main.o] Error 1
"make -j16 all" terminated with exit code 2. Build might be incomplete.
12:47:19 **** Incremental Build of configuration Debug for project test_cases ****
make -j16 all 
arm-none-eabi-gcc "../Core/Src/main.c" -mcpu=cortex-m3 -std=gnu11 -g3 -DDEBUG -DUSE_HAL_DRIVER -DSTM32L152xE -c -I../Core/Inc -I../Drivers/STM32L1xx_HAL_Driver/Inc -I../Drivers/STM32L1xx_HAL_Driver/Inc/Legacy -I../Drivers/CMSIS/Device/ST/STM32L1xx/Include -I../Drivers/CMSIS/Include -O0 -ffunction-sections -fdata-sections -Wall -fstack-usage -fcyclomatic-complexity -MMD -MP -MF"Core/Src/main.d" -MT"Core/Src/main.o" --specs=nano.specs -mfloat-abi=soft -mthumb -o "Core/Src/main.o"
../Core/Src/main.c:213:49: error: unknown type name 'bool'
  213 | void muxSET(uint16_t A, uint16_t B, uint16_t C, bool control){
[...]
arm-none-eabi-gcc -o "test_case.elf" @"objects.list"   -mcpu=cortex-m4 -T"C:\Users\andyb\OneDrive\Desktop\School_Fall_24\Capstone\ECE-Stockroom-Capstone\test_case\STM32F446RETX_FLASH.ld" --specs=nosys.specs -Wl,-Map="test_case.map" -Wl,--gc-sections -static -u _scanf_float -u _printf_float --specs=nano.specs -mfpu=fpv4-sp-d16 -mfloat-abi=hard -mthumb -Wl,--start-group -lc -lm -Wl,--end-group
Finished building target: test_case.elf
 
arm-none-eabi-size  test_case.elf 
arm-none-eabi-objdump -h -S test_case.elf  > "test_case.list"
   text	   data	    bss	    dec	    hex	filename
  38336	    476	   2068	  40880	   9fb0	test_case.elf
Finished building: default.size.stdout
 
Finished building: test_case.list
 
13:06:32 **** Incremental Build of configuration Debug for project test_case ****
make -j16 all 
arm-none-eabi-size  test_case.elf 
   text	   data	    bss	    dec	    hex	filename
  38336	    476	   2068	  40880	   9fb0	test_case.elf
Finished building: default.size.stdout
 
13:51:18 **** Incremental Build of configuration Debug for project test_case ****
make -j16 all 
arm-none-eabi-size  test_case.elf 
   text	   data	    bss	    dec	    hex	filename
  38336	    476	   2068	  40880	   9fb0	test_case.elf
Finished building: default.size.stdout
 
13:54:28 **** Incremental Build of configuration Debug for project test_case ****
make -j16 all 
arm-none-eabi-gcc "../Core/Src/main.c" -mcpu=cortex-m4 -std=gnu11 -g3 -DDEBUG -DUSE_HAL_DRIVER -DSTM32F446xx -c -I../Core/Inc -I../Drivers/STM32F4xx_HAL_Driver/Inc -I../Drivers/STM32F4xx_HAL_Driver/Inc/Legacy -I../Drivers/CMSIS/Device/ST/STM32F4xx/Include -I../Drivers/CMSIS/Include -O0 -ffunction-sections -fdata-sections -Wall -fstack-usage -fcyclomatic-complexity -MMD -MP -MF"Core/Src/main.d" -MT"Core/Src/main.o" --specs=nano.specs -mfpu=fpv4-sp-d16 -mfloat-abi=hard -mthumb -o "Core/Src/main.o"
arm-none-eabi-gcc -o "test_case.elf" @"objects.list"   -mcpu=cortex-m4 -T"C:\Users\andyb\OneDrive\Desktop\School_Fall_24\Capstone\ECE-Stockroom-Capstone\test_case\STM32F446RETX_FLASH.ld" --specs=nosys.specs -Wl,-Map="test_case.map" -Wl,--gc-sections -static -u _scanf_float -u _printf_float --specs=nano.specs -mfpu=fpv4-sp-d16 -mfloat-abi=hard -mthumb -Wl,--start-group -lc -lm -Wl,--end-group
Finished building target: test_case.elf
 
arm-none-eabi-size  test_case.elf 
arm-none-eabi-objdump -h -S test_case.elf  > "test_case.list"
   text	   data	    bss	    dec	    hex	filename
  38336	    476	   2068	  40880	   9fb0	test_case.elf
Finished building: default.size.stdout
 
Finished building: test_case.list
 
13:59:30 **** Incremental Build of configuration Debug for project test_case ****
make -j16 all 
arm-none-eabi-size  test_case.elf 
   text	   data	    bss	    dec	    hex	filename
  38336	    476	   2068	  40880	   9fb0	test_case.elf
Finished building: default.size.stdout
 
14:03:20 **** Incremental Build of configuration Debug for project test_case ****
make -j16 all 
arm-none-eabi-size  test_case.elf 
   text	   data	    bss	    dec	    hex	filename
  38336	    476	   2068	  40880	   9fb0	test_case.elf
Finished building: default.size.stdout
 
14:06:02 **** Incremental Build of configuration Debug for project test_case ****
make -j16 all 
arm-none-eabi-size  test_case.elf 
   text	   data	    bss	    dec	    hex	filename
  38336	    476	   2068	  40880	   9fb0	test_case.elf
Finished building: default.size.stdout
 
14:12:25 **** Incremental Build of configuration Debug for project test_case ****
make -j16 all 
arm-none-eabi-size  test_case.elf 
   text	   data	    bss	    dec	    hex	filename
  38336	    476	   2068	  40880	   9fb0	test_case.elf
Finished building: default.size.stdout
 
14:13:07 **** Incremental Build of configuration Debug for project test_case ****
make -j16 all 
arm-none-eabi-size  test_case.elf 
   text	   data	    bss	    dec	    hex	filename
  38336	    476	   2068	  40880	   9fb0	test_case.elf
Finished building: default.size.stdout
 
14:15:52 **** Incremental Build of configuration Debug for project test_case ****
make -j16 all 
arm-none-eabi-gcc "../Core/Src/main.c" -mcpu=cortex-m4 -std=gnu11 -g3 -DDEBUG -DUSE_HAL_DRIVER -DSTM32F446xx -c -I../Core/Inc -I../Drivers/STM32F4xx_HAL_Driver/Inc -I../Drivers/STM32F4xx_HAL_Driver/Inc/Legacy -I../Drivers/CMSIS/Device/ST/STM32F4xx/Include -I../Drivers/CMSIS/Include -O0 -ffunction-sections -fdata-sections -Wall -fstack-usage -fcyclomatic-complexity -MMD -MP -MF"Core/Src/main.d" -MT"Core/Src/main.o" --specs=nano.specs -mfpu=fpv4-sp-d16 -mfloat-abi=hard -mthumb -o "Core/Src/main.o"
arm-none-eabi-gcc -o "test_case.elf" @"objects.list"   -mcpu=cortex-m4 -T"C:\Users\andyb\OneDrive\Desktop\School_Fall_24\Capstone\ECE-Stockroom-Capstone\test_case\STM32F446RETX_FLASH.ld" --specs=nosys.specs -Wl,-Map="test_case.map" -Wl,--gc-sections -static -u _scanf_float -u _printf_float --specs=nano.specs -mfpu=fpv4-sp-d16 -mfloat-abi=hard -mthumb -Wl,--start-group -lc -lm -Wl,--end-group
Finished building target: test_case.elf
 
arm-none-eabi-size  test_case.elf 
arm-none-eabi-objdump -h -S test_case.elf  > "test_case.list"
   text	   data	    bss	    dec	    hex	filename
  38352	    476	   2068	  40896	   9fc0	test_case.elf
Finished building: default.size.stdout
 
Finished building: test_case.list
 
14:20:10 **** Incremental Build of configuration Debug for project test_case ****
make -j16 all 
arm-none-eabi-size  test_case.elf 
   text	   data	    bss	    dec	    hex	filename
  38352	    476	   2068	  40896	   9fc0	test_case.elf
Finished building: default.size.stdout
 
14:22:07 **** Incremental Build of configuration Debug for project test_case ****
make -j16 all 
arm-none-eabi-size  test_case.elf 
   text	   data	    bss	    dec	    hex	filename
  38352	    476	   2068	  40896	   9fc0	test_case.elf
Finished building: default.size.stdout
 
14:36:59 **** Incremental Build of configuration Debug for project test_case ****
make -j16 all 
arm-none-eabi-size  test_case.elf 
   text	   data	    bss	    dec	    hex	filename
  38352	    476	   2068	  40896	   9fc0	test_case.elf
Finished building: default.size.stdout
 
14:44:37 **** Incremental Build of configuration Debug for project test_case ****
make -j16 all 
arm-none-eabi-size  test_case.elf 
   text	   data	    bss	    dec	    hex	filename
  38352	    476	   2068	  40896	   9fc0	test_case.elf
Finished building: default.size.stdout
 
14:46:37 **** Incremental Build of configuration Debug for project test_case ****
make -j16 all 
arm-none-eabi-size  test_case.elf 
   text	   data	    bss	    dec	    hex	filename
  38352	    476	   2068	  40896	   9fc0	test_case.elf
Finished building: default.size.stdout
 
14:49:21 **** Incremental Build of configuration Debug for project test_case ****
make -j16 all 
arm-none-eabi-size  test_case.elf 
   text	   data	    bss	    dec	    hex	filename
  38352	    476	   2068	  40896	   9fc0	test_case.elf
Finished building: default.size.stdout
 
14:56:21 **** Incremental Build of configuration Debug for project test_case ****
make -j16 all 
arm-none-eabi-size  test_case.elf 
   text	   data	    bss	    dec	    hex	filename
  38352	    476	   2068	  40896	   9fc0	test_case.elf
Finished building: default.size.stdout
 
14:59:34 **** Incremental Build of configuration Debug for project test_case ****
make -j16 all 
arm-none-eabi-size  test_case.elf 
   text	   data	    bss	    dec	    hex	filename
  38352	    476	   2068	  40896	   9fc0	test_case.elf
Finished building: default.size.stdout
 
15:03:57 **** Incremental Build of configuration Debug for project test_case ****
make -j16 all 
arm-none-eabi-size  test_case.elf 
   text	   data	    bss	    dec	    hex	filename
  38352	    476	   2068	  40896	   9fc0	test_case.elf
Finished building: default.size.stdout
 
15:19:51 **** Incremental Build of configuration Debug for project test_case ****
make -j16 all 
arm-none-eabi-gcc "../Core/Src/main.c" -mcpu=cortex-m4 -std=gnu11 -g3 -DDEBUG -DUSE_HAL_DRIVER -DSTM32F446xx -c -I../Core/Inc -I../Drivers/STM32F4xx_HAL_Driver/Inc -I../Drivers/STM32F4xx_HAL_Driver/Inc/Legacy -I../Drivers/CMSIS/Device/ST/STM32F4xx/Include -I../Drivers/CMSIS/Include -O0 -ffunction-sections -fdata-sections -Wall -fstack-usage -fcyclomatic-complexity -MMD -MP -MF"Core/Src/main.d" -MT"Core/Src/main.o" --specs=nano.specs -mfpu=fpv4-sp-d16 -mfloat-abi=hard -mthumb -o "Core/Src/main.o"
arm-none-eabi-gcc -o "test_case.elf" @"objects.list"   -mcpu=cortex-m4 -T"C:\Users\andyb\OneDrive\Desktop\School_Fall_24\Capstone\ECE-Stockroom-Capstone\test_case\STM32F446RETX_FLASH.ld" --specs=nosys.specs -Wl,-Map="test_case.map" -Wl,--gc-sections -static -u _scanf_float -u _printf_float --specs=nano.specs -mfpu=fpv4-sp-d16 -mfloat-abi=hard -mthumb -Wl,--start-group -lc -lm -Wl,--end-group
Finished building target: test_case.elf
 
arm-none-eabi-size  test_case.elf 
arm-none-eabi-objdump -h -S test_case.elf  > "test_case.list"
   text	   data	    bss	    dec	    hex	filename
  38488	    476	   2068	  41032	   a048	test_case.elf
Finished building: default.size.stdout
 
Finished building: test_case.list
 
15:21:36 **** Incremental Build of configuration Debug for project test_case ****
make -j16 all 
arm-none-eabi-gcc "../Core/Src/main.c" -mcpu=cortex-m4 -std=gnu11 -g3 -DDEBUG -DUSE_HAL_DRIVER -DSTM32F446xx -c -I../Core/Inc -I../Drivers/STM32F4xx_HAL_Driver/Inc -I../Drivers/STM32F4xx_HAL_Driver/Inc/Legacy -I../Drivers/CMSIS/Device/ST/STM32F4xx/Include -I../Drivers/CMSIS/Include -O0 -ffunction-sections -fdata-sections -Wall -fstack-usage -fcyclomatic-complexity -MMD -MP -MF"Core/Src/main.d" -MT"Core/Src/main.o" --specs=nano.specs -mfpu=fpv4-sp-d16 -mfloat-abi=hard -mthumb -o "Core/Src/main.o"
arm-none-eabi-gcc -o "test_case.elf" @"objects.list"   -mcpu=cortex-m4 -T"C:\Users\andyb\OneDrive\Desktop\School_Fall_24\Capstone\ECE-Stockroom-Capstone\test_case\STM32F446RETX_FLASH.ld" --specs=nosys.specs -Wl,-Map="test_case.map" -Wl,--gc-sections -static -u _scanf_float -u _printf_float --specs=nano.specs -mfpu=fpv4-sp-d16 -mfloat-abi=hard -mthumb -Wl,--start-group -lc -lm -Wl,--end-group
Finished building target: test_case.elf
 
arm-none-eabi-size  test_case.elf 
arm-none-eabi-objdump -h -S test_case.elf  > "test_case.list"
   text	   data	    bss	    dec	    hex	filename
  38488	    476	   2068	  41032	   a048	test_case.elf
Finished building: default.size.stdout
 
Finished building: test_case.list
 
15:22:30 **** Incremental Build of configuration Debug for project test_case ****
make -j16 all 
arm-none-eabi-gcc "../Core/Src/main.c" -mcpu=cortex-m4 -std=gnu11 -g3 -DDEBUG -DUSE_HAL_DRIVER -DSTM32F446xx -c -I../Core/Inc -I../Drivers/STM32F4xx_HAL_Driver/Inc -I../Drivers/STM32F4xx_HAL_Driver/Inc/Legacy -I../Drivers/CMSIS/Device/ST/STM32F4xx/Include -I../Drivers/CMSIS/Include -O0 -ffunction-sections -fdata-sections -Wall -fstack-usage -fcyclomatic-complexity -MMD -MP -MF"Core/Src/main.d" -MT"Core/Src/main.o" --specs=nano.specs -mfpu=fpv4-sp-d16 -mfloat-abi=hard -mthumb -o "Core/Src/main.o"
arm-none-eabi-gcc -o "test_case.elf" @"objects.list"   -mcpu=cortex-m4 -T"C:\Users\andyb\OneDrive\Desktop\School_Fall_24\Capstone\ECE-Stockroom-Capstone\test_case\STM32F446RETX_FLASH.ld" --specs=nosys.specs -Wl,-Map="test_case.map" -Wl,--gc-sections -static -u _scanf_float -u _printf_float --specs=nano.specs -mfpu=fpv4-sp-d16 -mfloat-abi=hard -mthumb -Wl,--start-group -lc -lm -Wl,--end-group
Finished building target: test_case.elf
 
arm-none-eabi-size  test_case.elf 
arm-none-eabi-objdump -h -S test_case.elf  > "test_case.list"
   text	   data	    bss	    dec	    hex	filename
  38480	    476	   2068	  41024	   a040	test_case.elf
Finished building: default.size.stdout
 
Finished building: test_case.list
 
15:24:27 **** Incremental Build of configuration Debug for project test_case ****
make -j16 all 
arm-none-eabi-size  test_case.elf 
   text	   data	    bss	    dec	    hex	filename
  38480	    476	   2068	  41024	   a040	test_case.elf
Finished building: default.size.stdout
 
15:25:17 **** Incremental Build of configuration Debug for project test_case ****
make -j16 all 
arm-none-eabi-size  test_case.elf 
   text	   data	    bss	    dec	    hex	filename
  38480	    476	   2068	  41024	   a040	test_case.elf
Finished building: default.size.stdout
 
16:40:05 **** Incremental Build of configuration Debug for project test_case ****
make -j16 all 
arm-none-eabi-size  test_case.elf 
   text	   data	    bss	    dec	    hex	filename
  38480	    476	   2068	  41024	   a040	test_case.elf
Finished building: default.size.stdout
 
16:40:46 **** Incremental Build of configuration Debug for project test_case ****
make -j16 all 
arm-none-eabi-size  test_case.elf 
   text	   data	    bss	    dec	    hex	filename
  38480	    476	   2068	  41024	   a040	test_case.elf
Finished building: default.size.stdout
 
16:48:19 **** Incremental Build of configuration Debug for project test_case ****
make -j16 all 
arm-none-eabi-size  test_case.elf 
   text	   data	    bss	    dec	    hex	filename
  38480	    476	   2068	  41024	   a040	test_case.elf
Finished building: default.size.stdout
 
16:56:27 **** Incremental Build of configuration Debug for project test_case ****
make -j16 all 
arm-none-eabi-size  test_case.elf 
   text	   data	    bss	    dec	    hex	filename
  38480	    476	   2068	  41024	   a040	test_case.elf
Finished building: default.size.stdout
 
16:58:31 **** Incremental Build of configuration Debug for project test_case ****
make -j16 all 
arm-none-eabi-gcc "../Core/Src/main.c" -mcpu=cortex-m4 -std=gnu11 -g3 -DDEBUG -DUSE_HAL_DRIVER -DSTM32F446xx -c -I../Core/Inc -I../Drivers/STM32F4xx_HAL_Driver/Inc -I../Drivers/STM32F4xx_HAL_Driver/Inc/Legacy -I../Drivers/CMSIS/Device/ST/STM32F4xx/Include -I../Drivers/CMSIS/Include -O0 -ffunction-sections -fdata-sections -Wall -fstack-usage -fcyclomatic-complexity -MMD -MP -MF"Core/Src/main.d" -MT"Core/Src/main.o" --specs=nano.specs -mfpu=fpv4-sp-d16 -mfloat-abi=hard -mthumb -o "Core/Src/main.o"
../Core/Src/main.c: In function 'main':
../Core/Src/main.c:269:1: warning: statement with no effect [-Wunused-value]
  269 | 20      setvbuf(stdin, NULL, _IONBF, 0);
      | ^~
../Core/Src/main.c:269:8: error: expected ';' before 'setvbuf'
  269 | 20      setvbuf(stdin, NULL, _IONBF, 0);
      |   ^~~~~~~~~~~~~
      |        ;
make: *** [Core/Src/subdir.mk:43: Core/Src/main.o] Error 1
"make -j16 all" terminated with exit code 2. Build might be incomplete.
16:58:56 **** Incremental Build of configuration Debug for project test_case ****
make -j16 all 
arm-none-eabi-gcc "../Core/Src/main.c" -mcpu=cortex-m4 -std=gnu11 -g3 -DDEBUG -DUSE_HAL_DRIVER -DSTM32F446xx -c -I../Core/Inc -I../Drivers/STM32F4xx_HAL_Driver/Inc -I../Drivers/STM32F4xx_HAL_Driver/Inc/Legacy -I../Drivers/CMSIS/Device/ST/STM32F4xx/Include -I../Drivers/CMSIS/Include -O0 -ffunction-sections -fdata-sections -Wall -fstack-usage -fcyclomatic-complexity -MMD -MP -MF"Core/Src/main.d" -MT"Core/Src/main.o" --specs=nano.specs -mfpu=fpv4-sp-d16 -mfloat-abi=hard -mthumb -o "Core/Src/main.o"
arm-none-eabi-gcc -o "test_case.elf" @"objects.list"   -mcpu=cortex-m4 -T"C:\Users\andyb\OneDrive\Desktop\School_Fall_24\Capstone\ECE-Stockroom-Capstone\test_case\STM32F446RETX_FLASH.ld" --specs=nosys.specs -Wl,-Map="test_case.map" -Wl,--gc-sections -static -u _scanf_float -u _printf_float --specs=nano.specs -mfpu=fpv4-sp-d16 -mfloat-abi=hard -mthumb -Wl,--start-group -lc -lm -Wl,--end-group
Finished building target: test_case.elf
 
arm-none-eabi-size  test_case.elf 
arm-none-eabi-objdump -h -S test_case.elf  > "test_case.list"
   text	   data	    bss	    dec	    hex	filename
  38480	    476	   2068	  41024	   a040	test_case.elf
Finished building: default.size.stdout
 
Finished building: test_case.list
 
16:59:00 **** Incremental Build of configuration Debug for project test_case ****
make -j16 all 
arm-none-eabi-size  test_case.elf 
   text	   data	    bss	    dec	    hex	filename
  38480	    476	   2068	  41024	   a040	test_case.elf
Finished building: default.size.stdout
 
17:04:06 **** Incremental Build of configuration Debug for project test_case ****
make -j16 all 
arm-none-eabi-size  test_case.elf 
   text	   data	    bss	    dec	    hex	filename
  38480	    476	   2068	  41024	   a040	test_case.elf
Finished building: default.size.stdout
 
17:07:54 **** Incremental Build of configuration Debug for project test_case ****
make -j16 all 
arm-none-eabi-size  test_case.elf 
   text	   data	    bss	    dec	    hex	filename
  38480	    476	   2068	  41024	   a040	test_case.elf
Finished building: default.size.stdout
 
17:12:58 **** Incremental Build of configuration Debug for project test_case ****
make -j16 all 
arm-none-eabi-gcc "../Core/Src/main.c" -mcpu=cortex-m4 -std=gnu11 -g3 -DDEBUG -DUSE_HAL_DRIVER -DSTM32F446xx -c -I../Core/Inc -I../Drivers/STM32F4xx_HAL_Driver/Inc -I../Drivers/STM32F4xx_HAL_Driver/Inc/Legacy -I../Drivers/CMSIS/Device/ST/STM32F4xx/Include -I../Drivers/CMSIS/Include -O0 -ffunction-sections -fdata-sections -Wall -fstack-usage -fcyclomatic-complexity -MMD -MP -MF"Core/Src/main.d" -MT"Core/Src/main.o" --specs=nano.specs -mfpu=fpv4-sp-d16 -mfloat-abi=hard -mthumb -o "Core/Src/main.o"
arm-none-eabi-gcc -o "test_case.elf" @"objects.list"   -mcpu=cortex-m4 -T"C:\Users\andyb\OneDrive\Desktop\School_Fall_24\Capstone\ECE-Stockroom-Capstone\test_case\STM32F446RETX_FLASH.ld" --specs=nosys.specs -Wl,-Map="test_case.map" -Wl,--gc-sections -static -u _scanf_float -u _printf_float --specs=nano.specs -mfpu=fpv4-sp-d16 -mfloat-abi=hard -mthumb -Wl,--start-group -lc -lm -Wl,--end-group
Finished building target: test_case.elf
 
arm-none-eabi-size  test_case.elf 
arm-none-eabi-objdump -h -S test_case.elf  > "test_case.list"
   text	   data	    bss	    dec	    hex	filename
  38480	    476	   2068	  41024	   a040	test_case.elf
Finished building: default.size.stdout
 
Finished building: test_case.list
 
17:16:52 **** Incremental Build of configuration Debug for project test_case ****
make -j16 all 
arm-none-eabi-size  test_case.elf 
   text	   data	    bss	    dec	    hex	filename
  38480	    476	   2068	  41024	   a040	test_case.elf
Finished building: default.size.stdout
 
17:18:07 **** Incremental Build of configuration Debug for project test_case ****
make -j16 all 
arm-none-eabi-size  test_case.elf 
   text	   data	    bss	    dec	    hex	filename
  38480	    476	   2068	  41024	   a040	test_case.elf
Finished building: default.size.stdout
 
17:31:58 **** Incremental Build of configuration Debug for project test_case ****
make -j16 all 
arm-none-eabi-gcc "../Core/Src/main.c" -mcpu=cortex-m4 -std=gnu11 -g3 -DDEBUG -DUSE_HAL_DRIVER -DSTM32F446xx -c -I../Core/Inc -I../Drivers/STM32F4xx_HAL_Driver/Inc -I../Drivers/STM32F4xx_HAL_Driver/Inc/Legacy -I../Drivers/CMSIS/Device/ST/STM32F4xx/Include -I../Drivers/CMSIS/Include -O0 -ffunction-sections -fdata-sections -Wall -fstack-usage -fcyclomatic-complexity -MMD -MP -MF"Core/Src/main.d" -MT"Core/Src/main.o" --specs=nano.specs -mfpu=fpv4-sp-d16 -mfloat-abi=hard -mthumb -o "Core/Src/main.o"
arm-none-eabi-gcc -o "test_case.elf" @"objects.list"   -mcpu=cortex-m4 -T"C:\Users\andyb\OneDrive\Desktop\School_Fall_24\Capstone\ECE-Stockroom-Capstone\test_case\STM32F446RETX_FLASH.ld" --specs=nosys.specs -Wl,-Map="test_case.map" -Wl,--gc-sections -static -u _scanf_float -u _printf_float --specs=nano.specs -mfpu=fpv4-sp-d16 -mfloat-abi=hard -mthumb -Wl,--start-group -lc -lm -Wl,--end-group
Finished building target: test_case.elf
 
arm-none-eabi-size  test_case.elf 
arm-none-eabi-objdump -h -S test_case.elf  > "test_case.list"
   text	   data	    bss	    dec	    hex	filename
  38480	    476	   2068	  41024	   a040	test_case.elf
Finished building: default.size.stdout
 
Finished building: test_case.list
 
17:35:22 **** Incremental Build of configuration Debug for project test_case ****
make -j16 all 
arm-none-eabi-size  test_case.elf 
   text	   data	    bss	    dec	    hex	filename
  38480	    476	   2068	  41024	   a040	test_case.elf
Finished building: default.size.stdout
 
