22:18:51 **** Incremental Build of configuration Debug for project Final_Code ****
make -j16 all 
arm-none-eabi-gcc "../Core/Src/manager_io.c" -mcpu=cortex-m4 -std=gnu11 -g3 -DDEBUG -DUSE_HAL_DRIVER -DSTM32F446xx -c -I../Core/Inc -I../Drivers/STM32F4xx_HAL_Driver/Inc -I../Drivers/STM32F4xx_HAL_Driver/Inc/Legacy -I../Drivers/CMSIS/Device/ST/STM32F4xx/Include -I../Drivers/CMSIS/Include -I../FATFS/Target -I../FATFS/App -I../Middlewares/Third_Party/FatFs/src -O0 -ffunction-sections -fdata-sections -Wall -fstack-usage -fcyclomatic-complexity -MMD -MP -MF"Core/Src/manager_io.d" -MT"Core/Src/manager_io.o" --specs=nano.specs -mfpu=fpv4-sp-d16 -mfloat-abi=hard -mthumb -o "Core/Src/manager_io.o"
arm-none-eabi-gcc -o "Final_Code.elf" @"objects.list"   -mcpu=cortex-m4 -T"C:\Users\Soup Machine\Desktop\Capstone Instance\ECE-Stockroom-Capstone\Final_Code\STM32F446RETX_FLASH.ld" --specs=nosys.specs -Wl,-Map="Final_Code.map" -Wl,--gc-sections -static -u _scanf_float -u _printf_float --specs=nano.specs -mfpu=fpv4-sp-d16 -mfloat-abi=hard -mthumb -Wl,--start-group -lc -lm -Wl,--end-group
Finished building target: Final_Code.elf
 
arm-none-eabi-size  Final_Code.elf 
arm-none-eabi-objdump -h -S Final_Code.elf  > "Final_Code.list"
   text	   data	    bss	    dec	    hex	filename
  76716	    512	   5696	  82924	  143ec	Final_Code.elf
Finished building: default.size.stdout
 
Finished building: Final_Code.list
 
22:18:55 **** Incremental Build of configuration Debug for project Final_Code ****
make -j16 all 
arm-none-eabi-size  Final_Code.elf 
   text	   data	    bss	    dec	    hex	filename
  76716	    512	   5696	  82924	  143ec	Final_Code.elf
Finished building: default.size.stdout
 
22:24:27 **** Incremental Build of configuration Debug for project Final_Code ****
make -j16 all 
arm-none-eabi-gcc "../Core/Src/manager_io.c" -mcpu=cortex-m4 -std=gnu11 -g3 -DDEBUG -DUSE_HAL_DRIVER -DSTM32F446xx -c -I../Core/Inc -I../Drivers/STM32F4xx_HAL_Driver/Inc -I../Drivers/STM32F4xx_HAL_Driver/Inc/Legacy -I../Drivers/CMSIS/Device/ST/STM32F4xx/Include -I../Drivers/CMSIS/Include -I../FATFS/Target -I../FATFS/App -I../Middlewares/Third_Party/FatFs/src -O0 -ffunction-sections -fdata-sections -Wall -fstack-usage -fcyclomatic-complexity -MMD -MP -MF"Core/Src/manager_io.d" -MT"Core/Src/manager_io.o" --specs=nano.specs -mfpu=fpv4-sp-d16 -mfloat-abi=hard -mthumb -o "Core/Src/manager_io.o"
arm-none-eabi-gcc -o "Final_Code.elf" @"objects.list"   -mcpu=cortex-m4 -T"C:\Users\Soup Machine\Desktop\Capstone Instance\ECE-Stockroom-Capstone\Final_Code\STM32F446RETX_FLASH.ld" --specs=nosys.specs -Wl,-Map="Final_Code.map" -Wl,--gc-sections -static -u _scanf_float -u _printf_float --specs=nano.specs -mfpu=fpv4-sp-d16 -mfloat-abi=hard -mthumb -Wl,--start-group -lc -lm -Wl,--end-group
Finished building target: Final_Code.elf
 
arm-none-eabi-size  Final_Code.elf 
arm-none-eabi-objdump -h -S Final_Code.elf  > "Final_Code.list"
   text	   data	    bss	    dec	    hex	filename
  77044	    512	   5696	  83252	  14534	Final_Code.elf
Finished building: default.size.stdout
 
Finished building: Final_Code.list
 
22:35:50 **** Incremental Build of configuration Debug for project Final_Code ****
make -j16 all 
arm-none-eabi-gcc "../Core/Src/function_calibration.c" -mcpu=cortex-m4 -std=gnu11 -g3 -DDEBUG -DUSE_HAL_DRIVER -DSTM32F446xx -c -I../Core/Inc -I../Drivers/STM32F4xx_HAL_Driver/Inc -I../Drivers/STM32F4xx_HAL_Driver/Inc/Legacy -I../Drivers/CMSIS/Device/ST/STM32F4xx/Include -I../Drivers/CMSIS/Include -I../FATFS/Target -I../FATFS/App -I../Middlewares/Third_Party/FatFs/src -O0 -ffunction-sections -fdata-sections -Wall -fstack-usage -fcyclomatic-complexity -MMD -MP -MF"Core/Src/function_calibration.d" -MT"Core/Src/function_calibration.o" --specs=nano.specs -mfpu=fpv4-sp-d16 -mfloat-abi=hard -mthumb -o "Core/Src/function_calibration.o"
arm-none-eabi-gcc "../Core/Src/manager_io.c" -mcpu=cortex-m4 -std=gnu11 -g3 -DDEBUG -DUSE_HAL_DRIVER -DSTM32F446xx -c -I../Core/Inc -I../Drivers/STM32F4xx_HAL_Driver/Inc -I../Drivers/STM32F4xx_HAL_Driver/Inc/Legacy -I../Drivers/CMSIS/Device/ST/STM32F4xx/Include -I../Drivers/CMSIS/Include -I../FATFS/Target -I../FATFS/App -I../Middlewares/Third_Party/FatFs/src -O0 -ffunction-sections -fdata-sections -Wall -fstack-usage -fcyclomatic-complexity -MMD -MP -MF"Core/Src/manager_io.d" -MT"Core/Src/manager_io.o" --specs=nano.specs -mfpu=fpv4-sp-d16 -mfloat-abi=hard -mthumb -o "Core/Src/manager_io.o"
../Core/Src/function_calibration.c:42:18: error: initializer element is not constant
   42 | uint8_t button = HAL_GPIO_ReadPin(CONFIRM_BTN_GPIO_Port, CONFIRM_BTN_Pin);
      |                  ^~~~~~~~~~~~~~~~
make: *** [Core/Src/subdir.mk:88: Core/Src/function_calibration.o] Error 1
make: *** Waiting for unfinished jobs....
"make -j16 all" terminated with exit code 2. Build might be incomplete.
22:36:15 **** Incremental Build of configuration Debug for project Final_Code ****
make -j16 all 
arm-none-eabi-gcc "../Core/Src/function_calibration.c" -mcpu=cortex-m4 -std=gnu11 -g3 -DDEBUG -DUSE_HAL_DRIVER -DSTM32F446xx -c -I../Core/Inc -I../Drivers/STM32F4xx_HAL_Driver/Inc -I../Drivers/STM32F4xx_HAL_Driver/Inc/Legacy -I../Drivers/CMSIS/Device/ST/STM32F4xx/Include -I../Drivers/CMSIS/Include -I../FATFS/Target -I../FATFS/App -I../Middlewares/Third_Party/FatFs/src -O0 -ffunction-sections -fdata-sections -Wall -fstack-usage -fcyclomatic-complexity -MMD -MP -MF"Core/Src/function_calibration.d" -MT"Core/Src/function_calibration.o" --specs=nano.specs -mfpu=fpv4-sp-d16 -mfloat-abi=hard -mthumb -o "Core/Src/function_calibration.o"
arm-none-eabi-gcc -o "Final_Code.elf" @"objects.list"   -mcpu=cortex-m4 -T"C:\Users\Soup Machine\Desktop\Capstone Instance\ECE-Stockroom-Capstone\Final_Code\STM32F446RETX_FLASH.ld" --specs=nosys.specs -Wl,-Map="Final_Code.map" -Wl,--gc-sections -static -u _scanf_float -u _printf_float --specs=nano.specs -mfpu=fpv4-sp-d16 -mfloat-abi=hard -mthumb -Wl,--start-group -lc -lm -Wl,--end-group
Finished building target: Final_Code.elf
 
arm-none-eabi-size  Final_Code.elf 
arm-none-eabi-objdump -h -S Final_Code.elf  > "Final_Code.list"
   text	   data	    bss	    dec	    hex	filename
  77116	    512	   5696	  83324	  1457c	Final_Code.elf
Finished building: default.size.stdout
 
Finished building: Final_Code.list
 
22:41:37 **** Incremental Build of configuration Debug for project Final_Code ****
make -j16 all 
arm-none-eabi-gcc "../Core/Src/function_calibration.c" -mcpu=cortex-m4 -std=gnu11 -g3 -DDEBUG -DUSE_HAL_DRIVER -DSTM32F446xx -c -I../Core/Inc -I../Drivers/STM32F4xx_HAL_Driver/Inc -I../Drivers/STM32F4xx_HAL_Driver/Inc/Legacy -I../Drivers/CMSIS/Device/ST/STM32F4xx/Include -I../Drivers/CMSIS/Include -I../FATFS/Target -I../FATFS/App -I../Middlewares/Third_Party/FatFs/src -O0 -ffunction-sections -fdata-sections -Wall -fstack-usage -fcyclomatic-complexity -MMD -MP -MF"Core/Src/function_calibration.d" -MT"Core/Src/function_calibration.o" --specs=nano.specs -mfpu=fpv4-sp-d16 -mfloat-abi=hard -mthumb -o "Core/Src/function_calibration.o"
arm-none-eabi-gcc -o "Final_Code.elf" @"objects.list"   -mcpu=cortex-m4 -T"C:\Users\Soup Machine\Desktop\Capstone Instance\ECE-Stockroom-Capstone\Final_Code\STM32F446RETX_FLASH.ld" --specs=nosys.specs -Wl,-Map="Final_Code.map" -Wl,--gc-sections -static -u _scanf_float -u _printf_float --specs=nano.specs -mfpu=fpv4-sp-d16 -mfloat-abi=hard -mthumb -Wl,--start-group -lc -lm -Wl,--end-group
Finished building target: Final_Code.elf
 
arm-none-eabi-size  Final_Code.elf 
arm-none-eabi-objdump -h -S Final_Code.elf  > "Final_Code.list"
   text	   data	    bss	    dec	    hex	filename
  77084	    508	   5696	  83288	  14558	Final_Code.elf
Finished building: default.size.stdout
 
Finished building: Final_Code.list
 
22:47:41 **** Incremental Build of configuration Debug for project Final_Code ****
make -j16 all 
arm-none-eabi-size  Final_Code.elf 
   text	   data	    bss	    dec	    hex	filename
  77084	    508	   5696	  83288	  14558	Final_Code.elf
Finished building: default.size.stdout
 
22:55:58 **** Incremental Build of configuration Debug for project Final_Code ****
make -j16 all 
arm-none-eabi-size  Final_Code.elf 
   text	   data	    bss	    dec	    hex	filename
  77084	    508	   5696	  83288	  14558	Final_Code.elf
Finished building: default.size.stdout
 
22:57:45 **** Incremental Build of configuration Debug for project Final_Code ****
make -j16 all 
arm-none-eabi-gcc "../Core/Src/function_calibration.c" -mcpu=cortex-m4 -std=gnu11 -g3 -DDEBUG -DUSE_HAL_DRIVER -DSTM32F446xx -c -I../Core/Inc -I../Drivers/STM32F4xx_HAL_Driver/Inc -I../Drivers/STM32F4xx_HAL_Driver/Inc/Legacy -I../Drivers/CMSIS/Device/ST/STM32F4xx/Include -I../Drivers/CMSIS/Include -I../FATFS/Target -I../FATFS/App -I../Middlewares/Third_Party/FatFs/src -O0 -ffunction-sections -fdata-sections -Wall -fstack-usage -fcyclomatic-complexity -MMD -MP -MF"Core/Src/function_calibration.d" -MT"Core/Src/function_calibration.o" --specs=nano.specs -mfpu=fpv4-sp-d16 -mfloat-abi=hard -mthumb -o "Core/Src/function_calibration.o"
arm-none-eabi-gcc "../Core/Src/manager_file.c" -mcpu=cortex-m4 -std=gnu11 -g3 -DDEBUG -DUSE_HAL_DRIVER -DSTM32F446xx -c -I../Core/Inc -I../Drivers/STM32F4xx_HAL_Driver/Inc -I../Drivers/STM32F4xx_HAL_Driver/Inc/Legacy -I../Drivers/CMSIS/Device/ST/STM32F4xx/Include -I../Drivers/CMSIS/Include -I../FATFS/Target -I../FATFS/App -I../Middlewares/Third_Party/FatFs/src -O0 -ffunction-sections -fdata-sections -Wall -fstack-usage -fcyclomatic-complexity -MMD -MP -MF"Core/Src/manager_file.d" -MT"Core/Src/manager_file.o" --specs=nano.specs -mfpu=fpv4-sp-d16 -mfloat-abi=hard -mthumb -o "Core/Src/manager_file.o"
../Core/Src/manager_file.c: In function 'getFileInfo':
../Core/Src/manager_file.c:225:31: warning: initialization of 'TCHAR *' {aka 'char *'} from 'int' makes pointer from integer without a cast [-Wint-conversion]
  225 |                 TCHAR* rres = 1;
      |                               ^
arm-none-eabi-gcc -o "Final_Code.elf" @"objects.list"   -mcpu=cortex-m4 -T"C:\Users\Soup Machine\Desktop\Capstone Instance\ECE-Stockroom-Capstone\Final_Code\STM32F446RETX_FLASH.ld" --specs=nosys.specs -Wl,-Map="Final_Code.map" -Wl,--gc-sections -static -u _scanf_float -u _printf_float --specs=nano.specs -mfpu=fpv4-sp-d16 -mfloat-abi=hard -mthumb -Wl,--start-group -lc -lm -Wl,--end-group
Finished building target: Final_Code.elf
 
arm-none-eabi-size  Final_Code.elf 
arm-none-eabi-objdump -h -S Final_Code.elf  > "Final_Code.list"
   text	   data	    bss	    dec	    hex	filename
  76828	    508	   5696	  83032	  14458	Final_Code.elf
Finished building: default.size.stdout
 
Finished building: Final_Code.list
 
23:01:39 **** Incremental Build of configuration Debug for project Final_Code ****
make -j16 all 
arm-none-eabi-gcc "../Core/Src/function_calibration.c" -mcpu=cortex-m4 -std=gnu11 -g3 -DDEBUG -DUSE_HAL_DRIVER -DSTM32F446xx -c -I../Core/Inc -I../Drivers/STM32F4xx_HAL_Driver/Inc -I../Drivers/STM32F4xx_HAL_Driver/Inc/Legacy -I../Drivers/CMSIS/Device/ST/STM32F4xx/Include -I../Drivers/CMSIS/Include -I../FATFS/Target -I../FATFS/App -I../Middlewares/Third_Party/FatFs/src -O0 -ffunction-sections -fdata-sections -Wall -fstack-usage -fcyclomatic-complexity -MMD -MP -MF"Core/Src/function_calibration.d" -MT"Core/Src/function_calibration.o" --specs=nano.specs -mfpu=fpv4-sp-d16 -mfloat-abi=hard -mthumb -o "Core/Src/function_calibration.o"
arm-none-eabi-gcc -o "Final_Code.elf" @"objects.list"   -mcpu=cortex-m4 -T"C:\Users\Soup Machine\Desktop\Capstone Instance\ECE-Stockroom-Capstone\Final_Code\STM32F446RETX_FLASH.ld" --specs=nosys.specs -Wl,-Map="Final_Code.map" -Wl,--gc-sections -static -u _scanf_float -u _printf_float --specs=nano.specs -mfpu=fpv4-sp-d16 -mfloat-abi=hard -mthumb -Wl,--start-group -lc -lm -Wl,--end-group
Finished building target: Final_Code.elf
 
arm-none-eabi-size  Final_Code.elf 
arm-none-eabi-objdump -h -S Final_Code.elf  > "Final_Code.list"
   text	   data	    bss	    dec	    hex	filename
  76828	    508	   5696	  83032	  14458	Final_Code.elf
Finished building: default.size.stdout
 
Finished building: Final_Code.list
 
23:12:39 **** Incremental Build of configuration Debug for project Final_Code ****
make -j16 all 
arm-none-eabi-gcc "../Core/Src/function_calibration.c" -mcpu=cortex-m4 -std=gnu11 -g3 -DDEBUG -DUSE_HAL_DRIVER -DSTM32F446xx -c -I../Core/Inc -I../Drivers/STM32F4xx_HAL_Driver/Inc -I../Drivers/STM32F4xx_HAL_Driver/Inc/Legacy -I../Drivers/CMSIS/Device/ST/STM32F4xx/Include -I../Drivers/CMSIS/Include -I../FATFS/Target -I../FATFS/App -I../Middlewares/Third_Party/FatFs/src -O0 -ffunction-sections -fdata-sections -Wall -fstack-usage -fcyclomatic-complexity -MMD -MP -MF"Core/Src/function_calibration.d" -MT"Core/Src/function_calibration.o" --specs=nano.specs -mfpu=fpv4-sp-d16 -mfloat-abi=hard -mthumb -o "Core/Src/function_calibration.o"
arm-none-eabi-gcc -o "Final_Code.elf" @"objects.list"   -mcpu=cortex-m4 -T"C:\Users\Soup Machine\Desktop\Capstone Instance\ECE-Stockroom-Capstone\Final_Code\STM32F446RETX_FLASH.ld" --specs=nosys.specs -Wl,-Map="Final_Code.map" -Wl,--gc-sections -static -u _scanf_float -u _printf_float --specs=nano.specs -mfpu=fpv4-sp-d16 -mfloat-abi=hard -mthumb -Wl,--start-group -lc -lm -Wl,--end-group
Finished building target: Final_Code.elf
 
arm-none-eabi-size  Final_Code.elf 
arm-none-eabi-objdump -h -S Final_Code.elf  > "Final_Code.list"
   text	   data	    bss	    dec	    hex	filename
  76828	    508	   5696	  83032	  14458	Final_Code.elf
Finished building: default.size.stdout
 
Finished building: Final_Code.list
 
