13:19:28 **** Build of configuration Debug for project test_case ****
make -j16 all 
arm-none-eabi-gcc "../Core/Src/main.c" -mcpu=cortex-m4 -std=gnu11 -g3 -DDEBUG -DUSE_HAL_DRIVER -DSTM32F446xx -c -I../Core/Inc -I../Drivers/STM32F4xx_HAL_Driver/Inc -I../Drivers/STM32F4xx_HAL_Driver/Inc/Legacy -I../Drivers/CMSIS/Device/ST/STM32F4xx/Include -I../Drivers/CMSIS/Include -I../FATFS/Target -I../FATFS/App -I../Middlewares/Third_Party/FatFs/src -O0 -ffunction-sections -fdata-sections -Wall -fstack-usage -fcyclomatic-complexity -MMD -MP -MF"Core/Src/main.d" -MT"Core/Src/main.o" --specs=nano.specs -mfpu=fpv4-sp-d16 -mfloat-abi=hard -mthumb -o "Core/Src/main.o"
../Core/Src/main.c: In function 'main':
../Core/Src/main.c:138:7: warning: unused variable 'rectYStart' [-Wunused-variable]
  138 |   int rectYStart = 80;
      |       ^~~~~~~~~~
../Core/Src/main.c:137:7: warning: unused variable 'rectXStart' [-Wunused-variable]
  137 |   int rectXStart = 80;
      |       ^~~~~~~~~~
arm-none-eabi-gcc -o "test_case.elf" @"objects.list"   -mcpu=cortex-m4 -T"C:\Users\andyb\OneDrive\Desktop\School_Fall_24\Capstone\ECE-Stockroom-Capstone\test_case\STM32F446RETX_FLASH.ld" --specs=nosys.specs -Wl,-Map="test_case.map" -Wl,--gc-sections -static -u _scanf_float -u _printf_float --specs=nano.specs -mfpu=fpv4-sp-d16 -mfloat-abi=hard -mthumb -Wl,--start-group -lc -lm -Wl,--end-group
Finished building target: test_case.elf
 
arm-none-eabi-size  test_case.elf 
arm-none-eabi-objdump -h -S test_case.elf  > "test_case.list"
   text	   data	    bss	    dec	    hex	filename
  69440	    512	   5304	  75256	  125f8	test_case.elf
Finished building: default.size.stdout
 
Finished building: test_case.list
 

13:19:30 Build Finished. 0 errors, 2 warnings. (took 1s.676ms)

