16:20:41 **** Incremental Build of configuration Debug for project test_cases ****
make -j16 all 
arm-none-eabi-gcc "../Core/Src/main.c" -mcpu=cortex-m3 -std=gnu11 -g3 -DDEBUG -DUSE_HAL_DRIVER -DSTM32L152xE -c -I../Core/Inc -I../Drivers/STM32L1xx_HAL_Driver/Inc -I../Drivers/STM32L1xx_HAL_Driver/Inc/Legacy -I../Drivers/CMSIS/Device/ST/STM32L1xx/Include -I../Drivers/CMSIS/Include -O0 -ffunction-sections -fdata-sections -Wall -fstack-usage -fcyclomatic-complexity -MMD -MP -MF"Core/Src/main.d" -MT"Core/Src/main.o" --specs=nano.specs -mfloat-abi=soft -mthumb -o "Core/Src/main.o"
arm-none-eabi-gcc -o "test_cases.elf" @"objects.list"   -mcpu=cortex-m3 -T"C:\Users\andyb\OneDrive\Desktop\School_Fall_24\Capstone\ECE-Stockroom-Capstone\test_cases\STM32L152RETX_FLASH.ld" --specs=nosys.specs -Wl,-Map="test_cases.map" -Wl,--gc-sections -static --specs=nano.specs -mfloat-abi=soft -mthumb -u _printf_float -u _scanf_float -Wl,--start-group -lc -lm -Wl,--end-group
Finished building target: test_cases.elf
 
arm-none-eabi-size  test_cases.elf 
arm-none-eabi-objdump -h -S test_cases.elf  > "test_cases.list"
   text	   data	    bss	    dec	    hex	filename
  38192	    476	   2060	  40728	   9f18	test_cases.elf
Finished building: default.size.stdout
 
Finished building: test_cases.list
 

16:20:42 Build Finished. 0 errors, 0 warnings. (took 735ms)

